✔ unknown SSR measurement is representable (0.817667ms)
✔ zero-size hidden container is real, not unknown (0.065ms)
✔ known measurement needs a number (0.171209ms)
✔ negative measurement refused (0.472708ms)
✔ NaN and infinity refused (0.110083ms)
✔ unknown state does not carry a fictional width (0.066584ms)
✔ count unknown distinct from exact zero (0.099375ms)
✔ exact count missing value refused (0.060333ms)
✔ unsafe integer count refused (0.070709ms)
✔ negative and fractional exact counts refused (0.094541ms)
✔ estimated count missing method refused (0.055125ms)
✔ estimate may honestly state unquantified uncertainty (0.066833ms)
✔ approximate precision requires evidence (0.040542ms)
✔ inverted uncertainty interval refused (0.03125ms)
✔ precision exact is independent of sample population (0.025084ms)
✔ selection keys are stable strings (0.074ms)
✔ selection rejects row-index numeric keys (0.0415ms)
✔ clear is explicit, empty selection ID list refused (0.037292ms)
✔ duplicate selection keys refused (0.029375ms)
✔ selection cannot self-label human approval (0.02725ms)
✔ result reference is version and scope bound (0.02475ms)
✔ function call without immutable revision refused (0.087125ms)
✔ versioned function call accepted structurally (0.027916ms)
✔ raw executable expression kind refused (0.028ms)
✔ integer literal must not be nonfinite (0.029291ms)
✔ nonnullable null refused (0.02625ms)
✔ unsafe decimal syntax refused (0.056334ms)
✔ deep expression bounded before recursion (0.159083ms)
✔ wide expression bounded (0.107083ms)
✔ multioutput task topologically ordered (0.119542ms)
✔ queryless form/presentation examples do not have outputs (0.026625ms)
✔ missing output dependency refused (0.079541ms)
✔ duplicate output ID refused (0.046459ms)
✔ live cohort must be explicit dependency (0.0395ms)
✔ dependency cycle refused (0.040792ms)
✔ output budget cannot silently truncate (0.032083ms)
✔ containment tree accepted (0.084375ms)
✔ two parents for a node refused (0.034959ms)
✔ orphan containment refused (0.032208ms)
✔ cycle through root refused (0.030875ms)
✔ same read set can commit (0.101417ms)
✔ changed scopeDigest rejects stale proposal (0.030292ms)
✔ changed policyRevision rejects stale proposal (0.021708ms)
✔ changed taskRevision rejects stale proposal (0.027667ms)
✔ changed regionRevision rejects stale proposal (0.01725ms)
✔ changed catalogRevision rejects stale proposal (0.01775ms)
✔ changed experienceRevision rejects stale proposal (0.029042ms)
✔ changed functionRegistryDigest rejects stale proposal (0.01575ms)
✔ changed result revision rejects commit (0.024833ms)
✔ same result revision but different query is not reusable (0.021625ms)
✔ unrelated extra result does not invalidate the read set (0.021084ms)
✔ coverage requires actual registered operation (0.076208ms)
✔ self-reported coverage is not evidence (0.030333ms)
✔ coverage cannot cite a missing view (0.030959ms)
✔ coverage must bind correct output (0.028792ms)
✔ 100 seeded output DAG permutations retain dependency order (2.487084ms)
✔ 100 result permutations preserve matching preconditions (1.958167ms)
ℹ tests 57
ℹ suites 0
ℹ pass 57
ℹ fail 0
ℹ cancelled 0
ℹ skipped 0
ℹ todo 0
ℹ duration_ms 51.295708
