test_balance_not_sum_over_time (test_math.NumericalContractTests.test_balance_not_sum_over_time) ... ok
test_calendar_three_months_not_ninety_days (test_math.NumericalContractTests.test_calendar_three_months_not_ninety_days) ... ok
test_distinct_counts_not_additive (test_math.NumericalContractTests.test_distinct_counts_not_additive) ... ok
test_fanout_mutant_is_detected (test_math.NumericalContractTests.test_fanout_mutant_is_detected) ... ok
test_fixed_cohort_not_per_week_winner (test_math.NumericalContractTests.test_fixed_cohort_not_per_week_winner) ... ok
test_half_open_periods_do_not_overlap (test_math.NumericalContractTests.test_half_open_periods_do_not_overlap) ... ok
test_identity_count_not_row_count (test_math.NumericalContractTests.test_identity_count_not_row_count) ... ok
test_large_money_exact_decimal (test_math.NumericalContractTests.test_large_money_exact_decimal) ... ok
test_local_day_not_fixed_24_hours (test_math.NumericalContractTests.test_local_day_not_fixed_24_hours) ... ok
test_mean_and_pooled_answer_different_questions (test_math.NumericalContractTests.test_mean_and_pooled_answer_different_questions) ... ok
test_missing_observation_not_absence (test_math.NumericalContractTests.test_missing_observation_not_absence) ... ok
test_missing_pair_exclusion_is_declared (test_math.NumericalContractTests.test_missing_pair_exclusion_is_declared) ... ok
test_mix_shift_totals_do_not_imply_every_group_worse (test_math.NumericalContractTests.test_mix_shift_totals_do_not_imply_every_group_worse) ... ok
test_no_observations_is_unknown (test_math.NumericalContractTests.test_no_observations_is_unknown) ... ok
test_partial_page_cannot_prove_global_winner (test_math.NumericalContractTests.test_partial_page_cannot_prove_global_winner) ... ok
test_permutations_preserve_exact_pooled_rate_100_seeds (test_math.NumericalContractTests.test_permutations_preserve_exact_pooled_rate_100_seeds) ... ok
test_shards_preserve_sufficient_statistics_100_seeds (test_math.NumericalContractTests.test_shards_preserve_sufficient_statistics_100_seeds) ... ok
test_sql_python_equivalence_300_seeds (test_math.NumericalContractTests.test_sql_python_equivalence_300_seeds) ... /opt/homebrew/Cellar/python@3.14/3.14.7/Frameworks/Python.framework/Versions/3.14/lib/python3.14/fractions.py:237: ResourceWarning: unclosed database in <sqlite3.Connection object at 0x109bd54e0>
  self = super(Fraction, cls).__new__(cls)
ResourceWarning: Enable tracemalloc to get the object allocation traceback
/opt/homebrew/Cellar/python@3.14/3.14.7/Frameworks/Python.framework/Versions/3.14/lib/python3.14/fractions.py:237: ResourceWarning: unclosed database in <sqlite3.Connection object at 0x109888b80>
  self = super(Fraction, cls).__new__(cls)
ResourceWarning: Enable tracemalloc to get the object allocation traceback
/opt/homebrew/Cellar/python@3.14/3.14.7/Frameworks/Python.framework/Versions/3.14/lib/python3.14/fractions.py:237: ResourceWarning: unclosed database in <sqlite3.Connection object at 0x109619990>
  self = super(Fraction, cls).__new__(cls)
ResourceWarning: Enable tracemalloc to get the object allocation traceback
/opt/homebrew/Cellar/python@3.14/3.14.7/Frameworks/Python.framework/Versions/3.14/lib/python3.14/fractions.py:237: ResourceWarning: unclosed database in <sqlite3.Connection object at 0x109bd5210>
  self = super(Fraction, cls).__new__(cls)
ResourceWarning: Enable tracemalloc to get the object allocation traceback
/opt/homebrew/Cellar/python@3.14/3.14.7/Frameworks/Python.framework/Versions/3.14/lib/python3.14/fractions.py:237: ResourceWarning: unclosed database in <sqlite3.Connection object at 0x109bd55d0>
  self = super(Fraction, cls).__new__(cls)
ResourceWarning: Enable tracemalloc to get the object allocation traceback
/opt/homebrew/Cellar/python@3.14/3.14.7/Frameworks/Python.framework/Versions/3.14/lib/python3.14/fractions.py:237: ResourceWarning: unclosed database in <sqlite3.Connection object at 0x109bd56c0>
  self = super(Fraction, cls).__new__(cls)
ResourceWarning: Enable tracemalloc to get the object allocation traceback
/opt/homebrew/Cellar/python@3.14/3.14.7/Frameworks/Python.framework/Versions/3.14/lib/python3.14/fractions.py:237: ResourceWarning: unclosed database in <sqlite3.Connection object at 0x109bd57b0>
  self = super(Fraction, cls).__new__(cls)
ResourceWarning: Enable tracemalloc to get the object allocation traceback
/opt/homebrew/Cellar/python@3.14/3.14.7/Frameworks/Python.framework/Versions/3.14/lib/python3.14/fractions.py:237: ResourceWarning: unclosed database in <sqlite3.Connection object at 0x109bd58a0>
  self = super(Fraction, cls).__new__(cls)
ResourceWarning: Enable tracemalloc to get the object allocation traceback
/opt/homebrew/Cellar/python@3.14/3.14.7/Frameworks/Python.framework/Versions/3.14/lib/python3.14/fractions.py:237: ResourceWarning: unclosed database in <sqlite3.Connection object at 0x109bd5990>
  self = super(Fraction, cls).__new__(cls)
ResourceWarning: Enable tracemalloc to get the object allocation traceback
/opt/homebrew/Cellar/python@3.14/3.14.7/Frameworks/Python.framework/Versions/3.14/lib/python3.14/fractions.py:237: ResourceWarning: unclosed database in <sqlite3.Connection object at 0x109bd5a80>
  self = super(Fraction, cls).__new__(cls)
ResourceWarning: Enable tracemalloc to get the object allocation traceback
/opt/homebrew/Cellar/python@3.14/3.14.7/Frameworks/Python.framework/Versions/3.14/lib/python3.14/fractions.py:237: ResourceWarning: unclosed database in <sqlite3.Connection object at 0x109bd5b70>
  self = super(Fraction, cls).__new__(cls)
ResourceWarning: Enable tracemalloc to get the object allocation traceback
/opt/homebrew/Cellar/python@3.14/3.14.7/Frameworks/Python.framework/Versions/3.14/lib/python3.14/fractions.py:237: ResourceWarning: unclosed database in <sqlite3.Connection object at 0x109bd5c60>
  self = super(Fraction, cls).__new__(cls)
ResourceWarning: Enable tracemalloc to get the object allocation traceback
/opt/homebrew/Cellar/python@3.14/3.14.7/Frameworks/Python.framework/Versions/3.14/lib/python3.14/fractions.py:237: ResourceWarning: unclosed database in <sqlite3.Connection object at 0x109bd5d50>
  self = super(Fraction, cls).__new__(cls)
ResourceWarning: Enable tracemalloc to get the object allocation traceback
/opt/homebrew/Cellar/python@3.14/3.14.7/Frameworks/Python.framework/Versions/3.14/lib/python3.14/fractions.py:237: ResourceWarning: unclosed database in <sqlite3.Connection object at 0x109bd5e40>
  self = super(Fraction, cls).__new__(cls)
ResourceWarning: Enable tracemalloc to get the object allocation traceback
/opt/homebrew/Cellar/python@3.14/3.14.7/Frameworks/Python.framework/Versions/3.14/lib/python3.14/fractions.py:237: ResourceWarning: unclosed database in <sqlite3.Connection object at 0x109bd5f30>
  self = super(Fraction, cls).__new__(cls)
ResourceWarning: Enable tracemalloc to get the object allocation traceback
/opt/homebrew/Cellar/python@3.14/3.14.7/Frameworks/Python.framework/Versions/3.14/lib/python3.14/fractions.py:237: ResourceWarning: unclosed database in <sqlite3.Connection object at 0x109bd6020>
  self = super(Fraction, cls).__new__(cls)
ResourceWarning: Enable tracemalloc to get the object allocation traceback
/opt/homebrew/Cellar/python@3.14/3.14.7/Frameworks/Python.framework/Versions/3.14/lib/python3.14/fractions.py:237: ResourceWarning: unclosed database in <sqlite3.Connection object at 0x109bd6110>
  self = super(Fraction, cls).__new__(cls)
ResourceWarning: Enable tracemalloc to get the object allocation traceback
/opt/homebrew/Cellar/python@3.14/3.14.7/Frameworks/Python.framework/Versions/3.14/lib/python3.14/fractions.py:237: ResourceWarning: unclosed database in <sqlite3.Connection object at 0x109bd6200>
  self = super(Fraction, cls).__new__(cls)
ResourceWarning: Enable tracemalloc to get the object allocation traceback
/opt/homebrew/Cellar/python@3.14/3.14.7/Frameworks/Python.framework/Versions/3.14/lib/python3.14/fractions.py:237: ResourceWarning: unclosed database in <sqlite3.Connection object at 0x109bd62f0>
  self = super(Fraction, cls).__new__(cls)
ResourceWarning: Enable tracemalloc to get the object allocation traceback
/opt/homebrew/Cellar/python@3.14/3.14.7/Frameworks/Python.framework/Versions/3.14/lib/python3.14/fractions.py:237: ResourceWarning: unclosed database in <sqlite3.Connection object at 0x109bd63e0>
  self = super(Fraction, cls).__new__(cls)
ResourceWarning: Enable tracemalloc to get the object allocation traceback
/opt/homebrew/Cellar/python@3.14/3.14.7/Frameworks/Python.framework/Versions/3.14/lib/python3.14/fractions.py:237: ResourceWarning: unclosed database in <sqlite3.Connection object at 0x109bd64d0>
  self = super(Fraction, cls).__new__(cls)
ResourceWarning: Enable tracemalloc to get the object allocation traceback
/opt/homebrew/Cellar/python@3.14/3.14.7/Frameworks/Python.framework/Versions/3.14/lib/python3.14/fractions.py:237: ResourceWarning: unclosed database in <sqlite3.Connection object at 0x109bd65c0>
  self = super(Fraction, cls).__new__(cls)
ResourceWarning: Enable tracemalloc to get the object allocation traceback
/opt/homebrew/Cellar/python@3.14/3.14.7/Frameworks/Python.framework/Versions/3.14/lib/python3.14/fractions.py:237: ResourceWarning: unclosed database in <sqlite3.Connection object at 0x109bd66b0>
  self = super(Fraction, cls).__new__(cls)
ResourceWarning: Enable tracemalloc to get the object allocation traceback
/opt/homebrew/Cellar/python@3.14/3.14.7/Frameworks/Python.framework/Versions/3.14/lib/python3.14/fractions.py:237: ResourceWarning: unclosed database in <sqlite3.Connection object at 0x109bd67a0>
  self = super(Fraction, cls).__new__(cls)
ResourceWarning: Enable tracemalloc to get the object allocation traceback
/opt/homebrew/Cellar/python@3.14/3.14.7/Frameworks/Python.framework/Versions/3.14/lib/python3.14/fractions.py:237: ResourceWarning: unclosed database in <sqlite3.Connection object at 0x109bd6890>
  self = super(Fraction, cls).__new__(cls)
ResourceWarning: Enable tracemalloc to get the object allocation traceback
/opt/homebrew/Cellar/python@3.14/3.14.7/Frameworks/Python.framework/Versions/3.14/lib/python3.14/fractions.py:237: ResourceWarning: unclosed database in <sqlite3.Connection object at 0x109bd6980>
  self = super(Fraction, cls).__new__(cls)
ResourceWarning: Enable tracemalloc to get the object allocation traceback
/opt/homebrew/Cellar/python@3.14/3.14.7/Frameworks/Python.framework/Versions/3.14/lib/python3.14/fractions.py:237: ResourceWarning: unclosed database in <sqlite3.Connection object at 0x109bd6a70>
  self = super(Fraction, cls).__new__(cls)
ResourceWarning: Enable tracemalloc to get the object allocation traceback
/opt/homebrew/Cellar/python@3.14/3.14.7/Frameworks/Python.framework/Versions/3.14/lib/python3.14/fractions.py:237: ResourceWarning: unclosed database in <sqlite3.Connection object at 0x109bd6b60>
  self = super(Fraction, cls).__new__(cls)
ResourceWarning: Enable tracemalloc to get the object allocation traceback
/opt/homebrew/Cellar/python@3.14/3.14.7/Frameworks/Python.framework/Versions/3.14/lib/python3.14/fractions.py:237: ResourceWarning: unclosed database in <sqlite3.Connection object at 0x109bd6c50>
  self = super(Fraction, cls).__new__(cls)
ResourceWarning: Enable tracemalloc to get the object allocation traceback
/opt/homebrew/Cellar/python@3.14/3.14.7/Frameworks/Python.framework/Versions/3.14/lib/python3.14/fractions.py:237: ResourceWarning: unclosed database in <sqlite3.Connection object at 0x109bd6d40>
  self = super(Fraction, cls).__new__(cls)
ResourceWarning: Enable tracemalloc to get the object allocation traceback
/opt/homebrew/Cellar/python@3.14/3.14.7/Frameworks/Python.framework/Versions/3.14/lib/python3.14/fractions.py:237: ResourceWarning: unclosed database in <sqlite3.Connection object at 0x109bd6e30>
  self = super(Fraction, cls).__new__(cls)
ResourceWarning: Enable tracemalloc to get the object allocation traceback
/opt/homebrew/Cellar/python@3.14/3.14.7/Frameworks/Python.framework/Versions/3.14/lib/python3.14/fractions.py:237: ResourceWarning: unclosed database in <sqlite3.Connection object at 0x109bd6f20>
  self = super(Fraction, cls).__new__(cls)
ResourceWarning: Enable tracemalloc to get the object allocation traceback
/opt/homebrew/Cellar/python@3.14/3.14.7/Frameworks/Python.framework/Versions/3.14/lib/python3.14/fractions.py:237: ResourceWarning: unclosed database in <sqlite3.Connection object at 0x109bd7010>
  self = super(Fraction, cls).__new__(cls)
ResourceWarning: Enable tracemalloc to get the object allocation traceback
/opt/homebrew/Cellar/python@3.14/3.14.7/Frameworks/Python.framework/Versions/3.14/lib/python3.14/fractions.py:237: ResourceWarning: unclosed database in <sqlite3.Connection object at 0x109bd7100>
  self = super(Fraction, cls).__new__(cls)
ResourceWarning: Enable tracemalloc to get the object allocation traceback
/opt/homebrew/Cellar/python@3.14/3.14.7/Frameworks/Python.framework/Versions/3.14/lib/python3.14/fractions.py:237: ResourceWarning: unclosed database in <sqlite3.Connection object at 0x109bd71f0>
  self = super(Fraction, cls).__new__(cls)
ResourceWarning: Enable tracemalloc to get the object allocation traceback
/opt/homebrew/Cellar/python@3.14/3.14.7/Frameworks/Python.framework/Versions/3.14/lib/python3.14/fractions.py:237: ResourceWarning: unclosed database in <sqlite3.Connection object at 0x109bd72e0>
  self = super(Fraction, cls).__new__(cls)
ResourceWarning: Enable tracemalloc to get the object allocation traceback
/opt/homebrew/Cellar/python@3.14/3.14.7/Frameworks/Python.framework/Versions/3.14/lib/python3.14/fractions.py:237: ResourceWarning: unclosed database in <sqlite3.Connection object at 0x109bd73d0>
  self = super(Fraction, cls).__new__(cls)
ResourceWarning: Enable tracemalloc to get the object allocation traceback
/opt/homebrew/Cellar/python@3.14/3.14.7/Frameworks/Python.framework/Versions/3.14/lib/python3.14/fractions.py:237: ResourceWarning: unclosed database in <sqlite3.Connection object at 0x109bd74c0>
  self = super(Fraction, cls).__new__(cls)
ResourceWarning: Enable tracemalloc to get the object allocation traceback
/opt/homebrew/Cellar/python@3.14/3.14.7/Frameworks/Python.framework/Versions/3.14/lib/python3.14/fractions.py:237: ResourceWarning: unclosed database in <sqlite3.Connection object at 0x109bd75b0>
  self = super(Fraction, cls).__new__(cls)
ResourceWarning: Enable tracemalloc to get the object allocation traceback
/opt/homebrew/Cellar/python@3.14/3.14.7/Frameworks/Python.framework/Versions/3.14/lib/python3.14/fractions.py:237: ResourceWarning: unclosed database in <sqlite3.Connection object at 0x109bd76a0>
  self = super(Fraction, cls).__new__(cls)
ResourceWarning: Enable tracemalloc to get the object allocation traceback
/opt/homebrew/Cellar/python@3.14/3.14.7/Frameworks/Python.framework/Versions/3.14/lib/python3.14/fractions.py:237: ResourceWarning: unclosed database in <sqlite3.Connection object at 0x109bd7790>
  self = super(Fraction, cls).__new__(cls)
ResourceWarning: Enable tracemalloc to get the object allocation traceback
/opt/homebrew/Cellar/python@3.14/3.14.7/Frameworks/Python.framework/Versions/3.14/lib/python3.14/fractions.py:237: ResourceWarning: unclosed database in <sqlite3.Connection object at 0x109bd7880>
  self = super(Fraction, cls).__new__(cls)
ResourceWarning: Enable tracemalloc to get the object allocation traceback
/opt/homebrew/Cellar/python@3.14/3.14.7/Frameworks/Python.framework/Versions/3.14/lib/python3.14/fractions.py:237: ResourceWarning: unclosed database in <sqlite3.Connection object at 0x109bd7970>
  self = super(Fraction, cls).__new__(cls)
ResourceWarning: Enable tracemalloc to get the object allocation traceback
/opt/homebrew/Cellar/python@3.14/3.14.7/Frameworks/Python.framework/Versions/3.14/lib/python3.14/fractions.py:237: ResourceWarning: unclosed database in <sqlite3.Connection object at 0x109bd7a60>
  self = super(Fraction, cls).__new__(cls)
ResourceWarning: Enable tracemalloc to get the object allocation traceback
/opt/homebrew/Cellar/python@3.14/3.14.7/Frameworks/Python.framework/Versions/3.14/lib/python3.14/fractions.py:237: ResourceWarning: unclosed database in <sqlite3.Connection object at 0x109bd7b50>
  self = super(Fraction, cls).__new__(cls)
ResourceWarning: Enable tracemalloc to get the object allocation traceback
/opt/homebrew/Cellar/python@3.14/3.14.7/Frameworks/Python.framework/Versions/3.14/lib/python3.14/fractions.py:237: ResourceWarning: unclosed database in <sqlite3.Connection object at 0x109bd7c40>
  self = super(Fraction, cls).__new__(cls)
ResourceWarning: Enable tracemalloc to get the object allocation traceback
/opt/homebrew/Cellar/python@3.14/3.14.7/Frameworks/Python.framework/Versions/3.14/lib/python3.14/fractions.py:237: ResourceWarning: unclosed database in <sqlite3.Connection object at 0x109bd7d30>
  self = super(Fraction, cls).__new__(cls)
ResourceWarning: Enable tracemalloc to get the object allocation traceback
/opt/homebrew/Cellar/python@3.14/3.14.7/Frameworks/Python.framework/Versions/3.14/lib/python3.14/fractions.py:237: ResourceWarning: unclosed database in <sqlite3.Connection object at 0x109bd7e20>
  self = super(Fraction, cls).__new__(cls)
ResourceWarning: Enable tracemalloc to get the object allocation traceback
/opt/homebrew/Cellar/python@3.14/3.14.7/Frameworks/Python.framework/Versions/3.14/lib/python3.14/fractions.py:237: ResourceWarning: unclosed database in <sqlite3.Connection object at 0x109bd7f10>
  self = super(Fraction, cls).__new__(cls)
ResourceWarning: Enable tracemalloc to get the object allocation traceback
/opt/homebrew/Cellar/python@3.14/3.14.7/Frameworks/Python.framework/Versions/3.14/lib/python3.14/fractions.py:237: ResourceWarning: unclosed database in <sqlite3.Connection object at 0x109c28040>
  self = super(Fraction, cls).__new__(cls)
ResourceWarning: Enable tracemalloc to get the object allocation traceback
/opt/homebrew/Cellar/python@3.14/3.14.7/Frameworks/Python.framework/Versions/3.14/lib/python3.14/fractions.py:237: ResourceWarning: unclosed database in <sqlite3.Connection object at 0x109c28130>
  self = super(Fraction, cls).__new__(cls)
ResourceWarning: Enable tracemalloc to get the object allocation traceback
/opt/homebrew/Cellar/python@3.14/3.14.7/Frameworks/Python.framework/Versions/3.14/lib/python3.14/fractions.py:237: ResourceWarning: unclosed database in <sqlite3.Connection object at 0x109c28220>
  self = super(Fraction, cls).__new__(cls)
ResourceWarning: Enable tracemalloc to get the object allocation traceback
/opt/homebrew/Cellar/python@3.14/3.14.7/Frameworks/Python.framework/Versions/3.14/lib/python3.14/fractions.py:237: ResourceWarning: unclosed database in <sqlite3.Connection object at 0x109c28310>
  self = super(Fraction, cls).__new__(cls)
ResourceWarning: Enable tracemalloc to get the object allocation traceback
/opt/homebrew/Cellar/python@3.14/3.14.7/Frameworks/Python.framework/Versions/3.14/lib/python3.14/fractions.py:237: ResourceWarning: unclosed database in <sqlite3.Connection object at 0x109c28400>
  self = super(Fraction, cls).__new__(cls)
ResourceWarning: Enable tracemalloc to get the object allocation traceback
/opt/homebrew/Cellar/python@3.14/3.14.7/Frameworks/Python.framework/Versions/3.14/lib/python3.14/fractions.py:237: ResourceWarning: unclosed database in <sqlite3.Connection object at 0x109c284f0>
  self = super(Fraction, cls).__new__(cls)
ResourceWarning: Enable tracemalloc to get the object allocation traceback
/opt/homebrew/Cellar/python@3.14/3.14.7/Frameworks/Python.framework/Versions/3.14/lib/python3.14/fractions.py:237: ResourceWarning: unclosed database in <sqlite3.Connection object at 0x109c285e0>
  self = super(Fraction, cls).__new__(cls)
ResourceWarning: Enable tracemalloc to get the object allocation traceback
/opt/homebrew/Cellar/python@3.14/3.14.7/Frameworks/Python.framework/Versions/3.14/lib/python3.14/fractions.py:237: ResourceWarning: unclosed database in <sqlite3.Connection object at 0x109c286d0>
  self = super(Fraction, cls).__new__(cls)
ResourceWarning: Enable tracemalloc to get the object allocation traceback
/opt/homebrew/Cellar/python@3.14/3.14.7/Frameworks/Python.framework/Versions/3.14/lib/python3.14/fractions.py:237: ResourceWarning: unclosed database in <sqlite3.Connection object at 0x109c287c0>
  self = super(Fraction, cls).__new__(cls)
ResourceWarning: Enable tracemalloc to get the object allocation traceback
/opt/homebrew/Cellar/python@3.14/3.14.7/Frameworks/Python.framework/Versions/3.14/lib/python3.14/fractions.py:237: ResourceWarning: unclosed database in <sqlite3.Connection object at 0x109c288b0>
  self = super(Fraction, cls).__new__(cls)
ResourceWarning: Enable tracemalloc to get the object allocation traceback
/opt/homebrew/Cellar/python@3.14/3.14.7/Frameworks/Python.framework/Versions/3.14/lib/python3.14/fractions.py:237: ResourceWarning: unclosed database in <sqlite3.Connection object at 0x109c289a0>
  self = super(Fraction, cls).__new__(cls)
ResourceWarning: Enable tracemalloc to get the object allocation traceback
/opt/homebrew/Cellar/python@3.14/3.14.7/Frameworks/Python.framework/Versions/3.14/lib/python3.14/fractions.py:237: ResourceWarning: unclosed database in <sqlite3.Connection object at 0x109c28a90>
  self = super(Fraction, cls).__new__(cls)
ResourceWarning: Enable tracemalloc to get the object allocation traceback
/opt/homebrew/Cellar/python@3.14/3.14.7/Frameworks/Python.framework/Versions/3.14/lib/python3.14/fractions.py:237: ResourceWarning: unclosed database in <sqlite3.Connection object at 0x109c28b80>
  self = super(Fraction, cls).__new__(cls)
ResourceWarning: Enable tracemalloc to get the object allocation traceback
/opt/homebrew/Cellar/python@3.14/3.14.7/Frameworks/Python.framework/Versions/3.14/lib/python3.14/fractions.py:237: ResourceWarning: unclosed database in <sqlite3.Connection object at 0x109c28c70>
  self = super(Fraction, cls).__new__(cls)
ResourceWarning: Enable tracemalloc to get the object allocation traceback
/opt/homebrew/Cellar/python@3.14/3.14.7/Frameworks/Python.framework/Versions/3.14/lib/python3.14/fractions.py:237: ResourceWarning: unclosed database in <sqlite3.Connection object at 0x109c28d60>
  self = super(Fraction, cls).__new__(cls)
ResourceWarning: Enable tracemalloc to get the object allocation traceback
/opt/homebrew/Cellar/python@3.14/3.14.7/Frameworks/Python.framework/Versions/3.14/lib/python3.14/fractions.py:237: ResourceWarning: unclosed database in <sqlite3.Connection object at 0x109c28e50>
  self = super(Fraction, cls).__new__(cls)
ResourceWarning: Enable tracemalloc to get the object allocation traceback
/opt/homebrew/Cellar/python@3.14/3.14.7/Frameworks/Python.framework/Versions/3.14/lib/python3.14/fractions.py:237: ResourceWarning: unclosed database in <sqlite3.Connection object at 0x109c28f40>
  self = super(Fraction, cls).__new__(cls)
ResourceWarning: Enable tracemalloc to get the object allocation traceback
/opt/homebrew/Cellar/python@3.14/3.14.7/Frameworks/Python.framework/Versions/3.14/lib/python3.14/fractions.py:237: ResourceWarning: unclosed database in <sqlite3.Connection object at 0x109c29030>
  self = super(Fraction, cls).__new__(cls)
ResourceWarning: Enable tracemalloc to get the object allocation traceback
/opt/homebrew/Cellar/python@3.14/3.14.7/Frameworks/Python.framework/Versions/3.14/lib/python3.14/fractions.py:237: ResourceWarning: unclosed database in <sqlite3.Connection object at 0x109c29120>
  self = super(Fraction, cls).__new__(cls)
ResourceWarning: Enable tracemalloc to get the object allocation traceback
/opt/homebrew/Cellar/python@3.14/3.14.7/Frameworks/Python.framework/Versions/3.14/lib/python3.14/fractions.py:237: ResourceWarning: unclosed database in <sqlite3.Connection object at 0x109c29210>
  self = super(Fraction, cls).__new__(cls)
ResourceWarning: Enable tracemalloc to get the object allocation traceback
/opt/homebrew/Cellar/python@3.14/3.14.7/Frameworks/Python.framework/Versions/3.14/lib/python3.14/fractions.py:237: ResourceWarning: unclosed database in <sqlite3.Connection object at 0x109c29300>
  self = super(Fraction, cls).__new__(cls)
ResourceWarning: Enable tracemalloc to get the object allocation traceback
/opt/homebrew/Cellar/python@3.14/3.14.7/Frameworks/Python.framework/Versions/3.14/lib/python3.14/fractions.py:237: ResourceWarning: unclosed database in <sqlite3.Connection object at 0x109c293f0>
  self = super(Fraction, cls).__new__(cls)
ResourceWarning: Enable tracemalloc to get the object allocation traceback
/opt/homebrew/Cellar/python@3.14/3.14.7/Frameworks/Python.framework/Versions/3.14/lib/python3.14/fractions.py:237: ResourceWarning: unclosed database in <sqlite3.Connection object at 0x109c294e0>
  self = super(Fraction, cls).__new__(cls)
ResourceWarning: Enable tracemalloc to get the object allocation traceback
/opt/homebrew/Cellar/python@3.14/3.14.7/Frameworks/Python.framework/Versions/3.14/lib/python3.14/fractions.py:237: ResourceWarning: unclosed database in <sqlite3.Connection object at 0x109c295d0>
  self = super(Fraction, cls).__new__(cls)
ResourceWarning: Enable tracemalloc to get the object allocation traceback
/opt/homebrew/Cellar/python@3.14/3.14.7/Frameworks/Python.framework/Versions/3.14/lib/python3.14/fractions.py:237: ResourceWarning: unclosed database in <sqlite3.Connection object at 0x109c296c0>
  self = super(Fraction, cls).__new__(cls)
ResourceWarning: Enable tracemalloc to get the object allocation traceback
/opt/homebrew/Cellar/python@3.14/3.14.7/Frameworks/Python.framework/Versions/3.14/lib/python3.14/fractions.py:237: ResourceWarning: unclosed database in <sqlite3.Connection object at 0x109c297b0>
  self = super(Fraction, cls).__new__(cls)
ResourceWarning: Enable tracemalloc to get the object allocation traceback
/opt/homebrew/Cellar/python@3.14/3.14.7/Frameworks/Python.framework/Versions/3.14/lib/python3.14/fractions.py:237: ResourceWarning: unclosed database in <sqlite3.Connection object at 0x109c298a0>
  self = super(Fraction, cls).__new__(cls)
ResourceWarning: Enable tracemalloc to get the object allocation traceback
/opt/homebrew/Cellar/python@3.14/3.14.7/Frameworks/Python.framework/Versions/3.14/lib/python3.14/fractions.py:237: ResourceWarning: unclosed database in <sqlite3.Connection object at 0x109c29990>
  self = super(Fraction, cls).__new__(cls)
ResourceWarning: Enable tracemalloc to get the object allocation traceback
/opt/homebrew/Cellar/python@3.14/3.14.7/Frameworks/Python.framework/Versions/3.14/lib/python3.14/fractions.py:237: ResourceWarning: unclosed database in <sqlite3.Connection object at 0x109c29a80>
  self = super(Fraction, cls).__new__(cls)
ResourceWarning: Enable tracemalloc to get the object allocation traceback
/opt/homebrew/Cellar/python@3.14/3.14.7/Frameworks/Python.framework/Versions/3.14/lib/python3.14/fractions.py:237: ResourceWarning: unclosed database in <sqlite3.Connection object at 0x109c29b70>
  self = super(Fraction, cls).__new__(cls)
ResourceWarning: Enable tracemalloc to get the object allocation traceback
/opt/homebrew/Cellar/python@3.14/3.14.7/Frameworks/Python.framework/Versions/3.14/lib/python3.14/fractions.py:237: ResourceWarning: unclosed database in <sqlite3.Connection object at 0x109c29c60>
  self = super(Fraction, cls).__new__(cls)
ResourceWarning: Enable tracemalloc to get the object allocation traceback
/opt/homebrew/Cellar/python@3.14/3.14.7/Frameworks/Python.framework/Versions/3.14/lib/python3.14/fractions.py:237: ResourceWarning: unclosed database in <sqlite3.Connection object at 0x109c29d50>
  self = super(Fraction, cls).__new__(cls)
ResourceWarning: Enable tracemalloc to get the object allocation traceback
/opt/homebrew/Cellar/python@3.14/3.14.7/Frameworks/Python.framework/Versions/3.14/lib/python3.14/fractions.py:237: ResourceWarning: unclosed database in <sqlite3.Connection object at 0x109c29e40>
  self = super(Fraction, cls).__new__(cls)
ResourceWarning: Enable tracemalloc to get the object allocation traceback
/opt/homebrew/Cellar/python@3.14/3.14.7/Frameworks/Python.framework/Versions/3.14/lib/python3.14/fractions.py:237: ResourceWarning: unclosed database in <sqlite3.Connection object at 0x109c29f30>
  self = super(Fraction, cls).__new__(cls)
ResourceWarning: Enable tracemalloc to get the object allocation traceback
/opt/homebrew/Cellar/python@3.14/3.14.7/Frameworks/Python.framework/Versions/3.14/lib/python3.14/fractions.py:237: ResourceWarning: unclosed database in <sqlite3.Connection object at 0x109c2a020>
  self = super(Fraction, cls).__new__(cls)
ResourceWarning: Enable tracemalloc to get the object allocation traceback
/opt/homebrew/Cellar/python@3.14/3.14.7/Frameworks/Python.framework/Versions/3.14/lib/python3.14/fractions.py:237: ResourceWarning: unclosed database in <sqlite3.Connection object at 0x109c2a110>
  self = super(Fraction, cls).__new__(cls)
ResourceWarning: Enable tracemalloc to get the object allocation traceback
/opt/homebrew/Cellar/python@3.14/3.14.7/Frameworks/Python.framework/Versions/3.14/lib/python3.14/fractions.py:237: ResourceWarning: unclosed database in <sqlite3.Connection object at 0x109c2a200>
  self = super(Fraction, cls).__new__(cls)
ResourceWarning: Enable tracemalloc to get the object allocation traceback
/opt/homebrew/Cellar/python@3.14/3.14.7/Frameworks/Python.framework/Versions/3.14/lib/python3.14/fractions.py:237: ResourceWarning: unclosed database in <sqlite3.Connection object at 0x109c2a2f0>
  self = super(Fraction, cls).__new__(cls)
ResourceWarning: Enable tracemalloc to get the object allocation traceback
/opt/homebrew/Cellar/python@3.14/3.14.7/Frameworks/Python.framework/Versions/3.14/lib/python3.14/fractions.py:237: ResourceWarning: unclosed database in <sqlite3.Connection object at 0x109c2a3e0>
  self = super(Fraction, cls).__new__(cls)
ResourceWarning: Enable tracemalloc to get the object allocation traceback
/opt/homebrew/Cellar/python@3.14/3.14.7/Frameworks/Python.framework/Versions/3.14/lib/python3.14/fractions.py:237: ResourceWarning: unclosed database in <sqlite3.Connection object at 0x109c2a4d0>
  self = super(Fraction, cls).__new__(cls)
ResourceWarning: Enable tracemalloc to get the object allocation traceback
/opt/homebrew/Cellar/python@3.14/3.14.7/Frameworks/Python.framework/Versions/3.14/lib/python3.14/fractions.py:237: ResourceWarning: unclosed database in <sqlite3.Connection object at 0x109c2a5c0>
  self = super(Fraction, cls).__new__(cls)
ResourceWarning: Enable tracemalloc to get the object allocation traceback
/opt/homebrew/Cellar/python@3.14/3.14.7/Frameworks/Python.framework/Versions/3.14/lib/python3.14/fractions.py:237: ResourceWarning: unclosed database in <sqlite3.Connection object at 0x109c2a6b0>
  self = super(Fraction, cls).__new__(cls)
ResourceWarning: Enable tracemalloc to get the object allocation traceback
/opt/homebrew/Cellar/python@3.14/3.14.7/Frameworks/Python.framework/Versions/3.14/lib/python3.14/fractions.py:237: ResourceWarning: unclosed database in <sqlite3.Connection object at 0x109c2a7a0>
  self = super(Fraction, cls).__new__(cls)
ResourceWarning: Enable tracemalloc to get the object allocation traceback
/opt/homebrew/Cellar/python@3.14/3.14.7/Frameworks/Python.framework/Versions/3.14/lib/python3.14/fractions.py:237: ResourceWarning: unclosed database in <sqlite3.Connection object at 0x109c2a890>
  self = super(Fraction, cls).__new__(cls)
ResourceWarning: Enable tracemalloc to get the object allocation traceback
/opt/homebrew/Cellar/python@3.14/3.14.7/Frameworks/Python.framework/Versions/3.14/lib/python3.14/fractions.py:237: ResourceWarning: unclosed database in <sqlite3.Connection object at 0x109c2a980>
  self = super(Fraction, cls).__new__(cls)
ResourceWarning: Enable tracemalloc to get the object allocation traceback
/opt/homebrew/Cellar/python@3.14/3.14.7/Frameworks/Python.framework/Versions/3.14/lib/python3.14/fractions.py:237: ResourceWarning: unclosed database in <sqlite3.Connection object at 0x109c2aa70>
  self = super(Fraction, cls).__new__(cls)
ResourceWarning: Enable tracemalloc to get the object allocation traceback
/opt/homebrew/Cellar/python@3.14/3.14.7/Frameworks/Python.framework/Versions/3.14/lib/python3.14/fractions.py:237: ResourceWarning: unclosed database in <sqlite3.Connection object at 0x109c2ab60>
  self = super(Fraction, cls).__new__(cls)
ResourceWarning: Enable tracemalloc to get the object allocation traceback
/opt/homebrew/Cellar/python@3.14/3.14.7/Frameworks/Python.framework/Versions/3.14/lib/python3.14/fractions.py:237: ResourceWarning: unclosed database in <sqlite3.Connection object at 0x109c2ac50>
  self = super(Fraction, cls).__new__(cls)
ResourceWarning: Enable tracemalloc to get the object allocation traceback
/opt/homebrew/Cellar/python@3.14/3.14.7/Frameworks/Python.framework/Versions/3.14/lib/python3.14/fractions.py:237: ResourceWarning: unclosed database in <sqlite3.Connection object at 0x109c2ad40>
  self = super(Fraction, cls).__new__(cls)
ResourceWarning: Enable tracemalloc to get the object allocation traceback
/opt/homebrew/Cellar/python@3.14/3.14.7/Frameworks/Python.framework/Versions/3.14/lib/python3.14/fractions.py:237: ResourceWarning: unclosed database in <sqlite3.Connection object at 0x109c2ae30>
  self = super(Fraction, cls).__new__(cls)
ResourceWarning: Enable tracemalloc to get the object allocation traceback
/opt/homebrew/Cellar/python@3.14/3.14.7/Frameworks/Python.framework/Versions/3.14/lib/python3.14/fractions.py:237: ResourceWarning: unclosed database in <sqlite3.Connection object at 0x109c2af20>
  self = super(Fraction, cls).__new__(cls)
ResourceWarning: Enable tracemalloc to get the object allocation traceback
/opt/homebrew/Cellar/python@3.14/3.14.7/Frameworks/Python.framework/Versions/3.14/lib/python3.14/fractions.py:237: ResourceWarning: unclosed database in <sqlite3.Connection object at 0x109c2b010>
  self = super(Fraction, cls).__new__(cls)
ResourceWarning: Enable tracemalloc to get the object allocation traceback
/opt/homebrew/Cellar/python@3.14/3.14.7/Frameworks/Python.framework/Versions/3.14/lib/python3.14/fractions.py:237: ResourceWarning: unclosed database in <sqlite3.Connection object at 0x109c2b100>
  self = super(Fraction, cls).__new__(cls)
ResourceWarning: Enable tracemalloc to get the object allocation traceback
/opt/homebrew/Cellar/python@3.14/3.14.7/Frameworks/Python.framework/Versions/3.14/lib/python3.14/fractions.py:237: ResourceWarning: unclosed database in <sqlite3.Connection object at 0x109c2b1f0>
  self = super(Fraction, cls).__new__(cls)
ResourceWarning: Enable tracemalloc to get the object allocation traceback
/opt/homebrew/Cellar/python@3.14/3.14.7/Frameworks/Python.framework/Versions/3.14/lib/python3.14/fractions.py:237: ResourceWarning: unclosed database in <sqlite3.Connection object at 0x109c2b2e0>
  self = super(Fraction, cls).__new__(cls)
ResourceWarning: Enable tracemalloc to get the object allocation traceback
/opt/homebrew/Cellar/python@3.14/3.14.7/Frameworks/Python.framework/Versions/3.14/lib/python3.14/fractions.py:237: ResourceWarning: unclosed database in <sqlite3.Connection object at 0x109c2b3d0>
  self = super(Fraction, cls).__new__(cls)
ResourceWarning: Enable tracemalloc to get the object allocation traceback
/opt/homebrew/Cellar/python@3.14/3.14.7/Frameworks/Python.framework/Versions/3.14/lib/python3.14/fractions.py:237: ResourceWarning: unclosed database in <sqlite3.Connection object at 0x109c2b4c0>
  self = super(Fraction, cls).__new__(cls)
ResourceWarning: Enable tracemalloc to get the object allocation traceback
/Users/nino/WORKS/Personal/Idea/Project/products/aeliqo/scripts/semantic_reference.py:39: ResourceWarning: unclosed database in <sqlite3.Connection object at 0x109619990>
  result={g:Fraction(n,d) for g,n,d in db.execute('SELECT g,SUM(n),SUM(d) FROM observations GROUP BY g')}
ResourceWarning: Enable tracemalloc to get the object allocation traceback
/Users/nino/WORKS/Personal/Idea/Project/products/aeliqo/scripts/semantic_reference.py:39: ResourceWarning: unclosed database in <sqlite3.Connection object at 0x109888b80>
  result={g:Fraction(n,d) for g,n,d in db.execute('SELECT g,SUM(n),SUM(d) FROM observations GROUP BY g')}
ResourceWarning: Enable tracemalloc to get the object allocation traceback
/Users/nino/WORKS/Personal/Idea/Project/products/aeliqo/scripts/semantic_reference.py:39: ResourceWarning: unclosed database in <sqlite3.Connection object at 0x109bd7f10>
  result={g:Fraction(n,d) for g,n,d in db.execute('SELECT g,SUM(n),SUM(d) FROM observations GROUP BY g')}
ResourceWarning: Enable tracemalloc to get the object allocation traceback
/Users/nino/WORKS/Personal/Idea/Project/products/aeliqo/scripts/semantic_reference.py:39: ResourceWarning: unclosed database in <sqlite3.Connection object at 0x109bd7e20>
  result={g:Fraction(n,d) for g,n,d in db.execute('SELECT g,SUM(n),SUM(d) FROM observations GROUP BY g')}
ResourceWarning: Enable tracemalloc to get the object allocation traceback
/Users/nino/WORKS/Personal/Idea/Project/products/aeliqo/scripts/semantic_reference.py:39: ResourceWarning: unclosed database in <sqlite3.Connection object at 0x109bd7d30>
  result={g:Fraction(n,d) for g,n,d in db.execute('SELECT g,SUM(n),SUM(d) FROM observations GROUP BY g')}
ResourceWarning: Enable tracemalloc to get the object allocation traceback
/Users/nino/WORKS/Personal/Idea/Project/products/aeliqo/scripts/semantic_reference.py:39: ResourceWarning: unclosed database in <sqlite3.Connection object at 0x109bd7c40>
  result={g:Fraction(n,d) for g,n,d in db.execute('SELECT g,SUM(n),SUM(d) FROM observations GROUP BY g')}
ResourceWarning: Enable tracemalloc to get the object allocation traceback
/Users/nino/WORKS/Personal/Idea/Project/products/aeliqo/scripts/semantic_reference.py:39: ResourceWarning: unclosed database in <sqlite3.Connection object at 0x109bd7b50>
  result={g:Fraction(n,d) for g,n,d in db.execute('SELECT g,SUM(n),SUM(d) FROM observations GROUP BY g')}
ResourceWarning: Enable tracemalloc to get the object allocation traceback
/Users/nino/WORKS/Personal/Idea/Project/products/aeliqo/scripts/semantic_reference.py:39: ResourceWarning: unclosed database in <sqlite3.Connection object at 0x109bd7a60>
  result={g:Fraction(n,d) for g,n,d in db.execute('SELECT g,SUM(n),SUM(d) FROM observations GROUP BY g')}
ResourceWarning: Enable tracemalloc to get the object allocation traceback
/Users/nino/WORKS/Personal/Idea/Project/products/aeliqo/scripts/semantic_reference.py:39: ResourceWarning: unclosed database in <sqlite3.Connection object at 0x109bd7970>
  result={g:Fraction(n,d) for g,n,d in db.execute('SELECT g,SUM(n),SUM(d) FROM observations GROUP BY g')}
ResourceWarning: Enable tracemalloc to get the object allocation traceback
/Users/nino/WORKS/Personal/Idea/Project/products/aeliqo/scripts/semantic_reference.py:39: ResourceWarning: unclosed database in <sqlite3.Connection object at 0x109bd7880>
  result={g:Fraction(n,d) for g,n,d in db.execute('SELECT g,SUM(n),SUM(d) FROM observations GROUP BY g')}
ResourceWarning: Enable tracemalloc to get the object allocation traceback
/Users/nino/WORKS/Personal/Idea/Project/products/aeliqo/scripts/semantic_reference.py:39: ResourceWarning: unclosed database in <sqlite3.Connection object at 0x109bd7790>
  result={g:Fraction(n,d) for g,n,d in db.execute('SELECT g,SUM(n),SUM(d) FROM observations GROUP BY g')}
ResourceWarning: Enable tracemalloc to get the object allocation traceback
/Users/nino/WORKS/Personal/Idea/Project/products/aeliqo/scripts/semantic_reference.py:39: ResourceWarning: unclosed database in <sqlite3.Connection object at 0x109bd76a0>
  result={g:Fraction(n,d) for g,n,d in db.execute('SELECT g,SUM(n),SUM(d) FROM observations GROUP BY g')}
ResourceWarning: Enable tracemalloc to get the object allocation traceback
/Users/nino/WORKS/Personal/Idea/Project/products/aeliqo/scripts/semantic_reference.py:39: ResourceWarning: unclosed database in <sqlite3.Connection object at 0x109bd75b0>
  result={g:Fraction(n,d) for g,n,d in db.execute('SELECT g,SUM(n),SUM(d) FROM observations GROUP BY g')}
ResourceWarning: Enable tracemalloc to get the object allocation traceback
/Users/nino/WORKS/Personal/Idea/Project/products/aeliqo/scripts/semantic_reference.py:39: ResourceWarning: unclosed database in <sqlite3.Connection object at 0x109bd74c0>
  result={g:Fraction(n,d) for g,n,d in db.execute('SELECT g,SUM(n),SUM(d) FROM observations GROUP BY g')}
ResourceWarning: Enable tracemalloc to get the object allocation traceback
/Users/nino/WORKS/Personal/Idea/Project/products/aeliqo/scripts/semantic_reference.py:39: ResourceWarning: unclosed database in <sqlite3.Connection object at 0x109bd73d0>
  result={g:Fraction(n,d) for g,n,d in db.execute('SELECT g,SUM(n),SUM(d) FROM observations GROUP BY g')}
ResourceWarning: Enable tracemalloc to get the object allocation traceback
/Users/nino/WORKS/Personal/Idea/Project/products/aeliqo/scripts/semantic_reference.py:39: ResourceWarning: unclosed database in <sqlite3.Connection object at 0x109bd72e0>
  result={g:Fraction(n,d) for g,n,d in db.execute('SELECT g,SUM(n),SUM(d) FROM observations GROUP BY g')}
ResourceWarning: Enable tracemalloc to get the object allocation traceback
/Users/nino/WORKS/Personal/Idea/Project/products/aeliqo/scripts/semantic_reference.py:39: ResourceWarning: unclosed database in <sqlite3.Connection object at 0x109bd71f0>
  result={g:Fraction(n,d) for g,n,d in db.execute('SELECT g,SUM(n),SUM(d) FROM observations GROUP BY g')}
ResourceWarning: Enable tracemalloc to get the object allocation traceback
/Users/nino/WORKS/Personal/Idea/Project/products/aeliqo/scripts/semantic_reference.py:39: ResourceWarning: unclosed database in <sqlite3.Connection object at 0x109bd7100>
  result={g:Fraction(n,d) for g,n,d in db.execute('SELECT g,SUM(n),SUM(d) FROM observations GROUP BY g')}
ResourceWarning: Enable tracemalloc to get the object allocation traceback
/Users/nino/WORKS/Personal/Idea/Project/products/aeliqo/scripts/semantic_reference.py:39: ResourceWarning: unclosed database in <sqlite3.Connection object at 0x109bd7010>
  result={g:Fraction(n,d) for g,n,d in db.execute('SELECT g,SUM(n),SUM(d) FROM observations GROUP BY g')}
ResourceWarning: Enable tracemalloc to get the object allocation traceback
/Users/nino/WORKS/Personal/Idea/Project/products/aeliqo/scripts/semantic_reference.py:39: ResourceWarning: unclosed database in <sqlite3.Connection object at 0x109bd6f20>
  result={g:Fraction(n,d) for g,n,d in db.execute('SELECT g,SUM(n),SUM(d) FROM observations GROUP BY g')}
ResourceWarning: Enable tracemalloc to get the object allocation traceback
/Users/nino/WORKS/Personal/Idea/Project/products/aeliqo/scripts/semantic_reference.py:39: ResourceWarning: unclosed database in <sqlite3.Connection object at 0x109bd6e30>
  result={g:Fraction(n,d) for g,n,d in db.execute('SELECT g,SUM(n),SUM(d) FROM observations GROUP BY g')}
ResourceWarning: Enable tracemalloc to get the object allocation traceback
/Users/nino/WORKS/Personal/Idea/Project/products/aeliqo/scripts/semantic_reference.py:39: ResourceWarning: unclosed database in <sqlite3.Connection object at 0x109bd6d40>
  result={g:Fraction(n,d) for g,n,d in db.execute('SELECT g,SUM(n),SUM(d) FROM observations GROUP BY g')}
ResourceWarning: Enable tracemalloc to get the object allocation traceback
/Users/nino/WORKS/Personal/Idea/Project/products/aeliqo/scripts/semantic_reference.py:39: ResourceWarning: unclosed database in <sqlite3.Connection object at 0x109bd6c50>
  result={g:Fraction(n,d) for g,n,d in db.execute('SELECT g,SUM(n),SUM(d) FROM observations GROUP BY g')}
ResourceWarning: Enable tracemalloc to get the object allocation traceback
/Users/nino/WORKS/Personal/Idea/Project/products/aeliqo/scripts/semantic_reference.py:39: ResourceWarning: unclosed database in <sqlite3.Connection object at 0x109bd6b60>
  result={g:Fraction(n,d) for g,n,d in db.execute('SELECT g,SUM(n),SUM(d) FROM observations GROUP BY g')}
ResourceWarning: Enable tracemalloc to get the object allocation traceback
/Users/nino/WORKS/Personal/Idea/Project/products/aeliqo/scripts/semantic_reference.py:39: ResourceWarning: unclosed database in <sqlite3.Connection object at 0x109bd6a70>
  result={g:Fraction(n,d) for g,n,d in db.execute('SELECT g,SUM(n),SUM(d) FROM observations GROUP BY g')}
ResourceWarning: Enable tracemalloc to get the object allocation traceback
/Users/nino/WORKS/Personal/Idea/Project/products/aeliqo/scripts/semantic_reference.py:39: ResourceWarning: unclosed database in <sqlite3.Connection object at 0x109bd6980>
  result={g:Fraction(n,d) for g,n,d in db.execute('SELECT g,SUM(n),SUM(d) FROM observations GROUP BY g')}
ResourceWarning: Enable tracemalloc to get the object allocation traceback
/Users/nino/WORKS/Personal/Idea/Project/products/aeliqo/scripts/semantic_reference.py:39: ResourceWarning: unclosed database in <sqlite3.Connection object at 0x109bd6890>
  result={g:Fraction(n,d) for g,n,d in db.execute('SELECT g,SUM(n),SUM(d) FROM observations GROUP BY g')}
ResourceWarning: Enable tracemalloc to get the object allocation traceback
/Users/nino/WORKS/Personal/Idea/Project/products/aeliqo/scripts/semantic_reference.py:39: ResourceWarning: unclosed database in <sqlite3.Connection object at 0x109bd67a0>
  result={g:Fraction(n,d) for g,n,d in db.execute('SELECT g,SUM(n),SUM(d) FROM observations GROUP BY g')}
ResourceWarning: Enable tracemalloc to get the object allocation traceback
/Users/nino/WORKS/Personal/Idea/Project/products/aeliqo/scripts/semantic_reference.py:39: ResourceWarning: unclosed database in <sqlite3.Connection object at 0x109bd66b0>
  result={g:Fraction(n,d) for g,n,d in db.execute('SELECT g,SUM(n),SUM(d) FROM observations GROUP BY g')}
ResourceWarning: Enable tracemalloc to get the object allocation traceback
/Users/nino/WORKS/Personal/Idea/Project/products/aeliqo/scripts/semantic_reference.py:39: ResourceWarning: unclosed database in <sqlite3.Connection object at 0x109bd65c0>
  result={g:Fraction(n,d) for g,n,d in db.execute('SELECT g,SUM(n),SUM(d) FROM observations GROUP BY g')}
ResourceWarning: Enable tracemalloc to get the object allocation traceback
/Users/nino/WORKS/Personal/Idea/Project/products/aeliqo/scripts/semantic_reference.py:39: ResourceWarning: unclosed database in <sqlite3.Connection object at 0x109bd64d0>
  result={g:Fraction(n,d) for g,n,d in db.execute('SELECT g,SUM(n),SUM(d) FROM observations GROUP BY g')}
ResourceWarning: Enable tracemalloc to get the object allocation traceback
/Users/nino/WORKS/Personal/Idea/Project/products/aeliqo/scripts/semantic_reference.py:39: ResourceWarning: unclosed database in <sqlite3.Connection object at 0x109bd63e0>
  result={g:Fraction(n,d) for g,n,d in db.execute('SELECT g,SUM(n),SUM(d) FROM observations GROUP BY g')}
ResourceWarning: Enable tracemalloc to get the object allocation traceback
/Users/nino/WORKS/Personal/Idea/Project/products/aeliqo/scripts/semantic_reference.py:39: ResourceWarning: unclosed database in <sqlite3.Connection object at 0x109bd62f0>
  result={g:Fraction(n,d) for g,n,d in db.execute('SELECT g,SUM(n),SUM(d) FROM observations GROUP BY g')}
ResourceWarning: Enable tracemalloc to get the object allocation traceback
/Users/nino/WORKS/Personal/Idea/Project/products/aeliqo/scripts/semantic_reference.py:39: ResourceWarning: unclosed database in <sqlite3.Connection object at 0x109bd6200>
  result={g:Fraction(n,d) for g,n,d in db.execute('SELECT g,SUM(n),SUM(d) FROM observations GROUP BY g')}
ResourceWarning: Enable tracemalloc to get the object allocation traceback
/Users/nino/WORKS/Personal/Idea/Project/products/aeliqo/scripts/semantic_reference.py:39: ResourceWarning: unclosed database in <sqlite3.Connection object at 0x109bd6110>
  result={g:Fraction(n,d) for g,n,d in db.execute('SELECT g,SUM(n),SUM(d) FROM observations GROUP BY g')}
ResourceWarning: Enable tracemalloc to get the object allocation traceback
/Users/nino/WORKS/Personal/Idea/Project/products/aeliqo/scripts/semantic_reference.py:39: ResourceWarning: unclosed database in <sqlite3.Connection object at 0x109bd6020>
  result={g:Fraction(n,d) for g,n,d in db.execute('SELECT g,SUM(n),SUM(d) FROM observations GROUP BY g')}
ResourceWarning: Enable tracemalloc to get the object allocation traceback
/Users/nino/WORKS/Personal/Idea/Project/products/aeliqo/scripts/semantic_reference.py:39: ResourceWarning: unclosed database in <sqlite3.Connection object at 0x109bd5f30>
  result={g:Fraction(n,d) for g,n,d in db.execute('SELECT g,SUM(n),SUM(d) FROM observations GROUP BY g')}
ResourceWarning: Enable tracemalloc to get the object allocation traceback
/Users/nino/WORKS/Personal/Idea/Project/products/aeliqo/scripts/semantic_reference.py:39: ResourceWarning: unclosed database in <sqlite3.Connection object at 0x109bd5e40>
  result={g:Fraction(n,d) for g,n,d in db.execute('SELECT g,SUM(n),SUM(d) FROM observations GROUP BY g')}
ResourceWarning: Enable tracemalloc to get the object allocation traceback
/Users/nino/WORKS/Personal/Idea/Project/products/aeliqo/scripts/semantic_reference.py:39: ResourceWarning: unclosed database in <sqlite3.Connection object at 0x109bd5d50>
  result={g:Fraction(n,d) for g,n,d in db.execute('SELECT g,SUM(n),SUM(d) FROM observations GROUP BY g')}
ResourceWarning: Enable tracemalloc to get the object allocation traceback
/Users/nino/WORKS/Personal/Idea/Project/products/aeliqo/scripts/semantic_reference.py:39: ResourceWarning: unclosed database in <sqlite3.Connection object at 0x109bd5c60>
  result={g:Fraction(n,d) for g,n,d in db.execute('SELECT g,SUM(n),SUM(d) FROM observations GROUP BY g')}
ResourceWarning: Enable tracemalloc to get the object allocation traceback
/Users/nino/WORKS/Personal/Idea/Project/products/aeliqo/scripts/semantic_reference.py:39: ResourceWarning: unclosed database in <sqlite3.Connection object at 0x109bd5b70>
  result={g:Fraction(n,d) for g,n,d in db.execute('SELECT g,SUM(n),SUM(d) FROM observations GROUP BY g')}
ResourceWarning: Enable tracemalloc to get the object allocation traceback
/Users/nino/WORKS/Personal/Idea/Project/products/aeliqo/scripts/semantic_reference.py:39: ResourceWarning: unclosed database in <sqlite3.Connection object at 0x109bd5a80>
  result={g:Fraction(n,d) for g,n,d in db.execute('SELECT g,SUM(n),SUM(d) FROM observations GROUP BY g')}
ResourceWarning: Enable tracemalloc to get the object allocation traceback
/Users/nino/WORKS/Personal/Idea/Project/products/aeliqo/scripts/semantic_reference.py:39: ResourceWarning: unclosed database in <sqlite3.Connection object at 0x109bd5990>
  result={g:Fraction(n,d) for g,n,d in db.execute('SELECT g,SUM(n),SUM(d) FROM observations GROUP BY g')}
ResourceWarning: Enable tracemalloc to get the object allocation traceback
/Users/nino/WORKS/Personal/Idea/Project/products/aeliqo/scripts/semantic_reference.py:39: ResourceWarning: unclosed database in <sqlite3.Connection object at 0x109bd58a0>
  result={g:Fraction(n,d) for g,n,d in db.execute('SELECT g,SUM(n),SUM(d) FROM observations GROUP BY g')}
ResourceWarning: Enable tracemalloc to get the object allocation traceback
/Users/nino/WORKS/Personal/Idea/Project/products/aeliqo/scripts/semantic_reference.py:39: ResourceWarning: unclosed database in <sqlite3.Connection object at 0x109bd57b0>
  result={g:Fraction(n,d) for g,n,d in db.execute('SELECT g,SUM(n),SUM(d) FROM observations GROUP BY g')}
ResourceWarning: Enable tracemalloc to get the object allocation traceback
/Users/nino/WORKS/Personal/Idea/Project/products/aeliqo/scripts/semantic_reference.py:39: ResourceWarning: unclosed database in <sqlite3.Connection object at 0x109bd56c0>
  result={g:Fraction(n,d) for g,n,d in db.execute('SELECT g,SUM(n),SUM(d) FROM observations GROUP BY g')}
ResourceWarning: Enable tracemalloc to get the object allocation traceback
/Users/nino/WORKS/Personal/Idea/Project/products/aeliqo/scripts/semantic_reference.py:39: ResourceWarning: unclosed database in <sqlite3.Connection object at 0x109bd55d0>
  result={g:Fraction(n,d) for g,n,d in db.execute('SELECT g,SUM(n),SUM(d) FROM observations GROUP BY g')}
ResourceWarning: Enable tracemalloc to get the object allocation traceback
/Users/nino/WORKS/Personal/Idea/Project/products/aeliqo/scripts/semantic_reference.py:39: ResourceWarning: unclosed database in <sqlite3.Connection object at 0x109bd5210>
  result={g:Fraction(n,d) for g,n,d in db.execute('SELECT g,SUM(n),SUM(d) FROM observations GROUP BY g')}
ResourceWarning: Enable tracemalloc to get the object allocation traceback
/Users/nino/WORKS/Personal/Idea/Project/products/aeliqo/scripts/semantic_reference.py:39: ResourceWarning: unclosed database in <sqlite3.Connection object at 0x109bd54e0>
  result={g:Fraction(n,d) for g,n,d in db.execute('SELECT g,SUM(n),SUM(d) FROM observations GROUP BY g')}
ResourceWarning: Enable tracemalloc to get the object allocation traceback
/Users/nino/WORKS/Personal/Idea/Project/products/aeliqo/scripts/semantic_reference.py:39: ResourceWarning: unclosed database in <sqlite3.Connection object at 0x109c2b4c0>
  result={g:Fraction(n,d) for g,n,d in db.execute('SELECT g,SUM(n),SUM(d) FROM observations GROUP BY g')}
ResourceWarning: Enable tracemalloc to get the object allocation traceback
/Users/nino/WORKS/Personal/Idea/Project/products/aeliqo/scripts/semantic_reference.py:39: ResourceWarning: unclosed database in <sqlite3.Connection object at 0x109c2b3d0>
  result={g:Fraction(n,d) for g,n,d in db.execute('SELECT g,SUM(n),SUM(d) FROM observations GROUP BY g')}
ResourceWarning: Enable tracemalloc to get the object allocation traceback
/Users/nino/WORKS/Personal/Idea/Project/products/aeliqo/scripts/semantic_reference.py:39: ResourceWarning: unclosed database in <sqlite3.Connection object at 0x109c2b2e0>
  result={g:Fraction(n,d) for g,n,d in db.execute('SELECT g,SUM(n),SUM(d) FROM observations GROUP BY g')}
ResourceWarning: Enable tracemalloc to get the object allocation traceback
/Users/nino/WORKS/Personal/Idea/Project/products/aeliqo/scripts/semantic_reference.py:39: ResourceWarning: unclosed database in <sqlite3.Connection object at 0x109c2b1f0>
  result={g:Fraction(n,d) for g,n,d in db.execute('SELECT g,SUM(n),SUM(d) FROM observations GROUP BY g')}
ResourceWarning: Enable tracemalloc to get the object allocation traceback
/Users/nino/WORKS/Personal/Idea/Project/products/aeliqo/scripts/semantic_reference.py:39: ResourceWarning: unclosed database in <sqlite3.Connection object at 0x109c2b100>
  result={g:Fraction(n,d) for g,n,d in db.execute('SELECT g,SUM(n),SUM(d) FROM observations GROUP BY g')}
ResourceWarning: Enable tracemalloc to get the object allocation traceback
/Users/nino/WORKS/Personal/Idea/Project/products/aeliqo/scripts/semantic_reference.py:39: ResourceWarning: unclosed database in <sqlite3.Connection object at 0x109c2b010>
  result={g:Fraction(n,d) for g,n,d in db.execute('SELECT g,SUM(n),SUM(d) FROM observations GROUP BY g')}
ResourceWarning: Enable tracemalloc to get the object allocation traceback
/Users/nino/WORKS/Personal/Idea/Project/products/aeliqo/scripts/semantic_reference.py:39: ResourceWarning: unclosed database in <sqlite3.Connection object at 0x109c2af20>
  result={g:Fraction(n,d) for g,n,d in db.execute('SELECT g,SUM(n),SUM(d) FROM observations GROUP BY g')}
ResourceWarning: Enable tracemalloc to get the object allocation traceback
/Users/nino/WORKS/Personal/Idea/Project/products/aeliqo/scripts/semantic_reference.py:39: ResourceWarning: unclosed database in <sqlite3.Connection object at 0x109c2ae30>
  result={g:Fraction(n,d) for g,n,d in db.execute('SELECT g,SUM(n),SUM(d) FROM observations GROUP BY g')}
ResourceWarning: Enable tracemalloc to get the object allocation traceback
/Users/nino/WORKS/Personal/Idea/Project/products/aeliqo/scripts/semantic_reference.py:39: ResourceWarning: unclosed database in <sqlite3.Connection object at 0x109c2ad40>
  result={g:Fraction(n,d) for g,n,d in db.execute('SELECT g,SUM(n),SUM(d) FROM observations GROUP BY g')}
ResourceWarning: Enable tracemalloc to get the object allocation traceback
/Users/nino/WORKS/Personal/Idea/Project/products/aeliqo/scripts/semantic_reference.py:39: ResourceWarning: unclosed database in <sqlite3.Connection object at 0x109c2ac50>
  result={g:Fraction(n,d) for g,n,d in db.execute('SELECT g,SUM(n),SUM(d) FROM observations GROUP BY g')}
ResourceWarning: Enable tracemalloc to get the object allocation traceback
/Users/nino/WORKS/Personal/Idea/Project/products/aeliqo/scripts/semantic_reference.py:39: ResourceWarning: unclosed database in <sqlite3.Connection object at 0x109c2ab60>
  result={g:Fraction(n,d) for g,n,d in db.execute('SELECT g,SUM(n),SUM(d) FROM observations GROUP BY g')}
ResourceWarning: Enable tracemalloc to get the object allocation traceback
/Users/nino/WORKS/Personal/Idea/Project/products/aeliqo/scripts/semantic_reference.py:39: ResourceWarning: unclosed database in <sqlite3.Connection object at 0x109c2aa70>
  result={g:Fraction(n,d) for g,n,d in db.execute('SELECT g,SUM(n),SUM(d) FROM observations GROUP BY g')}
ResourceWarning: Enable tracemalloc to get the object allocation traceback
/Users/nino/WORKS/Personal/Idea/Project/products/aeliqo/scripts/semantic_reference.py:39: ResourceWarning: unclosed database in <sqlite3.Connection object at 0x109c2a980>
  result={g:Fraction(n,d) for g,n,d in db.execute('SELECT g,SUM(n),SUM(d) FROM observations GROUP BY g')}
ResourceWarning: Enable tracemalloc to get the object allocation traceback
/Users/nino/WORKS/Personal/Idea/Project/products/aeliqo/scripts/semantic_reference.py:39: ResourceWarning: unclosed database in <sqlite3.Connection object at 0x109c2a890>
  result={g:Fraction(n,d) for g,n,d in db.execute('SELECT g,SUM(n),SUM(d) FROM observations GROUP BY g')}
ResourceWarning: Enable tracemalloc to get the object allocation traceback
/Users/nino/WORKS/Personal/Idea/Project/products/aeliqo/scripts/semantic_reference.py:39: ResourceWarning: unclosed database in <sqlite3.Connection object at 0x109c2a7a0>
  result={g:Fraction(n,d) for g,n,d in db.execute('SELECT g,SUM(n),SUM(d) FROM observations GROUP BY g')}
ResourceWarning: Enable tracemalloc to get the object allocation traceback
/Users/nino/WORKS/Personal/Idea/Project/products/aeliqo/scripts/semantic_reference.py:39: ResourceWarning: unclosed database in <sqlite3.Connection object at 0x109c2a6b0>
  result={g:Fraction(n,d) for g,n,d in db.execute('SELECT g,SUM(n),SUM(d) FROM observations GROUP BY g')}
ResourceWarning: Enable tracemalloc to get the object allocation traceback
/Users/nino/WORKS/Personal/Idea/Project/products/aeliqo/scripts/semantic_reference.py:39: ResourceWarning: unclosed database in <sqlite3.Connection object at 0x109c2a5c0>
  result={g:Fraction(n,d) for g,n,d in db.execute('SELECT g,SUM(n),SUM(d) FROM observations GROUP BY g')}
ResourceWarning: Enable tracemalloc to get the object allocation traceback
/Users/nino/WORKS/Personal/Idea/Project/products/aeliqo/scripts/semantic_reference.py:39: ResourceWarning: unclosed database in <sqlite3.Connection object at 0x109c2a4d0>
  result={g:Fraction(n,d) for g,n,d in db.execute('SELECT g,SUM(n),SUM(d) FROM observations GROUP BY g')}
ResourceWarning: Enable tracemalloc to get the object allocation traceback
/Users/nino/WORKS/Personal/Idea/Project/products/aeliqo/scripts/semantic_reference.py:39: ResourceWarning: unclosed database in <sqlite3.Connection object at 0x109c2a3e0>
  result={g:Fraction(n,d) for g,n,d in db.execute('SELECT g,SUM(n),SUM(d) FROM observations GROUP BY g')}
ResourceWarning: Enable tracemalloc to get the object allocation traceback
/Users/nino/WORKS/Personal/Idea/Project/products/aeliqo/scripts/semantic_reference.py:39: ResourceWarning: unclosed database in <sqlite3.Connection object at 0x109c2a2f0>
  result={g:Fraction(n,d) for g,n,d in db.execute('SELECT g,SUM(n),SUM(d) FROM observations GROUP BY g')}
ResourceWarning: Enable tracemalloc to get the object allocation traceback
/Users/nino/WORKS/Personal/Idea/Project/products/aeliqo/scripts/semantic_reference.py:39: ResourceWarning: unclosed database in <sqlite3.Connection object at 0x109c2a200>
  result={g:Fraction(n,d) for g,n,d in db.execute('SELECT g,SUM(n),SUM(d) FROM observations GROUP BY g')}
ResourceWarning: Enable tracemalloc to get the object allocation traceback
/Users/nino/WORKS/Personal/Idea/Project/products/aeliqo/scripts/semantic_reference.py:39: ResourceWarning: unclosed database in <sqlite3.Connection object at 0x109c2a110>
  result={g:Fraction(n,d) for g,n,d in db.execute('SELECT g,SUM(n),SUM(d) FROM observations GROUP BY g')}
ResourceWarning: Enable tracemalloc to get the object allocation traceback
/Users/nino/WORKS/Personal/Idea/Project/products/aeliqo/scripts/semantic_reference.py:39: ResourceWarning: unclosed database in <sqlite3.Connection object at 0x109c2a020>
  result={g:Fraction(n,d) for g,n,d in db.execute('SELECT g,SUM(n),SUM(d) FROM observations GROUP BY g')}
ResourceWarning: Enable tracemalloc to get the object allocation traceback
/Users/nino/WORKS/Personal/Idea/Project/products/aeliqo/scripts/semantic_reference.py:39: ResourceWarning: unclosed database in <sqlite3.Connection object at 0x109c29f30>
  result={g:Fraction(n,d) for g,n,d in db.execute('SELECT g,SUM(n),SUM(d) FROM observations GROUP BY g')}
ResourceWarning: Enable tracemalloc to get the object allocation traceback
/Users/nino/WORKS/Personal/Idea/Project/products/aeliqo/scripts/semantic_reference.py:39: ResourceWarning: unclosed database in <sqlite3.Connection object at 0x109c29e40>
  result={g:Fraction(n,d) for g,n,d in db.execute('SELECT g,SUM(n),SUM(d) FROM observations GROUP BY g')}
ResourceWarning: Enable tracemalloc to get the object allocation traceback
/Users/nino/WORKS/Personal/Idea/Project/products/aeliqo/scripts/semantic_reference.py:39: ResourceWarning: unclosed database in <sqlite3.Connection object at 0x109c29d50>
  result={g:Fraction(n,d) for g,n,d in db.execute('SELECT g,SUM(n),SUM(d) FROM observations GROUP BY g')}
ResourceWarning: Enable tracemalloc to get the object allocation traceback
/Users/nino/WORKS/Personal/Idea/Project/products/aeliqo/scripts/semantic_reference.py:39: ResourceWarning: unclosed database in <sqlite3.Connection object at 0x109c29c60>
  result={g:Fraction(n,d) for g,n,d in db.execute('SELECT g,SUM(n),SUM(d) FROM observations GROUP BY g')}
ResourceWarning: Enable tracemalloc to get the object allocation traceback
/Users/nino/WORKS/Personal/Idea/Project/products/aeliqo/scripts/semantic_reference.py:39: ResourceWarning: unclosed database in <sqlite3.Connection object at 0x109c29b70>
  result={g:Fraction(n,d) for g,n,d in db.execute('SELECT g,SUM(n),SUM(d) FROM observations GROUP BY g')}
ResourceWarning: Enable tracemalloc to get the object allocation traceback
/Users/nino/WORKS/Personal/Idea/Project/products/aeliqo/scripts/semantic_reference.py:39: ResourceWarning: unclosed database in <sqlite3.Connection object at 0x109c29a80>
  result={g:Fraction(n,d) for g,n,d in db.execute('SELECT g,SUM(n),SUM(d) FROM observations GROUP BY g')}
ResourceWarning: Enable tracemalloc to get the object allocation traceback
/Users/nino/WORKS/Personal/Idea/Project/products/aeliqo/scripts/semantic_reference.py:39: ResourceWarning: unclosed database in <sqlite3.Connection object at 0x109c29990>
  result={g:Fraction(n,d) for g,n,d in db.execute('SELECT g,SUM(n),SUM(d) FROM observations GROUP BY g')}
ResourceWarning: Enable tracemalloc to get the object allocation traceback
/Users/nino/WORKS/Personal/Idea/Project/products/aeliqo/scripts/semantic_reference.py:39: ResourceWarning: unclosed database in <sqlite3.Connection object at 0x109c298a0>
  result={g:Fraction(n,d) for g,n,d in db.execute('SELECT g,SUM(n),SUM(d) FROM observations GROUP BY g')}
ResourceWarning: Enable tracemalloc to get the object allocation traceback
/Users/nino/WORKS/Personal/Idea/Project/products/aeliqo/scripts/semantic_reference.py:39: ResourceWarning: unclosed database in <sqlite3.Connection object at 0x109c297b0>
  result={g:Fraction(n,d) for g,n,d in db.execute('SELECT g,SUM(n),SUM(d) FROM observations GROUP BY g')}
ResourceWarning: Enable tracemalloc to get the object allocation traceback
/Users/nino/WORKS/Personal/Idea/Project/products/aeliqo/scripts/semantic_reference.py:39: ResourceWarning: unclosed database in <sqlite3.Connection object at 0x109c296c0>
  result={g:Fraction(n,d) for g,n,d in db.execute('SELECT g,SUM(n),SUM(d) FROM observations GROUP BY g')}
ResourceWarning: Enable tracemalloc to get the object allocation traceback
/Users/nino/WORKS/Personal/Idea/Project/products/aeliqo/scripts/semantic_reference.py:39: ResourceWarning: unclosed database in <sqlite3.Connection object at 0x109c295d0>
  result={g:Fraction(n,d) for g,n,d in db.execute('SELECT g,SUM(n),SUM(d) FROM observations GROUP BY g')}
ResourceWarning: Enable tracemalloc to get the object allocation traceback
/Users/nino/WORKS/Personal/Idea/Project/products/aeliqo/scripts/semantic_reference.py:39: ResourceWarning: unclosed database in <sqlite3.Connection object at 0x109c294e0>
  result={g:Fraction(n,d) for g,n,d in db.execute('SELECT g,SUM(n),SUM(d) FROM observations GROUP BY g')}
ResourceWarning: Enable tracemalloc to get the object allocation traceback
/Users/nino/WORKS/Personal/Idea/Project/products/aeliqo/scripts/semantic_reference.py:39: ResourceWarning: unclosed database in <sqlite3.Connection object at 0x109c293f0>
  result={g:Fraction(n,d) for g,n,d in db.execute('SELECT g,SUM(n),SUM(d) FROM observations GROUP BY g')}
ResourceWarning: Enable tracemalloc to get the object allocation traceback
/Users/nino/WORKS/Personal/Idea/Project/products/aeliqo/scripts/semantic_reference.py:39: ResourceWarning: unclosed database in <sqlite3.Connection object at 0x109c29300>
  result={g:Fraction(n,d) for g,n,d in db.execute('SELECT g,SUM(n),SUM(d) FROM observations GROUP BY g')}
ResourceWarning: Enable tracemalloc to get the object allocation traceback
/Users/nino/WORKS/Personal/Idea/Project/products/aeliqo/scripts/semantic_reference.py:39: ResourceWarning: unclosed database in <sqlite3.Connection object at 0x109c29210>
  result={g:Fraction(n,d) for g,n,d in db.execute('SELECT g,SUM(n),SUM(d) FROM observations GROUP BY g')}
ResourceWarning: Enable tracemalloc to get the object allocation traceback
/Users/nino/WORKS/Personal/Idea/Project/products/aeliqo/scripts/semantic_reference.py:39: ResourceWarning: unclosed database in <sqlite3.Connection object at 0x109c29120>
  result={g:Fraction(n,d) for g,n,d in db.execute('SELECT g,SUM(n),SUM(d) FROM observations GROUP BY g')}
ResourceWarning: Enable tracemalloc to get the object allocation traceback
/Users/nino/WORKS/Personal/Idea/Project/products/aeliqo/scripts/semantic_reference.py:39: ResourceWarning: unclosed database in <sqlite3.Connection object at 0x109c29030>
  result={g:Fraction(n,d) for g,n,d in db.execute('SELECT g,SUM(n),SUM(d) FROM observations GROUP BY g')}
ResourceWarning: Enable tracemalloc to get the object allocation traceback
/Users/nino/WORKS/Personal/Idea/Project/products/aeliqo/scripts/semantic_reference.py:39: ResourceWarning: unclosed database in <sqlite3.Connection object at 0x109c28f40>
  result={g:Fraction(n,d) for g,n,d in db.execute('SELECT g,SUM(n),SUM(d) FROM observations GROUP BY g')}
ResourceWarning: Enable tracemalloc to get the object allocation traceback
/Users/nino/WORKS/Personal/Idea/Project/products/aeliqo/scripts/semantic_reference.py:39: ResourceWarning: unclosed database in <sqlite3.Connection object at 0x109c28e50>
  result={g:Fraction(n,d) for g,n,d in db.execute('SELECT g,SUM(n),SUM(d) FROM observations GROUP BY g')}
ResourceWarning: Enable tracemalloc to get the object allocation traceback
/Users/nino/WORKS/Personal/Idea/Project/products/aeliqo/scripts/semantic_reference.py:39: ResourceWarning: unclosed database in <sqlite3.Connection object at 0x109c28d60>
  result={g:Fraction(n,d) for g,n,d in db.execute('SELECT g,SUM(n),SUM(d) FROM observations GROUP BY g')}
ResourceWarning: Enable tracemalloc to get the object allocation traceback
/Users/nino/WORKS/Personal/Idea/Project/products/aeliqo/scripts/semantic_reference.py:39: ResourceWarning: unclosed database in <sqlite3.Connection object at 0x109c28c70>
  result={g:Fraction(n,d) for g,n,d in db.execute('SELECT g,SUM(n),SUM(d) FROM observations GROUP BY g')}
ResourceWarning: Enable tracemalloc to get the object allocation traceback
/Users/nino/WORKS/Personal/Idea/Project/products/aeliqo/scripts/semantic_reference.py:39: ResourceWarning: unclosed database in <sqlite3.Connection object at 0x109c28b80>
  result={g:Fraction(n,d) for g,n,d in db.execute('SELECT g,SUM(n),SUM(d) FROM observations GROUP BY g')}
ResourceWarning: Enable tracemalloc to get the object allocation traceback
/Users/nino/WORKS/Personal/Idea/Project/products/aeliqo/scripts/semantic_reference.py:39: ResourceWarning: unclosed database in <sqlite3.Connection object at 0x109c28a90>
  result={g:Fraction(n,d) for g,n,d in db.execute('SELECT g,SUM(n),SUM(d) FROM observations GROUP BY g')}
ResourceWarning: Enable tracemalloc to get the object allocation traceback
/Users/nino/WORKS/Personal/Idea/Project/products/aeliqo/scripts/semantic_reference.py:39: ResourceWarning: unclosed database in <sqlite3.Connection object at 0x109c289a0>
  result={g:Fraction(n,d) for g,n,d in db.execute('SELECT g,SUM(n),SUM(d) FROM observations GROUP BY g')}
ResourceWarning: Enable tracemalloc to get the object allocation traceback
/Users/nino/WORKS/Personal/Idea/Project/products/aeliqo/scripts/semantic_reference.py:39: ResourceWarning: unclosed database in <sqlite3.Connection object at 0x109c288b0>
  result={g:Fraction(n,d) for g,n,d in db.execute('SELECT g,SUM(n),SUM(d) FROM observations GROUP BY g')}
ResourceWarning: Enable tracemalloc to get the object allocation traceback
/Users/nino/WORKS/Personal/Idea/Project/products/aeliqo/scripts/semantic_reference.py:39: ResourceWarning: unclosed database in <sqlite3.Connection object at 0x109c287c0>
  result={g:Fraction(n,d) for g,n,d in db.execute('SELECT g,SUM(n),SUM(d) FROM observations GROUP BY g')}
ResourceWarning: Enable tracemalloc to get the object allocation traceback
/Users/nino/WORKS/Personal/Idea/Project/products/aeliqo/scripts/semantic_reference.py:39: ResourceWarning: unclosed database in <sqlite3.Connection object at 0x109c286d0>
  result={g:Fraction(n,d) for g,n,d in db.execute('SELECT g,SUM(n),SUM(d) FROM observations GROUP BY g')}
ResourceWarning: Enable tracemalloc to get the object allocation traceback
/Users/nino/WORKS/Personal/Idea/Project/products/aeliqo/scripts/semantic_reference.py:39: ResourceWarning: unclosed database in <sqlite3.Connection object at 0x109c285e0>
  result={g:Fraction(n,d) for g,n,d in db.execute('SELECT g,SUM(n),SUM(d) FROM observations GROUP BY g')}
ResourceWarning: Enable tracemalloc to get the object allocation traceback
/Users/nino/WORKS/Personal/Idea/Project/products/aeliqo/scripts/semantic_reference.py:39: ResourceWarning: unclosed database in <sqlite3.Connection object at 0x109c284f0>
  result={g:Fraction(n,d) for g,n,d in db.execute('SELECT g,SUM(n),SUM(d) FROM observations GROUP BY g')}
ResourceWarning: Enable tracemalloc to get the object allocation traceback
/Users/nino/WORKS/Personal/Idea/Project/products/aeliqo/scripts/semantic_reference.py:39: ResourceWarning: unclosed database in <sqlite3.Connection object at 0x109c28400>
  result={g:Fraction(n,d) for g,n,d in db.execute('SELECT g,SUM(n),SUM(d) FROM observations GROUP BY g')}
ResourceWarning: Enable tracemalloc to get the object allocation traceback
/Users/nino/WORKS/Personal/Idea/Project/products/aeliqo/scripts/semantic_reference.py:39: ResourceWarning: unclosed database in <sqlite3.Connection object at 0x109c28310>
  result={g:Fraction(n,d) for g,n,d in db.execute('SELECT g,SUM(n),SUM(d) FROM observations GROUP BY g')}
ResourceWarning: Enable tracemalloc to get the object allocation traceback
/Users/nino/WORKS/Personal/Idea/Project/products/aeliqo/scripts/semantic_reference.py:39: ResourceWarning: unclosed database in <sqlite3.Connection object at 0x109c28220>
  result={g:Fraction(n,d) for g,n,d in db.execute('SELECT g,SUM(n),SUM(d) FROM observations GROUP BY g')}
ResourceWarning: Enable tracemalloc to get the object allocation traceback
/Users/nino/WORKS/Personal/Idea/Project/products/aeliqo/scripts/semantic_reference.py:39: ResourceWarning: unclosed database in <sqlite3.Connection object at 0x109c28130>
  result={g:Fraction(n,d) for g,n,d in db.execute('SELECT g,SUM(n),SUM(d) FROM observations GROUP BY g')}
ResourceWarning: Enable tracemalloc to get the object allocation traceback
/Users/nino/WORKS/Personal/Idea/Project/products/aeliqo/scripts/semantic_reference.py:39: ResourceWarning: unclosed database in <sqlite3.Connection object at 0x109c28040>
  result={g:Fraction(n,d) for g,n,d in db.execute('SELECT g,SUM(n),SUM(d) FROM observations GROUP BY g')}
ResourceWarning: Enable tracemalloc to get the object allocation traceback
/Users/nino/WORKS/Personal/Idea/Project/products/aeliqo/scripts/semantic_reference.py:39: ResourceWarning: unclosed database in <sqlite3.Connection object at 0x109c2bc40>
  result={g:Fraction(n,d) for g,n,d in db.execute('SELECT g,SUM(n),SUM(d) FROM observations GROUP BY g')}
ResourceWarning: Enable tracemalloc to get the object allocation traceback
/Users/nino/WORKS/Personal/Idea/Project/products/aeliqo/scripts/semantic_reference.py:39: ResourceWarning: unclosed database in <sqlite3.Connection object at 0x109c2bd30>
  result={g:Fraction(n,d) for g,n,d in db.execute('SELECT g,SUM(n),SUM(d) FROM observations GROUP BY g')}
ResourceWarning: Enable tracemalloc to get the object allocation traceback
/Users/nino/WORKS/Personal/Idea/Project/products/aeliqo/scripts/semantic_reference.py:39: ResourceWarning: unclosed database in <sqlite3.Connection object at 0x109c2be20>
  result={g:Fraction(n,d) for g,n,d in db.execute('SELECT g,SUM(n),SUM(d) FROM observations GROUP BY g')}
ResourceWarning: Enable tracemalloc to get the object allocation traceback
/Users/nino/WORKS/Personal/Idea/Project/products/aeliqo/scripts/semantic_reference.py:39: ResourceWarning: unclosed database in <sqlite3.Connection object at 0x109c60310>
  result={g:Fraction(n,d) for g,n,d in db.execute('SELECT g,SUM(n),SUM(d) FROM observations GROUP BY g')}
ResourceWarning: Enable tracemalloc to get the object allocation traceback
/Users/nino/WORKS/Personal/Idea/Project/products/aeliqo/scripts/semantic_reference.py:39: ResourceWarning: unclosed database in <sqlite3.Connection object at 0x109c60400>
  result={g:Fraction(n,d) for g,n,d in db.execute('SELECT g,SUM(n),SUM(d) FROM observations GROUP BY g')}
ResourceWarning: Enable tracemalloc to get the object allocation traceback
/Users/nino/WORKS/Personal/Idea/Project/products/aeliqo/scripts/semantic_reference.py:39: ResourceWarning: unclosed database in <sqlite3.Connection object at 0x109c604f0>
  result={g:Fraction(n,d) for g,n,d in db.execute('SELECT g,SUM(n),SUM(d) FROM observations GROUP BY g')}
ResourceWarning: Enable tracemalloc to get the object allocation traceback
/Users/nino/WORKS/Personal/Idea/Project/products/aeliqo/scripts/semantic_reference.py:39: ResourceWarning: unclosed database in <sqlite3.Connection object at 0x109c605e0>
  result={g:Fraction(n,d) for g,n,d in db.execute('SELECT g,SUM(n),SUM(d) FROM observations GROUP BY g')}
ResourceWarning: Enable tracemalloc to get the object allocation traceback
/Users/nino/WORKS/Personal/Idea/Project/products/aeliqo/scripts/semantic_reference.py:39: ResourceWarning: unclosed database in <sqlite3.Connection object at 0x109c606d0>
  result={g:Fraction(n,d) for g,n,d in db.execute('SELECT g,SUM(n),SUM(d) FROM observations GROUP BY g')}
ResourceWarning: Enable tracemalloc to get the object allocation traceback
/Users/nino/WORKS/Personal/Idea/Project/products/aeliqo/scripts/semantic_reference.py:39: ResourceWarning: unclosed database in <sqlite3.Connection object at 0x109c607c0>
  result={g:Fraction(n,d) for g,n,d in db.execute('SELECT g,SUM(n),SUM(d) FROM observations GROUP BY g')}
ResourceWarning: Enable tracemalloc to get the object allocation traceback
/Users/nino/WORKS/Personal/Idea/Project/products/aeliqo/scripts/semantic_reference.py:39: ResourceWarning: unclosed database in <sqlite3.Connection object at 0x109c608b0>
  result={g:Fraction(n,d) for g,n,d in db.execute('SELECT g,SUM(n),SUM(d) FROM observations GROUP BY g')}
ResourceWarning: Enable tracemalloc to get the object allocation traceback
/Users/nino/WORKS/Personal/Idea/Project/products/aeliqo/scripts/semantic_reference.py:39: ResourceWarning: unclosed database in <sqlite3.Connection object at 0x109c609a0>
  result={g:Fraction(n,d) for g,n,d in db.execute('SELECT g,SUM(n),SUM(d) FROM observations GROUP BY g')}
ResourceWarning: Enable tracemalloc to get the object allocation traceback
/Users/nino/WORKS/Personal/Idea/Project/products/aeliqo/scripts/semantic_reference.py:39: ResourceWarning: unclosed database in <sqlite3.Connection object at 0x109c60a90>
  result={g:Fraction(n,d) for g,n,d in db.execute('SELECT g,SUM(n),SUM(d) FROM observations GROUP BY g')}
ResourceWarning: Enable tracemalloc to get the object allocation traceback
/Users/nino/WORKS/Personal/Idea/Project/products/aeliqo/scripts/semantic_reference.py:39: ResourceWarning: unclosed database in <sqlite3.Connection object at 0x109c60c70>
  result={g:Fraction(n,d) for g,n,d in db.execute('SELECT g,SUM(n),SUM(d) FROM observations GROUP BY g')}
ResourceWarning: Enable tracemalloc to get the object allocation traceback
/Users/nino/WORKS/Personal/Idea/Project/products/aeliqo/scripts/semantic_reference.py:39: ResourceWarning: unclosed database in <sqlite3.Connection object at 0x109c60d60>
  result={g:Fraction(n,d) for g,n,d in db.execute('SELECT g,SUM(n),SUM(d) FROM observations GROUP BY g')}
ResourceWarning: Enable tracemalloc to get the object allocation traceback
/Users/nino/WORKS/Personal/Idea/Project/products/aeliqo/scripts/semantic_reference.py:39: ResourceWarning: unclosed database in <sqlite3.Connection object at 0x109c60e50>
  result={g:Fraction(n,d) for g,n,d in db.execute('SELECT g,SUM(n),SUM(d) FROM observations GROUP BY g')}
ResourceWarning: Enable tracemalloc to get the object allocation traceback
/Users/nino/WORKS/Personal/Idea/Project/products/aeliqo/scripts/semantic_reference.py:39: ResourceWarning: unclosed database in <sqlite3.Connection object at 0x109c60f40>
  result={g:Fraction(n,d) for g,n,d in db.execute('SELECT g,SUM(n),SUM(d) FROM observations GROUP BY g')}
ResourceWarning: Enable tracemalloc to get the object allocation traceback
/Users/nino/WORKS/Personal/Idea/Project/products/aeliqo/scripts/semantic_reference.py:39: ResourceWarning: unclosed database in <sqlite3.Connection object at 0x109c61030>
  result={g:Fraction(n,d) for g,n,d in db.execute('SELECT g,SUM(n),SUM(d) FROM observations GROUP BY g')}
ResourceWarning: Enable tracemalloc to get the object allocation traceback
/Users/nino/WORKS/Personal/Idea/Project/products/aeliqo/scripts/semantic_reference.py:39: ResourceWarning: unclosed database in <sqlite3.Connection object at 0x109c61120>
  result={g:Fraction(n,d) for g,n,d in db.execute('SELECT g,SUM(n),SUM(d) FROM observations GROUP BY g')}
ResourceWarning: Enable tracemalloc to get the object allocation traceback
/Users/nino/WORKS/Personal/Idea/Project/products/aeliqo/scripts/semantic_reference.py:39: ResourceWarning: unclosed database in <sqlite3.Connection object at 0x109c61210>
  result={g:Fraction(n,d) for g,n,d in db.execute('SELECT g,SUM(n),SUM(d) FROM observations GROUP BY g')}
ResourceWarning: Enable tracemalloc to get the object allocation traceback
/Users/nino/WORKS/Personal/Idea/Project/products/aeliqo/scripts/semantic_reference.py:39: ResourceWarning: unclosed database in <sqlite3.Connection object at 0x109c61300>
  result={g:Fraction(n,d) for g,n,d in db.execute('SELECT g,SUM(n),SUM(d) FROM observations GROUP BY g')}
ResourceWarning: Enable tracemalloc to get the object allocation traceback
/Users/nino/WORKS/Personal/Idea/Project/products/aeliqo/scripts/semantic_reference.py:39: ResourceWarning: unclosed database in <sqlite3.Connection object at 0x109c613f0>
  result={g:Fraction(n,d) for g,n,d in db.execute('SELECT g,SUM(n),SUM(d) FROM observations GROUP BY g')}
ResourceWarning: Enable tracemalloc to get the object allocation traceback
/Users/nino/WORKS/Personal/Idea/Project/products/aeliqo/scripts/semantic_reference.py:39: ResourceWarning: unclosed database in <sqlite3.Connection object at 0x109c614e0>
  result={g:Fraction(n,d) for g,n,d in db.execute('SELECT g,SUM(n),SUM(d) FROM observations GROUP BY g')}
ResourceWarning: Enable tracemalloc to get the object allocation traceback
/Users/nino/WORKS/Personal/Idea/Project/products/aeliqo/scripts/semantic_reference.py:39: ResourceWarning: unclosed database in <sqlite3.Connection object at 0x109c615d0>
  result={g:Fraction(n,d) for g,n,d in db.execute('SELECT g,SUM(n),SUM(d) FROM observations GROUP BY g')}
ResourceWarning: Enable tracemalloc to get the object allocation traceback
/Users/nino/WORKS/Personal/Idea/Project/products/aeliqo/scripts/semantic_reference.py:39: ResourceWarning: unclosed database in <sqlite3.Connection object at 0x109c616c0>
  result={g:Fraction(n,d) for g,n,d in db.execute('SELECT g,SUM(n),SUM(d) FROM observations GROUP BY g')}
ResourceWarning: Enable tracemalloc to get the object allocation traceback
/Users/nino/WORKS/Personal/Idea/Project/products/aeliqo/scripts/semantic_reference.py:39: ResourceWarning: unclosed database in <sqlite3.Connection object at 0x109c617b0>
  result={g:Fraction(n,d) for g,n,d in db.execute('SELECT g,SUM(n),SUM(d) FROM observations GROUP BY g')}
ResourceWarning: Enable tracemalloc to get the object allocation traceback
/Users/nino/WORKS/Personal/Idea/Project/products/aeliqo/scripts/semantic_reference.py:39: ResourceWarning: unclosed database in <sqlite3.Connection object at 0x109c618a0>
  result={g:Fraction(n,d) for g,n,d in db.execute('SELECT g,SUM(n),SUM(d) FROM observations GROUP BY g')}
ResourceWarning: Enable tracemalloc to get the object allocation traceback
/Users/nino/WORKS/Personal/Idea/Project/products/aeliqo/scripts/semantic_reference.py:39: ResourceWarning: unclosed database in <sqlite3.Connection object at 0x109c61990>
  result={g:Fraction(n,d) for g,n,d in db.execute('SELECT g,SUM(n),SUM(d) FROM observations GROUP BY g')}
ResourceWarning: Enable tracemalloc to get the object allocation traceback
/Users/nino/WORKS/Personal/Idea/Project/products/aeliqo/scripts/semantic_reference.py:39: ResourceWarning: unclosed database in <sqlite3.Connection object at 0x109c61a80>
  result={g:Fraction(n,d) for g,n,d in db.execute('SELECT g,SUM(n),SUM(d) FROM observations GROUP BY g')}
ResourceWarning: Enable tracemalloc to get the object allocation traceback
/Users/nino/WORKS/Personal/Idea/Project/products/aeliqo/scripts/semantic_reference.py:39: ResourceWarning: unclosed database in <sqlite3.Connection object at 0x109c61b70>
  result={g:Fraction(n,d) for g,n,d in db.execute('SELECT g,SUM(n),SUM(d) FROM observations GROUP BY g')}
ResourceWarning: Enable tracemalloc to get the object allocation traceback
/Users/nino/WORKS/Personal/Idea/Project/products/aeliqo/scripts/semantic_reference.py:39: ResourceWarning: unclosed database in <sqlite3.Connection object at 0x109c61c60>
  result={g:Fraction(n,d) for g,n,d in db.execute('SELECT g,SUM(n),SUM(d) FROM observations GROUP BY g')}
ResourceWarning: Enable tracemalloc to get the object allocation traceback
/Users/nino/WORKS/Personal/Idea/Project/products/aeliqo/scripts/semantic_reference.py:39: ResourceWarning: unclosed database in <sqlite3.Connection object at 0x109c61d50>
  result={g:Fraction(n,d) for g,n,d in db.execute('SELECT g,SUM(n),SUM(d) FROM observations GROUP BY g')}
ResourceWarning: Enable tracemalloc to get the object allocation traceback
/Users/nino/WORKS/Personal/Idea/Project/products/aeliqo/scripts/semantic_reference.py:39: ResourceWarning: unclosed database in <sqlite3.Connection object at 0x109c61e40>
  result={g:Fraction(n,d) for g,n,d in db.execute('SELECT g,SUM(n),SUM(d) FROM observations GROUP BY g')}
ResourceWarning: Enable tracemalloc to get the object allocation traceback
ok
test_unknown_does_not_become_calendar_zero (test_math.NumericalContractTests.test_unknown_does_not_become_calendar_zero) ... ok
test_zero_denominator_unknown_not_zero (test_math.NumericalContractTests.test_zero_denominator_unknown_not_zero) ... ok
test_budget_exhaustion_not_impossibility (test_presentation.PresentationReferenceTests.test_budget_exhaustion_not_impossibility) ... ok
test_composes_without_matching_preset (test_presentation.PresentationReferenceTests.test_composes_without_matching_preset) ... ok
test_duplicate_manifest_rejected (test_presentation.PresentationReferenceTests.test_duplicate_manifest_rejected) ... ok
test_empty_task_does_not_invent_ui (test_presentation.PresentationReferenceTests.test_empty_task_does_not_invent_ui) ... ok
test_explicit_table_not_soft_preference (test_presentation.PresentationReferenceTests.test_explicit_table_not_soft_preference) ... ok
test_incumbent_stability (test_presentation.PresentationReferenceTests.test_incumbent_stability) ... ok
test_invalid_budget_rejected (test_presentation.PresentationReferenceTests.test_invalid_budget_rejected) ... ok
test_missing_real_capability_detected (test_presentation.PresentationReferenceTests.test_missing_real_capability_detected) ... ok
test_narrow_reachability_not_comparison (test_presentation.PresentationReferenceTests.test_narrow_reachability_not_comparison) ... ok
test_pattern_optional_not_mandatory (test_presentation.PresentationReferenceTests.test_pattern_optional_not_mandatory) ... ok
test_profile_conflict_not_ignored (test_presentation.PresentationReferenceTests.test_profile_conflict_not_ignored) ... ok
test_registry_order_deterministic_100_seeds (test_presentation.PresentationReferenceTests.test_registry_order_deterministic_100_seeds) ... ok
test_stale_incumbent_not_retained (test_presentation.PresentationReferenceTests.test_stale_incumbent_not_retained) ... ok
test_tested_pattern_can_also_cover (test_presentation.PresentationReferenceTests.test_tested_pattern_can_also_cover) ... ok
test_thousands_unrelated_components_no_search_explosion (test_presentation.PresentationReferenceTests.test_thousands_unrelated_components_no_search_explosion) ... <string>:2: ResourceWarning: unclosed database in <sqlite3.Connection object at 0x109c2be20>
ResourceWarning: Enable tracemalloc to get the object allocation traceback
<string>:2: ResourceWarning: unclosed database in <sqlite3.Connection object at 0x109c2bd30>
ResourceWarning: Enable tracemalloc to get the object allocation traceback
<string>:2: ResourceWarning: unclosed database in <sqlite3.Connection object at 0x109c2bc40>
ResourceWarning: Enable tracemalloc to get the object allocation traceback
<string>:2: ResourceWarning: unclosed database in <sqlite3.Connection object at 0x109c28040>
ResourceWarning: Enable tracemalloc to get the object allocation traceback
<string>:2: ResourceWarning: unclosed database in <sqlite3.Connection object at 0x109c28130>
ResourceWarning: Enable tracemalloc to get the object allocation traceback
<string>:2: ResourceWarning: unclosed database in <sqlite3.Connection object at 0x109c28220>
ResourceWarning: Enable tracemalloc to get the object allocation traceback
<string>:2: ResourceWarning: unclosed database in <sqlite3.Connection object at 0x109c28310>
ResourceWarning: Enable tracemalloc to get the object allocation traceback
<string>:2: ResourceWarning: unclosed database in <sqlite3.Connection object at 0x109c28400>
ResourceWarning: Enable tracemalloc to get the object allocation traceback
<string>:2: ResourceWarning: unclosed database in <sqlite3.Connection object at 0x109c284f0>
ResourceWarning: Enable tracemalloc to get the object allocation traceback
<string>:2: ResourceWarning: unclosed database in <sqlite3.Connection object at 0x109c285e0>
ResourceWarning: Enable tracemalloc to get the object allocation traceback
<string>:2: ResourceWarning: unclosed database in <sqlite3.Connection object at 0x109c286d0>
ResourceWarning: Enable tracemalloc to get the object allocation traceback
<string>:2: ResourceWarning: unclosed database in <sqlite3.Connection object at 0x109c287c0>
ResourceWarning: Enable tracemalloc to get the object allocation traceback
<string>:2: ResourceWarning: unclosed database in <sqlite3.Connection object at 0x109c288b0>
ResourceWarning: Enable tracemalloc to get the object allocation traceback
<string>:2: ResourceWarning: unclosed database in <sqlite3.Connection object at 0x109c289a0>
ResourceWarning: Enable tracemalloc to get the object allocation traceback
<string>:2: ResourceWarning: unclosed database in <sqlite3.Connection object at 0x109c28a90>
ResourceWarning: Enable tracemalloc to get the object allocation traceback
<string>:2: ResourceWarning: unclosed database in <sqlite3.Connection object at 0x109c28b80>
ResourceWarning: Enable tracemalloc to get the object allocation traceback
<string>:2: ResourceWarning: unclosed database in <sqlite3.Connection object at 0x109c28c70>
ResourceWarning: Enable tracemalloc to get the object allocation traceback
<string>:2: ResourceWarning: unclosed database in <sqlite3.Connection object at 0x109c28d60>
ResourceWarning: Enable tracemalloc to get the object allocation traceback
<string>:2: ResourceWarning: unclosed database in <sqlite3.Connection object at 0x109c28e50>
ResourceWarning: Enable tracemalloc to get the object allocation traceback
<string>:2: ResourceWarning: unclosed database in <sqlite3.Connection object at 0x109c28f40>
ResourceWarning: Enable tracemalloc to get the object allocation traceback
<string>:2: ResourceWarning: unclosed database in <sqlite3.Connection object at 0x109c29030>
ResourceWarning: Enable tracemalloc to get the object allocation traceback
<string>:2: ResourceWarning: unclosed database in <sqlite3.Connection object at 0x109c29120>
ResourceWarning: Enable tracemalloc to get the object allocation traceback
<string>:2: ResourceWarning: unclosed database in <sqlite3.Connection object at 0x109c29210>
ResourceWarning: Enable tracemalloc to get the object allocation traceback
<string>:2: ResourceWarning: unclosed database in <sqlite3.Connection object at 0x109c29300>
ResourceWarning: Enable tracemalloc to get the object allocation traceback
<string>:2: ResourceWarning: unclosed database in <sqlite3.Connection object at 0x109c293f0>
ResourceWarning: Enable tracemalloc to get the object allocation traceback
<string>:2: ResourceWarning: unclosed database in <sqlite3.Connection object at 0x109c294e0>
ResourceWarning: Enable tracemalloc to get the object allocation traceback
<string>:2: ResourceWarning: unclosed database in <sqlite3.Connection object at 0x109c295d0>
ResourceWarning: Enable tracemalloc to get the object allocation traceback
<string>:2: ResourceWarning: unclosed database in <sqlite3.Connection object at 0x109c296c0>
ResourceWarning: Enable tracemalloc to get the object allocation traceback
<string>:2: ResourceWarning: unclosed database in <sqlite3.Connection object at 0x109c297b0>
ResourceWarning: Enable tracemalloc to get the object allocation traceback
<string>:2: ResourceWarning: unclosed database in <sqlite3.Connection object at 0x109c298a0>
ResourceWarning: Enable tracemalloc to get the object allocation traceback
<string>:2: ResourceWarning: unclosed database in <sqlite3.Connection object at 0x109c29990>
ResourceWarning: Enable tracemalloc to get the object allocation traceback
<string>:2: ResourceWarning: unclosed database in <sqlite3.Connection object at 0x109c29a80>
ResourceWarning: Enable tracemalloc to get the object allocation traceback
<string>:2: ResourceWarning: unclosed database in <sqlite3.Connection object at 0x109c29b70>
ResourceWarning: Enable tracemalloc to get the object allocation traceback
<string>:2: ResourceWarning: unclosed database in <sqlite3.Connection object at 0x109c29c60>
ResourceWarning: Enable tracemalloc to get the object allocation traceback
<string>:2: ResourceWarning: unclosed database in <sqlite3.Connection object at 0x109c29d50>
ResourceWarning: Enable tracemalloc to get the object allocation traceback
<string>:2: ResourceWarning: unclosed database in <sqlite3.Connection object at 0x109c29e40>
ResourceWarning: Enable tracemalloc to get the object allocation traceback
<string>:2: ResourceWarning: unclosed database in <sqlite3.Connection object at 0x109c29f30>
ResourceWarning: Enable tracemalloc to get the object allocation traceback
<string>:2: ResourceWarning: unclosed database in <sqlite3.Connection object at 0x109c2a020>
ResourceWarning: Enable tracemalloc to get the object allocation traceback
<string>:2: ResourceWarning: unclosed database in <sqlite3.Connection object at 0x109c2a110>
ResourceWarning: Enable tracemalloc to get the object allocation traceback
<string>:2: ResourceWarning: unclosed database in <sqlite3.Connection object at 0x109c2a200>
ResourceWarning: Enable tracemalloc to get the object allocation traceback
<string>:2: ResourceWarning: unclosed database in <sqlite3.Connection object at 0x109c2a2f0>
ResourceWarning: Enable tracemalloc to get the object allocation traceback
<string>:2: ResourceWarning: unclosed database in <sqlite3.Connection object at 0x109c2a3e0>
ResourceWarning: Enable tracemalloc to get the object allocation traceback
<string>:2: ResourceWarning: unclosed database in <sqlite3.Connection object at 0x109c2a4d0>
ResourceWarning: Enable tracemalloc to get the object allocation traceback
<string>:2: ResourceWarning: unclosed database in <sqlite3.Connection object at 0x109c2a5c0>
ResourceWarning: Enable tracemalloc to get the object allocation traceback
<string>:2: ResourceWarning: unclosed database in <sqlite3.Connection object at 0x109c2a6b0>
ResourceWarning: Enable tracemalloc to get the object allocation traceback
<string>:2: ResourceWarning: unclosed database in <sqlite3.Connection object at 0x109c2a7a0>
ResourceWarning: Enable tracemalloc to get the object allocation traceback
<string>:2: ResourceWarning: unclosed database in <sqlite3.Connection object at 0x109c2a890>
ResourceWarning: Enable tracemalloc to get the object allocation traceback
<string>:2: ResourceWarning: unclosed database in <sqlite3.Connection object at 0x109c2a980>
ResourceWarning: Enable tracemalloc to get the object allocation traceback
<string>:2: ResourceWarning: unclosed database in <sqlite3.Connection object at 0x109c2aa70>
ResourceWarning: Enable tracemalloc to get the object allocation traceback
<string>:2: ResourceWarning: unclosed database in <sqlite3.Connection object at 0x109c2ab60>
ResourceWarning: Enable tracemalloc to get the object allocation traceback
<string>:2: ResourceWarning: unclosed database in <sqlite3.Connection object at 0x109c2ac50>
ResourceWarning: Enable tracemalloc to get the object allocation traceback
<string>:2: ResourceWarning: unclosed database in <sqlite3.Connection object at 0x109c2ad40>
ResourceWarning: Enable tracemalloc to get the object allocation traceback
<string>:2: ResourceWarning: unclosed database in <sqlite3.Connection object at 0x109c2ae30>
ResourceWarning: Enable tracemalloc to get the object allocation traceback
<string>:2: ResourceWarning: unclosed database in <sqlite3.Connection object at 0x109c2af20>
ResourceWarning: Enable tracemalloc to get the object allocation traceback
<string>:2: ResourceWarning: unclosed database in <sqlite3.Connection object at 0x109c2b010>
ResourceWarning: Enable tracemalloc to get the object allocation traceback
ok
test_unknown_ssr_not_fictional_width (test_presentation.PresentationReferenceTests.test_unknown_ssr_not_fictional_width) ... ok
test_valid_first_avoids_duplicate_candidate_starvation (test_presentation.PresentationReferenceTests.test_valid_first_avoids_duplicate_candidate_starvation) ... ok

----------------------------------------------------------------------
Ran 37 tests in 0.058s

OK
