{
  "scope": "Python reference monotone operation-coverage search only; NOT product or paint benchmark",
  "environment": {
    "python": "3.14.7 (main, Aug  5 2026, 10:29:49) [Clang 21.0.0 (clang-2100.1.1.101)]",
    "platform": "macOS-26.6.2-arm64-arm-64bit-Mach-O",
    "processor": "arm"
  },
  "includes": "validation/filtering/sorting of candidate list plus greedy selection; excludes registry construction",
  "limitations": "No browser, rendering, semantic queries, graph binding, pixels, mobile hardware or real model. No threshold derived for production.",
  "observations": [
    {
      "candidates": 71,
      "requiredOperations": 4,
      "runs": 25,
      "warmups": 3,
      "samplesMs": [
        0.061708,
        0.060917,
        0.060667,
        0.061,
        0.060458,
        0.060375,
        0.060084,
        0.059834,
        0.059916,
        0.059833,
        0.06275,
        0.060792,
        0.060584,
        0.061166,
        0.059834,
        0.059833,
        0.059834,
        0.060375,
        0.05975,
        0.06,
        0.0595,
        0.059958,
        0.060292,
        0.060125,
        0.059875
      ],
      "medianMs": 0.060125,
      "p95Ms": 0.061708,
      "maxPlanExpansions": 4
    },
    {
      "candidates": 710,
      "requiredOperations": 4,
      "runs": 25,
      "warmups": 3,
      "samplesMs": [
        0.6575,
        0.657458,
        0.625917,
        0.641333,
        0.61775,
        0.620583,
        0.622833,
        0.622125,
        0.618375,
        0.646208,
        0.654208,
        0.6505,
        0.632375,
        0.618375,
        0.613167,
        0.632791,
        0.636917,
        0.64025,
        0.638291,
        0.638125,
        0.657167,
        0.642459,
        0.6515,
        0.634959,
        0.645166
      ],
      "medianMs": 0.638125,
      "p95Ms": 0.657458,
      "maxPlanExpansions": 4
    },
    {
      "candidates": 7100,
      "requiredOperations": 4,
      "runs": 25,
      "warmups": 3,
      "samplesMs": [
        6.141584,
        6.229166,
        6.337083,
        6.270375,
        6.276542,
        6.237791,
        6.236833,
        6.218834,
        6.140208,
        6.253084,
        6.182917,
        6.1845,
        6.21025,
        6.184292,
        6.274791,
        6.181916,
        6.235667,
        6.22075,
        6.236042,
        7.691709,
        6.396958,
        6.216667,
        6.215958,
        6.275584,
        6.275875
      ],
      "medianMs": 6.235667,
      "p95Ms": 6.396958,
      "maxPlanExpansions": 4
    }
  ]
}
