$ pnpm build:platform && playwright test --config tests/platform/playwright.config.mjs
$ pnpm build:core && pnpm --filter @aeliqo/web build && pnpm --filter @aeliqo/react build
$ pnpm --filter @aeliqo/core build
$ tsc -p tsconfig.json && node scripts/generate-schemas.mjs
$ tsc -p tsconfig.json
$ tsc -p tsconfig.json
[WebServer] (node:54579) Warning: The 'NO_COLOR' env is ignored due to the 'FORCE_COLOR' env being set.
[WebServer] (Use `node --trace-warnings ...` to show where the warning was created)

Running 10 tests using 1 worker

(node:54585) Warning: The 'NO_COLOR' env is ignored due to the 'FORCE_COLOR' env being set.
(Use `node --trace-warnings ...` to show where the warning was created)
[WebServer] 6:12:11 PM [vite] (client) [console.warn] Lit is in dev mode. Not recommended for production! See https://lit.dev/msg/dev-mode for more information.
  ✓   1 tests/platform/platform.spec.ts:6:1 › vanilla embedding keeps controlled events, forms, focus and style isolation (513ms)
[WebServer] 6:12:11 PM [vite] (client) [console.warn] Lit is in dev mode. Not recommended for production! See https://lit.dev/msg/dev-mode for more information.
  ✓   2 tests/platform/platform.spec.ts:94:1 › a rejected controlled edit cannot become native form data (169ms)
[WebServer] 6:12:11 PM [vite] (client) [console.warn] Lit is in dev mode. Not recommended for production! See https://lit.dev/msg/dev-mode for more information.
  ✓   3 tests/platform/platform.spec.ts:120:1 › property-only names remain form-associated (162ms)
[WebServer] 6:12:12 PM [vite] (client) [console.warn] Lit is in dev mode. Not recommended for production! See https://lit.dev/msg/dev-mode for more information.
  ✓   4 tests/platform/platform.spec.ts:155:1 › IME composition preserves drafts across host updates and commits once (145ms)
[WebServer] 6:12:12 PM [vite] (client) [console.warn] Lit is in dev mode. Not recommended for production! See https://lit.dev/msg/dev-mode for more information.
  ✓   5 tests/platform/platform.spec.ts:406:1 › Enter semantics match native implicit submission across the platform table (870ms)
[WebServer] 6:12:13 PM [vite] (client) [console.warn] Lit is in dev mode. Not recommended for production! See https://lit.dev/msg/dev-mode for more information.
  ✓   6 tests/platform/platform.spec.ts:427:1 › readonly required empty inputs also match native direct requestSubmit (148ms)
[WebServer] 6:12:13 PM [vite] (client) [console.warn] Lit is in dev mode. Not recommended for production! See https://lit.dev/msg/dev-mode for more information.
  ✓   7 tests/platform/platform.spec.ts:471:1 › Enter bridge honors outer cancellation and default submitter click cancellation (295ms)
[WebServer] 6:12:13 PM [vite] (client) [console.warn] Lit is in dev mode. Not recommended for production! See https://lit.dev/msg/dev-mode for more information.
  ✓   8 tests/platform/platform.spec.ts:529:1 › strict script CSP blocks injected inline code while the fixture remains interactive (164ms)
[WebServer] 6:12:13 PM [vite] (client) [console.warn] Lit is in dev mode. Not recommended for production! See https://lit.dev/msg/dev-mode for more information.
[WebServer] 6:12:13 PM [vite] (client) [console.warn] Feature flags __VUE_OPTIONS_API__, __VUE_PROD_DEVTOOLS__, __VUE_PROD_HYDRATION_MISMATCH_DETAILS__ are not explicitly defined. You are running the esm-bundler build of Vue, which expects these compile-time feature flags to be globally injected via the bundler config in order to get better tree-shaking in the production bundle.
[WebServer] 
[WebServer] For more details, see https://link.vuejs.org/feature-flags.
[WebServer] 6:12:13 PM [vite] (client) [console.warn] Lit is in dev mode. Not recommended for production! See https://lit.dev/msg/dev-mode for more information.
  ✓   9 tests/platform/platform.spec.ts:540:1 › React and Vue consume the same registered web elements (365ms)
  ✓  10 tests/platform/platform.spec.ts:556:1 › SSR declarative shadow content upgrades and hydrates without duplication (184ms)

  10 passed (3.6s)
