{
  "output": "/tmp/aeliqo-snapshot-experiment-after/runtime-1788917530697.json",
  "sourceCommit": "0a6ac0be9387b71eced6f919e6c6bd54c99c64a5",
  "timingEnabled": true,
  "medium": {
    "durationMs": 78.9541250000002,
    "status": "search-exhausted",
    "expansions": 64,
    "nodes": 31,
    "candidateCount": 64,
    "rowCount": 10000,
    "viewCount": 30,
    "fieldCount": 100,
    "rowFieldCount": 100
  },
  "reducer": {
    "iterations": 100,
    "successful": 100,
    "unrelatedRoutes": 0,
    "p50Ms": 0.11049999999977445,
    "p95Ms": 0.14783400000032998
  },
  "cleanup": {
    "cycles": 100,
    "retainedHandles": 0,
    "liveRegions": 0,
    "openObservers": 0,
    "bounded": true
  }
}
