{
  "scope": "Python reference monotone operation-coverage search only; NOT product or paint benchmark",
  "environment": {
    "python": "3.14.7 (main, Aug  5 2026, 10:29:49) [Clang 21.0.0 (clang-2100.1.1.101)]",
    "platform": "macOS-26.6.2-arm64-arm-64bit-Mach-O",
    "processor": "arm"
  },
  "includes": "validation/filtering/sorting of candidate list plus greedy selection; excludes registry construction",
  "limitations": "No browser, rendering, semantic queries, graph binding, pixels, mobile hardware or real model. No threshold derived for production.",
  "observations": [
    {
      "candidates": 71,
      "requiredOperations": 4,
      "runs": 25,
      "warmups": 3,
      "samplesMs": [
        0.062791,
        0.062708,
        0.061916,
        0.06175,
        0.061541,
        0.0615,
        0.061709,
        0.061166,
        0.061042,
        0.061209,
        0.060958,
        0.06175,
        0.060541,
        0.061166,
        0.061125,
        0.061542,
        0.061167,
        0.062125,
        0.061291,
        0.061333,
        0.061584,
        0.060791,
        0.060916,
        0.060917,
        0.060709
      ],
      "medianMs": 0.061291,
      "p95Ms": 0.062708,
      "maxPlanExpansions": 4
    },
    {
      "candidates": 710,
      "requiredOperations": 4,
      "runs": 25,
      "warmups": 3,
      "samplesMs": [
        0.648667,
        0.673125,
        0.629167,
        0.619125,
        0.608542,
        0.604666,
        0.619084,
        0.599125,
        0.602916,
        0.601792,
        0.603166,
        0.601334,
        0.597583,
        0.603125,
        0.599041,
        0.600833,
        0.597083,
        0.660875,
        0.641834,
        0.672792,
        0.603333,
        0.601667,
        0.597917,
        0.598666,
        0.598416
      ],
      "medianMs": 0.603125,
      "p95Ms": 0.672792,
      "maxPlanExpansions": 4
    },
    {
      "candidates": 7100,
      "requiredOperations": 4,
      "runs": 25,
      "warmups": 3,
      "samplesMs": [
        6.160458,
        6.235291,
        6.292625,
        6.333209,
        6.128959,
        6.007958,
        6.246375,
        6.3885,
        6.599875,
        6.262208,
        6.31275,
        6.176958,
        6.162,
        6.05925,
        6.48,
        6.51175,
        6.504291,
        6.361709,
        6.466417,
        8.062875,
        6.66475,
        6.5725,
        6.48925,
        6.634459,
        6.593834
      ],
      "medianMs": 6.361709,
      "p95Ms": 6.66475,
      "maxPlanExpansions": 4
    }
  ]
}
