✔ unknown SSR measurement is representable (0.965708ms)
✔ zero-size hidden container is real, not unknown (0.12175ms)
✔ known measurement needs a number (0.20875ms)
✔ negative measurement refused (0.507166ms)
✔ NaN and infinity refused (0.130959ms)
✔ unknown state does not carry a fictional width (0.082834ms)
✔ count unknown distinct from exact zero (0.114167ms)
✔ exact count missing value refused (0.06925ms)
✔ unsafe integer count refused (0.064416ms)
✔ negative and fractional exact counts refused (0.106417ms)
✔ estimated count missing method refused (0.057375ms)
✔ estimate may honestly state unquantified uncertainty (0.066583ms)
✔ approximate precision requires evidence (0.04275ms)
✔ inverted uncertainty interval refused (0.031833ms)
✔ precision exact is independent of sample population (0.027458ms)
✔ selection keys are stable strings (0.065667ms)
✔ selection rejects row-index numeric keys (0.047667ms)
✔ clear is explicit, empty selection ID list refused (0.045209ms)
✔ duplicate selection keys refused (0.034584ms)
✔ selection cannot self-label human approval (0.028417ms)
✔ result reference is version and scope bound (0.025083ms)
✔ function call without immutable revision refused (0.092167ms)
✔ versioned function call accepted structurally (0.026958ms)
✔ raw executable expression kind refused (0.02775ms)
✔ integer literal must not be nonfinite (0.028583ms)
✔ nonnullable null refused (0.027083ms)
✔ unsafe decimal syntax refused (0.060041ms)
✔ deep expression bounded before recursion (0.091166ms)
✔ wide expression bounded (0.080208ms)
✔ multioutput task topologically ordered (0.100042ms)
✔ queryless form/presentation examples do not have outputs (0.020958ms)
✔ missing output dependency refused (0.071875ms)
✔ duplicate output ID refused (0.035041ms)
✔ live cohort must be explicit dependency (0.038042ms)
✔ dependency cycle refused (0.041708ms)
✔ output budget cannot silently truncate (0.029041ms)
✔ containment tree accepted (0.076541ms)
✔ two parents for a node refused (0.03575ms)
✔ orphan containment refused (0.028958ms)
✔ cycle through root refused (0.032834ms)
✔ same read set can commit (0.047792ms)
✔ changed scopeDigest rejects stale proposal (0.027708ms)
✔ changed policyRevision rejects stale proposal (0.015ms)
✔ changed taskRevision rejects stale proposal (0.030125ms)
✔ changed regionRevision rejects stale proposal (0.038709ms)
✔ changed catalogRevision rejects stale proposal (0.017042ms)
✔ changed experienceRevision rejects stale proposal (0.023792ms)
✔ changed functionRegistryDigest rejects stale proposal (0.022083ms)
✔ changed result revision rejects commit (0.025167ms)
✔ same result revision but different query is not reusable (0.020667ms)
✔ unrelated extra result does not invalidate the read set (0.021792ms)
✔ coverage requires actual registered operation (0.07625ms)
✔ self-reported coverage is not evidence (0.030417ms)
✔ coverage cannot cite a missing view (0.031ms)
✔ coverage must bind correct output (0.029209ms)
✔ 100 seeded output DAG permutations retain dependency order (2.524417ms)
✔ 100 result permutations preserve matching preconditions (2.034375ms)
ℹ tests 57
ℹ suites 0
ℹ pass 57
ℹ fail 0
ℹ cancelled 0
ℹ skipped 0
ℹ todo 0
ℹ duration_ms 50.885291
