$ pnpm build:platform && pnpm --filter @aeliqo/site build
$ pnpm build:runtime && pnpm --filter @aeliqo/web build && pnpm --filter @aeliqo/react build
$ pnpm build:core && pnpm --filter @aeliqo/runtime build
$ pnpm --filter @aeliqo/core build
$ tsc -p tsconfig.json && node scripts/generate-schemas.mjs
$ tsc -p tsconfig.json
$ tsc -p tsconfig.json
$ tsc -p tsconfig.json
$ tsc -p tsconfig.json && vite build
vite v8.2.2 building client environment for production...
transforming...
✓ 597 modules transformed.
rendering chunks...
computing gzip size...
dist/404/index.html                                            1.56 kB │ gzip:   0.78 kB
dist/blog/index.html                                           1.79 kB │ gzip:   0.90 kB
dist/legal/support/index.html                                  1.82 kB │ gzip:   0.91 kB
dist/legal/security/index.html                                 1.93 kB │ gzip:   0.97 kB
dist/about/index.html                                          1.93 kB │ gzip:   0.97 kB
dist/legal/license/index.html                                  1.99 kB │ gzip:   0.99 kB
dist/legal/privacy/index.html                                  2.02 kB │ gzip:   1.05 kB
dist/blog/four-concepts/index.html                             2.82 kB │ gzip:   1.41 kB
dist/docs/index.html                                           3.05 kB │ gzip:   1.35 kB
dist/docs/data/index.html                                      3.28 kB │ gzip:   1.52 kB
dist/docs/integration/index.html                               3.34 kB │ gzip:   1.51 kB
dist/docs/getting-started/index.html                           3.43 kB │ gzip:   1.50 kB
dist/docs/meaning/index.html                                   3.46 kB │ gzip:   1.60 kB
dist/docs/concepts/index.html                                  3.51 kB │ gzip:   1.59 kB
dist/docs/agents/index.html                                    3.56 kB │ gzip:   1.68 kB
dist/docs/production/index.html                                3.68 kB │ gzip:   1.70 kB
dist/index.html                                                3.79 kB │ gzip:   1.72 kB
dist/docs/components/foundation.separator/index.html           4.89 kB │ gzip:   1.99 kB
dist/docs/components/foundation.scroll-area/index.html         4.97 kB │ gzip:   2.00 kB
dist/docs/components/foundation.text/index.html                4.97 kB │ gzip:   1.99 kB
dist/docs/components/navigation.breadcrumb/index.html          4.98 kB │ gzip:   2.03 kB
dist/docs/components/feedback.progress/index.html              5.02 kB │ gzip:   2.01 kB
dist/docs/components/foundation.badge/index.html               5.08 kB │ gzip:   2.03 kB
dist/docs/components/foundation.heading/index.html             5.19 kB │ gzip:   2.04 kB
dist/docs/components/foundation.grid/index.html                5.22 kB │ gzip:   2.04 kB
dist/docs/components/feedback.skeleton/index.html              5.26 kB │ gzip:   2.05 kB
dist/docs/components/data.key-value/index.html                 5.33 kB │ gzip:   2.09 kB
dist/docs/components/feedback.tooltip/index.html               5.33 kB │ gzip:   2.09 kB
dist/docs/components/foundation.link/index.html                5.34 kB │ gzip:   2.06 kB
dist/docs/components/visualization.calendar-grid/index.html    5.47 kB │ gzip:   2.00 kB
dist/docs/components/visualization.matrix/index.html           5.48 kB │ gzip:   2.00 kB
dist/docs/components/visualization.timeline/index.html         5.48 kB │ gzip:   2.00 kB
dist/docs/components/foundation.surface/index.html             5.49 kB │ gzip:   2.08 kB
dist/playground/index.html                                     5.54 kB │ gzip:   2.10 kB
dist/docs/components/navigation.menu/index.html                5.55 kB │ gzip:   2.18 kB
dist/docs/components/foundation.stack/index.html               5.57 kB │ gzip:   2.10 kB
dist/docs/components/input.field-group/index.html              5.66 kB │ gzip:   2.14 kB
dist/docs/components/feedback.drawer/index.html                5.68 kB │ gzip:   2.16 kB
dist/docs/components/feedback.empty-state/index.html           5.71 kB │ gzip:   2.14 kB
dist/docs/components/visualization.treemap/index.html          5.78 kB │ gzip:   2.11 kB
dist/docs/components/visualization.tree/index.html             5.79 kB │ gzip:   2.11 kB
dist/docs/components/navigation.tree-nav/index.html            5.84 kB │ gzip:   2.22 kB
dist/docs/components/feedback.dialog/index.html                5.84 kB │ gzip:   2.19 kB
dist/docs/components/feedback.toast/index.html                 5.85 kB │ gzip:   2.20 kB
dist/docs/components/foundation.avatar/index.html              5.85 kB │ gzip:   2.16 kB
dist/docs/components/visualization.relationship/index.html     5.86 kB │ gzip:   2.13 kB
dist/docs/components/input.form/index.html                     5.90 kB │ gzip:   2.30 kB
dist/docs/components/navigation.pagination/index.html          6.09 kB │ gzip:   2.17 kB
dist/docs/components/feedback.alert/index.html                 6.10 kB │ gzip:   2.18 kB
dist/docs/components/feedback.popover/index.html               6.18 kB │ gzip:   2.24 kB
dist/docs/components/foundation.icon-button/index.html         6.20 kB │ gzip:   2.15 kB
dist/docs/components/navigation.tabs/index.html                6.27 kB │ gzip:   2.26 kB
dist/docs/components/visualization.trend/index.html            6.27 kB │ gzip:   2.19 kB
dist/docs/components/visualization.bar/index.html              6.29 kB │ gzip:   2.20 kB
dist/docs/components/visualization.histogram/index.html        6.29 kB │ gzip:   2.20 kB
dist/docs/components/visualization.heatmap/index.html          6.31 kB │ gzip:   2.20 kB
dist/docs/components/visualization.area/index.html             6.32 kB │ gzip:   2.20 kB
dist/docs/components/visualization.scatter/index.html          6.33 kB │ gzip:   2.20 kB
dist/docs/components/foundation.button/index.html              6.49 kB │ gzip:   2.18 kB
dist/docs/components/data.detail/index.html                    6.60 kB │ gzip:   2.20 kB
dist/docs/components/data.delta/index.html                     6.61 kB │ gzip:   2.24 kB
dist/docs/components/data.selection-summary/index.html         6.67 kB │ gzip:   2.25 kB
dist/docs/components/data.metric/index.html                    6.84 kB │ gzip:   2.24 kB
dist/docs/components/compound.quality-panel/index.html         6.87 kB │ gzip:   2.24 kB
dist/docs/components/input.switch/index.html                   7.09 kB │ gzip:   2.22 kB
dist/docs/components/foundation.split-pane/index.html          7.40 kB │ gzip:   2.39 kB
dist/docs/components/index.html                                7.51 kB │ gzip:   1.99 kB
dist/docs/components/compound.record-editor/index.html         7.53 kB │ gzip:   2.31 kB
dist/docs/components/data.record-list/index.html               7.68 kB │ gzip:   2.39 kB
dist/docs/components/input.text-area/index.html                7.70 kB │ gzip:   2.22 kB
dist/docs/components/compound.comparison/index.html            7.71 kB │ gzip:   2.39 kB
dist/docs/components/input.text-field/index.html               7.72 kB │ gzip:   2.21 kB
dist/docs/components/compound.form-flow/index.html             7.82 kB │ gzip:   2.47 kB
dist/docs/components/compound.breakdown/index.html             7.95 kB │ gzip:   2.39 kB
dist/docs/components/data.card-collection/index.html           8.42 kB │ gzip:   2.45 kB
dist/docs/components/data.filter-builder/index.html            8.52 kB │ gzip:   2.59 kB
dist/docs/components/compound.search-results/index.html        8.60 kB │ gzip:   2.43 kB
dist/docs/components/input.radio-group/index.html              8.84 kB │ gzip:   2.50 kB
dist/docs/components/input.checkbox/index.html                 8.84 kB │ gzip:   2.47 kB
dist/docs/components/input.date-field/index.html               9.00 kB │ gzip:   2.48 kB
dist/docs/components/input.select/index.html                   9.08 kB │ gzip:   2.49 kB
dist/docs/components/compound.investigation/index.html         9.10 kB │ gzip:   2.49 kB
dist/docs/components/input.file-input/index.html               9.29 kB │ gzip:   2.52 kB
dist/docs/components/compound.explorer/index.html              9.32 kB │ gzip:   2.53 kB
dist/docs/components/input.slider/index.html                   9.33 kB │ gzip:   2.55 kB
dist/docs/components/input.number-field/index.html             9.59 kB │ gzip:   2.56 kB
dist/docs/components/input.date-range/index.html               9.82 kB │ gzip:   2.61 kB
dist/docs/components/input.combobox/index.html                10.58 kB │ gzip:   2.80 kB
dist/docs/components/input.search-field/index.html            10.66 kB │ gzip:   2.66 kB
dist/docs/components/data.table/index.html                    11.16 kB │ gzip:   2.91 kB
dist/assets/site-St4mC9vc.css                                  8.33 kB │ gzip:   2.47 kB
dist/assets/docs-DODvg0Q4.js                                   5.19 kB │ gzip:   2.17 kB
dist/assets/dialog-CfyncPSS.js                                 8.83 kB │ gzip:   3.19 kB
dist/assets/site-DP3vBHH1.js                                  38.46 kB │ gzip:  13.45 kB
dist/assets/catalog-dd-mf97x.js                              103.64 kB │ gzip:  25.06 kB
dist/assets/playground-C5ynAj5b.js                           343.07 kB │ gzip:  87.36 kB
dist/assets/register-Csk-_Sy4.js                             496.22 kB │ gzip: 128.25 kB

✓ built in 195ms
