{
  "scope": "Python reference monotone operation-coverage search only; NOT product or paint benchmark",
  "environment": {
    "python": "3.14.7 (main, Aug  5 2026, 10:29:49) [Clang 21.0.0 (clang-2100.1.1.101)]",
    "platform": "macOS-26.6.2-arm64-arm-64bit-Mach-O",
    "processor": "arm"
  },
  "includes": "validation/filtering/sorting of candidate list plus greedy selection; excludes registry construction",
  "limitations": "No browser, rendering, semantic queries, graph binding, pixels, mobile hardware or real model. No threshold derived for production.",
  "observations": [
    {
      "candidates": 71,
      "requiredOperations": 4,
      "runs": 25,
      "warmups": 3,
      "samplesMs": [
        0.064292,
        0.064041,
        0.063208,
        0.063375,
        0.063417,
        0.063125,
        0.062625,
        0.062167,
        0.062708,
        0.062791,
        0.062166,
        0.062667,
        0.062334,
        0.062333,
        0.062708,
        0.063166,
        0.062208,
        0.062875,
        0.062834,
        0.062375,
        0.062458,
        0.062417,
        0.061792,
        0.06225,
        0.06225
      ],
      "medianMs": 0.062667,
      "p95Ms": 0.064041,
      "maxPlanExpansions": 4
    },
    {
      "candidates": 710,
      "requiredOperations": 4,
      "runs": 25,
      "warmups": 3,
      "samplesMs": [
        0.700417,
        0.647542,
        0.63075,
        0.621042,
        0.61325,
        0.609833,
        0.5985,
        0.599875,
        0.6015,
        0.59775,
        0.5945,
        0.593625,
        0.589667,
        0.592042,
        0.71725,
        0.66425,
        0.612709,
        0.602542,
        0.6025,
        0.603791,
        0.597625,
        0.595083,
        0.595333,
        0.593625,
        0.598583
      ],
      "medianMs": 0.6015,
      "p95Ms": 0.700417,
      "maxPlanExpansions": 4
    },
    {
      "candidates": 7100,
      "requiredOperations": 4,
      "runs": 25,
      "warmups": 3,
      "samplesMs": [
        6.210458,
        6.379375,
        7.136959,
        6.404083,
        8.727125,
        6.63175,
        6.268333,
        6.370292,
        6.423208,
        6.750917,
        6.144542,
        6.04575,
        6.457417,
        6.488208,
        6.299625,
        6.774917,
        6.293,
        7.220917,
        6.427291,
        8.497916,
        6.626084,
        6.33825,
        6.378125,
        6.289417,
        6.194291
      ],
      "medianMs": 6.404083,
      "p95Ms": 8.497916,
      "maxPlanExpansions": 4
    }
  ]
}
