{
  "scope": "Python reference monotone operation-coverage search only; NOT product or paint benchmark",
  "environment": {
    "python": "3.14.7 (main, Aug  5 2026, 10:29:49) [Clang 21.0.0 (clang-2100.1.1.101)]",
    "platform": "macOS-26.6.2-arm64-arm-64bit-Mach-O",
    "processor": "arm"
  },
  "includes": "validation/filtering/sorting of candidate list plus greedy selection; excludes registry construction",
  "limitations": "No browser, rendering, semantic queries, graph binding, pixels, mobile hardware or real model. No threshold derived for production.",
  "observations": [
    {
      "candidates": 71,
      "requiredOperations": 4,
      "runs": 25,
      "warmups": 3,
      "samplesMs": [
        0.069291,
        0.069792,
        0.069917,
        0.070041,
        0.06875,
        0.071125,
        0.068,
        0.068334,
        0.069291,
        0.072084,
        0.071333,
        0.07025,
        0.070292,
        0.071125,
        0.070458,
        0.069666,
        0.068334,
        0.069792,
        0.068208,
        0.07025,
        0.070458,
        0.069,
        0.071041,
        0.073208,
        0.068792
      ],
      "medianMs": 0.069917,
      "p95Ms": 0.072084,
      "maxPlanExpansions": 4
    },
    {
      "candidates": 710,
      "requiredOperations": 4,
      "runs": 25,
      "warmups": 3,
      "samplesMs": [
        3.964208,
        3.445625,
        5.005583,
        2.073875,
        4.763125,
        3.375875,
        13.245,
        0.724959,
        0.705625,
        0.704875,
        0.689291,
        0.685792,
        0.690541,
        0.687417,
        0.691417,
        0.772167,
        0.95175,
        0.69825,
        0.691209,
        0.71,
        5.402667,
        1.0185,
        0.739167,
        0.710292,
        0.712
      ],
      "medianMs": 0.724959,
      "p95Ms": 5.402667,
      "maxPlanExpansions": 4
    },
    {
      "candidates": 7100,
      "requiredOperations": 4,
      "runs": 25,
      "warmups": 3,
      "samplesMs": [
        7.336209,
        7.992708,
        25.07,
        59.549333,
        37.372542,
        23.667167,
        16.011708,
        25.586583,
        17.311834,
        12.032208,
        7.36325,
        20.492792,
        14.330542,
        7.785792,
        27.762666,
        62.495083,
        16.250583,
        45.196125,
        7.036583,
        12.393417,
        16.048792,
        11.823167,
        8.381125,
        7.169083,
        7.059667
      ],
      "medianMs": 16.011708,
      "p95Ms": 59.549333,
      "maxPlanExpansions": 4
    }
  ]
}
