✔ unknown SSR measurement is representable (0.963083ms)
✔ zero-size hidden container is real, not unknown (0.07925ms)
✔ known measurement needs a number (6.007708ms)
✔ negative measurement refused (0.827583ms)
✔ NaN and infinity refused (0.143209ms)
✔ unknown state does not carry a fictional width (0.076167ms)
✔ count unknown distinct from exact zero (0.9015ms)
✔ exact count missing value refused (0.097666ms)
✔ unsafe integer count refused (0.071959ms)
✔ negative and fractional exact counts refused (0.116042ms)
✔ estimated count missing method refused (0.060834ms)
✔ estimate may honestly state unquantified uncertainty (0.078041ms)
✔ approximate precision requires evidence (0.057875ms)
✔ inverted uncertainty interval refused (0.039375ms)
✔ precision exact is independent of sample population (0.032417ms)
✔ selection keys are stable strings (0.078458ms)
✔ selection rejects row-index numeric keys (0.036208ms)
✔ clear is explicit, empty selection ID list refused (0.0395ms)
✔ duplicate selection keys refused (0.031458ms)
✔ selection cannot self-label human approval (0.029208ms)
✔ result reference is version and scope bound (0.027666ms)
✔ function call without immutable revision refused (0.114125ms)
✔ versioned function call accepted structurally (0.033125ms)
✔ raw executable expression kind refused (0.050791ms)
✔ integer literal must not be nonfinite (0.0465ms)
✔ nonnullable null refused (0.038125ms)
✔ unsafe decimal syntax refused (0.072292ms)
✔ deep expression bounded before recursion (0.09775ms)
✔ wide expression bounded (0.061208ms)
✔ multioutput task topologically ordered (0.101ms)
✔ queryless form/presentation examples do not have outputs (0.023958ms)
✔ missing output dependency refused (0.077417ms)
✔ duplicate output ID refused (0.028708ms)
✔ live cohort must be explicit dependency (0.047333ms)
✔ dependency cycle refused (0.040666ms)
✔ output budget cannot silently truncate (0.026916ms)
✔ containment tree accepted (0.082084ms)
✔ two parents for a node refused (0.038958ms)
✔ orphan containment refused (0.031708ms)
✔ cycle through root refused (0.036375ms)
✔ same read set can commit (0.055084ms)
✔ changed scopeDigest rejects stale proposal (0.033625ms)
✔ changed policyRevision rejects stale proposal (0.016709ms)
✔ changed taskRevision rejects stale proposal (0.029209ms)
✔ changed regionRevision rejects stale proposal (0.017791ms)
✔ changed catalogRevision rejects stale proposal (0.01925ms)
✔ changed experienceRevision rejects stale proposal (0.018916ms)
✔ changed functionRegistryDigest rejects stale proposal (0.017583ms)
✔ changed result revision rejects commit (0.028458ms)
✔ same result revision but different query is not reusable (0.024125ms)
✔ unrelated extra result does not invalidate the read set (0.025375ms)
✔ coverage requires actual registered operation (0.093334ms)
✔ self-reported coverage is not evidence (0.03575ms)
✔ coverage cannot cite a missing view (0.04325ms)
✔ coverage must bind correct output (0.053666ms)
✔ 100 seeded output DAG permutations retain dependency order (10.546625ms)
✔ 100 result permutations preserve matching preconditions (73.465959ms)
ℹ tests 57
ℹ suites 0
ℹ pass 57
ℹ fail 0
ℹ cancelled 0
ℹ skipped 0
ℹ todo 0
ℹ duration_ms 263.44025
