$ pnpm build:platform && pnpm build:devtools && tsc -p apps/studio/tsconfig.json && pnpm --filter @aeliqo/studio build
$ pnpm build:runtime && pnpm --filter @aeliqo/web build && pnpm --filter @aeliqo/react build
$ pnpm build:core && pnpm --filter @aeliqo/runtime build
$ pnpm --filter @aeliqo/core build
$ tsc -p tsconfig.json && node scripts/generate-schemas.mjs
$ tsc -p tsconfig.json
$ tsc -p tsconfig.json
$ tsc -p tsconfig.json
$ pnpm build:runtime && pnpm --filter @aeliqo/devtools build
$ pnpm build:core && pnpm --filter @aeliqo/runtime build
$ pnpm --filter @aeliqo/core build
$ tsc -p tsconfig.json && node scripts/generate-schemas.mjs
$ tsc -p tsconfig.json
$ tsc -p tsconfig.json
$ vite build
vite v8.2.2 building client environment for production...
transforming...
✓ 492 modules transformed.
rendering chunks...
computing gzip size...
dist/index.html                   0.50 kB │ gzip:   0.30 kB
dist/assets/index-C05OKEGH.css   10.52 kB │ gzip:   2.81 kB
dist/assets/index-BD4-sMz9.js   818.22 kB │ gzip: 205.58 kB

✓ built in 95ms
[plugin builtin:vite-reporter] 
(!) Some chunks are larger than 500 kB after minification. Consider:
- Using dynamic import() to code-split the application
- Use build.rolldownOptions.output.codeSplitting to improve chunking: https://rolldown.rs/reference/OutputOptions.codeSplitting
- Adjust chunk size limit for this warning via build.chunkSizeWarningLimit.
