[WebServer] (node:32186) Warning: The 'NO_COLOR' env is ignored due to the 'FORCE_COLOR' env being set.
[WebServer] (Use `node --trace-warnings ...` to show where the warning was created)
[WebServer] (node:32187) Warning: The 'NO_COLOR' env is ignored due to the 'FORCE_COLOR' env being set.
[WebServer] (Use `node --trace-warnings ...` to show where the warning was created)

Running 255 tests using 1 worker

(node:32193) Warning: The 'NO_COLOR' env is ignored due to the 'FORCE_COLOR' env being set.
(Use `node --trace-warnings ...` to show where the warning was created)
[WebServer] 8:25:49 AM [vite] (client) [console.warn] Lit is in dev mode. Not recommended for production! See https://lit.dev/msg/dev-mode for more information.
  ✓    1 [chromium] › tests/visual/compound-interactions.spec.ts:125:9 › desktop-light › explorer commits an authorized filter and stable identity selection (656ms)
[WebServer] 8:25:49 AM [vite] (client) [console.warn] Lit is in dev mode. Not recommended for production! See https://lit.dev/msg/dev-mode for more information.
  ✓    2 [chromium] › tests/visual/compound-interactions.spec.ts:151:9 › desktop-light › comparison emits a bounded set and exposes incompatible metrics (668ms)
[WebServer] 8:25:50 AM [vite] (client) [console.warn] Lit is in dev mode. Not recommended for production! See https://lit.dev/msg/dev-mode for more information.
  ✓    3 [chromium] › tests/visual/compound-interactions.spec.ts:173:9 › desktop-light › breakdown emits the selected group identity without deriving a metric (503ms)
[WebServer] 8:25:50 AM [vite] (client) [console.warn] Lit is in dev mode. Not recommended for production! See https://lit.dev/msg/dev-mode for more information.
  ✓    4 [chromium] › tests/visual/compound-interactions.spec.ts:190:9 › desktop-light › investigation forwards evidence selection with result lineage (539ms)
[WebServer] 8:25:51 AM [vite] (client) [console.warn] Lit is in dev mode. Not recommended for production! See https://lit.dev/msg/dev-mode for more information.
  ✓    5 [chromium] › tests/visual/compound-interactions.spec.ts:210:9 › desktop-light › search results restore a matching revision before emitting selection (522ms)
[WebServer] 8:25:51 AM [vite] (client) [console.warn] Lit is in dev mode. Not recommended for production! See https://lit.dev/msg/dev-mode for more information.
  ✓    6 [chromium] › tests/visual/compound-interactions.spec.ts:230:9 › desktop-light › record editor keeps an IME draft and emits explicit save and cancel receipts (550ms)
[WebServer] 8:25:52 AM [vite] (client) [console.warn] Lit is in dev mode. Not recommended for production! See https://lit.dev/msg/dev-mode for more information.
  ✓    7 [chromium] › tests/visual/compound-interactions.spec.ts:296:9 › desktop-light › form flow validates before moving, preserves draft and focus, then commits (529ms)
[WebServer] 8:25:52 AM [vite] (client) [console.warn] Lit is in dev mode. Not recommended for production! See https://lit.dev/msg/dev-mode for more information.
  ✓    8 [chromium] › tests/visual/compound-interactions.spec.ts:346:9 › desktop-light › quality panel stays a read-only evidence surface without interaction events (408ms)
[WebServer] 8:25:53 AM [vite] (client) [console.warn] Lit is in dev mode. Not recommended for production! See https://lit.dev/msg/dev-mode for more information.
  ✓    9 [chromium] › tests/visual/compound-interactions.spec.ts:125:9 › narrow-dark-rtl › explorer commits an authorized filter and stable identity selection (627ms)
[WebServer] 8:25:54 AM [vite] (client) [console.warn] Lit is in dev mode. Not recommended for production! See https://lit.dev/msg/dev-mode for more information.
  ✓   10 [chromium] › tests/visual/compound-interactions.spec.ts:151:9 › narrow-dark-rtl › comparison emits a bounded set and exposes incompatible metrics (665ms)
[WebServer] 8:25:54 AM [vite] (client) [console.warn] Lit is in dev mode. Not recommended for production! See https://lit.dev/msg/dev-mode for more information.
  ✓   11 [chromium] › tests/visual/compound-interactions.spec.ts:173:9 › narrow-dark-rtl › breakdown emits the selected group identity without deriving a metric (570ms)
[WebServer] 8:25:55 AM [vite] (client) [console.warn] Lit is in dev mode. Not recommended for production! See https://lit.dev/msg/dev-mode for more information.
  ✓   12 [chromium] › tests/visual/compound-interactions.spec.ts:190:9 › narrow-dark-rtl › investigation forwards evidence selection with result lineage (606ms)
[WebServer] 8:25:55 AM [vite] (client) [console.warn] Lit is in dev mode. Not recommended for production! See https://lit.dev/msg/dev-mode for more information.
  ✓   13 [chromium] › tests/visual/compound-interactions.spec.ts:210:9 › narrow-dark-rtl › search results restore a matching revision before emitting selection (596ms)
[WebServer] 8:25:56 AM [vite] (client) [console.warn] Lit is in dev mode. Not recommended for production! See https://lit.dev/msg/dev-mode for more information.
  ✓   14 [chromium] › tests/visual/compound-interactions.spec.ts:230:9 › narrow-dark-rtl › record editor keeps an IME draft and emits explicit save and cancel receipts (532ms)
[WebServer] 8:25:56 AM [vite] (client) [console.warn] Lit is in dev mode. Not recommended for production! See https://lit.dev/msg/dev-mode for more information.
  ✓   15 [chromium] › tests/visual/compound-interactions.spec.ts:296:9 › narrow-dark-rtl › form flow validates before moving, preserves draft and focus, then commits (528ms)
[WebServer] 8:25:57 AM [vite] (client) [console.warn] Lit is in dev mode. Not recommended for production! See https://lit.dev/msg/dev-mode for more information.
  ✓   16 [chromium] › tests/visual/compound-interactions.spec.ts:346:9 › narrow-dark-rtl › quality panel stays a read-only evidence surface without interaction events (550ms)
[WebServer] 8:25:58 AM [vite] (client) [console.warn] Lit is in dev mode. Not recommended for production! See https://lit.dev/msg/dev-mode for more information.
  ✓   17 [chromium] › tests/visual/data-interactions.spec.ts:100:7 › record-list selected state remains visible in forced colors (467ms)
[WebServer] 8:25:58 AM [vite] (client) [console.warn] Lit is in dev mode. Not recommended for production! See https://lit.dev/msg/dev-mode for more information.
  ✓   18 [chromium] › tests/visual/data-interactions.spec.ts:100:7 › card-collection selected state remains visible in forced colors (482ms)
[WebServer] 8:25:59 AM [vite] (client) [console.warn] Lit is in dev mode. Not recommended for production! See https://lit.dev/msg/dev-mode for more information.
  ✓   19 [chromium] › tests/visual/data-interactions.spec.ts:100:7 › table selected state remains visible in forced colors (450ms)
[WebServer] 8:25:59 AM [vite] (client) [console.warn] Lit is in dev mode. Not recommended for production! See https://lit.dev/msg/dev-mode for more information.
  ✓   20 [chromium] › tests/visual/data-interactions.spec.ts:122:9 › desktop-light › record-list keyboard selection keeps a stable identity across reorder (439ms)
[WebServer] 8:25:59 AM [vite] (client) [console.warn] Lit is in dev mode. Not recommended for production! See https://lit.dev/msg/dev-mode for more information.
  ✓   21 [chromium] › tests/visual/data-interactions.spec.ts:141:9 › desktop-light › card selection and load-more stay keyboard reachable and bounded (466ms)
[WebServer] 8:26:00 AM [vite] (client) [console.warn] Lit is in dev mode. Not recommended for production! See https://lit.dev/msg/dev-mode for more information.
  ✓   22 [chromium] › tests/visual/data-interactions.spec.ts:173:9 › desktop-light › table keyboard sorting, selection and paging emit typed stable requests (513ms)
[WebServer] 8:26:00 AM [vite] (client) [console.warn] Lit is in dev mode. Not recommended for production! See https://lit.dev/msg/dev-mode for more information.
  ✓   23 [chromium] › tests/visual/data-interactions.spec.ts:219:9 › desktop-light › table grid requests a bounded stable row window at the keyboard boundary (481ms)
[WebServer] 8:26:01 AM [vite] (client) [console.warn] Lit is in dev mode. Not recommended for production! See https://lit.dev/msg/dev-mode for more information.
  ✓   24 [chromium] › tests/visual/data-interactions.spec.ts:242:9 › desktop-light › filter-builder keeps IME edits draft-only, applies explicitly, and blocks invalid or in-flight requests (463ms)
[WebServer] 8:26:01 AM [vite] (client) [console.warn] Lit is in dev mode. Not recommended for production! See https://lit.dev/msg/dev-mode for more information.
  ✓   25 [chromium] › tests/visual/data-interactions.spec.ts:281:9 › desktop-light › selection-summary clears controlled stable selection by keyboard (396ms)
[WebServer] 8:26:02 AM [vite] (client) [console.warn] Lit is in dev mode. Not recommended for production! See https://lit.dev/msg/dev-mode for more information.
  ✓   26 [chromium] › tests/visual/data-interactions.spec.ts:122:9 › narrow-dark-rtl › record-list keyboard selection keeps a stable identity across reorder (480ms)
[WebServer] 8:26:02 AM [vite] (client) [console.warn] Lit is in dev mode. Not recommended for production! See https://lit.dev/msg/dev-mode for more information.
  ✓   27 [chromium] › tests/visual/data-interactions.spec.ts:141:9 › narrow-dark-rtl › card selection and load-more stay keyboard reachable and bounded (538ms)
[WebServer] 8:26:03 AM [vite] (client) [console.warn] Lit is in dev mode. Not recommended for production! See https://lit.dev/msg/dev-mode for more information.
  ✓   28 [chromium] › tests/visual/data-interactions.spec.ts:173:9 › narrow-dark-rtl › table keyboard sorting, selection and paging emit typed stable requests (518ms)
[WebServer] 8:26:03 AM [vite] (client) [console.warn] Lit is in dev mode. Not recommended for production! See https://lit.dev/msg/dev-mode for more information.
  ✓   29 [chromium] › tests/visual/data-interactions.spec.ts:219:9 › narrow-dark-rtl › table grid requests a bounded stable row window at the keyboard boundary (498ms)
[WebServer] 8:26:04 AM [vite] (client) [console.warn] Lit is in dev mode. Not recommended for production! See https://lit.dev/msg/dev-mode for more information.
  ✓   30 [chromium] › tests/visual/data-interactions.spec.ts:242:9 › narrow-dark-rtl › filter-builder keeps IME edits draft-only, applies explicitly, and blocks invalid or in-flight requests (478ms)
[WebServer] 8:26:04 AM [vite] (client) [console.warn] Lit is in dev mode. Not recommended for production! See https://lit.dev/msg/dev-mode for more information.
  ✓   31 [chromium] › tests/visual/data-interactions.spec.ts:281:9 › narrow-dark-rtl › selection-summary clears controlled stable selection by keyboard (393ms)
[WebServer] 8:26:05 AM [vite] (client) [console.warn] Lit is in dev mode. Not recommended for production! See https://lit.dev/msg/dev-mode for more information.
  ✓   32 [chromium] › tests/visual/visualization-interactions.spec.ts:219:11 › desktop-light visualization interactions › trend selects a stable identity with exact result lineage (431ms)
[WebServer] 8:26:05 AM [vite] (client) [console.warn] Lit is in dev mode. Not recommended for production! See https://lit.dev/msg/dev-mode for more information.
  ✓   33 [chromium] › tests/visual/visualization-interactions.spec.ts:219:11 › desktop-light visualization interactions › bar selects a stable identity with exact result lineage (452ms)
[WebServer] 8:26:06 AM [vite] (client) [console.warn] Lit is in dev mode. Not recommended for production! See https://lit.dev/msg/dev-mode for more information.
  ✓   34 [chromium] › tests/visual/visualization-interactions.spec.ts:219:11 › desktop-light visualization interactions › area selects a stable identity with exact result lineage (427ms)
[WebServer] 8:26:06 AM [vite] (client) [console.warn] Lit is in dev mode. Not recommended for production! See https://lit.dev/msg/dev-mode for more information.
  ✓   35 [chromium] › tests/visual/visualization-interactions.spec.ts:219:11 › desktop-light visualization interactions › scatter selects a stable identity with exact result lineage (443ms)
[WebServer] 8:26:06 AM [vite] (client) [console.warn] Lit is in dev mode. Not recommended for production! See https://lit.dev/msg/dev-mode for more information.
  ✓   36 [chromium] › tests/visual/visualization-interactions.spec.ts:219:11 › desktop-light visualization interactions › histogram selects a stable identity with exact result lineage (449ms)
[WebServer] 8:26:07 AM [vite] (client) [console.warn] Lit is in dev mode. Not recommended for production! See https://lit.dev/msg/dev-mode for more information.
  ✓   37 [chromium] › tests/visual/visualization-interactions.spec.ts:219:11 › desktop-light visualization interactions › heatmap selects a stable identity with exact result lineage (469ms)
[WebServer] 8:26:07 AM [vite] (client) [console.warn] Lit is in dev mode. Not recommended for production! See https://lit.dev/msg/dev-mode for more information.
  ✓   38 [chromium] › tests/visual/visualization-interactions.spec.ts:219:11 › desktop-light visualization interactions › matrix selects a stable identity with exact result lineage (402ms)
[WebServer] 8:26:08 AM [vite] (client) [console.warn] Lit is in dev mode. Not recommended for production! See https://lit.dev/msg/dev-mode for more information.
  ✓   39 [chromium] › tests/visual/visualization-interactions.spec.ts:219:11 › desktop-light visualization interactions › timeline selects a stable identity with exact result lineage (430ms)
[WebServer] 8:26:08 AM [vite] (client) [console.warn] Lit is in dev mode. Not recommended for production! See https://lit.dev/msg/dev-mode for more information.
  ✓   40 [chromium] › tests/visual/visualization-interactions.spec.ts:219:11 › desktop-light visualization interactions › calendar-grid selects a stable identity with exact result lineage (442ms)
[WebServer] 8:26:09 AM [vite] (client) [console.warn] Lit is in dev mode. Not recommended for production! See https://lit.dev/msg/dev-mode for more information.
  ✓   41 [chromium] › tests/visual/visualization-interactions.spec.ts:219:11 › desktop-light visualization interactions › tree selects a stable identity with exact result lineage (428ms)
[WebServer] 8:26:09 AM [vite] (client) [console.warn] Lit is in dev mode. Not recommended for production! See https://lit.dev/msg/dev-mode for more information.
  ✓   42 [chromium] › tests/visual/visualization-interactions.spec.ts:219:11 › desktop-light visualization interactions › treemap selects a stable identity with exact result lineage (437ms)
[WebServer] 8:26:10 AM [vite] (client) [console.warn] Lit is in dev mode. Not recommended for production! See https://lit.dev/msg/dev-mode for more information.
  ✓   43 [chromium] › tests/visual/visualization-interactions.spec.ts:219:11 › desktop-light visualization interactions › relationship selects a stable identity with exact result lineage (426ms)
[WebServer] 8:26:10 AM [vite] (client) [console.warn] Lit is in dev mode. Not recommended for production! See https://lit.dev/msg/dev-mode for more information.
  ✓   44 [chromium] › tests/visual/visualization-interactions.spec.ts:245:11 › desktop-light visualization interactions › trend keeps the existing partial and empty data states honest (204ms)
[WebServer] 8:26:10 AM [vite] (client) [console.warn] Lit is in dev mode. Not recommended for production! See https://lit.dev/msg/dev-mode for more information.
  ✓   45 [chromium] › tests/visual/visualization-interactions.spec.ts:245:11 › desktop-light visualization interactions › bar keeps the existing partial and empty data states honest (273ms)
[WebServer] 8:26:11 AM [vite] (client) [console.warn] Lit is in dev mode. Not recommended for production! See https://lit.dev/msg/dev-mode for more information.
  ✓   46 [chromium] › tests/visual/visualization-interactions.spec.ts:245:11 › desktop-light visualization interactions › area keeps the existing partial and empty data states honest (242ms)
[WebServer] 8:26:11 AM [vite] (client) [console.warn] Lit is in dev mode. Not recommended for production! See https://lit.dev/msg/dev-mode for more information.
  ✓   47 [chromium] › tests/visual/visualization-interactions.spec.ts:245:11 › desktop-light visualization interactions › scatter keeps the existing partial and empty data states honest (204ms)
[WebServer] 8:26:11 AM [vite] (client) [console.warn] Lit is in dev mode. Not recommended for production! See https://lit.dev/msg/dev-mode for more information.
  ✓   48 [chromium] › tests/visual/visualization-interactions.spec.ts:245:11 › desktop-light visualization interactions › histogram keeps the existing partial and empty data states honest (207ms)
[WebServer] 8:26:11 AM [vite] (client) [console.warn] Lit is in dev mode. Not recommended for production! See https://lit.dev/msg/dev-mode for more information.
  ✓   49 [chromium] › tests/visual/visualization-interactions.spec.ts:245:11 › desktop-light visualization interactions › heatmap keeps the existing partial and empty data states honest (223ms)
[WebServer] 8:26:11 AM [vite] (client) [console.warn] Lit is in dev mode. Not recommended for production! See https://lit.dev/msg/dev-mode for more information.
  ✓   50 [chromium] › tests/visual/visualization-interactions.spec.ts:245:11 › desktop-light visualization interactions › matrix keeps the existing partial and empty data states honest (222ms)
[WebServer] 8:26:12 AM [vite] (client) [console.warn] Lit is in dev mode. Not recommended for production! See https://lit.dev/msg/dev-mode for more information.
  ✓   51 [chromium] › tests/visual/visualization-interactions.spec.ts:245:11 › desktop-light visualization interactions › timeline keeps the existing partial and empty data states honest (204ms)
[WebServer] 8:26:12 AM [vite] (client) [console.warn] Lit is in dev mode. Not recommended for production! See https://lit.dev/msg/dev-mode for more information.
  ✓   52 [chromium] › tests/visual/visualization-interactions.spec.ts:245:11 › desktop-light visualization interactions › calendar-grid keeps the existing partial and empty data states honest (202ms)
[WebServer] 8:26:12 AM [vite] (client) [console.warn] Lit is in dev mode. Not recommended for production! See https://lit.dev/msg/dev-mode for more information.
  ✓   53 [chromium] › tests/visual/visualization-interactions.spec.ts:245:11 › desktop-light visualization interactions › tree keeps the existing partial and empty data states honest (206ms)
[WebServer] 8:26:12 AM [vite] (client) [console.warn] Lit is in dev mode. Not recommended for production! See https://lit.dev/msg/dev-mode for more information.
  ✓   54 [chromium] › tests/visual/visualization-interactions.spec.ts:245:11 › desktop-light visualization interactions › treemap keeps the existing partial and empty data states honest (202ms)
[WebServer] 8:26:12 AM [vite] (client) [console.warn] Lit is in dev mode. Not recommended for production! See https://lit.dev/msg/dev-mode for more information.
  ✓   55 [chromium] › tests/visual/visualization-interactions.spec.ts:245:11 › desktop-light visualization interactions › relationship keeps the existing partial and empty data states honest (203ms)
[WebServer] 8:26:13 AM [vite] (client) [console.warn] Lit is in dev mode. Not recommended for production! See https://lit.dev/msg/dev-mode for more information.
  ✓   56 [chromium] › tests/visual/visualization-interactions.spec.ts:219:11 › narrow-dark-rtl visualization interactions › trend selects a stable identity with exact result lineage (449ms)
[WebServer] 8:26:13 AM [vite] (client) [console.warn] Lit is in dev mode. Not recommended for production! See https://lit.dev/msg/dev-mode for more information.
  ✓   57 [chromium] › tests/visual/visualization-interactions.spec.ts:219:11 › narrow-dark-rtl visualization interactions › bar selects a stable identity with exact result lineage (448ms)
[WebServer] 8:26:14 AM [vite] (client) [console.warn] Lit is in dev mode. Not recommended for production! See https://lit.dev/msg/dev-mode for more information.
  ✓   58 [chromium] › tests/visual/visualization-interactions.spec.ts:219:11 › narrow-dark-rtl visualization interactions › area selects a stable identity with exact result lineage (424ms)
[WebServer] 8:26:14 AM [vite] (client) [console.warn] Lit is in dev mode. Not recommended for production! See https://lit.dev/msg/dev-mode for more information.
  ✓   59 [chromium] › tests/visual/visualization-interactions.spec.ts:219:11 › narrow-dark-rtl visualization interactions › scatter selects a stable identity with exact result lineage (438ms)
[WebServer] 8:26:14 AM [vite] (client) [console.warn] Lit is in dev mode. Not recommended for production! See https://lit.dev/msg/dev-mode for more information.
  ✓   60 [chromium] › tests/visual/visualization-interactions.spec.ts:219:11 › narrow-dark-rtl visualization interactions › histogram selects a stable identity with exact result lineage (428ms)
[WebServer] 8:26:15 AM [vite] (client) [console.warn] Lit is in dev mode. Not recommended for production! See https://lit.dev/msg/dev-mode for more information.
  ✓   61 [chromium] › tests/visual/visualization-interactions.spec.ts:219:11 › narrow-dark-rtl visualization interactions › heatmap selects a stable identity with exact result lineage (445ms)
[WebServer] 8:26:15 AM [vite] (client) [console.warn] Lit is in dev mode. Not recommended for production! See https://lit.dev/msg/dev-mode for more information.
  ✓   62 [chromium] › tests/visual/visualization-interactions.spec.ts:219:11 › narrow-dark-rtl visualization interactions › matrix selects a stable identity with exact result lineage (411ms)
[WebServer] 8:26:16 AM [vite] (client) [console.warn] Lit is in dev mode. Not recommended for production! See https://lit.dev/msg/dev-mode for more information.
  ✓   63 [chromium] › tests/visual/visualization-interactions.spec.ts:219:11 › narrow-dark-rtl visualization interactions › timeline selects a stable identity with exact result lineage (451ms)
[WebServer] 8:26:16 AM [vite] (client) [console.warn] Lit is in dev mode. Not recommended for production! See https://lit.dev/msg/dev-mode for more information.
  ✓   64 [chromium] › tests/visual/visualization-interactions.spec.ts:219:11 › narrow-dark-rtl visualization interactions › calendar-grid selects a stable identity with exact result lineage (459ms)
[WebServer] 8:26:17 AM [vite] (client) [console.warn] Lit is in dev mode. Not recommended for production! See https://lit.dev/msg/dev-mode for more information.
  ✓   65 [chromium] › tests/visual/visualization-interactions.spec.ts:219:11 › narrow-dark-rtl visualization interactions › tree selects a stable identity with exact result lineage (447ms)
[WebServer] 8:26:17 AM [vite] (client) [console.warn] Lit is in dev mode. Not recommended for production! See https://lit.dev/msg/dev-mode for more information.
  ✓   66 [chromium] › tests/visual/visualization-interactions.spec.ts:219:11 › narrow-dark-rtl visualization interactions › treemap selects a stable identity with exact result lineage (432ms)
[WebServer] 8:26:18 AM [vite] (client) [console.warn] Lit is in dev mode. Not recommended for production! See https://lit.dev/msg/dev-mode for more information.
  ✓   67 [chromium] › tests/visual/visualization-interactions.spec.ts:219:11 › narrow-dark-rtl visualization interactions › relationship selects a stable identity with exact result lineage (428ms)
[WebServer] 8:26:18 AM [vite] (client) [console.warn] Lit is in dev mode. Not recommended for production! See https://lit.dev/msg/dev-mode for more information.
  ✓   68 [chromium] › tests/visual/visualization-interactions.spec.ts:245:11 › narrow-dark-rtl visualization interactions › trend keeps the existing partial and empty data states honest (207ms)
[WebServer] 8:26:18 AM [vite] (client) [console.warn] Lit is in dev mode. Not recommended for production! See https://lit.dev/msg/dev-mode for more information.
  ✓   69 [chromium] › tests/visual/visualization-interactions.spec.ts:245:11 › narrow-dark-rtl visualization interactions › bar keeps the existing partial and empty data states honest (210ms)
[WebServer] 8:26:18 AM [vite] (client) [console.warn] Lit is in dev mode. Not recommended for production! See https://lit.dev/msg/dev-mode for more information.
  ✓   70 [chromium] › tests/visual/visualization-interactions.spec.ts:245:11 › narrow-dark-rtl visualization interactions › area keeps the existing partial and empty data states honest (208ms)
[WebServer] 8:26:19 AM [vite] (client) [console.warn] Lit is in dev mode. Not recommended for production! See https://lit.dev/msg/dev-mode for more information.
  ✓   71 [chromium] › tests/visual/visualization-interactions.spec.ts:245:11 › narrow-dark-rtl visualization interactions › scatter keeps the existing partial and empty data states honest (229ms)
[WebServer] 8:26:19 AM [vite] (client) [console.warn] Lit is in dev mode. Not recommended for production! See https://lit.dev/msg/dev-mode for more information.
  ✓   72 [chromium] › tests/visual/visualization-interactions.spec.ts:245:11 › narrow-dark-rtl visualization interactions › histogram keeps the existing partial and empty data states honest (208ms)
[WebServer] 8:26:19 AM [vite] (client) [console.warn] Lit is in dev mode. Not recommended for production! See https://lit.dev/msg/dev-mode for more information.
  ✓   73 [chromium] › tests/visual/visualization-interactions.spec.ts:245:11 › narrow-dark-rtl visualization interactions › heatmap keeps the existing partial and empty data states honest (209ms)
[WebServer] 8:26:19 AM [vite] (client) [console.warn] Lit is in dev mode. Not recommended for production! See https://lit.dev/msg/dev-mode for more information.
  ✓   74 [chromium] › tests/visual/visualization-interactions.spec.ts:245:11 › narrow-dark-rtl visualization interactions › matrix keeps the existing partial and empty data states honest (203ms)
[WebServer] 8:26:19 AM [vite] (client) [console.warn] Lit is in dev mode. Not recommended for production! See https://lit.dev/msg/dev-mode for more information.
  ✓   75 [chromium] › tests/visual/visualization-interactions.spec.ts:245:11 › narrow-dark-rtl visualization interactions › timeline keeps the existing partial and empty data states honest (218ms)
[WebServer] 8:26:20 AM [vite] (client) [console.warn] Lit is in dev mode. Not recommended for production! See https://lit.dev/msg/dev-mode for more information.
  ✓   76 [chromium] › tests/visual/visualization-interactions.spec.ts:245:11 › narrow-dark-rtl visualization interactions › calendar-grid keeps the existing partial and empty data states honest (205ms)
[WebServer] 8:26:20 AM [vite] (client) [console.warn] Lit is in dev mode. Not recommended for production! See https://lit.dev/msg/dev-mode for more information.
  ✓   77 [chromium] › tests/visual/visualization-interactions.spec.ts:245:11 › narrow-dark-rtl visualization interactions › tree keeps the existing partial and empty data states honest (202ms)
[WebServer] 8:26:20 AM [vite] (client) [console.warn] Lit is in dev mode. Not recommended for production! See https://lit.dev/msg/dev-mode for more information.
  ✓   78 [chromium] › tests/visual/visualization-interactions.spec.ts:245:11 › narrow-dark-rtl visualization interactions › treemap keeps the existing partial and empty data states honest (219ms)
[WebServer] 8:26:20 AM [vite] (client) [console.warn] Lit is in dev mode. Not recommended for production! See https://lit.dev/msg/dev-mode for more information.
  ✓   79 [chromium] › tests/visual/visualization-interactions.spec.ts:245:11 › narrow-dark-rtl visualization interactions › relationship keeps the existing partial and empty data states honest (220ms)
[WebServer] 8:26:21 AM [vite] (client) [console.warn] Lit is in dev mode. Not recommended for production! See https://lit.dev/msg/dev-mode for more information.
  ✓   80 [chromium] › tests/visual/visualization-interactions.spec.ts:270:9 › trend desktop-light paginates 30 rows while retaining a bounded data-only path (291ms)
[WebServer] 8:26:21 AM [vite] (client) [console.warn] Lit is in dev mode. Not recommended for production! See https://lit.dev/msg/dev-mode for more information.
  ✓   81 [chromium] › tests/visual/visualization-interactions.spec.ts:270:9 › trend narrow-dark-rtl paginates 30 rows while retaining a bounded data-only path (290ms)
[WebServer] 8:26:21 AM [vite] (client) [console.warn] Lit is in dev mode. Not recommended for production! See https://lit.dev/msg/dev-mode for more information.
  ✓   82 [chromium] › tests/visual/visualization-interactions.spec.ts:270:9 › timeline desktop-light paginates 30 rows while retaining a bounded data-only path (271ms)
[WebServer] 8:26:21 AM [vite] (client) [console.warn] Lit is in dev mode. Not recommended for production! See https://lit.dev/msg/dev-mode for more information.
  ✓   83 [chromium] › tests/visual/visualization-interactions.spec.ts:270:9 › timeline narrow-dark-rtl paginates 30 rows while retaining a bounded data-only path (273ms)
[WebServer] 8:26:22 AM [vite] (client) [console.warn] Lit is in dev mode. Not recommended for production! See https://lit.dev/msg/dev-mode for more information.
  ✓   84 [chromium] › tests/visual/visualization-interactions.spec.ts:270:9 › tree desktop-light paginates 30 rows while retaining a bounded data-only path (266ms)
[WebServer] 8:26:22 AM [vite] (client) [console.warn] Lit is in dev mode. Not recommended for production! See https://lit.dev/msg/dev-mode for more information.
  ✓   85 [chromium] › tests/visual/visualization-interactions.spec.ts:270:9 › tree narrow-dark-rtl paginates 30 rows while retaining a bounded data-only path (269ms)
(node:32358) Warning: The 'NO_COLOR' env is ignored due to the 'FORCE_COLOR' env being set.
(Use `node --trace-warnings ...` to show where the warning was created)
[WebServer] 8:26:24 AM [vite] (client) [console.warn] Lit is in dev mode. Not recommended for production! See https://lit.dev/msg/dev-mode for more information.
  ✓   86 [firefox] › tests/visual/compound-interactions.spec.ts:125:9 › desktop-light › explorer commits an authorized filter and stable identity selection (1.3s)
[WebServer] 8:26:24 AM [vite] (client) [console.warn] Lit is in dev mode. Not recommended for production! See https://lit.dev/msg/dev-mode for more information.
  ✓   87 [firefox] › tests/visual/compound-interactions.spec.ts:151:9 › desktop-light › comparison emits a bounded set and exposes incompatible metrics (914ms)
[WebServer] 8:26:25 AM [vite] (client) [console.warn] Lit is in dev mode. Not recommended for production! See https://lit.dev/msg/dev-mode for more information.
  ✓   88 [firefox] › tests/visual/compound-interactions.spec.ts:173:9 › desktop-light › breakdown emits the selected group identity without deriving a metric (710ms)
[WebServer] 8:26:26 AM [vite] (client) [console.warn] Lit is in dev mode. Not recommended for production! See https://lit.dev/msg/dev-mode for more information.
  ✓   89 [firefox] › tests/visual/compound-interactions.spec.ts:190:9 › desktop-light › investigation forwards evidence selection with result lineage (792ms)
[WebServer] 8:26:27 AM [vite] (client) [console.warn] Lit is in dev mode. Not recommended for production! See https://lit.dev/msg/dev-mode for more information.
  ✓   90 [firefox] › tests/visual/compound-interactions.spec.ts:210:9 › desktop-light › search results restore a matching revision before emitting selection (713ms)
[WebServer] 8:26:28 AM [vite] (client) [console.warn] Lit is in dev mode. Not recommended for production! See https://lit.dev/msg/dev-mode for more information.
  ✓   91 [firefox] › tests/visual/compound-interactions.spec.ts:230:9 › desktop-light › record editor keeps an IME draft and emits explicit save and cancel receipts (729ms)
[WebServer] 8:26:28 AM [vite] (client) [console.warn] Lit is in dev mode. Not recommended for production! See https://lit.dev/msg/dev-mode for more information.
  ✓   92 [firefox] › tests/visual/compound-interactions.spec.ts:296:9 › desktop-light › form flow validates before moving, preserves draft and focus, then commits (691ms)
[WebServer] 8:26:29 AM [vite] (client) [console.warn] Lit is in dev mode. Not recommended for production! See https://lit.dev/msg/dev-mode for more information.
  ✓   93 [firefox] › tests/visual/compound-interactions.spec.ts:346:9 › desktop-light › quality panel stays a read-only evidence surface without interaction events (569ms)
[WebServer] 8:26:29 AM [vite] (client) [console.warn] Lit is in dev mode. Not recommended for production! See https://lit.dev/msg/dev-mode for more information.
  ✓   94 [firefox] › tests/visual/compound-interactions.spec.ts:125:9 › narrow-dark-rtl › explorer commits an authorized filter and stable identity selection (751ms)
[WebServer] 8:26:30 AM [vite] (client) [console.warn] Lit is in dev mode. Not recommended for production! See https://lit.dev/msg/dev-mode for more information.
  ✓   95 [firefox] › tests/visual/compound-interactions.spec.ts:151:9 › narrow-dark-rtl › comparison emits a bounded set and exposes incompatible metrics (1.5s)
[WebServer] 8:26:32 AM [vite] (client) [console.warn] Lit is in dev mode. Not recommended for production! See https://lit.dev/msg/dev-mode for more information.
  ✓   96 [firefox] › tests/visual/compound-interactions.spec.ts:173:9 › narrow-dark-rtl › breakdown emits the selected group identity without deriving a metric (824ms)
[WebServer] 8:26:33 AM [vite] (client) [console.warn] Lit is in dev mode. Not recommended for production! See https://lit.dev/msg/dev-mode for more information.
  ✓   97 [firefox] › tests/visual/compound-interactions.spec.ts:190:9 › narrow-dark-rtl › investigation forwards evidence selection with result lineage (750ms)
[WebServer] 8:26:33 AM [vite] (client) [console.warn] Lit is in dev mode. Not recommended for production! See https://lit.dev/msg/dev-mode for more information.
  ✓   98 [firefox] › tests/visual/compound-interactions.spec.ts:210:9 › narrow-dark-rtl › search results restore a matching revision before emitting selection (797ms)
[WebServer] 8:26:34 AM [vite] (client) [console.warn] Lit is in dev mode. Not recommended for production! See https://lit.dev/msg/dev-mode for more information.
  ✓   99 [firefox] › tests/visual/compound-interactions.spec.ts:230:9 › narrow-dark-rtl › record editor keeps an IME draft and emits explicit save and cancel receipts (731ms)
[WebServer] 8:26:35 AM [vite] (client) [console.warn] Lit is in dev mode. Not recommended for production! See https://lit.dev/msg/dev-mode for more information.
  ✓  100 [firefox] › tests/visual/compound-interactions.spec.ts:296:9 › narrow-dark-rtl › form flow validates before moving, preserves draft and focus, then commits (687ms)
[WebServer] 8:26:36 AM [vite] (client) [console.warn] Lit is in dev mode. Not recommended for production! See https://lit.dev/msg/dev-mode for more information.
  ✓  101 [firefox] › tests/visual/compound-interactions.spec.ts:346:9 › narrow-dark-rtl › quality panel stays a read-only evidence surface without interaction events (565ms)
[WebServer] 8:26:36 AM [vite] (client) [console.warn] Lit is in dev mode. Not recommended for production! See https://lit.dev/msg/dev-mode for more information.
  ✓  102 [firefox] › tests/visual/data-interactions.spec.ts:100:7 › record-list selected state remains visible in forced colors (623ms)
[WebServer] 8:26:37 AM [vite] (client) [console.warn] Lit is in dev mode. Not recommended for production! See https://lit.dev/msg/dev-mode for more information.
  ✓  103 [firefox] › tests/visual/data-interactions.spec.ts:100:7 › card-collection selected state remains visible in forced colors (628ms)
[WebServer] 8:26:37 AM [vite] (client) [console.warn] Lit is in dev mode. Not recommended for production! See https://lit.dev/msg/dev-mode for more information.
  ✓  104 [firefox] › tests/visual/data-interactions.spec.ts:100:7 › table selected state remains visible in forced colors (766ms)
[WebServer] 8:26:38 AM [vite] (client) [console.warn] Lit is in dev mode. Not recommended for production! See https://lit.dev/msg/dev-mode for more information.
  ✓  105 [firefox] › tests/visual/data-interactions.spec.ts:122:9 › desktop-light › record-list keyboard selection keeps a stable identity across reorder (1.2s)
[WebServer] 8:26:39 AM [vite] (client) [console.warn] Lit is in dev mode. Not recommended for production! See https://lit.dev/msg/dev-mode for more information.
  ✓  106 [firefox] › tests/visual/data-interactions.spec.ts:141:9 › desktop-light › card selection and load-more stay keyboard reachable and bounded (672ms)
[WebServer] 8:26:40 AM [vite] (client) [console.warn] Lit is in dev mode. Not recommended for production! See https://lit.dev/msg/dev-mode for more information.
  ✓  107 [firefox] › tests/visual/data-interactions.spec.ts:173:9 › desktop-light › table keyboard sorting, selection and paging emit typed stable requests (695ms)
[WebServer] 8:26:41 AM [vite] (client) [console.warn] Lit is in dev mode. Not recommended for production! See https://lit.dev/msg/dev-mode for more information.
  ✓  108 [firefox] › tests/visual/data-interactions.spec.ts:219:9 › desktop-light › table grid requests a bounded stable row window at the keyboard boundary (692ms)
[WebServer] 8:26:41 AM [vite] (client) [console.warn] Lit is in dev mode. Not recommended for production! See https://lit.dev/msg/dev-mode for more information.
  ✓  109 [firefox] › tests/visual/data-interactions.spec.ts:242:9 › desktop-light › filter-builder keeps IME edits draft-only, applies explicitly, and blocks invalid or in-flight requests (651ms)
[WebServer] 8:26:42 AM [vite] (client) [console.warn] Lit is in dev mode. Not recommended for production! See https://lit.dev/msg/dev-mode for more information.
  ✓  110 [firefox] › tests/visual/data-interactions.spec.ts:281:9 › desktop-light › selection-summary clears controlled stable selection by keyboard (551ms)
[WebServer] 8:26:43 AM [vite] (client) [console.warn] Lit is in dev mode. Not recommended for production! See https://lit.dev/msg/dev-mode for more information.
  ✓  111 [firefox] › tests/visual/data-interactions.spec.ts:122:9 › narrow-dark-rtl › record-list keyboard selection keeps a stable identity across reorder (617ms)
[WebServer] 8:26:43 AM [vite] (client) [console.warn] Lit is in dev mode. Not recommended for production! See https://lit.dev/msg/dev-mode for more information.
  ✓  112 [firefox] › tests/visual/data-interactions.spec.ts:141:9 › narrow-dark-rtl › card selection and load-more stay keyboard reachable and bounded (656ms)
[WebServer] 8:26:44 AM [vite] (client) [console.warn] Lit is in dev mode. Not recommended for production! See https://lit.dev/msg/dev-mode for more information.
  ✓  113 [firefox] › tests/visual/data-interactions.spec.ts:173:9 › narrow-dark-rtl › table keyboard sorting, selection and paging emit typed stable requests (696ms)
[WebServer] 8:26:45 AM [vite] (client) [console.warn] Lit is in dev mode. Not recommended for production! See https://lit.dev/msg/dev-mode for more information.
  ✓  114 [firefox] › tests/visual/data-interactions.spec.ts:219:9 › narrow-dark-rtl › table grid requests a bounded stable row window at the keyboard boundary (698ms)
[WebServer] 8:26:45 AM [vite] (client) [console.warn] Lit is in dev mode. Not recommended for production! See https://lit.dev/msg/dev-mode for more information.
  ✓  115 [firefox] › tests/visual/data-interactions.spec.ts:242:9 › narrow-dark-rtl › filter-builder keeps IME edits draft-only, applies explicitly, and blocks invalid or in-flight requests (1.2s)
[WebServer] 8:26:47 AM [vite] (client) [console.warn] Lit is in dev mode. Not recommended for production! See https://lit.dev/msg/dev-mode for more information.
  ✓  116 [firefox] › tests/visual/data-interactions.spec.ts:281:9 › narrow-dark-rtl › selection-summary clears controlled stable selection by keyboard (569ms)
[WebServer] 8:26:47 AM [vite] (client) [console.warn] Lit is in dev mode. Not recommended for production! See https://lit.dev/msg/dev-mode for more information.
  ✓  117 [firefox] › tests/visual/visualization-interactions.spec.ts:219:11 › desktop-light visualization interactions › trend selects a stable identity with exact result lineage (738ms)
[WebServer] 8:26:48 AM [vite] (client) [console.warn] Lit is in dev mode. Not recommended for production! See https://lit.dev/msg/dev-mode for more information.
  ✓  118 [firefox] › tests/visual/visualization-interactions.spec.ts:219:11 › desktop-light visualization interactions › bar selects a stable identity with exact result lineage (655ms)
[WebServer] 8:26:49 AM [vite] (client) [console.warn] Lit is in dev mode. Not recommended for production! See https://lit.dev/msg/dev-mode for more information.
  ✓  119 [firefox] › tests/visual/visualization-interactions.spec.ts:219:11 › desktop-light visualization interactions › area selects a stable identity with exact result lineage (626ms)
[WebServer] 8:26:49 AM [vite] (client) [console.warn] Lit is in dev mode. Not recommended for production! See https://lit.dev/msg/dev-mode for more information.
  ✓  120 [firefox] › tests/visual/visualization-interactions.spec.ts:219:11 › desktop-light visualization interactions › scatter selects a stable identity with exact result lineage (630ms)
[WebServer] 8:26:50 AM [vite] (client) [console.warn] Lit is in dev mode. Not recommended for production! See https://lit.dev/msg/dev-mode for more information.
  ✓  121 [firefox] › tests/visual/visualization-interactions.spec.ts:219:11 › desktop-light visualization interactions › histogram selects a stable identity with exact result lineage (625ms)
[WebServer] 8:26:50 AM [vite] (client) [console.warn] Lit is in dev mode. Not recommended for production! See https://lit.dev/msg/dev-mode for more information.
  ✓  122 [firefox] › tests/visual/visualization-interactions.spec.ts:219:11 › desktop-light visualization interactions › heatmap selects a stable identity with exact result lineage (649ms)
[WebServer] 8:26:51 AM [vite] (client) [console.warn] Lit is in dev mode. Not recommended for production! See https://lit.dev/msg/dev-mode for more information.
  ✓  123 [firefox] › tests/visual/visualization-interactions.spec.ts:219:11 › desktop-light visualization interactions › matrix selects a stable identity with exact result lineage (574ms)
[WebServer] 8:26:52 AM [vite] (client) [console.warn] Lit is in dev mode. Not recommended for production! See https://lit.dev/msg/dev-mode for more information.
  ✓  124 [firefox] › tests/visual/visualization-interactions.spec.ts:219:11 › desktop-light visualization interactions › timeline selects a stable identity with exact result lineage (619ms)
[WebServer] 8:26:52 AM [vite] (client) [console.warn] Lit is in dev mode. Not recommended for production! See https://lit.dev/msg/dev-mode for more information.
  ✓  125 [firefox] › tests/visual/visualization-interactions.spec.ts:219:11 › desktop-light visualization interactions › calendar-grid selects a stable identity with exact result lineage (1.4s)
[WebServer] 8:26:54 AM [vite] (client) [console.warn] Lit is in dev mode. Not recommended for production! See https://lit.dev/msg/dev-mode for more information.
  ✓  126 [firefox] › tests/visual/visualization-interactions.spec.ts:219:11 › desktop-light visualization interactions › tree selects a stable identity with exact result lineage (647ms)
[WebServer] 8:26:54 AM [vite] (client) [console.warn] Lit is in dev mode. Not recommended for production! See https://lit.dev/msg/dev-mode for more information.
  ✓  127 [firefox] › tests/visual/visualization-interactions.spec.ts:219:11 › desktop-light visualization interactions › treemap selects a stable identity with exact result lineage (646ms)
[WebServer] 8:26:55 AM [vite] (client) [console.warn] Lit is in dev mode. Not recommended for production! See https://lit.dev/msg/dev-mode for more information.
  ✓  128 [firefox] › tests/visual/visualization-interactions.spec.ts:219:11 › desktop-light visualization interactions › relationship selects a stable identity with exact result lineage (611ms)
[WebServer] 8:26:56 AM [vite] (client) [console.warn] Lit is in dev mode. Not recommended for production! See https://lit.dev/msg/dev-mode for more information.
  ✓  129 [firefox] › tests/visual/visualization-interactions.spec.ts:245:11 › desktop-light visualization interactions › trend keeps the existing partial and empty data states honest (320ms)
[WebServer] 8:26:56 AM [vite] (client) [console.warn] Lit is in dev mode. Not recommended for production! See https://lit.dev/msg/dev-mode for more information.
  ✓  130 [firefox] › tests/visual/visualization-interactions.spec.ts:245:11 › desktop-light visualization interactions › bar keeps the existing partial and empty data states honest (345ms)
[WebServer] 8:26:56 AM [vite] (client) [console.warn] Lit is in dev mode. Not recommended for production! See https://lit.dev/msg/dev-mode for more information.
  ✓  131 [firefox] › tests/visual/visualization-interactions.spec.ts:245:11 › desktop-light visualization interactions › area keeps the existing partial and empty data states honest (306ms)
[WebServer] 8:26:57 AM [vite] (client) [console.warn] Lit is in dev mode. Not recommended for production! See https://lit.dev/msg/dev-mode for more information.
  ✓  132 [firefox] › tests/visual/visualization-interactions.spec.ts:245:11 › desktop-light visualization interactions › scatter keeps the existing partial and empty data states honest (308ms)
[WebServer] 8:26:57 AM [vite] (client) [console.warn] Lit is in dev mode. Not recommended for production! See https://lit.dev/msg/dev-mode for more information.
  ✓  133 [firefox] › tests/visual/visualization-interactions.spec.ts:245:11 › desktop-light visualization interactions › histogram keeps the existing partial and empty data states honest (321ms)
[WebServer] 8:26:57 AM [vite] (client) [console.warn] Lit is in dev mode. Not recommended for production! See https://lit.dev/msg/dev-mode for more information.
  ✓  134 [firefox] › tests/visual/visualization-interactions.spec.ts:245:11 › desktop-light visualization interactions › heatmap keeps the existing partial and empty data states honest (312ms)
[WebServer] 8:26:57 AM [vite] (client) [console.warn] Lit is in dev mode. Not recommended for production! See https://lit.dev/msg/dev-mode for more information.
  ✓  135 [firefox] › tests/visual/visualization-interactions.spec.ts:245:11 › desktop-light visualization interactions › matrix keeps the existing partial and empty data states honest (745ms)
[WebServer] 8:26:58 AM [vite] (client) [console.warn] Lit is in dev mode. Not recommended for production! See https://lit.dev/msg/dev-mode for more information.
  ✓  136 [firefox] › tests/visual/visualization-interactions.spec.ts:245:11 › desktop-light visualization interactions › timeline keeps the existing partial and empty data states honest (327ms)
[WebServer] 8:26:59 AM [vite] (client) [console.warn] Lit is in dev mode. Not recommended for production! See https://lit.dev/msg/dev-mode for more information.
  ✓  137 [firefox] › tests/visual/visualization-interactions.spec.ts:245:11 › desktop-light visualization interactions › calendar-grid keeps the existing partial and empty data states honest (305ms)
[WebServer] 8:26:59 AM [vite] (client) [console.warn] Lit is in dev mode. Not recommended for production! See https://lit.dev/msg/dev-mode for more information.
  ✓  138 [firefox] › tests/visual/visualization-interactions.spec.ts:245:11 › desktop-light visualization interactions › tree keeps the existing partial and empty data states honest (310ms)
[WebServer] 8:26:59 AM [vite] (client) [console.warn] Lit is in dev mode. Not recommended for production! See https://lit.dev/msg/dev-mode for more information.
  ✓  139 [firefox] › tests/visual/visualization-interactions.spec.ts:245:11 › desktop-light visualization interactions › treemap keeps the existing partial and empty data states honest (301ms)
[WebServer] 8:26:59 AM [vite] (client) [console.warn] Lit is in dev mode. Not recommended for production! See https://lit.dev/msg/dev-mode for more information.
  ✓  140 [firefox] › tests/visual/visualization-interactions.spec.ts:245:11 › desktop-light visualization interactions › relationship keeps the existing partial and empty data states honest (330ms)
[WebServer] 8:27:00 AM [vite] (client) [console.warn] Lit is in dev mode. Not recommended for production! See https://lit.dev/msg/dev-mode for more information.
  ✓  141 [firefox] › tests/visual/visualization-interactions.spec.ts:219:11 › narrow-dark-rtl visualization interactions › trend selects a stable identity with exact result lineage (623ms)
[WebServer] 8:27:00 AM [vite] (client) [console.warn] Lit is in dev mode. Not recommended for production! See https://lit.dev/msg/dev-mode for more information.
  ✓  142 [firefox] › tests/visual/visualization-interactions.spec.ts:219:11 › narrow-dark-rtl visualization interactions › bar selects a stable identity with exact result lineage (642ms)
[WebServer] 8:27:01 AM [vite] (client) [console.warn] Lit is in dev mode. Not recommended for production! See https://lit.dev/msg/dev-mode for more information.
  ✓  143 [firefox] › tests/visual/visualization-interactions.spec.ts:219:11 › narrow-dark-rtl visualization interactions › area selects a stable identity with exact result lineage (617ms)
[WebServer] 8:27:02 AM [vite] (client) [console.warn] Lit is in dev mode. Not recommended for production! See https://lit.dev/msg/dev-mode for more information.
  ✓  144 [firefox] › tests/visual/visualization-interactions.spec.ts:219:11 › narrow-dark-rtl visualization interactions › scatter selects a stable identity with exact result lineage (634ms)
[WebServer] 8:27:02 AM [vite] (client) [console.warn] Lit is in dev mode. Not recommended for production! See https://lit.dev/msg/dev-mode for more information.
  ✓  145 [firefox] › tests/visual/visualization-interactions.spec.ts:219:11 › narrow-dark-rtl visualization interactions › histogram selects a stable identity with exact result lineage (1.2s)
[WebServer] 8:27:04 AM [vite] (client) [console.warn] Lit is in dev mode. Not recommended for production! See https://lit.dev/msg/dev-mode for more information.
  ✓  146 [firefox] › tests/visual/visualization-interactions.spec.ts:219:11 › narrow-dark-rtl visualization interactions › heatmap selects a stable identity with exact result lineage (653ms)
[WebServer] 8:27:04 AM [vite] (client) [console.warn] Lit is in dev mode. Not recommended for production! See https://lit.dev/msg/dev-mode for more information.
  ✓  147 [firefox] › tests/visual/visualization-interactions.spec.ts:219:11 › narrow-dark-rtl visualization interactions › matrix selects a stable identity with exact result lineage (583ms)
[WebServer] 8:27:05 AM [vite] (client) [console.warn] Lit is in dev mode. Not recommended for production! See https://lit.dev/msg/dev-mode for more information.
  ✓  148 [firefox] › tests/visual/visualization-interactions.spec.ts:219:11 › narrow-dark-rtl visualization interactions › timeline selects a stable identity with exact result lineage (615ms)
[WebServer] 8:27:05 AM [vite] (client) [console.warn] Lit is in dev mode. Not recommended for production! See https://lit.dev/msg/dev-mode for more information.
  ✓  149 [firefox] › tests/visual/visualization-interactions.spec.ts:219:11 › narrow-dark-rtl visualization interactions › calendar-grid selects a stable identity with exact result lineage (644ms)
[WebServer] 8:27:06 AM [vite] (client) [console.warn] Lit is in dev mode. Not recommended for production! See https://lit.dev/msg/dev-mode for more information.
  ✓  150 [firefox] › tests/visual/visualization-interactions.spec.ts:219:11 › narrow-dark-rtl visualization interactions › tree selects a stable identity with exact result lineage (616ms)
[WebServer] 8:27:07 AM [vite] (client) [console.warn] Lit is in dev mode. Not recommended for production! See https://lit.dev/msg/dev-mode for more information.
  ✓  151 [firefox] › tests/visual/visualization-interactions.spec.ts:219:11 › narrow-dark-rtl visualization interactions › treemap selects a stable identity with exact result lineage (620ms)
[WebServer] 8:27:07 AM [vite] (client) [console.warn] Lit is in dev mode. Not recommended for production! See https://lit.dev/msg/dev-mode for more information.
  ✓  152 [firefox] › tests/visual/visualization-interactions.spec.ts:219:11 › narrow-dark-rtl visualization interactions › relationship selects a stable identity with exact result lineage (604ms)
[WebServer] 8:27:08 AM [vite] (client) [console.warn] Lit is in dev mode. Not recommended for production! See https://lit.dev/msg/dev-mode for more information.
  ✓  153 [firefox] › tests/visual/visualization-interactions.spec.ts:245:11 › narrow-dark-rtl visualization interactions › trend keeps the existing partial and empty data states honest (309ms)
[WebServer] 8:27:08 AM [vite] (client) [console.warn] Lit is in dev mode. Not recommended for production! See https://lit.dev/msg/dev-mode for more information.
  ✓  154 [firefox] › tests/visual/visualization-interactions.spec.ts:245:11 › narrow-dark-rtl visualization interactions › bar keeps the existing partial and empty data states honest (310ms)
[WebServer] 8:27:09 AM [vite] (client) [console.warn] Lit is in dev mode. Not recommended for production! See https://lit.dev/msg/dev-mode for more information.
  ✓  155 [firefox] › tests/visual/visualization-interactions.spec.ts:245:11 › narrow-dark-rtl visualization interactions › area keeps the existing partial and empty data states honest (890ms)
[WebServer] 8:27:09 AM [vite] (client) [console.warn] Lit is in dev mode. Not recommended for production! See https://lit.dev/msg/dev-mode for more information.
  ✓  156 [firefox] › tests/visual/visualization-interactions.spec.ts:245:11 › narrow-dark-rtl visualization interactions › scatter keeps the existing partial and empty data states honest (336ms)
[WebServer] 8:27:10 AM [vite] (client) [console.warn] Lit is in dev mode. Not recommended for production! See https://lit.dev/msg/dev-mode for more information.
  ✓  157 [firefox] › tests/visual/visualization-interactions.spec.ts:245:11 › narrow-dark-rtl visualization interactions › histogram keeps the existing partial and empty data states honest (312ms)
[WebServer] 8:27:10 AM [vite] (client) [console.warn] Lit is in dev mode. Not recommended for production! See https://lit.dev/msg/dev-mode for more information.
  ✓  158 [firefox] › tests/visual/visualization-interactions.spec.ts:245:11 › narrow-dark-rtl visualization interactions › heatmap keeps the existing partial and empty data states honest (315ms)
[WebServer] 8:27:10 AM [vite] (client) [console.warn] Lit is in dev mode. Not recommended for production! See https://lit.dev/msg/dev-mode for more information.
  ✓  159 [firefox] › tests/visual/visualization-interactions.spec.ts:245:11 › narrow-dark-rtl visualization interactions › matrix keeps the existing partial and empty data states honest (304ms)
[WebServer] 8:27:11 AM [vite] (client) [console.warn] Lit is in dev mode. Not recommended for production! See https://lit.dev/msg/dev-mode for more information.
  ✓  160 [firefox] › tests/visual/visualization-interactions.spec.ts:245:11 › narrow-dark-rtl visualization interactions › timeline keeps the existing partial and empty data states honest (306ms)
[WebServer] 8:27:11 AM [vite] (client) [console.warn] Lit is in dev mode. Not recommended for production! See https://lit.dev/msg/dev-mode for more information.
  ✓  161 [firefox] › tests/visual/visualization-interactions.spec.ts:245:11 › narrow-dark-rtl visualization interactions › calendar-grid keeps the existing partial and empty data states honest (334ms)
[WebServer] 8:27:11 AM [vite] (client) [console.warn] Lit is in dev mode. Not recommended for production! See https://lit.dev/msg/dev-mode for more information.
  ✓  162 [firefox] › tests/visual/visualization-interactions.spec.ts:245:11 › narrow-dark-rtl visualization interactions › tree keeps the existing partial and empty data states honest (308ms)
[WebServer] 8:27:12 AM [vite] (client) [console.warn] Lit is in dev mode. Not recommended for production! See https://lit.dev/msg/dev-mode for more information.
  ✓  163 [firefox] › tests/visual/visualization-interactions.spec.ts:245:11 › narrow-dark-rtl visualization interactions › treemap keeps the existing partial and empty data states honest (307ms)
[WebServer] 8:27:12 AM [vite] (client) [console.warn] Lit is in dev mode. Not recommended for production! See https://lit.dev/msg/dev-mode for more information.
  ✓  164 [firefox] › tests/visual/visualization-interactions.spec.ts:245:11 › narrow-dark-rtl visualization interactions › relationship keeps the existing partial and empty data states honest (303ms)
[WebServer] 8:27:12 AM [vite] (client) [console.warn] Lit is in dev mode. Not recommended for production! See https://lit.dev/msg/dev-mode for more information.
  ✓  165 [firefox] › tests/visual/visualization-interactions.spec.ts:270:9 › trend desktop-light paginates 30 rows while retaining a bounded data-only path (780ms)
[WebServer] 8:27:14 AM [vite] (client) [console.warn] Lit is in dev mode. Not recommended for production! See https://lit.dev/msg/dev-mode for more information.
  ✓  166 [firefox] › tests/visual/visualization-interactions.spec.ts:270:9 › trend narrow-dark-rtl paginates 30 rows while retaining a bounded data-only path (912ms)
[WebServer] 8:27:14 AM [vite] (client) [console.warn] Lit is in dev mode. Not recommended for production! See https://lit.dev/msg/dev-mode for more information.
  ✓  167 [firefox] › tests/visual/visualization-interactions.spec.ts:270:9 › timeline desktop-light paginates 30 rows while retaining a bounded data-only path (428ms)
[WebServer] 8:27:14 AM [vite] (client) [console.warn] Lit is in dev mode. Not recommended for production! See https://lit.dev/msg/dev-mode for more information.
  ✓  168 [firefox] › tests/visual/visualization-interactions.spec.ts:270:9 › timeline narrow-dark-rtl paginates 30 rows while retaining a bounded data-only path (403ms)
[WebServer] 8:27:15 AM [vite] (client) [console.warn] Lit is in dev mode. Not recommended for production! See https://lit.dev/msg/dev-mode for more information.
  ✓  169 [firefox] › tests/visual/visualization-interactions.spec.ts:270:9 › tree desktop-light paginates 30 rows while retaining a bounded data-only path (390ms)
[WebServer] 8:27:15 AM [vite] (client) [console.warn] Lit is in dev mode. Not recommended for production! See https://lit.dev/msg/dev-mode for more information.
  ✓  170 [firefox] › tests/visual/visualization-interactions.spec.ts:270:9 › tree narrow-dark-rtl paginates 30 rows while retaining a bounded data-only path (398ms)
(node:32554) Warning: The 'NO_COLOR' env is ignored due to the 'FORCE_COLOR' env being set.
(Use `node --trace-warnings ...` to show where the warning was created)
[WebServer] 8:27:17 AM [vite] (client) [console.warn] Lit is in dev mode. Not recommended for production! See https://lit.dev/msg/dev-mode for more information.
  ✓  171 [webkit] › tests/visual/compound-interactions.spec.ts:125:9 › desktop-light › explorer commits an authorized filter and stable identity selection (1.1s)
[WebServer] 8:27:18 AM [vite] (client) [console.warn] Lit is in dev mode. Not recommended for production! See https://lit.dev/msg/dev-mode for more information.
  ✓  172 [webkit] › tests/visual/compound-interactions.spec.ts:151:9 › desktop-light › comparison emits a bounded set and exposes incompatible metrics (932ms)
[WebServer] 8:27:19 AM [vite] (client) [console.warn] Lit is in dev mode. Not recommended for production! See https://lit.dev/msg/dev-mode for more information.
  ✓  173 [webkit] › tests/visual/compound-interactions.spec.ts:173:9 › desktop-light › breakdown emits the selected group identity without deriving a metric (696ms)
[WebServer] 8:27:19 AM [vite] (client) [console.warn] Lit is in dev mode. Not recommended for production! See https://lit.dev/msg/dev-mode for more information.
  ✓  174 [webkit] › tests/visual/compound-interactions.spec.ts:190:9 › desktop-light › investigation forwards evidence selection with result lineage (726ms)
[WebServer] 8:27:20 AM [vite] (client) [console.warn] Lit is in dev mode. Not recommended for production! See https://lit.dev/msg/dev-mode for more information.
  ✓  175 [webkit] › tests/visual/compound-interactions.spec.ts:210:9 › desktop-light › search results restore a matching revision before emitting selection (684ms)
[WebServer] 8:27:21 AM [vite] (client) [console.warn] Lit is in dev mode. Not recommended for production! See https://lit.dev/msg/dev-mode for more information.
  ✓  176 [webkit] › tests/visual/compound-interactions.spec.ts:230:9 › desktop-light › record editor keeps an IME draft and emits explicit save and cancel receipts (716ms)
[WebServer] 8:27:22 AM [vite] (client) [console.warn] Lit is in dev mode. Not recommended for production! See https://lit.dev/msg/dev-mode for more information.
  ✓  177 [webkit] › tests/visual/compound-interactions.spec.ts:296:9 › desktop-light › form flow validates before moving, preserves draft and focus, then commits (680ms)
[WebServer] 8:27:22 AM [vite] (client) [console.warn] Lit is in dev mode. Not recommended for production! See https://lit.dev/msg/dev-mode for more information.
  ✓  178 [webkit] › tests/visual/compound-interactions.spec.ts:346:9 › desktop-light › quality panel stays a read-only evidence surface without interaction events (570ms)
[WebServer] 8:27:23 AM [vite] (client) [console.warn] Lit is in dev mode. Not recommended for production! See https://lit.dev/msg/dev-mode for more information.
  ✓  179 [webkit] › tests/visual/compound-interactions.spec.ts:125:9 › narrow-dark-rtl › explorer commits an authorized filter and stable identity selection (760ms)
[WebServer] 8:27:24 AM [vite] (client) [console.warn] Lit is in dev mode. Not recommended for production! See https://lit.dev/msg/dev-mode for more information.
  ✓  180 [webkit] › tests/visual/compound-interactions.spec.ts:151:9 › narrow-dark-rtl › comparison emits a bounded set and exposes incompatible metrics (868ms)
[WebServer] 8:27:24 AM [vite] (client) [console.warn] Lit is in dev mode. Not recommended for production! See https://lit.dev/msg/dev-mode for more information.
  ✓  181 [webkit] › tests/visual/compound-interactions.spec.ts:173:9 › narrow-dark-rtl › breakdown emits the selected group identity without deriving a metric (649ms)
[WebServer] 8:27:25 AM [vite] (client) [console.warn] Lit is in dev mode. Not recommended for production! See https://lit.dev/msg/dev-mode for more information.
  ✓  182 [webkit] › tests/visual/compound-interactions.spec.ts:190:9 › narrow-dark-rtl › investigation forwards evidence selection with result lineage (687ms)
[WebServer] 8:27:26 AM [vite] (client) [console.warn] Lit is in dev mode. Not recommended for production! See https://lit.dev/msg/dev-mode for more information.
  ✓  183 [webkit] › tests/visual/compound-interactions.spec.ts:210:9 › narrow-dark-rtl › search results restore a matching revision before emitting selection (672ms)
[WebServer] 8:27:26 AM [vite] (client) [console.warn] Lit is in dev mode. Not recommended for production! See https://lit.dev/msg/dev-mode for more information.
  ✓  184 [webkit] › tests/visual/compound-interactions.spec.ts:230:9 › narrow-dark-rtl › record editor keeps an IME draft and emits explicit save and cancel receipts (704ms)
[WebServer] 8:27:27 AM [vite] (client) [console.warn] Lit is in dev mode. Not recommended for production! See https://lit.dev/msg/dev-mode for more information.
  ✓  185 [webkit] › tests/visual/compound-interactions.spec.ts:296:9 › narrow-dark-rtl › form flow validates before moving, preserves draft and focus, then commits (646ms)
[WebServer] 8:27:28 AM [vite] (client) [console.warn] Lit is in dev mode. Not recommended for production! See https://lit.dev/msg/dev-mode for more information.
  ✓  186 [webkit] › tests/visual/compound-interactions.spec.ts:346:9 › narrow-dark-rtl › quality panel stays a read-only evidence surface without interaction events (568ms)
[WebServer] 8:27:28 AM [vite] (client) [console.warn] Lit is in dev mode. Not recommended for production! See https://lit.dev/msg/dev-mode for more information.
  ✓  187 [webkit] › tests/visual/data-interactions.spec.ts:100:7 › record-list selected state remains visible in forced colors (587ms)
[WebServer] 8:27:29 AM [vite] (client) [console.warn] Lit is in dev mode. Not recommended for production! See https://lit.dev/msg/dev-mode for more information.
  ✓  188 [webkit] › tests/visual/data-interactions.spec.ts:100:7 › card-collection selected state remains visible in forced colors (616ms)
[WebServer] 8:27:30 AM [vite] (client) [console.warn] Lit is in dev mode. Not recommended for production! See https://lit.dev/msg/dev-mode for more information.
  ✓  189 [webkit] › tests/visual/data-interactions.spec.ts:100:7 › table selected state remains visible in forced colors (611ms)
[WebServer] 8:27:30 AM [vite] (client) [console.warn] Lit is in dev mode. Not recommended for production! See https://lit.dev/msg/dev-mode for more information.
  ✓  190 [webkit] › tests/visual/data-interactions.spec.ts:122:9 › desktop-light › record-list keyboard selection keeps a stable identity across reorder (624ms)
[WebServer] 8:27:31 AM [vite] (client) [console.warn] Lit is in dev mode. Not recommended for production! See https://lit.dev/msg/dev-mode for more information.
  ✓  191 [webkit] › tests/visual/data-interactions.spec.ts:141:9 › desktop-light › card selection and load-more stay keyboard reachable and bounded (659ms)
[WebServer] 8:27:31 AM [vite] (client) [console.warn] Lit is in dev mode. Not recommended for production! See https://lit.dev/msg/dev-mode for more information.
  ✓  192 [webkit] › tests/visual/data-interactions.spec.ts:173:9 › desktop-light › table keyboard sorting, selection and paging emit typed stable requests (701ms)
[WebServer] 8:27:32 AM [vite] (client) [console.warn] Lit is in dev mode. Not recommended for production! See https://lit.dev/msg/dev-mode for more information.
  ✓  193 [webkit] › tests/visual/data-interactions.spec.ts:219:9 › desktop-light › table grid requests a bounded stable row window at the keyboard boundary (655ms)
[WebServer] 8:27:33 AM [vite] (client) [console.warn] Lit is in dev mode. Not recommended for production! See https://lit.dev/msg/dev-mode for more information.
  ✓  194 [webkit] › tests/visual/data-interactions.spec.ts:242:9 › desktop-light › filter-builder keeps IME edits draft-only, applies explicitly, and blocks invalid or in-flight requests (637ms)
[WebServer] 8:27:33 AM [vite] (client) [console.warn] Lit is in dev mode. Not recommended for production! See https://lit.dev/msg/dev-mode for more information.
  ✓  195 [webkit] › tests/visual/data-interactions.spec.ts:281:9 › desktop-light › selection-summary clears controlled stable selection by keyboard (560ms)
[WebServer] 8:27:34 AM [vite] (client) [console.warn] Lit is in dev mode. Not recommended for production! See https://lit.dev/msg/dev-mode for more information.
  ✓  196 [webkit] › tests/visual/data-interactions.spec.ts:122:9 › narrow-dark-rtl › record-list keyboard selection keeps a stable identity across reorder (630ms)
[WebServer] 8:27:35 AM [vite] (client) [console.warn] Lit is in dev mode. Not recommended for production! See https://lit.dev/msg/dev-mode for more information.
  ✓  197 [webkit] › tests/visual/data-interactions.spec.ts:141:9 › narrow-dark-rtl › card selection and load-more stay keyboard reachable and bounded (645ms)
[WebServer] 8:27:35 AM [vite] (client) [console.warn] Lit is in dev mode. Not recommended for production! See https://lit.dev/msg/dev-mode for more information.
  ✓  198 [webkit] › tests/visual/data-interactions.spec.ts:173:9 › narrow-dark-rtl › table keyboard sorting, selection and paging emit typed stable requests (679ms)
[WebServer] 8:27:36 AM [vite] (client) [console.warn] Lit is in dev mode. Not recommended for production! See https://lit.dev/msg/dev-mode for more information.
  ✓  199 [webkit] › tests/visual/data-interactions.spec.ts:219:9 › narrow-dark-rtl › table grid requests a bounded stable row window at the keyboard boundary (664ms)
[WebServer] 8:27:37 AM [vite] (client) [console.warn] Lit is in dev mode. Not recommended for production! See https://lit.dev/msg/dev-mode for more information.
  ✓  200 [webkit] › tests/visual/data-interactions.spec.ts:242:9 › narrow-dark-rtl › filter-builder keeps IME edits draft-only, applies explicitly, and blocks invalid or in-flight requests (621ms)
[WebServer] 8:27:37 AM [vite] (client) [console.warn] Lit is in dev mode. Not recommended for production! See https://lit.dev/msg/dev-mode for more information.
  ✓  201 [webkit] › tests/visual/data-interactions.spec.ts:281:9 › narrow-dark-rtl › selection-summary clears controlled stable selection by keyboard (561ms)
[WebServer] 8:27:38 AM [vite] (client) [console.warn] Lit is in dev mode. Not recommended for production! See https://lit.dev/msg/dev-mode for more information.
  ✓  202 [webkit] › tests/visual/visualization-interactions.spec.ts:219:11 › desktop-light visualization interactions › trend selects a stable identity with exact result lineage (626ms)
[WebServer] 8:27:39 AM [vite] (client) [console.warn] Lit is in dev mode. Not recommended for production! See https://lit.dev/msg/dev-mode for more information.
  ✓  203 [webkit] › tests/visual/visualization-interactions.spec.ts:219:11 › desktop-light visualization interactions › bar selects a stable identity with exact result lineage (651ms)
[WebServer] 8:27:39 AM [vite] (client) [console.warn] Lit is in dev mode. Not recommended for production! See https://lit.dev/msg/dev-mode for more information.
  ✓  204 [webkit] › tests/visual/visualization-interactions.spec.ts:219:11 › desktop-light visualization interactions › area selects a stable identity with exact result lineage (634ms)
[WebServer] 8:27:40 AM [vite] (client) [console.warn] Lit is in dev mode. Not recommended for production! See https://lit.dev/msg/dev-mode for more information.
  ✓  205 [webkit] › tests/visual/visualization-interactions.spec.ts:219:11 › desktop-light visualization interactions › scatter selects a stable identity with exact result lineage (635ms)
[WebServer] 8:27:40 AM [vite] (client) [console.warn] Lit is in dev mode. Not recommended for production! See https://lit.dev/msg/dev-mode for more information.
  ✓  206 [webkit] › tests/visual/visualization-interactions.spec.ts:219:11 › desktop-light visualization interactions › histogram selects a stable identity with exact result lineage (636ms)
[WebServer] 8:27:41 AM [vite] (client) [console.warn] Lit is in dev mode. Not recommended for production! See https://lit.dev/msg/dev-mode for more information.
  ✓  207 [webkit] › tests/visual/visualization-interactions.spec.ts:219:11 › desktop-light visualization interactions › heatmap selects a stable identity with exact result lineage (637ms)
[WebServer] 8:27:42 AM [vite] (client) [console.warn] Lit is in dev mode. Not recommended for production! See https://lit.dev/msg/dev-mode for more information.
  ✓  208 [webkit] › tests/visual/visualization-interactions.spec.ts:219:11 › desktop-light visualization interactions › matrix selects a stable identity with exact result lineage (609ms)
[WebServer] 8:27:42 AM [vite] (client) [console.warn] Lit is in dev mode. Not recommended for production! See https://lit.dev/msg/dev-mode for more information.
  ✓  209 [webkit] › tests/visual/visualization-interactions.spec.ts:219:11 › desktop-light visualization interactions › timeline selects a stable identity with exact result lineage (627ms)
[WebServer] 8:27:43 AM [vite] (client) [console.warn] Lit is in dev mode. Not recommended for production! See https://lit.dev/msg/dev-mode for more information.
  ✓  210 [webkit] › tests/visual/visualization-interactions.spec.ts:219:11 › desktop-light visualization interactions › calendar-grid selects a stable identity with exact result lineage (633ms)
[WebServer] 8:27:44 AM [vite] (client) [console.warn] Lit is in dev mode. Not recommended for production! See https://lit.dev/msg/dev-mode for more information.
  ✓  211 [webkit] › tests/visual/visualization-interactions.spec.ts:219:11 › desktop-light visualization interactions › tree selects a stable identity with exact result lineage (651ms)
[WebServer] 8:27:44 AM [vite] (client) [console.warn] Lit is in dev mode. Not recommended for production! See https://lit.dev/msg/dev-mode for more information.
  ✓  212 [webkit] › tests/visual/visualization-interactions.spec.ts:219:11 › desktop-light visualization interactions › treemap selects a stable identity with exact result lineage (629ms)
[WebServer] 8:27:45 AM [vite] (client) [console.warn] Lit is in dev mode. Not recommended for production! See https://lit.dev/msg/dev-mode for more information.
  ✓  213 [webkit] › tests/visual/visualization-interactions.spec.ts:219:11 › desktop-light visualization interactions › relationship selects a stable identity with exact result lineage (628ms)
[WebServer] 8:27:46 AM [vite] (client) [console.warn] Lit is in dev mode. Not recommended for production! See https://lit.dev/msg/dev-mode for more information.
  ✓  214 [webkit] › tests/visual/visualization-interactions.spec.ts:245:11 › desktop-light visualization interactions › trend keeps the existing partial and empty data states honest (312ms)
[WebServer] 8:27:46 AM [vite] (client) [console.warn] Lit is in dev mode. Not recommended for production! See https://lit.dev/msg/dev-mode for more information.
  ✓  215 [webkit] › tests/visual/visualization-interactions.spec.ts:245:11 › desktop-light visualization interactions › bar keeps the existing partial and empty data states honest (313ms)
[WebServer] 8:27:46 AM [vite] (client) [console.warn] Lit is in dev mode. Not recommended for production! See https://lit.dev/msg/dev-mode for more information.
  ✓  216 [webkit] › tests/visual/visualization-interactions.spec.ts:245:11 › desktop-light visualization interactions › area keeps the existing partial and empty data states honest (312ms)
[WebServer] 8:27:46 AM [vite] (client) [console.warn] Lit is in dev mode. Not recommended for production! See https://lit.dev/msg/dev-mode for more information.
  ✓  217 [webkit] › tests/visual/visualization-interactions.spec.ts:245:11 › desktop-light visualization interactions › scatter keeps the existing partial and empty data states honest (313ms)
[WebServer] 8:27:47 AM [vite] (client) [console.warn] Lit is in dev mode. Not recommended for production! See https://lit.dev/msg/dev-mode for more information.
  ✓  218 [webkit] › tests/visual/visualization-interactions.spec.ts:245:11 › desktop-light visualization interactions › histogram keeps the existing partial and empty data states honest (313ms)
[WebServer] 8:27:47 AM [vite] (client) [console.warn] Lit is in dev mode. Not recommended for production! See https://lit.dev/msg/dev-mode for more information.
  ✓  219 [webkit] › tests/visual/visualization-interactions.spec.ts:245:11 › desktop-light visualization interactions › heatmap keeps the existing partial and empty data states honest (313ms)
[WebServer] 8:27:47 AM [vite] (client) [console.warn] Lit is in dev mode. Not recommended for production! See https://lit.dev/msg/dev-mode for more information.
  ✓  220 [webkit] › tests/visual/visualization-interactions.spec.ts:245:11 › desktop-light visualization interactions › matrix keeps the existing partial and empty data states honest (301ms)
[WebServer] 8:27:48 AM [vite] (client) [console.warn] Lit is in dev mode. Not recommended for production! See https://lit.dev/msg/dev-mode for more information.
  ✓  221 [webkit] › tests/visual/visualization-interactions.spec.ts:245:11 › desktop-light visualization interactions › timeline keeps the existing partial and empty data states honest (308ms)
[WebServer] 8:27:48 AM [vite] (client) [console.warn] Lit is in dev mode. Not recommended for production! See https://lit.dev/msg/dev-mode for more information.
  ✓  222 [webkit] › tests/visual/visualization-interactions.spec.ts:245:11 › desktop-light visualization interactions › calendar-grid keeps the existing partial and empty data states honest (305ms)
[WebServer] 8:27:48 AM [vite] (client) [console.warn] Lit is in dev mode. Not recommended for production! See https://lit.dev/msg/dev-mode for more information.
  ✓  223 [webkit] › tests/visual/visualization-interactions.spec.ts:245:11 › desktop-light visualization interactions › tree keeps the existing partial and empty data states honest (312ms)
[WebServer] 8:27:49 AM [vite] (client) [console.warn] Lit is in dev mode. Not recommended for production! See https://lit.dev/msg/dev-mode for more information.
  ✓  224 [webkit] › tests/visual/visualization-interactions.spec.ts:245:11 › desktop-light visualization interactions › treemap keeps the existing partial and empty data states honest (314ms)
[WebServer] 8:27:49 AM [vite] (client) [console.warn] Lit is in dev mode. Not recommended for production! See https://lit.dev/msg/dev-mode for more information.
  ✓  225 [webkit] › tests/visual/visualization-interactions.spec.ts:245:11 › desktop-light visualization interactions › relationship keeps the existing partial and empty data states honest (312ms)
[WebServer] 8:27:49 AM [vite] (client) [console.warn] Lit is in dev mode. Not recommended for production! See https://lit.dev/msg/dev-mode for more information.
  ✓  226 [webkit] › tests/visual/visualization-interactions.spec.ts:219:11 › narrow-dark-rtl visualization interactions › trend selects a stable identity with exact result lineage (627ms)
[WebServer] 8:27:50 AM [vite] (client) [console.warn] Lit is in dev mode. Not recommended for production! See https://lit.dev/msg/dev-mode for more information.
  ✓  227 [webkit] › tests/visual/visualization-interactions.spec.ts:219:11 › narrow-dark-rtl visualization interactions › bar selects a stable identity with exact result lineage (638ms)
[WebServer] 8:27:51 AM [vite] (client) [console.warn] Lit is in dev mode. Not recommended for production! See https://lit.dev/msg/dev-mode for more information.
  ✓  228 [webkit] › tests/visual/visualization-interactions.spec.ts:219:11 › narrow-dark-rtl visualization interactions › area selects a stable identity with exact result lineage (616ms)
[WebServer] 8:27:51 AM [vite] (client) [console.warn] Lit is in dev mode. Not recommended for production! See https://lit.dev/msg/dev-mode for more information.
  ✓  229 [webkit] › tests/visual/visualization-interactions.spec.ts:219:11 › narrow-dark-rtl visualization interactions › scatter selects a stable identity with exact result lineage (627ms)
[WebServer] 8:27:52 AM [vite] (client) [console.warn] Lit is in dev mode. Not recommended for production! See https://lit.dev/msg/dev-mode for more information.
  ✓  230 [webkit] › tests/visual/visualization-interactions.spec.ts:219:11 › narrow-dark-rtl visualization interactions › histogram selects a stable identity with exact result lineage (620ms)
[WebServer] 8:27:52 AM [vite] (client) [console.warn] Lit is in dev mode. Not recommended for production! See https://lit.dev/msg/dev-mode for more information.
  ✓  231 [webkit] › tests/visual/visualization-interactions.spec.ts:219:11 › narrow-dark-rtl visualization interactions › heatmap selects a stable identity with exact result lineage (634ms)
[WebServer] 8:27:53 AM [vite] (client) [console.warn] Lit is in dev mode. Not recommended for production! See https://lit.dev/msg/dev-mode for more information.
  ✓  232 [webkit] › tests/visual/visualization-interactions.spec.ts:219:11 › narrow-dark-rtl visualization interactions › matrix selects a stable identity with exact result lineage (584ms)
[WebServer] 8:27:54 AM [vite] (client) [console.warn] Lit is in dev mode. Not recommended for production! See https://lit.dev/msg/dev-mode for more information.
  ✓  233 [webkit] › tests/visual/visualization-interactions.spec.ts:219:11 › narrow-dark-rtl visualization interactions › timeline selects a stable identity with exact result lineage (631ms)
[WebServer] 8:27:54 AM [vite] (client) [console.warn] Lit is in dev mode. Not recommended for production! See https://lit.dev/msg/dev-mode for more information.
  ✓  234 [webkit] › tests/visual/visualization-interactions.spec.ts:219:11 › narrow-dark-rtl visualization interactions › calendar-grid selects a stable identity with exact result lineage (636ms)
[WebServer] 8:27:55 AM [vite] (client) [console.warn] Lit is in dev mode. Not recommended for production! See https://lit.dev/msg/dev-mode for more information.
  ✓  235 [webkit] › tests/visual/visualization-interactions.spec.ts:219:11 › narrow-dark-rtl visualization interactions › tree selects a stable identity with exact result lineage (624ms)
[WebServer] 8:27:56 AM [vite] (client) [console.warn] Lit is in dev mode. Not recommended for production! See https://lit.dev/msg/dev-mode for more information.
  ✓  236 [webkit] › tests/visual/visualization-interactions.spec.ts:219:11 › narrow-dark-rtl visualization interactions › treemap selects a stable identity with exact result lineage (613ms)
[WebServer] 8:27:56 AM [vite] (client) [console.warn] Lit is in dev mode. Not recommended for production! See https://lit.dev/msg/dev-mode for more information.
  ✓  237 [webkit] › tests/visual/visualization-interactions.spec.ts:219:11 › narrow-dark-rtl visualization interactions › relationship selects a stable identity with exact result lineage (615ms)
[WebServer] 8:27:57 AM [vite] (client) [console.warn] Lit is in dev mode. Not recommended for production! See https://lit.dev/msg/dev-mode for more information.
  ✓  238 [webkit] › tests/visual/visualization-interactions.spec.ts:245:11 › narrow-dark-rtl visualization interactions › trend keeps the existing partial and empty data states honest (315ms)
[WebServer] 8:27:57 AM [vite] (client) [console.warn] Lit is in dev mode. Not recommended for production! See https://lit.dev/msg/dev-mode for more information.
  ✓  239 [webkit] › tests/visual/visualization-interactions.spec.ts:245:11 › narrow-dark-rtl visualization interactions › bar keeps the existing partial and empty data states honest (315ms)
[WebServer] 8:27:57 AM [vite] (client) [console.warn] Lit is in dev mode. Not recommended for production! See https://lit.dev/msg/dev-mode for more information.
  ✓  240 [webkit] › tests/visual/visualization-interactions.spec.ts:245:11 › narrow-dark-rtl visualization interactions › area keeps the existing partial and empty data states honest (312ms)
[WebServer] 8:27:58 AM [vite] (client) [console.warn] Lit is in dev mode. Not recommended for production! See https://lit.dev/msg/dev-mode for more information.
  ✓  241 [webkit] › tests/visual/visualization-interactions.spec.ts:245:11 › narrow-dark-rtl visualization interactions › scatter keeps the existing partial and empty data states honest (314ms)
[WebServer] 8:27:58 AM [vite] (client) [console.warn] Lit is in dev mode. Not recommended for production! See https://lit.dev/msg/dev-mode for more information.
  ✓  242 [webkit] › tests/visual/visualization-interactions.spec.ts:245:11 › narrow-dark-rtl visualization interactions › histogram keeps the existing partial and empty data states honest (310ms)
[WebServer] 8:27:58 AM [vite] (client) [console.warn] Lit is in dev mode. Not recommended for production! See https://lit.dev/msg/dev-mode for more information.
  ✓  243 [webkit] › tests/visual/visualization-interactions.spec.ts:245:11 › narrow-dark-rtl visualization interactions › heatmap keeps the existing partial and empty data states honest (316ms)
[WebServer] 8:27:59 AM [vite] (client) [console.warn] Lit is in dev mode. Not recommended for production! See https://lit.dev/msg/dev-mode for more information.
  ✓  244 [webkit] › tests/visual/visualization-interactions.spec.ts:245:11 › narrow-dark-rtl visualization interactions › matrix keeps the existing partial and empty data states honest (312ms)
[WebServer] 8:27:59 AM [vite] (client) [console.warn] Lit is in dev mode. Not recommended for production! See https://lit.dev/msg/dev-mode for more information.
  ✓  245 [webkit] › tests/visual/visualization-interactions.spec.ts:245:11 › narrow-dark-rtl visualization interactions › timeline keeps the existing partial and empty data states honest (309ms)
[WebServer] 8:27:59 AM [vite] (client) [console.warn] Lit is in dev mode. Not recommended for production! See https://lit.dev/msg/dev-mode for more information.
  ✓  246 [webkit] › tests/visual/visualization-interactions.spec.ts:245:11 › narrow-dark-rtl visualization interactions › calendar-grid keeps the existing partial and empty data states honest (308ms)
[WebServer] 8:28:00 AM [vite] (client) [console.warn] Lit is in dev mode. Not recommended for production! See https://lit.dev/msg/dev-mode for more information.
  ✓  247 [webkit] › tests/visual/visualization-interactions.spec.ts:245:11 › narrow-dark-rtl visualization interactions › tree keeps the existing partial and empty data states honest (313ms)
[WebServer] 8:28:00 AM [vite] (client) [console.warn] Lit is in dev mode. Not recommended for production! See https://lit.dev/msg/dev-mode for more information.
  ✓  248 [webkit] › tests/visual/visualization-interactions.spec.ts:245:11 › narrow-dark-rtl visualization interactions › treemap keeps the existing partial and empty data states honest (308ms)
[WebServer] 8:28:00 AM [vite] (client) [console.warn] Lit is in dev mode. Not recommended for production! See https://lit.dev/msg/dev-mode for more information.
  ✓  249 [webkit] › tests/visual/visualization-interactions.spec.ts:245:11 › narrow-dark-rtl visualization interactions › relationship keeps the existing partial and empty data states honest (303ms)
[WebServer] 8:28:01 AM [vite] (client) [console.warn] Lit is in dev mode. Not recommended for production! See https://lit.dev/msg/dev-mode for more information.
  ✓  250 [webkit] › tests/visual/visualization-interactions.spec.ts:270:9 › trend desktop-light paginates 30 rows while retaining a bounded data-only path (391ms)
[WebServer] 8:28:01 AM [vite] (client) [console.warn] Lit is in dev mode. Not recommended for production! See https://lit.dev/msg/dev-mode for more information.
  ✓  251 [webkit] › tests/visual/visualization-interactions.spec.ts:270:9 › trend narrow-dark-rtl paginates 30 rows while retaining a bounded data-only path (399ms)
[WebServer] 8:28:01 AM [vite] (client) [console.warn] Lit is in dev mode. Not recommended for production! See https://lit.dev/msg/dev-mode for more information.
  ✓  252 [webkit] › tests/visual/visualization-interactions.spec.ts:270:9 › timeline desktop-light paginates 30 rows while retaining a bounded data-only path (382ms)
[WebServer] 8:28:02 AM [vite] (client) [console.warn] Lit is in dev mode. Not recommended for production! See https://lit.dev/msg/dev-mode for more information.
  ✓  253 [webkit] › tests/visual/visualization-interactions.spec.ts:270:9 › timeline narrow-dark-rtl paginates 30 rows while retaining a bounded data-only path (394ms)
[WebServer] 8:28:02 AM [vite] (client) [console.warn] Lit is in dev mode. Not recommended for production! See https://lit.dev/msg/dev-mode for more information.
  ✓  254 [webkit] › tests/visual/visualization-interactions.spec.ts:270:9 › tree desktop-light paginates 30 rows while retaining a bounded data-only path (391ms)
[WebServer] 8:28:03 AM [vite] (client) [console.warn] Lit is in dev mode. Not recommended for production! See https://lit.dev/msg/dev-mode for more information.
  ✓  255 [webkit] › tests/visual/visualization-interactions.spec.ts:270:9 › tree narrow-dark-rtl paginates 30 rows while retaining a bounded data-only path (391ms)

  255 passed (2.3m)
