{
  "scope": "Python reference monotone operation-coverage search only; NOT product or paint benchmark",
  "environment": {
    "python": "3.14.7 (main, Aug  5 2026, 10:29:49) [Clang 21.0.0 (clang-2100.1.1.101)]",
    "platform": "macOS-26.6.2-arm64-arm-64bit-Mach-O",
    "processor": "arm"
  },
  "includes": "validation/filtering/sorting of candidate list plus greedy selection; excludes registry construction",
  "limitations": "No browser, rendering, semantic queries, graph binding, pixels, mobile hardware or real model. No threshold derived for production.",
  "observations": [
    {
      "candidates": 71,
      "requiredOperations": 4,
      "runs": 25,
      "warmups": 3,
      "samplesMs": [
        0.064667,
        0.064666,
        0.064209,
        0.0635,
        0.063708,
        0.063417,
        0.062333,
        0.061708,
        0.061583,
        0.061459,
        0.057291,
        0.054792,
        0.061334,
        0.06175,
        0.06175,
        0.0615,
        0.06125,
        0.062,
        0.059333,
        0.0585,
        0.06225,
        0.061542,
        0.061417,
        0.061333,
        0.061625
      ],
      "medianMs": 0.061625,
      "p95Ms": 0.064666,
      "maxPlanExpansions": 4
    },
    {
      "candidates": 710,
      "requiredOperations": 4,
      "runs": 25,
      "warmups": 3,
      "samplesMs": [
        0.616583,
        0.608958,
        0.606833,
        0.602625,
        0.615,
        0.64275,
        0.615583,
        0.564125,
        0.597208,
        0.607,
        0.609291,
        0.614583,
        0.604208,
        0.613292,
        0.617791,
        0.613875,
        0.631334,
        0.632125,
        0.616583,
        0.62225,
        0.621958,
        0.622042,
        0.623209,
        0.619375,
        0.626709
      ],
      "medianMs": 0.615583,
      "p95Ms": 0.632125,
      "maxPlanExpansions": 4
    },
    {
      "candidates": 7100,
      "requiredOperations": 4,
      "runs": 25,
      "warmups": 3,
      "samplesMs": [
        6.139958,
        6.102541,
        6.234292,
        6.186625,
        6.182708,
        6.434292,
        6.189792,
        6.166791,
        6.120917,
        6.217167,
        6.095125,
        6.098708,
        6.179083,
        6.122,
        6.139875,
        6.01575,
        6.135083,
        6.191708,
        6.147458,
        7.589917,
        6.209334,
        6.207625,
        6.321334,
        6.083,
        6.627833
      ],
      "medianMs": 6.179083,
      "p95Ms": 6.627833,
      "maxPlanExpansions": 4
    }
  ]
}
