✔ unknown SSR measurement is representable (0.796791ms)
✔ zero-size hidden container is real, not unknown (0.058541ms)
✔ known measurement needs a number (0.168375ms)
✔ negative measurement refused (0.483958ms)
✔ NaN and infinity refused (0.086416ms)
✔ unknown state does not carry a fictional width (0.05175ms)
✔ count unknown distinct from exact zero (0.165208ms)
✔ exact count missing value refused (0.070584ms)
✔ unsafe integer count refused (0.064625ms)
✔ negative and fractional exact counts refused (0.092125ms)
✔ estimated count missing method refused (0.053125ms)
✔ estimate may honestly state unquantified uncertainty (0.059875ms)
✔ approximate precision requires evidence (0.03775ms)
✔ inverted uncertainty interval refused (0.028292ms)
✔ precision exact is independent of sample population (0.026125ms)
✔ selection keys are stable strings (0.057875ms)
✔ selection rejects row-index numeric keys (0.030708ms)
✔ clear is explicit, empty selection ID list refused (0.041459ms)
✔ duplicate selection keys refused (0.03325ms)
✔ selection cannot self-label human approval (0.026458ms)
✔ result reference is version and scope bound (0.023125ms)
✔ function call without immutable revision refused (0.080417ms)
✔ versioned function call accepted structurally (0.0225ms)
✔ raw executable expression kind refused (0.027375ms)
✔ integer literal must not be nonfinite (0.026084ms)
✔ nonnullable null refused (0.024084ms)
✔ unsafe decimal syntax refused (0.048042ms)
✔ deep expression bounded before recursion (0.081083ms)
✔ wide expression bounded (0.059542ms)
✔ multioutput task topologically ordered (0.087292ms)
✔ queryless form/presentation examples do not have outputs (0.01925ms)
✔ missing output dependency refused (0.074667ms)
✔ duplicate output ID refused (0.025542ms)
✔ live cohort must be explicit dependency (0.042583ms)
✔ dependency cycle refused (0.038084ms)
✔ output budget cannot silently truncate (0.023125ms)
✔ containment tree accepted (0.0685ms)
✔ two parents for a node refused (0.029958ms)
✔ orphan containment refused (0.025708ms)
✔ cycle through root refused (0.0285ms)
✔ same read set can commit (0.044291ms)
✔ changed scopeDigest rejects stale proposal (0.026625ms)
✔ changed policyRevision rejects stale proposal (0.017875ms)
✔ changed taskRevision rejects stale proposal (0.026917ms)
✔ changed regionRevision rejects stale proposal (0.014625ms)
✔ changed catalogRevision rejects stale proposal (0.016417ms)
✔ changed experienceRevision rejects stale proposal (0.015042ms)
✔ changed functionRegistryDigest rejects stale proposal (0.027125ms)
✔ changed result revision rejects commit (0.021375ms)
✔ same result revision but different query is not reusable (0.017541ms)
✔ unrelated extra result does not invalidate the read set (0.019417ms)
✔ coverage requires actual registered operation (0.066708ms)
✔ self-reported coverage is not evidence (0.025167ms)
✔ coverage cannot cite a missing view (0.026792ms)
✔ coverage must bind correct output (0.025333ms)
✔ 100 seeded output DAG permutations retain dependency order (2.331625ms)
✔ 100 result permutations preserve matching preconditions (1.837875ms)
ℹ tests 57
ℹ suites 0
ℹ pass 57
ℹ fail 0
ℹ cancelled 0
ℹ skipped 0
ℹ todo 0
ℹ duration_ms 47.108959
