[WebServer] (node:56890) Warning: The 'NO_COLOR' env is ignored due to the 'FORCE_COLOR' env being set.
[WebServer] (Use `node --trace-warnings ...` to show where the warning was created)

Running 7 tests using 1 worker

(node:56900) Warning: The 'NO_COLOR' env is ignored due to the 'FORCE_COLOR' env being set.
(Use `node --trace-warnings ...` to show where the warning was created)
[WebServer] 1:57:11 AM [vite] (client) [console.warn] Lit is in dev mode. Not recommended for production! See https://lit.dev/msg/dev-mode for more information.
  ✓  1 tests/visualization/browser.spec.ts:6:5 › tree keeps bounded SVG and exact table selection (986ms)
[WebServer] 1:57:11 AM [vite] (client) [console.warn] Lit is in dev mode. Not recommended for production! See https://lit.dev/msg/dev-mode for more information.
  ✓  2 tests/visualization/browser.spec.ts:17:5 › geometry budget preserves exact data alternative (324ms)
[WebServer] 1:57:12 AM [vite] (client) [console.warn] Lit is in dev mode. Not recommended for production! See https://lit.dev/msg/dev-mode for more information.
  ✓  3 tests/visualization/browser.spec.ts:27:5 › hierarchy marks are real SVG geometry rather than HTML lookalikes (327ms)
[WebServer] 1:57:12 AM [vite] (client) [console.warn] Lit is in dev mode. Not recommended for production! See https://lit.dev/msg/dev-mode for more information.
  ✓  4 tests/visualization/browser.spec.ts:32:57 › tree real marks, keyboard selection, revocation and narrow RTL (650ms)
[WebServer] 1:57:13 AM [vite] (client) [console.warn] Lit is in dev mode. Not recommended for production! See https://lit.dev/msg/dev-mode for more information.
  ✓  5 tests/visualization/browser.spec.ts:32:57 › treemap real marks, keyboard selection, revocation and narrow RTL (572ms)
[WebServer] 1:57:13 AM [vite] (client) [console.warn] Lit is in dev mode. Not recommended for production! See https://lit.dev/msg/dev-mode for more information.
  ✓  6 tests/visualization/browser.spec.ts:32:57 › relationship real marks, keyboard selection, revocation and narrow RTL (503ms)
[WebServer] 1:57:14 AM [vite] (client) [console.warn] Lit is in dev mode. Not recommended for production! See https://lit.dev/msg/dev-mode for more information.
  ✓  7 tests/visualization/browser.spec.ts:46:5 › dense trees retain paged exact rows and focus on data refresh (359ms)

  7 passed (4.8s)
