{
  "scope": "Python reference monotone operation-coverage search only; NOT product or paint benchmark",
  "environment": {
    "python": "3.14.7 (main, Aug  5 2026, 10:29:49) [Clang 21.0.0 (clang-2100.1.1.101)]",
    "platform": "macOS-26.6.2-arm64-arm-64bit-Mach-O",
    "processor": "arm"
  },
  "includes": "validation/filtering/sorting of candidate list plus greedy selection; excludes registry construction",
  "limitations": "No browser, rendering, semantic queries, graph binding, pixels, mobile hardware or real model. No threshold derived for production.",
  "observations": [
    {
      "candidates": 71,
      "requiredOperations": 4,
      "runs": 25,
      "warmups": 3,
      "samplesMs": [
        0.064541,
        0.064,
        0.063792,
        0.063666,
        0.063458,
        0.063541,
        0.063417,
        0.062792,
        0.062,
        0.062041,
        0.061791,
        0.062583,
        0.061583,
        0.061875,
        0.062208,
        0.062917,
        0.062792,
        0.0635,
        0.063041,
        0.06325,
        0.063292,
        0.063083,
        0.062166,
        0.062042,
        0.061792
      ],
      "medianMs": 0.062917,
      "p95Ms": 0.064,
      "maxPlanExpansions": 4
    },
    {
      "candidates": 710,
      "requiredOperations": 4,
      "runs": 25,
      "warmups": 3,
      "samplesMs": [
        0.699334,
        0.629958,
        0.661125,
        0.630708,
        0.625208,
        0.624334,
        0.740625,
        0.616125,
        0.60775,
        0.605833,
        0.601667,
        0.618708,
        0.605792,
        0.604792,
        0.606708,
        0.618209,
        0.663916,
        0.623125,
        0.634,
        0.653083,
        0.611458,
        0.737417,
        0.615542,
        0.618958,
        0.613333
      ],
      "medianMs": 0.618958,
      "p95Ms": 0.737417,
      "maxPlanExpansions": 4
    },
    {
      "candidates": 7100,
      "requiredOperations": 4,
      "runs": 25,
      "warmups": 3,
      "samplesMs": [
        6.361,
        6.18575,
        6.150916,
        6.175083,
        6.030458,
        6.32825,
        6.08625,
        6.607417,
        6.219209,
        6.256708,
        6.492459,
        6.265375,
        6.282708,
        6.217708,
        6.347625,
        6.362083,
        6.388125,
        6.195084,
        6.364167,
        7.826583,
        6.518167,
        6.427833,
        6.286291,
        6.371333,
        6.103958
      ],
      "medianMs": 6.286291,
      "p95Ms": 6.607417,
      "maxPlanExpansions": 4
    }
  ]
}
