✔ unknown SSR measurement is representable (0.83075ms)
✔ zero-size hidden container is real, not unknown (0.062917ms)
✔ known measurement needs a number (0.169375ms)
✔ negative measurement refused (0.398625ms)
✔ NaN and infinity refused (0.114125ms)
✔ unknown state does not carry a fictional width (0.068542ms)
✔ count unknown distinct from exact zero (0.102459ms)
✔ exact count missing value refused (0.064709ms)
✔ unsafe integer count refused (0.053459ms)
✔ negative and fractional exact counts refused (0.099125ms)
✔ estimated count missing method refused (0.115542ms)
✔ estimate may honestly state unquantified uncertainty (0.085292ms)
✔ approximate precision requires evidence (0.052834ms)
✔ inverted uncertainty interval refused (0.037167ms)
✔ precision exact is independent of sample population (0.054792ms)
✔ selection keys are stable strings (0.089792ms)
✔ selection rejects row-index numeric keys (0.067ms)
✔ clear is explicit, empty selection ID list refused (0.117042ms)
✔ duplicate selection keys refused (0.060209ms)
✔ selection cannot self-label human approval (0.039292ms)
✔ result reference is version and scope bound (0.030375ms)
✔ function call without immutable revision refused (0.113292ms)
✔ versioned function call accepted structurally (0.030125ms)
✔ raw executable expression kind refused (0.038042ms)
✔ integer literal must not be nonfinite (0.032917ms)
✔ nonnullable null refused (0.029083ms)
✔ unsafe decimal syntax refused (0.07ms)
✔ deep expression bounded before recursion (0.103042ms)
✔ wide expression bounded (0.094417ms)
✔ multioutput task topologically ordered (0.111708ms)
✔ queryless form/presentation examples do not have outputs (0.024375ms)
✔ missing output dependency refused (0.087875ms)
✔ duplicate output ID refused (0.031666ms)
✔ live cohort must be explicit dependency (0.053791ms)
✔ dependency cycle refused (0.04275ms)
✔ output budget cannot silently truncate (0.029792ms)
✔ containment tree accepted (0.0815ms)
✔ two parents for a node refused (0.047083ms)
✔ orphan containment refused (0.0315ms)
✔ cycle through root refused (0.033625ms)
✔ same read set can commit (0.048417ms)
✔ changed scopeDigest rejects stale proposal (0.031208ms)
✔ changed policyRevision rejects stale proposal (0.015916ms)
✔ changed taskRevision rejects stale proposal (0.029584ms)
✔ changed regionRevision rejects stale proposal (0.016583ms)
✔ changed catalogRevision rejects stale proposal (0.018333ms)
✔ changed experienceRevision rejects stale proposal (0.018083ms)
✔ changed functionRegistryDigest rejects stale proposal (0.016292ms)
✔ changed result revision rejects commit (0.025667ms)
✔ same result revision but different query is not reusable (0.020042ms)
✔ unrelated extra result does not invalidate the read set (0.022209ms)
✔ coverage requires actual registered operation (0.079625ms)
✔ self-reported coverage is not evidence (0.030167ms)
✔ coverage cannot cite a missing view (0.03025ms)
✔ coverage must bind correct output (0.028625ms)
✔ 100 seeded output DAG permutations retain dependency order (2.518041ms)
✔ 100 result permutations preserve matching preconditions (1.927333ms)
ℹ tests 57
ℹ suites 0
ℹ pass 57
ℹ fail 0
ℹ cancelled 0
ℹ skipped 0
ℹ todo 0
ℹ duration_ms 53.166166
