$ pnpm build:core && pnpm --filter @aeliqo/web build && pnpm --filter @aeliqo/next-platform-fixture build && playwright test --config tests/next-platform/playwright.config.mjs
$ pnpm --filter @aeliqo/core build
$ tsc -p tsconfig.json && node scripts/generate-schemas.mjs
$ tsc -p tsconfig.json
$ next build
▲ Next.js 16.3.4 (Turbopack)
✓ Running next.config.mjs took 8ms

  Creating an optimized production build ...
✓ Compiled successfully in 1231ms
  Running TypeScript ...
  Finished TypeScript in 495ms ...
  Collecting page data using 4 workers ...
  Generating static pages using 4 workers (0/2) ...
✓ Generating static pages using 4 workers (2/2) in 180ms
  Finalizing page optimization ...

Route (app)
┌ ƒ /
└ ○ /_not-found


○  (Static)   prerendered as static content
ƒ  (Dynamic)  server-rendered on demand

[WebServer] (node:9790) Warning: The 'NO_COLOR' env is ignored due to the 'FORCE_COLOR' env being set.
[WebServer] (Use `node --trace-warnings ...` to show where the warning was created)
[WebServer] (node:9791) Warning: The 'NO_COLOR' env is ignored due to the 'FORCE_COLOR' env being set.
[WebServer] (Use `node --trace-warnings ...` to show where the warning was created)

Running 1 test using 1 worker

(node:9797) Warning: The 'NO_COLOR' env is ignored due to the 'FORCE_COLOR' env being set.
(Use `node --trace-warnings ...` to show where the warning was created)
  ✓  1 tests/next-platform/next.spec.ts:3:5 › Next App Router serves real shadow content and hydrates a controlled form (238ms)

  1 passed (1.0s)
