harness/evidence/t33/676db22-final-candidate/build-output.txt: OK
harness/evidence/t33/676db22-final-candidate/candidate/aeliqo-agent-0.1.0-rc.1.tgz: OK
harness/evidence/t33/676db22-final-candidate/candidate/aeliqo-core-0.1.0-rc.1.tgz: OK
harness/evidence/t33/676db22-final-candidate/candidate/aeliqo-devtools-0.1.0-rc.1.tgz: OK
harness/evidence/t33/676db22-final-candidate/candidate/aeliqo-react-0.1.0-rc.1.tgz: OK
harness/evidence/t33/676db22-final-candidate/candidate/aeliqo-runtime-0.1.0-rc.1.tgz: OK
harness/evidence/t33/676db22-final-candidate/candidate/aeliqo-web-0.1.0-rc.1.tgz: OK
harness/evidence/t33/676db22-final-candidate/candidate/consumer.json: OK
harness/evidence/t33/676db22-final-candidate/candidate/manifest.json: OK
harness/evidence/t33/676db22-final-candidate/candidate/sbom.cdx.json: OK
harness/evidence/t33/676db22-final-candidate/candidate/secret-scan.json: OK
harness/evidence/t33/676db22-final-candidate/rebuild-output.txt: OK
harness/evidence/t33/676db22-final-candidate/rebuild/aeliqo-agent-0.1.0-rc.1.tgz: OK
harness/evidence/t33/676db22-final-candidate/rebuild/aeliqo-core-0.1.0-rc.1.tgz: OK
harness/evidence/t33/676db22-final-candidate/rebuild/aeliqo-devtools-0.1.0-rc.1.tgz: OK
harness/evidence/t33/676db22-final-candidate/rebuild/aeliqo-react-0.1.0-rc.1.tgz: OK
harness/evidence/t33/676db22-final-candidate/rebuild/aeliqo-runtime-0.1.0-rc.1.tgz: OK
harness/evidence/t33/676db22-final-candidate/rebuild/aeliqo-web-0.1.0-rc.1.tgz: OK
harness/evidence/t33/676db22-final-candidate/rebuild/consumer.json: OK
harness/evidence/t33/676db22-final-candidate/rebuild/manifest.json: OK
harness/evidence/t33/676db22-final-candidate/rebuild/sbom.cdx.json: OK
harness/evidence/t33/676db22-final-candidate/rebuild/secret-scan.json: OK
harness/evidence/t33/676db22-final-candidate/reproducibility.json: OK
harness/evidence/t33/676db22-final-candidate/source-identity.json: OK
