test_balance_not_sum_over_time (test_math.NumericalContractTests.test_balance_not_sum_over_time) ... ok
test_calendar_three_months_not_ninety_days (test_math.NumericalContractTests.test_calendar_three_months_not_ninety_days) ... ok
test_distinct_counts_not_additive (test_math.NumericalContractTests.test_distinct_counts_not_additive) ... ok
test_fanout_mutant_is_detected (test_math.NumericalContractTests.test_fanout_mutant_is_detected) ... ok
test_fixed_cohort_not_per_week_winner (test_math.NumericalContractTests.test_fixed_cohort_not_per_week_winner) ... ok
test_half_open_periods_do_not_overlap (test_math.NumericalContractTests.test_half_open_periods_do_not_overlap) ... ok
test_identity_count_not_row_count (test_math.NumericalContractTests.test_identity_count_not_row_count) ... ok
test_large_money_exact_decimal (test_math.NumericalContractTests.test_large_money_exact_decimal) ... ok
test_local_day_not_fixed_24_hours (test_math.NumericalContractTests.test_local_day_not_fixed_24_hours) ... ok
test_mean_and_pooled_answer_different_questions (test_math.NumericalContractTests.test_mean_and_pooled_answer_different_questions) ... ok
test_missing_observation_not_absence (test_math.NumericalContractTests.test_missing_observation_not_absence) ... ok
test_missing_pair_exclusion_is_declared (test_math.NumericalContractTests.test_missing_pair_exclusion_is_declared) ... ok
test_mix_shift_totals_do_not_imply_every_group_worse (test_math.NumericalContractTests.test_mix_shift_totals_do_not_imply_every_group_worse) ... ok
test_no_observations_is_unknown (test_math.NumericalContractTests.test_no_observations_is_unknown) ... ok
test_partial_page_cannot_prove_global_winner (test_math.NumericalContractTests.test_partial_page_cannot_prove_global_winner) ... ok
test_permutations_preserve_exact_pooled_rate_100_seeds (test_math.NumericalContractTests.test_permutations_preserve_exact_pooled_rate_100_seeds) ... ok
test_shards_preserve_sufficient_statistics_100_seeds (test_math.NumericalContractTests.test_shards_preserve_sufficient_statistics_100_seeds) ... ok
test_sql_python_equivalence_300_seeds (test_math.NumericalContractTests.test_sql_python_equivalence_300_seeds) ... /opt/homebrew/Cellar/python@3.14/3.14.7/Frameworks/Python.framework/Versions/3.14/lib/python3.14/fractions.py:237: ResourceWarning: unclosed database in <sqlite3.Connection object at 0x10843d4e0>
  self = super(Fraction, cls).__new__(cls)
ResourceWarning: Enable tracemalloc to get the object allocation traceback
/opt/homebrew/Cellar/python@3.14/3.14.7/Frameworks/Python.framework/Versions/3.14/lib/python3.14/fractions.py:237: ResourceWarning: unclosed database in <sqlite3.Connection object at 0x1080f4b80>
  self = super(Fraction, cls).__new__(cls)
ResourceWarning: Enable tracemalloc to get the object allocation traceback
/opt/homebrew/Cellar/python@3.14/3.14.7/Frameworks/Python.framework/Versions/3.14/lib/python3.14/fractions.py:237: ResourceWarning: unclosed database in <sqlite3.Connection object at 0x107e41990>
  self = super(Fraction, cls).__new__(cls)
ResourceWarning: Enable tracemalloc to get the object allocation traceback
/opt/homebrew/Cellar/python@3.14/3.14.7/Frameworks/Python.framework/Versions/3.14/lib/python3.14/fractions.py:237: ResourceWarning: unclosed database in <sqlite3.Connection object at 0x10843d210>
  self = super(Fraction, cls).__new__(cls)
ResourceWarning: Enable tracemalloc to get the object allocation traceback
/opt/homebrew/Cellar/python@3.14/3.14.7/Frameworks/Python.framework/Versions/3.14/lib/python3.14/fractions.py:237: ResourceWarning: unclosed database in <sqlite3.Connection object at 0x10843d5d0>
  self = super(Fraction, cls).__new__(cls)
ResourceWarning: Enable tracemalloc to get the object allocation traceback
/opt/homebrew/Cellar/python@3.14/3.14.7/Frameworks/Python.framework/Versions/3.14/lib/python3.14/fractions.py:237: ResourceWarning: unclosed database in <sqlite3.Connection object at 0x10843d6c0>
  self = super(Fraction, cls).__new__(cls)
ResourceWarning: Enable tracemalloc to get the object allocation traceback
/opt/homebrew/Cellar/python@3.14/3.14.7/Frameworks/Python.framework/Versions/3.14/lib/python3.14/fractions.py:237: ResourceWarning: unclosed database in <sqlite3.Connection object at 0x10843d7b0>
  self = super(Fraction, cls).__new__(cls)
ResourceWarning: Enable tracemalloc to get the object allocation traceback
/opt/homebrew/Cellar/python@3.14/3.14.7/Frameworks/Python.framework/Versions/3.14/lib/python3.14/fractions.py:237: ResourceWarning: unclosed database in <sqlite3.Connection object at 0x10843d8a0>
  self = super(Fraction, cls).__new__(cls)
ResourceWarning: Enable tracemalloc to get the object allocation traceback
/opt/homebrew/Cellar/python@3.14/3.14.7/Frameworks/Python.framework/Versions/3.14/lib/python3.14/fractions.py:237: ResourceWarning: unclosed database in <sqlite3.Connection object at 0x10843d990>
  self = super(Fraction, cls).__new__(cls)
ResourceWarning: Enable tracemalloc to get the object allocation traceback
/opt/homebrew/Cellar/python@3.14/3.14.7/Frameworks/Python.framework/Versions/3.14/lib/python3.14/fractions.py:237: ResourceWarning: unclosed database in <sqlite3.Connection object at 0x10843da80>
  self = super(Fraction, cls).__new__(cls)
ResourceWarning: Enable tracemalloc to get the object allocation traceback
/opt/homebrew/Cellar/python@3.14/3.14.7/Frameworks/Python.framework/Versions/3.14/lib/python3.14/fractions.py:237: ResourceWarning: unclosed database in <sqlite3.Connection object at 0x10843db70>
  self = super(Fraction, cls).__new__(cls)
ResourceWarning: Enable tracemalloc to get the object allocation traceback
/opt/homebrew/Cellar/python@3.14/3.14.7/Frameworks/Python.framework/Versions/3.14/lib/python3.14/fractions.py:237: ResourceWarning: unclosed database in <sqlite3.Connection object at 0x10843dc60>
  self = super(Fraction, cls).__new__(cls)
ResourceWarning: Enable tracemalloc to get the object allocation traceback
/opt/homebrew/Cellar/python@3.14/3.14.7/Frameworks/Python.framework/Versions/3.14/lib/python3.14/fractions.py:237: ResourceWarning: unclosed database in <sqlite3.Connection object at 0x10843dd50>
  self = super(Fraction, cls).__new__(cls)
ResourceWarning: Enable tracemalloc to get the object allocation traceback
/opt/homebrew/Cellar/python@3.14/3.14.7/Frameworks/Python.framework/Versions/3.14/lib/python3.14/fractions.py:237: ResourceWarning: unclosed database in <sqlite3.Connection object at 0x10843de40>
  self = super(Fraction, cls).__new__(cls)
ResourceWarning: Enable tracemalloc to get the object allocation traceback
/opt/homebrew/Cellar/python@3.14/3.14.7/Frameworks/Python.framework/Versions/3.14/lib/python3.14/fractions.py:237: ResourceWarning: unclosed database in <sqlite3.Connection object at 0x10843df30>
  self = super(Fraction, cls).__new__(cls)
ResourceWarning: Enable tracemalloc to get the object allocation traceback
/opt/homebrew/Cellar/python@3.14/3.14.7/Frameworks/Python.framework/Versions/3.14/lib/python3.14/fractions.py:237: ResourceWarning: unclosed database in <sqlite3.Connection object at 0x10843e020>
  self = super(Fraction, cls).__new__(cls)
ResourceWarning: Enable tracemalloc to get the object allocation traceback
/opt/homebrew/Cellar/python@3.14/3.14.7/Frameworks/Python.framework/Versions/3.14/lib/python3.14/fractions.py:237: ResourceWarning: unclosed database in <sqlite3.Connection object at 0x10843e110>
  self = super(Fraction, cls).__new__(cls)
ResourceWarning: Enable tracemalloc to get the object allocation traceback
/opt/homebrew/Cellar/python@3.14/3.14.7/Frameworks/Python.framework/Versions/3.14/lib/python3.14/fractions.py:237: ResourceWarning: unclosed database in <sqlite3.Connection object at 0x10843e200>
  self = super(Fraction, cls).__new__(cls)
ResourceWarning: Enable tracemalloc to get the object allocation traceback
/opt/homebrew/Cellar/python@3.14/3.14.7/Frameworks/Python.framework/Versions/3.14/lib/python3.14/fractions.py:237: ResourceWarning: unclosed database in <sqlite3.Connection object at 0x10843e2f0>
  self = super(Fraction, cls).__new__(cls)
ResourceWarning: Enable tracemalloc to get the object allocation traceback
/opt/homebrew/Cellar/python@3.14/3.14.7/Frameworks/Python.framework/Versions/3.14/lib/python3.14/fractions.py:237: ResourceWarning: unclosed database in <sqlite3.Connection object at 0x10843e3e0>
  self = super(Fraction, cls).__new__(cls)
ResourceWarning: Enable tracemalloc to get the object allocation traceback
/opt/homebrew/Cellar/python@3.14/3.14.7/Frameworks/Python.framework/Versions/3.14/lib/python3.14/fractions.py:237: ResourceWarning: unclosed database in <sqlite3.Connection object at 0x10843e4d0>
  self = super(Fraction, cls).__new__(cls)
ResourceWarning: Enable tracemalloc to get the object allocation traceback
/opt/homebrew/Cellar/python@3.14/3.14.7/Frameworks/Python.framework/Versions/3.14/lib/python3.14/fractions.py:237: ResourceWarning: unclosed database in <sqlite3.Connection object at 0x10843e5c0>
  self = super(Fraction, cls).__new__(cls)
ResourceWarning: Enable tracemalloc to get the object allocation traceback
/opt/homebrew/Cellar/python@3.14/3.14.7/Frameworks/Python.framework/Versions/3.14/lib/python3.14/fractions.py:237: ResourceWarning: unclosed database in <sqlite3.Connection object at 0x10843e6b0>
  self = super(Fraction, cls).__new__(cls)
ResourceWarning: Enable tracemalloc to get the object allocation traceback
/opt/homebrew/Cellar/python@3.14/3.14.7/Frameworks/Python.framework/Versions/3.14/lib/python3.14/fractions.py:237: ResourceWarning: unclosed database in <sqlite3.Connection object at 0x10843e7a0>
  self = super(Fraction, cls).__new__(cls)
ResourceWarning: Enable tracemalloc to get the object allocation traceback
/opt/homebrew/Cellar/python@3.14/3.14.7/Frameworks/Python.framework/Versions/3.14/lib/python3.14/fractions.py:237: ResourceWarning: unclosed database in <sqlite3.Connection object at 0x10843e890>
  self = super(Fraction, cls).__new__(cls)
ResourceWarning: Enable tracemalloc to get the object allocation traceback
/opt/homebrew/Cellar/python@3.14/3.14.7/Frameworks/Python.framework/Versions/3.14/lib/python3.14/fractions.py:237: ResourceWarning: unclosed database in <sqlite3.Connection object at 0x10843e980>
  self = super(Fraction, cls).__new__(cls)
ResourceWarning: Enable tracemalloc to get the object allocation traceback
/opt/homebrew/Cellar/python@3.14/3.14.7/Frameworks/Python.framework/Versions/3.14/lib/python3.14/fractions.py:237: ResourceWarning: unclosed database in <sqlite3.Connection object at 0x10843ea70>
  self = super(Fraction, cls).__new__(cls)
ResourceWarning: Enable tracemalloc to get the object allocation traceback
/opt/homebrew/Cellar/python@3.14/3.14.7/Frameworks/Python.framework/Versions/3.14/lib/python3.14/fractions.py:237: ResourceWarning: unclosed database in <sqlite3.Connection object at 0x10843eb60>
  self = super(Fraction, cls).__new__(cls)
ResourceWarning: Enable tracemalloc to get the object allocation traceback
/opt/homebrew/Cellar/python@3.14/3.14.7/Frameworks/Python.framework/Versions/3.14/lib/python3.14/fractions.py:237: ResourceWarning: unclosed database in <sqlite3.Connection object at 0x10843ec50>
  self = super(Fraction, cls).__new__(cls)
ResourceWarning: Enable tracemalloc to get the object allocation traceback
/opt/homebrew/Cellar/python@3.14/3.14.7/Frameworks/Python.framework/Versions/3.14/lib/python3.14/fractions.py:237: ResourceWarning: unclosed database in <sqlite3.Connection object at 0x10843ed40>
  self = super(Fraction, cls).__new__(cls)
ResourceWarning: Enable tracemalloc to get the object allocation traceback
/opt/homebrew/Cellar/python@3.14/3.14.7/Frameworks/Python.framework/Versions/3.14/lib/python3.14/fractions.py:237: ResourceWarning: unclosed database in <sqlite3.Connection object at 0x10843ee30>
  self = super(Fraction, cls).__new__(cls)
ResourceWarning: Enable tracemalloc to get the object allocation traceback
/opt/homebrew/Cellar/python@3.14/3.14.7/Frameworks/Python.framework/Versions/3.14/lib/python3.14/fractions.py:237: ResourceWarning: unclosed database in <sqlite3.Connection object at 0x10843ef20>
  self = super(Fraction, cls).__new__(cls)
ResourceWarning: Enable tracemalloc to get the object allocation traceback
/opt/homebrew/Cellar/python@3.14/3.14.7/Frameworks/Python.framework/Versions/3.14/lib/python3.14/fractions.py:237: ResourceWarning: unclosed database in <sqlite3.Connection object at 0x10843f010>
  self = super(Fraction, cls).__new__(cls)
ResourceWarning: Enable tracemalloc to get the object allocation traceback
/opt/homebrew/Cellar/python@3.14/3.14.7/Frameworks/Python.framework/Versions/3.14/lib/python3.14/fractions.py:237: ResourceWarning: unclosed database in <sqlite3.Connection object at 0x10843f100>
  self = super(Fraction, cls).__new__(cls)
ResourceWarning: Enable tracemalloc to get the object allocation traceback
/opt/homebrew/Cellar/python@3.14/3.14.7/Frameworks/Python.framework/Versions/3.14/lib/python3.14/fractions.py:237: ResourceWarning: unclosed database in <sqlite3.Connection object at 0x10843f1f0>
  self = super(Fraction, cls).__new__(cls)
ResourceWarning: Enable tracemalloc to get the object allocation traceback
/opt/homebrew/Cellar/python@3.14/3.14.7/Frameworks/Python.framework/Versions/3.14/lib/python3.14/fractions.py:237: ResourceWarning: unclosed database in <sqlite3.Connection object at 0x10843f2e0>
  self = super(Fraction, cls).__new__(cls)
ResourceWarning: Enable tracemalloc to get the object allocation traceback
/opt/homebrew/Cellar/python@3.14/3.14.7/Frameworks/Python.framework/Versions/3.14/lib/python3.14/fractions.py:237: ResourceWarning: unclosed database in <sqlite3.Connection object at 0x10843f3d0>
  self = super(Fraction, cls).__new__(cls)
ResourceWarning: Enable tracemalloc to get the object allocation traceback
/opt/homebrew/Cellar/python@3.14/3.14.7/Frameworks/Python.framework/Versions/3.14/lib/python3.14/fractions.py:237: ResourceWarning: unclosed database in <sqlite3.Connection object at 0x10843f4c0>
  self = super(Fraction, cls).__new__(cls)
ResourceWarning: Enable tracemalloc to get the object allocation traceback
/opt/homebrew/Cellar/python@3.14/3.14.7/Frameworks/Python.framework/Versions/3.14/lib/python3.14/fractions.py:237: ResourceWarning: unclosed database in <sqlite3.Connection object at 0x10843f5b0>
  self = super(Fraction, cls).__new__(cls)
ResourceWarning: Enable tracemalloc to get the object allocation traceback
/opt/homebrew/Cellar/python@3.14/3.14.7/Frameworks/Python.framework/Versions/3.14/lib/python3.14/fractions.py:237: ResourceWarning: unclosed database in <sqlite3.Connection object at 0x10843f6a0>
  self = super(Fraction, cls).__new__(cls)
ResourceWarning: Enable tracemalloc to get the object allocation traceback
/opt/homebrew/Cellar/python@3.14/3.14.7/Frameworks/Python.framework/Versions/3.14/lib/python3.14/fractions.py:237: ResourceWarning: unclosed database in <sqlite3.Connection object at 0x10843f790>
  self = super(Fraction, cls).__new__(cls)
ResourceWarning: Enable tracemalloc to get the object allocation traceback
/opt/homebrew/Cellar/python@3.14/3.14.7/Frameworks/Python.framework/Versions/3.14/lib/python3.14/fractions.py:237: ResourceWarning: unclosed database in <sqlite3.Connection object at 0x10843f880>
  self = super(Fraction, cls).__new__(cls)
ResourceWarning: Enable tracemalloc to get the object allocation traceback
/opt/homebrew/Cellar/python@3.14/3.14.7/Frameworks/Python.framework/Versions/3.14/lib/python3.14/fractions.py:237: ResourceWarning: unclosed database in <sqlite3.Connection object at 0x10843f970>
  self = super(Fraction, cls).__new__(cls)
ResourceWarning: Enable tracemalloc to get the object allocation traceback
/opt/homebrew/Cellar/python@3.14/3.14.7/Frameworks/Python.framework/Versions/3.14/lib/python3.14/fractions.py:237: ResourceWarning: unclosed database in <sqlite3.Connection object at 0x10843fa60>
  self = super(Fraction, cls).__new__(cls)
ResourceWarning: Enable tracemalloc to get the object allocation traceback
/opt/homebrew/Cellar/python@3.14/3.14.7/Frameworks/Python.framework/Versions/3.14/lib/python3.14/fractions.py:237: ResourceWarning: unclosed database in <sqlite3.Connection object at 0x10843fb50>
  self = super(Fraction, cls).__new__(cls)
ResourceWarning: Enable tracemalloc to get the object allocation traceback
/opt/homebrew/Cellar/python@3.14/3.14.7/Frameworks/Python.framework/Versions/3.14/lib/python3.14/fractions.py:237: ResourceWarning: unclosed database in <sqlite3.Connection object at 0x10843fc40>
  self = super(Fraction, cls).__new__(cls)
ResourceWarning: Enable tracemalloc to get the object allocation traceback
/opt/homebrew/Cellar/python@3.14/3.14.7/Frameworks/Python.framework/Versions/3.14/lib/python3.14/fractions.py:237: ResourceWarning: unclosed database in <sqlite3.Connection object at 0x10843fd30>
  self = super(Fraction, cls).__new__(cls)
ResourceWarning: Enable tracemalloc to get the object allocation traceback
/opt/homebrew/Cellar/python@3.14/3.14.7/Frameworks/Python.framework/Versions/3.14/lib/python3.14/fractions.py:237: ResourceWarning: unclosed database in <sqlite3.Connection object at 0x10843fe20>
  self = super(Fraction, cls).__new__(cls)
ResourceWarning: Enable tracemalloc to get the object allocation traceback
/opt/homebrew/Cellar/python@3.14/3.14.7/Frameworks/Python.framework/Versions/3.14/lib/python3.14/fractions.py:237: ResourceWarning: unclosed database in <sqlite3.Connection object at 0x10843ff10>
  self = super(Fraction, cls).__new__(cls)
ResourceWarning: Enable tracemalloc to get the object allocation traceback
/opt/homebrew/Cellar/python@3.14/3.14.7/Frameworks/Python.framework/Versions/3.14/lib/python3.14/fractions.py:237: ResourceWarning: unclosed database in <sqlite3.Connection object at 0x108494040>
  self = super(Fraction, cls).__new__(cls)
ResourceWarning: Enable tracemalloc to get the object allocation traceback
/opt/homebrew/Cellar/python@3.14/3.14.7/Frameworks/Python.framework/Versions/3.14/lib/python3.14/fractions.py:237: ResourceWarning: unclosed database in <sqlite3.Connection object at 0x108494130>
  self = super(Fraction, cls).__new__(cls)
ResourceWarning: Enable tracemalloc to get the object allocation traceback
/opt/homebrew/Cellar/python@3.14/3.14.7/Frameworks/Python.framework/Versions/3.14/lib/python3.14/fractions.py:237: ResourceWarning: unclosed database in <sqlite3.Connection object at 0x108494220>
  self = super(Fraction, cls).__new__(cls)
ResourceWarning: Enable tracemalloc to get the object allocation traceback
/opt/homebrew/Cellar/python@3.14/3.14.7/Frameworks/Python.framework/Versions/3.14/lib/python3.14/fractions.py:237: ResourceWarning: unclosed database in <sqlite3.Connection object at 0x108494310>
  self = super(Fraction, cls).__new__(cls)
ResourceWarning: Enable tracemalloc to get the object allocation traceback
/opt/homebrew/Cellar/python@3.14/3.14.7/Frameworks/Python.framework/Versions/3.14/lib/python3.14/fractions.py:237: ResourceWarning: unclosed database in <sqlite3.Connection object at 0x108494400>
  self = super(Fraction, cls).__new__(cls)
ResourceWarning: Enable tracemalloc to get the object allocation traceback
/opt/homebrew/Cellar/python@3.14/3.14.7/Frameworks/Python.framework/Versions/3.14/lib/python3.14/fractions.py:237: ResourceWarning: unclosed database in <sqlite3.Connection object at 0x1084944f0>
  self = super(Fraction, cls).__new__(cls)
ResourceWarning: Enable tracemalloc to get the object allocation traceback
/opt/homebrew/Cellar/python@3.14/3.14.7/Frameworks/Python.framework/Versions/3.14/lib/python3.14/fractions.py:237: ResourceWarning: unclosed database in <sqlite3.Connection object at 0x1084945e0>
  self = super(Fraction, cls).__new__(cls)
ResourceWarning: Enable tracemalloc to get the object allocation traceback
/opt/homebrew/Cellar/python@3.14/3.14.7/Frameworks/Python.framework/Versions/3.14/lib/python3.14/fractions.py:237: ResourceWarning: unclosed database in <sqlite3.Connection object at 0x1084946d0>
  self = super(Fraction, cls).__new__(cls)
ResourceWarning: Enable tracemalloc to get the object allocation traceback
/opt/homebrew/Cellar/python@3.14/3.14.7/Frameworks/Python.framework/Versions/3.14/lib/python3.14/fractions.py:237: ResourceWarning: unclosed database in <sqlite3.Connection object at 0x1084947c0>
  self = super(Fraction, cls).__new__(cls)
ResourceWarning: Enable tracemalloc to get the object allocation traceback
/opt/homebrew/Cellar/python@3.14/3.14.7/Frameworks/Python.framework/Versions/3.14/lib/python3.14/fractions.py:237: ResourceWarning: unclosed database in <sqlite3.Connection object at 0x1084948b0>
  self = super(Fraction, cls).__new__(cls)
ResourceWarning: Enable tracemalloc to get the object allocation traceback
/opt/homebrew/Cellar/python@3.14/3.14.7/Frameworks/Python.framework/Versions/3.14/lib/python3.14/fractions.py:237: ResourceWarning: unclosed database in <sqlite3.Connection object at 0x1084949a0>
  self = super(Fraction, cls).__new__(cls)
ResourceWarning: Enable tracemalloc to get the object allocation traceback
/opt/homebrew/Cellar/python@3.14/3.14.7/Frameworks/Python.framework/Versions/3.14/lib/python3.14/fractions.py:237: ResourceWarning: unclosed database in <sqlite3.Connection object at 0x108494a90>
  self = super(Fraction, cls).__new__(cls)
ResourceWarning: Enable tracemalloc to get the object allocation traceback
/opt/homebrew/Cellar/python@3.14/3.14.7/Frameworks/Python.framework/Versions/3.14/lib/python3.14/fractions.py:237: ResourceWarning: unclosed database in <sqlite3.Connection object at 0x108494b80>
  self = super(Fraction, cls).__new__(cls)
ResourceWarning: Enable tracemalloc to get the object allocation traceback
/opt/homebrew/Cellar/python@3.14/3.14.7/Frameworks/Python.framework/Versions/3.14/lib/python3.14/fractions.py:237: ResourceWarning: unclosed database in <sqlite3.Connection object at 0x108494c70>
  self = super(Fraction, cls).__new__(cls)
ResourceWarning: Enable tracemalloc to get the object allocation traceback
/opt/homebrew/Cellar/python@3.14/3.14.7/Frameworks/Python.framework/Versions/3.14/lib/python3.14/fractions.py:237: ResourceWarning: unclosed database in <sqlite3.Connection object at 0x108494d60>
  self = super(Fraction, cls).__new__(cls)
ResourceWarning: Enable tracemalloc to get the object allocation traceback
/opt/homebrew/Cellar/python@3.14/3.14.7/Frameworks/Python.framework/Versions/3.14/lib/python3.14/fractions.py:237: ResourceWarning: unclosed database in <sqlite3.Connection object at 0x108494e50>
  self = super(Fraction, cls).__new__(cls)
ResourceWarning: Enable tracemalloc to get the object allocation traceback
/opt/homebrew/Cellar/python@3.14/3.14.7/Frameworks/Python.framework/Versions/3.14/lib/python3.14/fractions.py:237: ResourceWarning: unclosed database in <sqlite3.Connection object at 0x108494f40>
  self = super(Fraction, cls).__new__(cls)
ResourceWarning: Enable tracemalloc to get the object allocation traceback
/opt/homebrew/Cellar/python@3.14/3.14.7/Frameworks/Python.framework/Versions/3.14/lib/python3.14/fractions.py:237: ResourceWarning: unclosed database in <sqlite3.Connection object at 0x108495030>
  self = super(Fraction, cls).__new__(cls)
ResourceWarning: Enable tracemalloc to get the object allocation traceback
/opt/homebrew/Cellar/python@3.14/3.14.7/Frameworks/Python.framework/Versions/3.14/lib/python3.14/fractions.py:237: ResourceWarning: unclosed database in <sqlite3.Connection object at 0x108495120>
  self = super(Fraction, cls).__new__(cls)
ResourceWarning: Enable tracemalloc to get the object allocation traceback
/opt/homebrew/Cellar/python@3.14/3.14.7/Frameworks/Python.framework/Versions/3.14/lib/python3.14/fractions.py:237: ResourceWarning: unclosed database in <sqlite3.Connection object at 0x108495210>
  self = super(Fraction, cls).__new__(cls)
ResourceWarning: Enable tracemalloc to get the object allocation traceback
/opt/homebrew/Cellar/python@3.14/3.14.7/Frameworks/Python.framework/Versions/3.14/lib/python3.14/fractions.py:237: ResourceWarning: unclosed database in <sqlite3.Connection object at 0x108495300>
  self = super(Fraction, cls).__new__(cls)
ResourceWarning: Enable tracemalloc to get the object allocation traceback
/opt/homebrew/Cellar/python@3.14/3.14.7/Frameworks/Python.framework/Versions/3.14/lib/python3.14/fractions.py:237: ResourceWarning: unclosed database in <sqlite3.Connection object at 0x1084953f0>
  self = super(Fraction, cls).__new__(cls)
ResourceWarning: Enable tracemalloc to get the object allocation traceback
/opt/homebrew/Cellar/python@3.14/3.14.7/Frameworks/Python.framework/Versions/3.14/lib/python3.14/fractions.py:237: ResourceWarning: unclosed database in <sqlite3.Connection object at 0x1084954e0>
  self = super(Fraction, cls).__new__(cls)
ResourceWarning: Enable tracemalloc to get the object allocation traceback
/opt/homebrew/Cellar/python@3.14/3.14.7/Frameworks/Python.framework/Versions/3.14/lib/python3.14/fractions.py:237: ResourceWarning: unclosed database in <sqlite3.Connection object at 0x1084955d0>
  self = super(Fraction, cls).__new__(cls)
ResourceWarning: Enable tracemalloc to get the object allocation traceback
/opt/homebrew/Cellar/python@3.14/3.14.7/Frameworks/Python.framework/Versions/3.14/lib/python3.14/fractions.py:237: ResourceWarning: unclosed database in <sqlite3.Connection object at 0x1084956c0>
  self = super(Fraction, cls).__new__(cls)
ResourceWarning: Enable tracemalloc to get the object allocation traceback
/opt/homebrew/Cellar/python@3.14/3.14.7/Frameworks/Python.framework/Versions/3.14/lib/python3.14/fractions.py:237: ResourceWarning: unclosed database in <sqlite3.Connection object at 0x1084957b0>
  self = super(Fraction, cls).__new__(cls)
ResourceWarning: Enable tracemalloc to get the object allocation traceback
/opt/homebrew/Cellar/python@3.14/3.14.7/Frameworks/Python.framework/Versions/3.14/lib/python3.14/fractions.py:237: ResourceWarning: unclosed database in <sqlite3.Connection object at 0x1084958a0>
  self = super(Fraction, cls).__new__(cls)
ResourceWarning: Enable tracemalloc to get the object allocation traceback
/opt/homebrew/Cellar/python@3.14/3.14.7/Frameworks/Python.framework/Versions/3.14/lib/python3.14/fractions.py:237: ResourceWarning: unclosed database in <sqlite3.Connection object at 0x108495990>
  self = super(Fraction, cls).__new__(cls)
ResourceWarning: Enable tracemalloc to get the object allocation traceback
/opt/homebrew/Cellar/python@3.14/3.14.7/Frameworks/Python.framework/Versions/3.14/lib/python3.14/fractions.py:237: ResourceWarning: unclosed database in <sqlite3.Connection object at 0x108495a80>
  self = super(Fraction, cls).__new__(cls)
ResourceWarning: Enable tracemalloc to get the object allocation traceback
/opt/homebrew/Cellar/python@3.14/3.14.7/Frameworks/Python.framework/Versions/3.14/lib/python3.14/fractions.py:237: ResourceWarning: unclosed database in <sqlite3.Connection object at 0x108495b70>
  self = super(Fraction, cls).__new__(cls)
ResourceWarning: Enable tracemalloc to get the object allocation traceback
/opt/homebrew/Cellar/python@3.14/3.14.7/Frameworks/Python.framework/Versions/3.14/lib/python3.14/fractions.py:237: ResourceWarning: unclosed database in <sqlite3.Connection object at 0x108495c60>
  self = super(Fraction, cls).__new__(cls)
ResourceWarning: Enable tracemalloc to get the object allocation traceback
/opt/homebrew/Cellar/python@3.14/3.14.7/Frameworks/Python.framework/Versions/3.14/lib/python3.14/fractions.py:237: ResourceWarning: unclosed database in <sqlite3.Connection object at 0x108495d50>
  self = super(Fraction, cls).__new__(cls)
ResourceWarning: Enable tracemalloc to get the object allocation traceback
/opt/homebrew/Cellar/python@3.14/3.14.7/Frameworks/Python.framework/Versions/3.14/lib/python3.14/fractions.py:237: ResourceWarning: unclosed database in <sqlite3.Connection object at 0x108495e40>
  self = super(Fraction, cls).__new__(cls)
ResourceWarning: Enable tracemalloc to get the object allocation traceback
/opt/homebrew/Cellar/python@3.14/3.14.7/Frameworks/Python.framework/Versions/3.14/lib/python3.14/fractions.py:237: ResourceWarning: unclosed database in <sqlite3.Connection object at 0x108495f30>
  self = super(Fraction, cls).__new__(cls)
ResourceWarning: Enable tracemalloc to get the object allocation traceback
/opt/homebrew/Cellar/python@3.14/3.14.7/Frameworks/Python.framework/Versions/3.14/lib/python3.14/fractions.py:237: ResourceWarning: unclosed database in <sqlite3.Connection object at 0x108496020>
  self = super(Fraction, cls).__new__(cls)
ResourceWarning: Enable tracemalloc to get the object allocation traceback
/opt/homebrew/Cellar/python@3.14/3.14.7/Frameworks/Python.framework/Versions/3.14/lib/python3.14/fractions.py:237: ResourceWarning: unclosed database in <sqlite3.Connection object at 0x108496110>
  self = super(Fraction, cls).__new__(cls)
ResourceWarning: Enable tracemalloc to get the object allocation traceback
/opt/homebrew/Cellar/python@3.14/3.14.7/Frameworks/Python.framework/Versions/3.14/lib/python3.14/fractions.py:237: ResourceWarning: unclosed database in <sqlite3.Connection object at 0x108496200>
  self = super(Fraction, cls).__new__(cls)
ResourceWarning: Enable tracemalloc to get the object allocation traceback
/opt/homebrew/Cellar/python@3.14/3.14.7/Frameworks/Python.framework/Versions/3.14/lib/python3.14/fractions.py:237: ResourceWarning: unclosed database in <sqlite3.Connection object at 0x1084962f0>
  self = super(Fraction, cls).__new__(cls)
ResourceWarning: Enable tracemalloc to get the object allocation traceback
/opt/homebrew/Cellar/python@3.14/3.14.7/Frameworks/Python.framework/Versions/3.14/lib/python3.14/fractions.py:237: ResourceWarning: unclosed database in <sqlite3.Connection object at 0x1084963e0>
  self = super(Fraction, cls).__new__(cls)
ResourceWarning: Enable tracemalloc to get the object allocation traceback
/opt/homebrew/Cellar/python@3.14/3.14.7/Frameworks/Python.framework/Versions/3.14/lib/python3.14/fractions.py:237: ResourceWarning: unclosed database in <sqlite3.Connection object at 0x1084964d0>
  self = super(Fraction, cls).__new__(cls)
ResourceWarning: Enable tracemalloc to get the object allocation traceback
/opt/homebrew/Cellar/python@3.14/3.14.7/Frameworks/Python.framework/Versions/3.14/lib/python3.14/fractions.py:237: ResourceWarning: unclosed database in <sqlite3.Connection object at 0x1084965c0>
  self = super(Fraction, cls).__new__(cls)
ResourceWarning: Enable tracemalloc to get the object allocation traceback
/opt/homebrew/Cellar/python@3.14/3.14.7/Frameworks/Python.framework/Versions/3.14/lib/python3.14/fractions.py:237: ResourceWarning: unclosed database in <sqlite3.Connection object at 0x1084966b0>
  self = super(Fraction, cls).__new__(cls)
ResourceWarning: Enable tracemalloc to get the object allocation traceback
/opt/homebrew/Cellar/python@3.14/3.14.7/Frameworks/Python.framework/Versions/3.14/lib/python3.14/fractions.py:237: ResourceWarning: unclosed database in <sqlite3.Connection object at 0x1084967a0>
  self = super(Fraction, cls).__new__(cls)
ResourceWarning: Enable tracemalloc to get the object allocation traceback
/opt/homebrew/Cellar/python@3.14/3.14.7/Frameworks/Python.framework/Versions/3.14/lib/python3.14/fractions.py:237: ResourceWarning: unclosed database in <sqlite3.Connection object at 0x108496890>
  self = super(Fraction, cls).__new__(cls)
ResourceWarning: Enable tracemalloc to get the object allocation traceback
/opt/homebrew/Cellar/python@3.14/3.14.7/Frameworks/Python.framework/Versions/3.14/lib/python3.14/fractions.py:237: ResourceWarning: unclosed database in <sqlite3.Connection object at 0x108496980>
  self = super(Fraction, cls).__new__(cls)
ResourceWarning: Enable tracemalloc to get the object allocation traceback
/opt/homebrew/Cellar/python@3.14/3.14.7/Frameworks/Python.framework/Versions/3.14/lib/python3.14/fractions.py:237: ResourceWarning: unclosed database in <sqlite3.Connection object at 0x108496a70>
  self = super(Fraction, cls).__new__(cls)
ResourceWarning: Enable tracemalloc to get the object allocation traceback
/opt/homebrew/Cellar/python@3.14/3.14.7/Frameworks/Python.framework/Versions/3.14/lib/python3.14/fractions.py:237: ResourceWarning: unclosed database in <sqlite3.Connection object at 0x108496b60>
  self = super(Fraction, cls).__new__(cls)
ResourceWarning: Enable tracemalloc to get the object allocation traceback
/opt/homebrew/Cellar/python@3.14/3.14.7/Frameworks/Python.framework/Versions/3.14/lib/python3.14/fractions.py:237: ResourceWarning: unclosed database in <sqlite3.Connection object at 0x108496c50>
  self = super(Fraction, cls).__new__(cls)
ResourceWarning: Enable tracemalloc to get the object allocation traceback
/opt/homebrew/Cellar/python@3.14/3.14.7/Frameworks/Python.framework/Versions/3.14/lib/python3.14/fractions.py:237: ResourceWarning: unclosed database in <sqlite3.Connection object at 0x108496d40>
  self = super(Fraction, cls).__new__(cls)
ResourceWarning: Enable tracemalloc to get the object allocation traceback
/opt/homebrew/Cellar/python@3.14/3.14.7/Frameworks/Python.framework/Versions/3.14/lib/python3.14/fractions.py:237: ResourceWarning: unclosed database in <sqlite3.Connection object at 0x108496e30>
  self = super(Fraction, cls).__new__(cls)
ResourceWarning: Enable tracemalloc to get the object allocation traceback
/opt/homebrew/Cellar/python@3.14/3.14.7/Frameworks/Python.framework/Versions/3.14/lib/python3.14/fractions.py:237: ResourceWarning: unclosed database in <sqlite3.Connection object at 0x108496f20>
  self = super(Fraction, cls).__new__(cls)
ResourceWarning: Enable tracemalloc to get the object allocation traceback
/opt/homebrew/Cellar/python@3.14/3.14.7/Frameworks/Python.framework/Versions/3.14/lib/python3.14/fractions.py:237: ResourceWarning: unclosed database in <sqlite3.Connection object at 0x108497010>
  self = super(Fraction, cls).__new__(cls)
ResourceWarning: Enable tracemalloc to get the object allocation traceback
/opt/homebrew/Cellar/python@3.14/3.14.7/Frameworks/Python.framework/Versions/3.14/lib/python3.14/fractions.py:237: ResourceWarning: unclosed database in <sqlite3.Connection object at 0x108497100>
  self = super(Fraction, cls).__new__(cls)
ResourceWarning: Enable tracemalloc to get the object allocation traceback
/opt/homebrew/Cellar/python@3.14/3.14.7/Frameworks/Python.framework/Versions/3.14/lib/python3.14/fractions.py:237: ResourceWarning: unclosed database in <sqlite3.Connection object at 0x1084971f0>
  self = super(Fraction, cls).__new__(cls)
ResourceWarning: Enable tracemalloc to get the object allocation traceback
/opt/homebrew/Cellar/python@3.14/3.14.7/Frameworks/Python.framework/Versions/3.14/lib/python3.14/fractions.py:237: ResourceWarning: unclosed database in <sqlite3.Connection object at 0x1084972e0>
  self = super(Fraction, cls).__new__(cls)
ResourceWarning: Enable tracemalloc to get the object allocation traceback
/opt/homebrew/Cellar/python@3.14/3.14.7/Frameworks/Python.framework/Versions/3.14/lib/python3.14/fractions.py:237: ResourceWarning: unclosed database in <sqlite3.Connection object at 0x1084973d0>
  self = super(Fraction, cls).__new__(cls)
ResourceWarning: Enable tracemalloc to get the object allocation traceback
/opt/homebrew/Cellar/python@3.14/3.14.7/Frameworks/Python.framework/Versions/3.14/lib/python3.14/fractions.py:237: ResourceWarning: unclosed database in <sqlite3.Connection object at 0x1084974c0>
  self = super(Fraction, cls).__new__(cls)
ResourceWarning: Enable tracemalloc to get the object allocation traceback
/Users/nino/WORKS/Personal/Idea/Project/products/aeliqo/scripts/semantic_reference.py:39: ResourceWarning: unclosed database in <sqlite3.Connection object at 0x107e41990>
  result={g:Fraction(n,d) for g,n,d in db.execute('SELECT g,SUM(n),SUM(d) FROM observations GROUP BY g')}
ResourceWarning: Enable tracemalloc to get the object allocation traceback
/Users/nino/WORKS/Personal/Idea/Project/products/aeliqo/scripts/semantic_reference.py:39: ResourceWarning: unclosed database in <sqlite3.Connection object at 0x1080f4b80>
  result={g:Fraction(n,d) for g,n,d in db.execute('SELECT g,SUM(n),SUM(d) FROM observations GROUP BY g')}
ResourceWarning: Enable tracemalloc to get the object allocation traceback
/Users/nino/WORKS/Personal/Idea/Project/products/aeliqo/scripts/semantic_reference.py:39: ResourceWarning: unclosed database in <sqlite3.Connection object at 0x10843ff10>
  result={g:Fraction(n,d) for g,n,d in db.execute('SELECT g,SUM(n),SUM(d) FROM observations GROUP BY g')}
ResourceWarning: Enable tracemalloc to get the object allocation traceback
/Users/nino/WORKS/Personal/Idea/Project/products/aeliqo/scripts/semantic_reference.py:39: ResourceWarning: unclosed database in <sqlite3.Connection object at 0x10843fe20>
  result={g:Fraction(n,d) for g,n,d in db.execute('SELECT g,SUM(n),SUM(d) FROM observations GROUP BY g')}
ResourceWarning: Enable tracemalloc to get the object allocation traceback
/Users/nino/WORKS/Personal/Idea/Project/products/aeliqo/scripts/semantic_reference.py:39: ResourceWarning: unclosed database in <sqlite3.Connection object at 0x10843fd30>
  result={g:Fraction(n,d) for g,n,d in db.execute('SELECT g,SUM(n),SUM(d) FROM observations GROUP BY g')}
ResourceWarning: Enable tracemalloc to get the object allocation traceback
/Users/nino/WORKS/Personal/Idea/Project/products/aeliqo/scripts/semantic_reference.py:39: ResourceWarning: unclosed database in <sqlite3.Connection object at 0x10843fc40>
  result={g:Fraction(n,d) for g,n,d in db.execute('SELECT g,SUM(n),SUM(d) FROM observations GROUP BY g')}
ResourceWarning: Enable tracemalloc to get the object allocation traceback
/Users/nino/WORKS/Personal/Idea/Project/products/aeliqo/scripts/semantic_reference.py:39: ResourceWarning: unclosed database in <sqlite3.Connection object at 0x10843fb50>
  result={g:Fraction(n,d) for g,n,d in db.execute('SELECT g,SUM(n),SUM(d) FROM observations GROUP BY g')}
ResourceWarning: Enable tracemalloc to get the object allocation traceback
/Users/nino/WORKS/Personal/Idea/Project/products/aeliqo/scripts/semantic_reference.py:39: ResourceWarning: unclosed database in <sqlite3.Connection object at 0x10843fa60>
  result={g:Fraction(n,d) for g,n,d in db.execute('SELECT g,SUM(n),SUM(d) FROM observations GROUP BY g')}
ResourceWarning: Enable tracemalloc to get the object allocation traceback
/Users/nino/WORKS/Personal/Idea/Project/products/aeliqo/scripts/semantic_reference.py:39: ResourceWarning: unclosed database in <sqlite3.Connection object at 0x10843f970>
  result={g:Fraction(n,d) for g,n,d in db.execute('SELECT g,SUM(n),SUM(d) FROM observations GROUP BY g')}
ResourceWarning: Enable tracemalloc to get the object allocation traceback
/Users/nino/WORKS/Personal/Idea/Project/products/aeliqo/scripts/semantic_reference.py:39: ResourceWarning: unclosed database in <sqlite3.Connection object at 0x10843f880>
  result={g:Fraction(n,d) for g,n,d in db.execute('SELECT g,SUM(n),SUM(d) FROM observations GROUP BY g')}
ResourceWarning: Enable tracemalloc to get the object allocation traceback
/Users/nino/WORKS/Personal/Idea/Project/products/aeliqo/scripts/semantic_reference.py:39: ResourceWarning: unclosed database in <sqlite3.Connection object at 0x10843f790>
  result={g:Fraction(n,d) for g,n,d in db.execute('SELECT g,SUM(n),SUM(d) FROM observations GROUP BY g')}
ResourceWarning: Enable tracemalloc to get the object allocation traceback
/Users/nino/WORKS/Personal/Idea/Project/products/aeliqo/scripts/semantic_reference.py:39: ResourceWarning: unclosed database in <sqlite3.Connection object at 0x10843f6a0>
  result={g:Fraction(n,d) for g,n,d in db.execute('SELECT g,SUM(n),SUM(d) FROM observations GROUP BY g')}
ResourceWarning: Enable tracemalloc to get the object allocation traceback
/Users/nino/WORKS/Personal/Idea/Project/products/aeliqo/scripts/semantic_reference.py:39: ResourceWarning: unclosed database in <sqlite3.Connection object at 0x10843f5b0>
  result={g:Fraction(n,d) for g,n,d in db.execute('SELECT g,SUM(n),SUM(d) FROM observations GROUP BY g')}
ResourceWarning: Enable tracemalloc to get the object allocation traceback
/Users/nino/WORKS/Personal/Idea/Project/products/aeliqo/scripts/semantic_reference.py:39: ResourceWarning: unclosed database in <sqlite3.Connection object at 0x10843f4c0>
  result={g:Fraction(n,d) for g,n,d in db.execute('SELECT g,SUM(n),SUM(d) FROM observations GROUP BY g')}
ResourceWarning: Enable tracemalloc to get the object allocation traceback
/Users/nino/WORKS/Personal/Idea/Project/products/aeliqo/scripts/semantic_reference.py:39: ResourceWarning: unclosed database in <sqlite3.Connection object at 0x10843f3d0>
  result={g:Fraction(n,d) for g,n,d in db.execute('SELECT g,SUM(n),SUM(d) FROM observations GROUP BY g')}
ResourceWarning: Enable tracemalloc to get the object allocation traceback
/Users/nino/WORKS/Personal/Idea/Project/products/aeliqo/scripts/semantic_reference.py:39: ResourceWarning: unclosed database in <sqlite3.Connection object at 0x10843f2e0>
  result={g:Fraction(n,d) for g,n,d in db.execute('SELECT g,SUM(n),SUM(d) FROM observations GROUP BY g')}
ResourceWarning: Enable tracemalloc to get the object allocation traceback
/Users/nino/WORKS/Personal/Idea/Project/products/aeliqo/scripts/semantic_reference.py:39: ResourceWarning: unclosed database in <sqlite3.Connection object at 0x10843f1f0>
  result={g:Fraction(n,d) for g,n,d in db.execute('SELECT g,SUM(n),SUM(d) FROM observations GROUP BY g')}
ResourceWarning: Enable tracemalloc to get the object allocation traceback
/Users/nino/WORKS/Personal/Idea/Project/products/aeliqo/scripts/semantic_reference.py:39: ResourceWarning: unclosed database in <sqlite3.Connection object at 0x10843f100>
  result={g:Fraction(n,d) for g,n,d in db.execute('SELECT g,SUM(n),SUM(d) FROM observations GROUP BY g')}
ResourceWarning: Enable tracemalloc to get the object allocation traceback
/Users/nino/WORKS/Personal/Idea/Project/products/aeliqo/scripts/semantic_reference.py:39: ResourceWarning: unclosed database in <sqlite3.Connection object at 0x10843f010>
  result={g:Fraction(n,d) for g,n,d in db.execute('SELECT g,SUM(n),SUM(d) FROM observations GROUP BY g')}
ResourceWarning: Enable tracemalloc to get the object allocation traceback
/Users/nino/WORKS/Personal/Idea/Project/products/aeliqo/scripts/semantic_reference.py:39: ResourceWarning: unclosed database in <sqlite3.Connection object at 0x10843ef20>
  result={g:Fraction(n,d) for g,n,d in db.execute('SELECT g,SUM(n),SUM(d) FROM observations GROUP BY g')}
ResourceWarning: Enable tracemalloc to get the object allocation traceback
/Users/nino/WORKS/Personal/Idea/Project/products/aeliqo/scripts/semantic_reference.py:39: ResourceWarning: unclosed database in <sqlite3.Connection object at 0x10843ee30>
  result={g:Fraction(n,d) for g,n,d in db.execute('SELECT g,SUM(n),SUM(d) FROM observations GROUP BY g')}
ResourceWarning: Enable tracemalloc to get the object allocation traceback
/Users/nino/WORKS/Personal/Idea/Project/products/aeliqo/scripts/semantic_reference.py:39: ResourceWarning: unclosed database in <sqlite3.Connection object at 0x10843ed40>
  result={g:Fraction(n,d) for g,n,d in db.execute('SELECT g,SUM(n),SUM(d) FROM observations GROUP BY g')}
ResourceWarning: Enable tracemalloc to get the object allocation traceback
/Users/nino/WORKS/Personal/Idea/Project/products/aeliqo/scripts/semantic_reference.py:39: ResourceWarning: unclosed database in <sqlite3.Connection object at 0x10843ec50>
  result={g:Fraction(n,d) for g,n,d in db.execute('SELECT g,SUM(n),SUM(d) FROM observations GROUP BY g')}
ResourceWarning: Enable tracemalloc to get the object allocation traceback
/Users/nino/WORKS/Personal/Idea/Project/products/aeliqo/scripts/semantic_reference.py:39: ResourceWarning: unclosed database in <sqlite3.Connection object at 0x10843eb60>
  result={g:Fraction(n,d) for g,n,d in db.execute('SELECT g,SUM(n),SUM(d) FROM observations GROUP BY g')}
ResourceWarning: Enable tracemalloc to get the object allocation traceback
/Users/nino/WORKS/Personal/Idea/Project/products/aeliqo/scripts/semantic_reference.py:39: ResourceWarning: unclosed database in <sqlite3.Connection object at 0x10843ea70>
  result={g:Fraction(n,d) for g,n,d in db.execute('SELECT g,SUM(n),SUM(d) FROM observations GROUP BY g')}
ResourceWarning: Enable tracemalloc to get the object allocation traceback
/Users/nino/WORKS/Personal/Idea/Project/products/aeliqo/scripts/semantic_reference.py:39: ResourceWarning: unclosed database in <sqlite3.Connection object at 0x10843e980>
  result={g:Fraction(n,d) for g,n,d in db.execute('SELECT g,SUM(n),SUM(d) FROM observations GROUP BY g')}
ResourceWarning: Enable tracemalloc to get the object allocation traceback
/Users/nino/WORKS/Personal/Idea/Project/products/aeliqo/scripts/semantic_reference.py:39: ResourceWarning: unclosed database in <sqlite3.Connection object at 0x10843e890>
  result={g:Fraction(n,d) for g,n,d in db.execute('SELECT g,SUM(n),SUM(d) FROM observations GROUP BY g')}
ResourceWarning: Enable tracemalloc to get the object allocation traceback
/Users/nino/WORKS/Personal/Idea/Project/products/aeliqo/scripts/semantic_reference.py:39: ResourceWarning: unclosed database in <sqlite3.Connection object at 0x10843e7a0>
  result={g:Fraction(n,d) for g,n,d in db.execute('SELECT g,SUM(n),SUM(d) FROM observations GROUP BY g')}
ResourceWarning: Enable tracemalloc to get the object allocation traceback
/Users/nino/WORKS/Personal/Idea/Project/products/aeliqo/scripts/semantic_reference.py:39: ResourceWarning: unclosed database in <sqlite3.Connection object at 0x10843e6b0>
  result={g:Fraction(n,d) for g,n,d in db.execute('SELECT g,SUM(n),SUM(d) FROM observations GROUP BY g')}
ResourceWarning: Enable tracemalloc to get the object allocation traceback
/Users/nino/WORKS/Personal/Idea/Project/products/aeliqo/scripts/semantic_reference.py:39: ResourceWarning: unclosed database in <sqlite3.Connection object at 0x10843e5c0>
  result={g:Fraction(n,d) for g,n,d in db.execute('SELECT g,SUM(n),SUM(d) FROM observations GROUP BY g')}
ResourceWarning: Enable tracemalloc to get the object allocation traceback
/Users/nino/WORKS/Personal/Idea/Project/products/aeliqo/scripts/semantic_reference.py:39: ResourceWarning: unclosed database in <sqlite3.Connection object at 0x10843e4d0>
  result={g:Fraction(n,d) for g,n,d in db.execute('SELECT g,SUM(n),SUM(d) FROM observations GROUP BY g')}
ResourceWarning: Enable tracemalloc to get the object allocation traceback
/Users/nino/WORKS/Personal/Idea/Project/products/aeliqo/scripts/semantic_reference.py:39: ResourceWarning: unclosed database in <sqlite3.Connection object at 0x10843e3e0>
  result={g:Fraction(n,d) for g,n,d in db.execute('SELECT g,SUM(n),SUM(d) FROM observations GROUP BY g')}
ResourceWarning: Enable tracemalloc to get the object allocation traceback
/Users/nino/WORKS/Personal/Idea/Project/products/aeliqo/scripts/semantic_reference.py:39: ResourceWarning: unclosed database in <sqlite3.Connection object at 0x10843e2f0>
  result={g:Fraction(n,d) for g,n,d in db.execute('SELECT g,SUM(n),SUM(d) FROM observations GROUP BY g')}
ResourceWarning: Enable tracemalloc to get the object allocation traceback
/Users/nino/WORKS/Personal/Idea/Project/products/aeliqo/scripts/semantic_reference.py:39: ResourceWarning: unclosed database in <sqlite3.Connection object at 0x10843e200>
  result={g:Fraction(n,d) for g,n,d in db.execute('SELECT g,SUM(n),SUM(d) FROM observations GROUP BY g')}
ResourceWarning: Enable tracemalloc to get the object allocation traceback
/Users/nino/WORKS/Personal/Idea/Project/products/aeliqo/scripts/semantic_reference.py:39: ResourceWarning: unclosed database in <sqlite3.Connection object at 0x10843e110>
  result={g:Fraction(n,d) for g,n,d in db.execute('SELECT g,SUM(n),SUM(d) FROM observations GROUP BY g')}
ResourceWarning: Enable tracemalloc to get the object allocation traceback
/Users/nino/WORKS/Personal/Idea/Project/products/aeliqo/scripts/semantic_reference.py:39: ResourceWarning: unclosed database in <sqlite3.Connection object at 0x10843e020>
  result={g:Fraction(n,d) for g,n,d in db.execute('SELECT g,SUM(n),SUM(d) FROM observations GROUP BY g')}
ResourceWarning: Enable tracemalloc to get the object allocation traceback
/Users/nino/WORKS/Personal/Idea/Project/products/aeliqo/scripts/semantic_reference.py:39: ResourceWarning: unclosed database in <sqlite3.Connection object at 0x10843df30>
  result={g:Fraction(n,d) for g,n,d in db.execute('SELECT g,SUM(n),SUM(d) FROM observations GROUP BY g')}
ResourceWarning: Enable tracemalloc to get the object allocation traceback
/Users/nino/WORKS/Personal/Idea/Project/products/aeliqo/scripts/semantic_reference.py:39: ResourceWarning: unclosed database in <sqlite3.Connection object at 0x10843de40>
  result={g:Fraction(n,d) for g,n,d in db.execute('SELECT g,SUM(n),SUM(d) FROM observations GROUP BY g')}
ResourceWarning: Enable tracemalloc to get the object allocation traceback
/Users/nino/WORKS/Personal/Idea/Project/products/aeliqo/scripts/semantic_reference.py:39: ResourceWarning: unclosed database in <sqlite3.Connection object at 0x10843dd50>
  result={g:Fraction(n,d) for g,n,d in db.execute('SELECT g,SUM(n),SUM(d) FROM observations GROUP BY g')}
ResourceWarning: Enable tracemalloc to get the object allocation traceback
/Users/nino/WORKS/Personal/Idea/Project/products/aeliqo/scripts/semantic_reference.py:39: ResourceWarning: unclosed database in <sqlite3.Connection object at 0x10843dc60>
  result={g:Fraction(n,d) for g,n,d in db.execute('SELECT g,SUM(n),SUM(d) FROM observations GROUP BY g')}
ResourceWarning: Enable tracemalloc to get the object allocation traceback
/Users/nino/WORKS/Personal/Idea/Project/products/aeliqo/scripts/semantic_reference.py:39: ResourceWarning: unclosed database in <sqlite3.Connection object at 0x10843db70>
  result={g:Fraction(n,d) for g,n,d in db.execute('SELECT g,SUM(n),SUM(d) FROM observations GROUP BY g')}
ResourceWarning: Enable tracemalloc to get the object allocation traceback
/Users/nino/WORKS/Personal/Idea/Project/products/aeliqo/scripts/semantic_reference.py:39: ResourceWarning: unclosed database in <sqlite3.Connection object at 0x10843da80>
  result={g:Fraction(n,d) for g,n,d in db.execute('SELECT g,SUM(n),SUM(d) FROM observations GROUP BY g')}
ResourceWarning: Enable tracemalloc to get the object allocation traceback
/Users/nino/WORKS/Personal/Idea/Project/products/aeliqo/scripts/semantic_reference.py:39: ResourceWarning: unclosed database in <sqlite3.Connection object at 0x10843d990>
  result={g:Fraction(n,d) for g,n,d in db.execute('SELECT g,SUM(n),SUM(d) FROM observations GROUP BY g')}
ResourceWarning: Enable tracemalloc to get the object allocation traceback
/Users/nino/WORKS/Personal/Idea/Project/products/aeliqo/scripts/semantic_reference.py:39: ResourceWarning: unclosed database in <sqlite3.Connection object at 0x10843d8a0>
  result={g:Fraction(n,d) for g,n,d in db.execute('SELECT g,SUM(n),SUM(d) FROM observations GROUP BY g')}
ResourceWarning: Enable tracemalloc to get the object allocation traceback
/Users/nino/WORKS/Personal/Idea/Project/products/aeliqo/scripts/semantic_reference.py:39: ResourceWarning: unclosed database in <sqlite3.Connection object at 0x10843d7b0>
  result={g:Fraction(n,d) for g,n,d in db.execute('SELECT g,SUM(n),SUM(d) FROM observations GROUP BY g')}
ResourceWarning: Enable tracemalloc to get the object allocation traceback
/Users/nino/WORKS/Personal/Idea/Project/products/aeliqo/scripts/semantic_reference.py:39: ResourceWarning: unclosed database in <sqlite3.Connection object at 0x10843d6c0>
  result={g:Fraction(n,d) for g,n,d in db.execute('SELECT g,SUM(n),SUM(d) FROM observations GROUP BY g')}
ResourceWarning: Enable tracemalloc to get the object allocation traceback
/Users/nino/WORKS/Personal/Idea/Project/products/aeliqo/scripts/semantic_reference.py:39: ResourceWarning: unclosed database in <sqlite3.Connection object at 0x10843d5d0>
  result={g:Fraction(n,d) for g,n,d in db.execute('SELECT g,SUM(n),SUM(d) FROM observations GROUP BY g')}
ResourceWarning: Enable tracemalloc to get the object allocation traceback
/Users/nino/WORKS/Personal/Idea/Project/products/aeliqo/scripts/semantic_reference.py:39: ResourceWarning: unclosed database in <sqlite3.Connection object at 0x10843d210>
  result={g:Fraction(n,d) for g,n,d in db.execute('SELECT g,SUM(n),SUM(d) FROM observations GROUP BY g')}
ResourceWarning: Enable tracemalloc to get the object allocation traceback
/Users/nino/WORKS/Personal/Idea/Project/products/aeliqo/scripts/semantic_reference.py:39: ResourceWarning: unclosed database in <sqlite3.Connection object at 0x10843d4e0>
  result={g:Fraction(n,d) for g,n,d in db.execute('SELECT g,SUM(n),SUM(d) FROM observations GROUP BY g')}
ResourceWarning: Enable tracemalloc to get the object allocation traceback
/Users/nino/WORKS/Personal/Idea/Project/products/aeliqo/scripts/semantic_reference.py:39: ResourceWarning: unclosed database in <sqlite3.Connection object at 0x1084974c0>
  result={g:Fraction(n,d) for g,n,d in db.execute('SELECT g,SUM(n),SUM(d) FROM observations GROUP BY g')}
ResourceWarning: Enable tracemalloc to get the object allocation traceback
/Users/nino/WORKS/Personal/Idea/Project/products/aeliqo/scripts/semantic_reference.py:39: ResourceWarning: unclosed database in <sqlite3.Connection object at 0x1084973d0>
  result={g:Fraction(n,d) for g,n,d in db.execute('SELECT g,SUM(n),SUM(d) FROM observations GROUP BY g')}
ResourceWarning: Enable tracemalloc to get the object allocation traceback
/Users/nino/WORKS/Personal/Idea/Project/products/aeliqo/scripts/semantic_reference.py:39: ResourceWarning: unclosed database in <sqlite3.Connection object at 0x1084972e0>
  result={g:Fraction(n,d) for g,n,d in db.execute('SELECT g,SUM(n),SUM(d) FROM observations GROUP BY g')}
ResourceWarning: Enable tracemalloc to get the object allocation traceback
/Users/nino/WORKS/Personal/Idea/Project/products/aeliqo/scripts/semantic_reference.py:39: ResourceWarning: unclosed database in <sqlite3.Connection object at 0x1084971f0>
  result={g:Fraction(n,d) for g,n,d in db.execute('SELECT g,SUM(n),SUM(d) FROM observations GROUP BY g')}
ResourceWarning: Enable tracemalloc to get the object allocation traceback
/Users/nino/WORKS/Personal/Idea/Project/products/aeliqo/scripts/semantic_reference.py:39: ResourceWarning: unclosed database in <sqlite3.Connection object at 0x108497100>
  result={g:Fraction(n,d) for g,n,d in db.execute('SELECT g,SUM(n),SUM(d) FROM observations GROUP BY g')}
ResourceWarning: Enable tracemalloc to get the object allocation traceback
/Users/nino/WORKS/Personal/Idea/Project/products/aeliqo/scripts/semantic_reference.py:39: ResourceWarning: unclosed database in <sqlite3.Connection object at 0x108497010>
  result={g:Fraction(n,d) for g,n,d in db.execute('SELECT g,SUM(n),SUM(d) FROM observations GROUP BY g')}
ResourceWarning: Enable tracemalloc to get the object allocation traceback
/Users/nino/WORKS/Personal/Idea/Project/products/aeliqo/scripts/semantic_reference.py:39: ResourceWarning: unclosed database in <sqlite3.Connection object at 0x108496f20>
  result={g:Fraction(n,d) for g,n,d in db.execute('SELECT g,SUM(n),SUM(d) FROM observations GROUP BY g')}
ResourceWarning: Enable tracemalloc to get the object allocation traceback
/Users/nino/WORKS/Personal/Idea/Project/products/aeliqo/scripts/semantic_reference.py:39: ResourceWarning: unclosed database in <sqlite3.Connection object at 0x108496e30>
  result={g:Fraction(n,d) for g,n,d in db.execute('SELECT g,SUM(n),SUM(d) FROM observations GROUP BY g')}
ResourceWarning: Enable tracemalloc to get the object allocation traceback
/Users/nino/WORKS/Personal/Idea/Project/products/aeliqo/scripts/semantic_reference.py:39: ResourceWarning: unclosed database in <sqlite3.Connection object at 0x108496d40>
  result={g:Fraction(n,d) for g,n,d in db.execute('SELECT g,SUM(n),SUM(d) FROM observations GROUP BY g')}
ResourceWarning: Enable tracemalloc to get the object allocation traceback
/Users/nino/WORKS/Personal/Idea/Project/products/aeliqo/scripts/semantic_reference.py:39: ResourceWarning: unclosed database in <sqlite3.Connection object at 0x108496c50>
  result={g:Fraction(n,d) for g,n,d in db.execute('SELECT g,SUM(n),SUM(d) FROM observations GROUP BY g')}
ResourceWarning: Enable tracemalloc to get the object allocation traceback
/Users/nino/WORKS/Personal/Idea/Project/products/aeliqo/scripts/semantic_reference.py:39: ResourceWarning: unclosed database in <sqlite3.Connection object at 0x108496b60>
  result={g:Fraction(n,d) for g,n,d in db.execute('SELECT g,SUM(n),SUM(d) FROM observations GROUP BY g')}
ResourceWarning: Enable tracemalloc to get the object allocation traceback
/Users/nino/WORKS/Personal/Idea/Project/products/aeliqo/scripts/semantic_reference.py:39: ResourceWarning: unclosed database in <sqlite3.Connection object at 0x108496a70>
  result={g:Fraction(n,d) for g,n,d in db.execute('SELECT g,SUM(n),SUM(d) FROM observations GROUP BY g')}
ResourceWarning: Enable tracemalloc to get the object allocation traceback
/Users/nino/WORKS/Personal/Idea/Project/products/aeliqo/scripts/semantic_reference.py:39: ResourceWarning: unclosed database in <sqlite3.Connection object at 0x108496980>
  result={g:Fraction(n,d) for g,n,d in db.execute('SELECT g,SUM(n),SUM(d) FROM observations GROUP BY g')}
ResourceWarning: Enable tracemalloc to get the object allocation traceback
/Users/nino/WORKS/Personal/Idea/Project/products/aeliqo/scripts/semantic_reference.py:39: ResourceWarning: unclosed database in <sqlite3.Connection object at 0x108496890>
  result={g:Fraction(n,d) for g,n,d in db.execute('SELECT g,SUM(n),SUM(d) FROM observations GROUP BY g')}
ResourceWarning: Enable tracemalloc to get the object allocation traceback
/Users/nino/WORKS/Personal/Idea/Project/products/aeliqo/scripts/semantic_reference.py:39: ResourceWarning: unclosed database in <sqlite3.Connection object at 0x1084967a0>
  result={g:Fraction(n,d) for g,n,d in db.execute('SELECT g,SUM(n),SUM(d) FROM observations GROUP BY g')}
ResourceWarning: Enable tracemalloc to get the object allocation traceback
/Users/nino/WORKS/Personal/Idea/Project/products/aeliqo/scripts/semantic_reference.py:39: ResourceWarning: unclosed database in <sqlite3.Connection object at 0x1084966b0>
  result={g:Fraction(n,d) for g,n,d in db.execute('SELECT g,SUM(n),SUM(d) FROM observations GROUP BY g')}
ResourceWarning: Enable tracemalloc to get the object allocation traceback
/Users/nino/WORKS/Personal/Idea/Project/products/aeliqo/scripts/semantic_reference.py:39: ResourceWarning: unclosed database in <sqlite3.Connection object at 0x1084965c0>
  result={g:Fraction(n,d) for g,n,d in db.execute('SELECT g,SUM(n),SUM(d) FROM observations GROUP BY g')}
ResourceWarning: Enable tracemalloc to get the object allocation traceback
/Users/nino/WORKS/Personal/Idea/Project/products/aeliqo/scripts/semantic_reference.py:39: ResourceWarning: unclosed database in <sqlite3.Connection object at 0x1084964d0>
  result={g:Fraction(n,d) for g,n,d in db.execute('SELECT g,SUM(n),SUM(d) FROM observations GROUP BY g')}
ResourceWarning: Enable tracemalloc to get the object allocation traceback
/Users/nino/WORKS/Personal/Idea/Project/products/aeliqo/scripts/semantic_reference.py:39: ResourceWarning: unclosed database in <sqlite3.Connection object at 0x1084963e0>
  result={g:Fraction(n,d) for g,n,d in db.execute('SELECT g,SUM(n),SUM(d) FROM observations GROUP BY g')}
ResourceWarning: Enable tracemalloc to get the object allocation traceback
/Users/nino/WORKS/Personal/Idea/Project/products/aeliqo/scripts/semantic_reference.py:39: ResourceWarning: unclosed database in <sqlite3.Connection object at 0x1084962f0>
  result={g:Fraction(n,d) for g,n,d in db.execute('SELECT g,SUM(n),SUM(d) FROM observations GROUP BY g')}
ResourceWarning: Enable tracemalloc to get the object allocation traceback
/Users/nino/WORKS/Personal/Idea/Project/products/aeliqo/scripts/semantic_reference.py:39: ResourceWarning: unclosed database in <sqlite3.Connection object at 0x108496200>
  result={g:Fraction(n,d) for g,n,d in db.execute('SELECT g,SUM(n),SUM(d) FROM observations GROUP BY g')}
ResourceWarning: Enable tracemalloc to get the object allocation traceback
/Users/nino/WORKS/Personal/Idea/Project/products/aeliqo/scripts/semantic_reference.py:39: ResourceWarning: unclosed database in <sqlite3.Connection object at 0x108496110>
  result={g:Fraction(n,d) for g,n,d in db.execute('SELECT g,SUM(n),SUM(d) FROM observations GROUP BY g')}
ResourceWarning: Enable tracemalloc to get the object allocation traceback
/Users/nino/WORKS/Personal/Idea/Project/products/aeliqo/scripts/semantic_reference.py:39: ResourceWarning: unclosed database in <sqlite3.Connection object at 0x108496020>
  result={g:Fraction(n,d) for g,n,d in db.execute('SELECT g,SUM(n),SUM(d) FROM observations GROUP BY g')}
ResourceWarning: Enable tracemalloc to get the object allocation traceback
/Users/nino/WORKS/Personal/Idea/Project/products/aeliqo/scripts/semantic_reference.py:39: ResourceWarning: unclosed database in <sqlite3.Connection object at 0x108495f30>
  result={g:Fraction(n,d) for g,n,d in db.execute('SELECT g,SUM(n),SUM(d) FROM observations GROUP BY g')}
ResourceWarning: Enable tracemalloc to get the object allocation traceback
/Users/nino/WORKS/Personal/Idea/Project/products/aeliqo/scripts/semantic_reference.py:39: ResourceWarning: unclosed database in <sqlite3.Connection object at 0x108495e40>
  result={g:Fraction(n,d) for g,n,d in db.execute('SELECT g,SUM(n),SUM(d) FROM observations GROUP BY g')}
ResourceWarning: Enable tracemalloc to get the object allocation traceback
/Users/nino/WORKS/Personal/Idea/Project/products/aeliqo/scripts/semantic_reference.py:39: ResourceWarning: unclosed database in <sqlite3.Connection object at 0x108495d50>
  result={g:Fraction(n,d) for g,n,d in db.execute('SELECT g,SUM(n),SUM(d) FROM observations GROUP BY g')}
ResourceWarning: Enable tracemalloc to get the object allocation traceback
/Users/nino/WORKS/Personal/Idea/Project/products/aeliqo/scripts/semantic_reference.py:39: ResourceWarning: unclosed database in <sqlite3.Connection object at 0x108495c60>
  result={g:Fraction(n,d) for g,n,d in db.execute('SELECT g,SUM(n),SUM(d) FROM observations GROUP BY g')}
ResourceWarning: Enable tracemalloc to get the object allocation traceback
/Users/nino/WORKS/Personal/Idea/Project/products/aeliqo/scripts/semantic_reference.py:39: ResourceWarning: unclosed database in <sqlite3.Connection object at 0x108495b70>
  result={g:Fraction(n,d) for g,n,d in db.execute('SELECT g,SUM(n),SUM(d) FROM observations GROUP BY g')}
ResourceWarning: Enable tracemalloc to get the object allocation traceback
/Users/nino/WORKS/Personal/Idea/Project/products/aeliqo/scripts/semantic_reference.py:39: ResourceWarning: unclosed database in <sqlite3.Connection object at 0x108495a80>
  result={g:Fraction(n,d) for g,n,d in db.execute('SELECT g,SUM(n),SUM(d) FROM observations GROUP BY g')}
ResourceWarning: Enable tracemalloc to get the object allocation traceback
/Users/nino/WORKS/Personal/Idea/Project/products/aeliqo/scripts/semantic_reference.py:39: ResourceWarning: unclosed database in <sqlite3.Connection object at 0x108495990>
  result={g:Fraction(n,d) for g,n,d in db.execute('SELECT g,SUM(n),SUM(d) FROM observations GROUP BY g')}
ResourceWarning: Enable tracemalloc to get the object allocation traceback
/Users/nino/WORKS/Personal/Idea/Project/products/aeliqo/scripts/semantic_reference.py:39: ResourceWarning: unclosed database in <sqlite3.Connection object at 0x1084958a0>
  result={g:Fraction(n,d) for g,n,d in db.execute('SELECT g,SUM(n),SUM(d) FROM observations GROUP BY g')}
ResourceWarning: Enable tracemalloc to get the object allocation traceback
/Users/nino/WORKS/Personal/Idea/Project/products/aeliqo/scripts/semantic_reference.py:39: ResourceWarning: unclosed database in <sqlite3.Connection object at 0x1084957b0>
  result={g:Fraction(n,d) for g,n,d in db.execute('SELECT g,SUM(n),SUM(d) FROM observations GROUP BY g')}
ResourceWarning: Enable tracemalloc to get the object allocation traceback
/Users/nino/WORKS/Personal/Idea/Project/products/aeliqo/scripts/semantic_reference.py:39: ResourceWarning: unclosed database in <sqlite3.Connection object at 0x1084956c0>
  result={g:Fraction(n,d) for g,n,d in db.execute('SELECT g,SUM(n),SUM(d) FROM observations GROUP BY g')}
ResourceWarning: Enable tracemalloc to get the object allocation traceback
/Users/nino/WORKS/Personal/Idea/Project/products/aeliqo/scripts/semantic_reference.py:39: ResourceWarning: unclosed database in <sqlite3.Connection object at 0x1084955d0>
  result={g:Fraction(n,d) for g,n,d in db.execute('SELECT g,SUM(n),SUM(d) FROM observations GROUP BY g')}
ResourceWarning: Enable tracemalloc to get the object allocation traceback
/Users/nino/WORKS/Personal/Idea/Project/products/aeliqo/scripts/semantic_reference.py:39: ResourceWarning: unclosed database in <sqlite3.Connection object at 0x1084954e0>
  result={g:Fraction(n,d) for g,n,d in db.execute('SELECT g,SUM(n),SUM(d) FROM observations GROUP BY g')}
ResourceWarning: Enable tracemalloc to get the object allocation traceback
/Users/nino/WORKS/Personal/Idea/Project/products/aeliqo/scripts/semantic_reference.py:39: ResourceWarning: unclosed database in <sqlite3.Connection object at 0x1084953f0>
  result={g:Fraction(n,d) for g,n,d in db.execute('SELECT g,SUM(n),SUM(d) FROM observations GROUP BY g')}
ResourceWarning: Enable tracemalloc to get the object allocation traceback
/Users/nino/WORKS/Personal/Idea/Project/products/aeliqo/scripts/semantic_reference.py:39: ResourceWarning: unclosed database in <sqlite3.Connection object at 0x108495300>
  result={g:Fraction(n,d) for g,n,d in db.execute('SELECT g,SUM(n),SUM(d) FROM observations GROUP BY g')}
ResourceWarning: Enable tracemalloc to get the object allocation traceback
/Users/nino/WORKS/Personal/Idea/Project/products/aeliqo/scripts/semantic_reference.py:39: ResourceWarning: unclosed database in <sqlite3.Connection object at 0x108495210>
  result={g:Fraction(n,d) for g,n,d in db.execute('SELECT g,SUM(n),SUM(d) FROM observations GROUP BY g')}
ResourceWarning: Enable tracemalloc to get the object allocation traceback
/Users/nino/WORKS/Personal/Idea/Project/products/aeliqo/scripts/semantic_reference.py:39: ResourceWarning: unclosed database in <sqlite3.Connection object at 0x108495120>
  result={g:Fraction(n,d) for g,n,d in db.execute('SELECT g,SUM(n),SUM(d) FROM observations GROUP BY g')}
ResourceWarning: Enable tracemalloc to get the object allocation traceback
/Users/nino/WORKS/Personal/Idea/Project/products/aeliqo/scripts/semantic_reference.py:39: ResourceWarning: unclosed database in <sqlite3.Connection object at 0x108495030>
  result={g:Fraction(n,d) for g,n,d in db.execute('SELECT g,SUM(n),SUM(d) FROM observations GROUP BY g')}
ResourceWarning: Enable tracemalloc to get the object allocation traceback
/Users/nino/WORKS/Personal/Idea/Project/products/aeliqo/scripts/semantic_reference.py:39: ResourceWarning: unclosed database in <sqlite3.Connection object at 0x108494f40>
  result={g:Fraction(n,d) for g,n,d in db.execute('SELECT g,SUM(n),SUM(d) FROM observations GROUP BY g')}
ResourceWarning: Enable tracemalloc to get the object allocation traceback
/Users/nino/WORKS/Personal/Idea/Project/products/aeliqo/scripts/semantic_reference.py:39: ResourceWarning: unclosed database in <sqlite3.Connection object at 0x108494e50>
  result={g:Fraction(n,d) for g,n,d in db.execute('SELECT g,SUM(n),SUM(d) FROM observations GROUP BY g')}
ResourceWarning: Enable tracemalloc to get the object allocation traceback
/Users/nino/WORKS/Personal/Idea/Project/products/aeliqo/scripts/semantic_reference.py:39: ResourceWarning: unclosed database in <sqlite3.Connection object at 0x108494d60>
  result={g:Fraction(n,d) for g,n,d in db.execute('SELECT g,SUM(n),SUM(d) FROM observations GROUP BY g')}
ResourceWarning: Enable tracemalloc to get the object allocation traceback
/Users/nino/WORKS/Personal/Idea/Project/products/aeliqo/scripts/semantic_reference.py:39: ResourceWarning: unclosed database in <sqlite3.Connection object at 0x108494c70>
  result={g:Fraction(n,d) for g,n,d in db.execute('SELECT g,SUM(n),SUM(d) FROM observations GROUP BY g')}
ResourceWarning: Enable tracemalloc to get the object allocation traceback
/Users/nino/WORKS/Personal/Idea/Project/products/aeliqo/scripts/semantic_reference.py:39: ResourceWarning: unclosed database in <sqlite3.Connection object at 0x108494b80>
  result={g:Fraction(n,d) for g,n,d in db.execute('SELECT g,SUM(n),SUM(d) FROM observations GROUP BY g')}
ResourceWarning: Enable tracemalloc to get the object allocation traceback
/Users/nino/WORKS/Personal/Idea/Project/products/aeliqo/scripts/semantic_reference.py:39: ResourceWarning: unclosed database in <sqlite3.Connection object at 0x108494a90>
  result={g:Fraction(n,d) for g,n,d in db.execute('SELECT g,SUM(n),SUM(d) FROM observations GROUP BY g')}
ResourceWarning: Enable tracemalloc to get the object allocation traceback
/Users/nino/WORKS/Personal/Idea/Project/products/aeliqo/scripts/semantic_reference.py:39: ResourceWarning: unclosed database in <sqlite3.Connection object at 0x1084949a0>
  result={g:Fraction(n,d) for g,n,d in db.execute('SELECT g,SUM(n),SUM(d) FROM observations GROUP BY g')}
ResourceWarning: Enable tracemalloc to get the object allocation traceback
/Users/nino/WORKS/Personal/Idea/Project/products/aeliqo/scripts/semantic_reference.py:39: ResourceWarning: unclosed database in <sqlite3.Connection object at 0x1084948b0>
  result={g:Fraction(n,d) for g,n,d in db.execute('SELECT g,SUM(n),SUM(d) FROM observations GROUP BY g')}
ResourceWarning: Enable tracemalloc to get the object allocation traceback
/Users/nino/WORKS/Personal/Idea/Project/products/aeliqo/scripts/semantic_reference.py:39: ResourceWarning: unclosed database in <sqlite3.Connection object at 0x1084947c0>
  result={g:Fraction(n,d) for g,n,d in db.execute('SELECT g,SUM(n),SUM(d) FROM observations GROUP BY g')}
ResourceWarning: Enable tracemalloc to get the object allocation traceback
/Users/nino/WORKS/Personal/Idea/Project/products/aeliqo/scripts/semantic_reference.py:39: ResourceWarning: unclosed database in <sqlite3.Connection object at 0x1084946d0>
  result={g:Fraction(n,d) for g,n,d in db.execute('SELECT g,SUM(n),SUM(d) FROM observations GROUP BY g')}
ResourceWarning: Enable tracemalloc to get the object allocation traceback
/Users/nino/WORKS/Personal/Idea/Project/products/aeliqo/scripts/semantic_reference.py:39: ResourceWarning: unclosed database in <sqlite3.Connection object at 0x1084945e0>
  result={g:Fraction(n,d) for g,n,d in db.execute('SELECT g,SUM(n),SUM(d) FROM observations GROUP BY g')}
ResourceWarning: Enable tracemalloc to get the object allocation traceback
/Users/nino/WORKS/Personal/Idea/Project/products/aeliqo/scripts/semantic_reference.py:39: ResourceWarning: unclosed database in <sqlite3.Connection object at 0x1084944f0>
  result={g:Fraction(n,d) for g,n,d in db.execute('SELECT g,SUM(n),SUM(d) FROM observations GROUP BY g')}
ResourceWarning: Enable tracemalloc to get the object allocation traceback
/Users/nino/WORKS/Personal/Idea/Project/products/aeliqo/scripts/semantic_reference.py:39: ResourceWarning: unclosed database in <sqlite3.Connection object at 0x108494400>
  result={g:Fraction(n,d) for g,n,d in db.execute('SELECT g,SUM(n),SUM(d) FROM observations GROUP BY g')}
ResourceWarning: Enable tracemalloc to get the object allocation traceback
/Users/nino/WORKS/Personal/Idea/Project/products/aeliqo/scripts/semantic_reference.py:39: ResourceWarning: unclosed database in <sqlite3.Connection object at 0x108494310>
  result={g:Fraction(n,d) for g,n,d in db.execute('SELECT g,SUM(n),SUM(d) FROM observations GROUP BY g')}
ResourceWarning: Enable tracemalloc to get the object allocation traceback
/Users/nino/WORKS/Personal/Idea/Project/products/aeliqo/scripts/semantic_reference.py:39: ResourceWarning: unclosed database in <sqlite3.Connection object at 0x108494220>
  result={g:Fraction(n,d) for g,n,d in db.execute('SELECT g,SUM(n),SUM(d) FROM observations GROUP BY g')}
ResourceWarning: Enable tracemalloc to get the object allocation traceback
/Users/nino/WORKS/Personal/Idea/Project/products/aeliqo/scripts/semantic_reference.py:39: ResourceWarning: unclosed database in <sqlite3.Connection object at 0x108494130>
  result={g:Fraction(n,d) for g,n,d in db.execute('SELECT g,SUM(n),SUM(d) FROM observations GROUP BY g')}
ResourceWarning: Enable tracemalloc to get the object allocation traceback
/Users/nino/WORKS/Personal/Idea/Project/products/aeliqo/scripts/semantic_reference.py:39: ResourceWarning: unclosed database in <sqlite3.Connection object at 0x108494040>
  result={g:Fraction(n,d) for g,n,d in db.execute('SELECT g,SUM(n),SUM(d) FROM observations GROUP BY g')}
ResourceWarning: Enable tracemalloc to get the object allocation traceback
/Users/nino/WORKS/Personal/Idea/Project/products/aeliqo/scripts/semantic_reference.py:39: ResourceWarning: unclosed database in <sqlite3.Connection object at 0x108497c40>
  result={g:Fraction(n,d) for g,n,d in db.execute('SELECT g,SUM(n),SUM(d) FROM observations GROUP BY g')}
ResourceWarning: Enable tracemalloc to get the object allocation traceback
/Users/nino/WORKS/Personal/Idea/Project/products/aeliqo/scripts/semantic_reference.py:39: ResourceWarning: unclosed database in <sqlite3.Connection object at 0x108497d30>
  result={g:Fraction(n,d) for g,n,d in db.execute('SELECT g,SUM(n),SUM(d) FROM observations GROUP BY g')}
ResourceWarning: Enable tracemalloc to get the object allocation traceback
/Users/nino/WORKS/Personal/Idea/Project/products/aeliqo/scripts/semantic_reference.py:39: ResourceWarning: unclosed database in <sqlite3.Connection object at 0x108497e20>
  result={g:Fraction(n,d) for g,n,d in db.execute('SELECT g,SUM(n),SUM(d) FROM observations GROUP BY g')}
ResourceWarning: Enable tracemalloc to get the object allocation traceback
/Users/nino/WORKS/Personal/Idea/Project/products/aeliqo/scripts/semantic_reference.py:39: ResourceWarning: unclosed database in <sqlite3.Connection object at 0x1084cc310>
  result={g:Fraction(n,d) for g,n,d in db.execute('SELECT g,SUM(n),SUM(d) FROM observations GROUP BY g')}
ResourceWarning: Enable tracemalloc to get the object allocation traceback
/Users/nino/WORKS/Personal/Idea/Project/products/aeliqo/scripts/semantic_reference.py:39: ResourceWarning: unclosed database in <sqlite3.Connection object at 0x1084cc400>
  result={g:Fraction(n,d) for g,n,d in db.execute('SELECT g,SUM(n),SUM(d) FROM observations GROUP BY g')}
ResourceWarning: Enable tracemalloc to get the object allocation traceback
/Users/nino/WORKS/Personal/Idea/Project/products/aeliqo/scripts/semantic_reference.py:39: ResourceWarning: unclosed database in <sqlite3.Connection object at 0x1084cc4f0>
  result={g:Fraction(n,d) for g,n,d in db.execute('SELECT g,SUM(n),SUM(d) FROM observations GROUP BY g')}
ResourceWarning: Enable tracemalloc to get the object allocation traceback
/Users/nino/WORKS/Personal/Idea/Project/products/aeliqo/scripts/semantic_reference.py:39: ResourceWarning: unclosed database in <sqlite3.Connection object at 0x1084cc5e0>
  result={g:Fraction(n,d) for g,n,d in db.execute('SELECT g,SUM(n),SUM(d) FROM observations GROUP BY g')}
ResourceWarning: Enable tracemalloc to get the object allocation traceback
/Users/nino/WORKS/Personal/Idea/Project/products/aeliqo/scripts/semantic_reference.py:39: ResourceWarning: unclosed database in <sqlite3.Connection object at 0x1084cc6d0>
  result={g:Fraction(n,d) for g,n,d in db.execute('SELECT g,SUM(n),SUM(d) FROM observations GROUP BY g')}
ResourceWarning: Enable tracemalloc to get the object allocation traceback
/Users/nino/WORKS/Personal/Idea/Project/products/aeliqo/scripts/semantic_reference.py:39: ResourceWarning: unclosed database in <sqlite3.Connection object at 0x1084cc7c0>
  result={g:Fraction(n,d) for g,n,d in db.execute('SELECT g,SUM(n),SUM(d) FROM observations GROUP BY g')}
ResourceWarning: Enable tracemalloc to get the object allocation traceback
/Users/nino/WORKS/Personal/Idea/Project/products/aeliqo/scripts/semantic_reference.py:39: ResourceWarning: unclosed database in <sqlite3.Connection object at 0x1084cc8b0>
  result={g:Fraction(n,d) for g,n,d in db.execute('SELECT g,SUM(n),SUM(d) FROM observations GROUP BY g')}
ResourceWarning: Enable tracemalloc to get the object allocation traceback
/Users/nino/WORKS/Personal/Idea/Project/products/aeliqo/scripts/semantic_reference.py:39: ResourceWarning: unclosed database in <sqlite3.Connection object at 0x1084cc9a0>
  result={g:Fraction(n,d) for g,n,d in db.execute('SELECT g,SUM(n),SUM(d) FROM observations GROUP BY g')}
ResourceWarning: Enable tracemalloc to get the object allocation traceback
/Users/nino/WORKS/Personal/Idea/Project/products/aeliqo/scripts/semantic_reference.py:39: ResourceWarning: unclosed database in <sqlite3.Connection object at 0x1084cca90>
  result={g:Fraction(n,d) for g,n,d in db.execute('SELECT g,SUM(n),SUM(d) FROM observations GROUP BY g')}
ResourceWarning: Enable tracemalloc to get the object allocation traceback
/Users/nino/WORKS/Personal/Idea/Project/products/aeliqo/scripts/semantic_reference.py:39: ResourceWarning: unclosed database in <sqlite3.Connection object at 0x1084ccc70>
  result={g:Fraction(n,d) for g,n,d in db.execute('SELECT g,SUM(n),SUM(d) FROM observations GROUP BY g')}
ResourceWarning: Enable tracemalloc to get the object allocation traceback
/Users/nino/WORKS/Personal/Idea/Project/products/aeliqo/scripts/semantic_reference.py:39: ResourceWarning: unclosed database in <sqlite3.Connection object at 0x1084ccd60>
  result={g:Fraction(n,d) for g,n,d in db.execute('SELECT g,SUM(n),SUM(d) FROM observations GROUP BY g')}
ResourceWarning: Enable tracemalloc to get the object allocation traceback
/Users/nino/WORKS/Personal/Idea/Project/products/aeliqo/scripts/semantic_reference.py:39: ResourceWarning: unclosed database in <sqlite3.Connection object at 0x1084cce50>
  result={g:Fraction(n,d) for g,n,d in db.execute('SELECT g,SUM(n),SUM(d) FROM observations GROUP BY g')}
ResourceWarning: Enable tracemalloc to get the object allocation traceback
/Users/nino/WORKS/Personal/Idea/Project/products/aeliqo/scripts/semantic_reference.py:39: ResourceWarning: unclosed database in <sqlite3.Connection object at 0x1084ccf40>
  result={g:Fraction(n,d) for g,n,d in db.execute('SELECT g,SUM(n),SUM(d) FROM observations GROUP BY g')}
ResourceWarning: Enable tracemalloc to get the object allocation traceback
/Users/nino/WORKS/Personal/Idea/Project/products/aeliqo/scripts/semantic_reference.py:39: ResourceWarning: unclosed database in <sqlite3.Connection object at 0x1084cd030>
  result={g:Fraction(n,d) for g,n,d in db.execute('SELECT g,SUM(n),SUM(d) FROM observations GROUP BY g')}
ResourceWarning: Enable tracemalloc to get the object allocation traceback
/Users/nino/WORKS/Personal/Idea/Project/products/aeliqo/scripts/semantic_reference.py:39: ResourceWarning: unclosed database in <sqlite3.Connection object at 0x1084cd120>
  result={g:Fraction(n,d) for g,n,d in db.execute('SELECT g,SUM(n),SUM(d) FROM observations GROUP BY g')}
ResourceWarning: Enable tracemalloc to get the object allocation traceback
/Users/nino/WORKS/Personal/Idea/Project/products/aeliqo/scripts/semantic_reference.py:39: ResourceWarning: unclosed database in <sqlite3.Connection object at 0x1084cd210>
  result={g:Fraction(n,d) for g,n,d in db.execute('SELECT g,SUM(n),SUM(d) FROM observations GROUP BY g')}
ResourceWarning: Enable tracemalloc to get the object allocation traceback
/Users/nino/WORKS/Personal/Idea/Project/products/aeliqo/scripts/semantic_reference.py:39: ResourceWarning: unclosed database in <sqlite3.Connection object at 0x1084cd300>
  result={g:Fraction(n,d) for g,n,d in db.execute('SELECT g,SUM(n),SUM(d) FROM observations GROUP BY g')}
ResourceWarning: Enable tracemalloc to get the object allocation traceback
/Users/nino/WORKS/Personal/Idea/Project/products/aeliqo/scripts/semantic_reference.py:39: ResourceWarning: unclosed database in <sqlite3.Connection object at 0x1084cd3f0>
  result={g:Fraction(n,d) for g,n,d in db.execute('SELECT g,SUM(n),SUM(d) FROM observations GROUP BY g')}
ResourceWarning: Enable tracemalloc to get the object allocation traceback
/Users/nino/WORKS/Personal/Idea/Project/products/aeliqo/scripts/semantic_reference.py:39: ResourceWarning: unclosed database in <sqlite3.Connection object at 0x1084cd4e0>
  result={g:Fraction(n,d) for g,n,d in db.execute('SELECT g,SUM(n),SUM(d) FROM observations GROUP BY g')}
ResourceWarning: Enable tracemalloc to get the object allocation traceback
/Users/nino/WORKS/Personal/Idea/Project/products/aeliqo/scripts/semantic_reference.py:39: ResourceWarning: unclosed database in <sqlite3.Connection object at 0x1084cd5d0>
  result={g:Fraction(n,d) for g,n,d in db.execute('SELECT g,SUM(n),SUM(d) FROM observations GROUP BY g')}
ResourceWarning: Enable tracemalloc to get the object allocation traceback
/Users/nino/WORKS/Personal/Idea/Project/products/aeliqo/scripts/semantic_reference.py:39: ResourceWarning: unclosed database in <sqlite3.Connection object at 0x1084cd6c0>
  result={g:Fraction(n,d) for g,n,d in db.execute('SELECT g,SUM(n),SUM(d) FROM observations GROUP BY g')}
ResourceWarning: Enable tracemalloc to get the object allocation traceback
/Users/nino/WORKS/Personal/Idea/Project/products/aeliqo/scripts/semantic_reference.py:39: ResourceWarning: unclosed database in <sqlite3.Connection object at 0x1084cd7b0>
  result={g:Fraction(n,d) for g,n,d in db.execute('SELECT g,SUM(n),SUM(d) FROM observations GROUP BY g')}
ResourceWarning: Enable tracemalloc to get the object allocation traceback
/Users/nino/WORKS/Personal/Idea/Project/products/aeliqo/scripts/semantic_reference.py:39: ResourceWarning: unclosed database in <sqlite3.Connection object at 0x1084cd8a0>
  result={g:Fraction(n,d) for g,n,d in db.execute('SELECT g,SUM(n),SUM(d) FROM observations GROUP BY g')}
ResourceWarning: Enable tracemalloc to get the object allocation traceback
/Users/nino/WORKS/Personal/Idea/Project/products/aeliqo/scripts/semantic_reference.py:39: ResourceWarning: unclosed database in <sqlite3.Connection object at 0x1084cd990>
  result={g:Fraction(n,d) for g,n,d in db.execute('SELECT g,SUM(n),SUM(d) FROM observations GROUP BY g')}
ResourceWarning: Enable tracemalloc to get the object allocation traceback
/Users/nino/WORKS/Personal/Idea/Project/products/aeliqo/scripts/semantic_reference.py:39: ResourceWarning: unclosed database in <sqlite3.Connection object at 0x1084cda80>
  result={g:Fraction(n,d) for g,n,d in db.execute('SELECT g,SUM(n),SUM(d) FROM observations GROUP BY g')}
ResourceWarning: Enable tracemalloc to get the object allocation traceback
/Users/nino/WORKS/Personal/Idea/Project/products/aeliqo/scripts/semantic_reference.py:39: ResourceWarning: unclosed database in <sqlite3.Connection object at 0x1084cdb70>
  result={g:Fraction(n,d) for g,n,d in db.execute('SELECT g,SUM(n),SUM(d) FROM observations GROUP BY g')}
ResourceWarning: Enable tracemalloc to get the object allocation traceback
/Users/nino/WORKS/Personal/Idea/Project/products/aeliqo/scripts/semantic_reference.py:39: ResourceWarning: unclosed database in <sqlite3.Connection object at 0x1084cdc60>
  result={g:Fraction(n,d) for g,n,d in db.execute('SELECT g,SUM(n),SUM(d) FROM observations GROUP BY g')}
ResourceWarning: Enable tracemalloc to get the object allocation traceback
/Users/nino/WORKS/Personal/Idea/Project/products/aeliqo/scripts/semantic_reference.py:39: ResourceWarning: unclosed database in <sqlite3.Connection object at 0x1084cdd50>
  result={g:Fraction(n,d) for g,n,d in db.execute('SELECT g,SUM(n),SUM(d) FROM observations GROUP BY g')}
ResourceWarning: Enable tracemalloc to get the object allocation traceback
/Users/nino/WORKS/Personal/Idea/Project/products/aeliqo/scripts/semantic_reference.py:39: ResourceWarning: unclosed database in <sqlite3.Connection object at 0x1084cde40>
  result={g:Fraction(n,d) for g,n,d in db.execute('SELECT g,SUM(n),SUM(d) FROM observations GROUP BY g')}
ResourceWarning: Enable tracemalloc to get the object allocation traceback
ok
test_unknown_does_not_become_calendar_zero (test_math.NumericalContractTests.test_unknown_does_not_become_calendar_zero) ... ok
test_zero_denominator_unknown_not_zero (test_math.NumericalContractTests.test_zero_denominator_unknown_not_zero) ... ok
test_budget_exhaustion_not_impossibility (test_presentation.PresentationReferenceTests.test_budget_exhaustion_not_impossibility) ... ok
test_composes_without_matching_preset (test_presentation.PresentationReferenceTests.test_composes_without_matching_preset) ... ok
test_duplicate_manifest_rejected (test_presentation.PresentationReferenceTests.test_duplicate_manifest_rejected) ... ok
test_empty_task_does_not_invent_ui (test_presentation.PresentationReferenceTests.test_empty_task_does_not_invent_ui) ... ok
test_explicit_table_not_soft_preference (test_presentation.PresentationReferenceTests.test_explicit_table_not_soft_preference) ... ok
test_incumbent_stability (test_presentation.PresentationReferenceTests.test_incumbent_stability) ... ok
test_invalid_budget_rejected (test_presentation.PresentationReferenceTests.test_invalid_budget_rejected) ... ok
test_missing_real_capability_detected (test_presentation.PresentationReferenceTests.test_missing_real_capability_detected) ... ok
test_narrow_reachability_not_comparison (test_presentation.PresentationReferenceTests.test_narrow_reachability_not_comparison) ... ok
test_pattern_optional_not_mandatory (test_presentation.PresentationReferenceTests.test_pattern_optional_not_mandatory) ... ok
test_profile_conflict_not_ignored (test_presentation.PresentationReferenceTests.test_profile_conflict_not_ignored) ... ok
test_registry_order_deterministic_100_seeds (test_presentation.PresentationReferenceTests.test_registry_order_deterministic_100_seeds) ... ok
test_stale_incumbent_not_retained (test_presentation.PresentationReferenceTests.test_stale_incumbent_not_retained) ... ok
test_tested_pattern_can_also_cover (test_presentation.PresentationReferenceTests.test_tested_pattern_can_also_cover) ... ok
test_thousands_unrelated_components_no_search_explosion (test_presentation.PresentationReferenceTests.test_thousands_unrelated_components_no_search_explosion) ... <string>:2: ResourceWarning: unclosed database in <sqlite3.Connection object at 0x108497e20>
ResourceWarning: Enable tracemalloc to get the object allocation traceback
<string>:2: ResourceWarning: unclosed database in <sqlite3.Connection object at 0x108497d30>
ResourceWarning: Enable tracemalloc to get the object allocation traceback
<string>:2: ResourceWarning: unclosed database in <sqlite3.Connection object at 0x108497c40>
ResourceWarning: Enable tracemalloc to get the object allocation traceback
<string>:2: ResourceWarning: unclosed database in <sqlite3.Connection object at 0x108494040>
ResourceWarning: Enable tracemalloc to get the object allocation traceback
<string>:2: ResourceWarning: unclosed database in <sqlite3.Connection object at 0x108494130>
ResourceWarning: Enable tracemalloc to get the object allocation traceback
<string>:2: ResourceWarning: unclosed database in <sqlite3.Connection object at 0x108494220>
ResourceWarning: Enable tracemalloc to get the object allocation traceback
<string>:2: ResourceWarning: unclosed database in <sqlite3.Connection object at 0x108494310>
ResourceWarning: Enable tracemalloc to get the object allocation traceback
<string>:2: ResourceWarning: unclosed database in <sqlite3.Connection object at 0x108494400>
ResourceWarning: Enable tracemalloc to get the object allocation traceback
<string>:2: ResourceWarning: unclosed database in <sqlite3.Connection object at 0x1084944f0>
ResourceWarning: Enable tracemalloc to get the object allocation traceback
<string>:2: ResourceWarning: unclosed database in <sqlite3.Connection object at 0x1084945e0>
ResourceWarning: Enable tracemalloc to get the object allocation traceback
<string>:2: ResourceWarning: unclosed database in <sqlite3.Connection object at 0x1084946d0>
ResourceWarning: Enable tracemalloc to get the object allocation traceback
<string>:2: ResourceWarning: unclosed database in <sqlite3.Connection object at 0x1084947c0>
ResourceWarning: Enable tracemalloc to get the object allocation traceback
<string>:2: ResourceWarning: unclosed database in <sqlite3.Connection object at 0x1084948b0>
ResourceWarning: Enable tracemalloc to get the object allocation traceback
<string>:2: ResourceWarning: unclosed database in <sqlite3.Connection object at 0x1084949a0>
ResourceWarning: Enable tracemalloc to get the object allocation traceback
<string>:2: ResourceWarning: unclosed database in <sqlite3.Connection object at 0x108494a90>
ResourceWarning: Enable tracemalloc to get the object allocation traceback
<string>:2: ResourceWarning: unclosed database in <sqlite3.Connection object at 0x108494b80>
ResourceWarning: Enable tracemalloc to get the object allocation traceback
<string>:2: ResourceWarning: unclosed database in <sqlite3.Connection object at 0x108494c70>
ResourceWarning: Enable tracemalloc to get the object allocation traceback
<string>:2: ResourceWarning: unclosed database in <sqlite3.Connection object at 0x108494d60>
ResourceWarning: Enable tracemalloc to get the object allocation traceback
<string>:2: ResourceWarning: unclosed database in <sqlite3.Connection object at 0x108494e50>
ResourceWarning: Enable tracemalloc to get the object allocation traceback
<string>:2: ResourceWarning: unclosed database in <sqlite3.Connection object at 0x108494f40>
ResourceWarning: Enable tracemalloc to get the object allocation traceback
<string>:2: ResourceWarning: unclosed database in <sqlite3.Connection object at 0x108495030>
ResourceWarning: Enable tracemalloc to get the object allocation traceback
<string>:2: ResourceWarning: unclosed database in <sqlite3.Connection object at 0x108495120>
ResourceWarning: Enable tracemalloc to get the object allocation traceback
<string>:2: ResourceWarning: unclosed database in <sqlite3.Connection object at 0x108495210>
ResourceWarning: Enable tracemalloc to get the object allocation traceback
<string>:2: ResourceWarning: unclosed database in <sqlite3.Connection object at 0x108495300>
ResourceWarning: Enable tracemalloc to get the object allocation traceback
<string>:2: ResourceWarning: unclosed database in <sqlite3.Connection object at 0x1084953f0>
ResourceWarning: Enable tracemalloc to get the object allocation traceback
<string>:2: ResourceWarning: unclosed database in <sqlite3.Connection object at 0x1084954e0>
ResourceWarning: Enable tracemalloc to get the object allocation traceback
<string>:2: ResourceWarning: unclosed database in <sqlite3.Connection object at 0x1084955d0>
ResourceWarning: Enable tracemalloc to get the object allocation traceback
<string>:2: ResourceWarning: unclosed database in <sqlite3.Connection object at 0x1084956c0>
ResourceWarning: Enable tracemalloc to get the object allocation traceback
<string>:2: ResourceWarning: unclosed database in <sqlite3.Connection object at 0x1084957b0>
ResourceWarning: Enable tracemalloc to get the object allocation traceback
<string>:2: ResourceWarning: unclosed database in <sqlite3.Connection object at 0x1084958a0>
ResourceWarning: Enable tracemalloc to get the object allocation traceback
<string>:2: ResourceWarning: unclosed database in <sqlite3.Connection object at 0x108495990>
ResourceWarning: Enable tracemalloc to get the object allocation traceback
<string>:2: ResourceWarning: unclosed database in <sqlite3.Connection object at 0x108495a80>
ResourceWarning: Enable tracemalloc to get the object allocation traceback
<string>:2: ResourceWarning: unclosed database in <sqlite3.Connection object at 0x108495b70>
ResourceWarning: Enable tracemalloc to get the object allocation traceback
<string>:2: ResourceWarning: unclosed database in <sqlite3.Connection object at 0x108495c60>
ResourceWarning: Enable tracemalloc to get the object allocation traceback
<string>:2: ResourceWarning: unclosed database in <sqlite3.Connection object at 0x108495d50>
ResourceWarning: Enable tracemalloc to get the object allocation traceback
<string>:2: ResourceWarning: unclosed database in <sqlite3.Connection object at 0x108495e40>
ResourceWarning: Enable tracemalloc to get the object allocation traceback
<string>:2: ResourceWarning: unclosed database in <sqlite3.Connection object at 0x108495f30>
ResourceWarning: Enable tracemalloc to get the object allocation traceback
<string>:2: ResourceWarning: unclosed database in <sqlite3.Connection object at 0x108496020>
ResourceWarning: Enable tracemalloc to get the object allocation traceback
<string>:2: ResourceWarning: unclosed database in <sqlite3.Connection object at 0x108496110>
ResourceWarning: Enable tracemalloc to get the object allocation traceback
<string>:2: ResourceWarning: unclosed database in <sqlite3.Connection object at 0x108496200>
ResourceWarning: Enable tracemalloc to get the object allocation traceback
<string>:2: ResourceWarning: unclosed database in <sqlite3.Connection object at 0x1084962f0>
ResourceWarning: Enable tracemalloc to get the object allocation traceback
<string>:2: ResourceWarning: unclosed database in <sqlite3.Connection object at 0x1084963e0>
ResourceWarning: Enable tracemalloc to get the object allocation traceback
<string>:2: ResourceWarning: unclosed database in <sqlite3.Connection object at 0x1084964d0>
ResourceWarning: Enable tracemalloc to get the object allocation traceback
<string>:2: ResourceWarning: unclosed database in <sqlite3.Connection object at 0x1084965c0>
ResourceWarning: Enable tracemalloc to get the object allocation traceback
<string>:2: ResourceWarning: unclosed database in <sqlite3.Connection object at 0x1084966b0>
ResourceWarning: Enable tracemalloc to get the object allocation traceback
<string>:2: ResourceWarning: unclosed database in <sqlite3.Connection object at 0x1084967a0>
ResourceWarning: Enable tracemalloc to get the object allocation traceback
<string>:2: ResourceWarning: unclosed database in <sqlite3.Connection object at 0x108496890>
ResourceWarning: Enable tracemalloc to get the object allocation traceback
<string>:2: ResourceWarning: unclosed database in <sqlite3.Connection object at 0x108496980>
ResourceWarning: Enable tracemalloc to get the object allocation traceback
<string>:2: ResourceWarning: unclosed database in <sqlite3.Connection object at 0x108496a70>
ResourceWarning: Enable tracemalloc to get the object allocation traceback
<string>:2: ResourceWarning: unclosed database in <sqlite3.Connection object at 0x108496b60>
ResourceWarning: Enable tracemalloc to get the object allocation traceback
<string>:2: ResourceWarning: unclosed database in <sqlite3.Connection object at 0x108496c50>
ResourceWarning: Enable tracemalloc to get the object allocation traceback
<string>:2: ResourceWarning: unclosed database in <sqlite3.Connection object at 0x108496d40>
ResourceWarning: Enable tracemalloc to get the object allocation traceback
<string>:2: ResourceWarning: unclosed database in <sqlite3.Connection object at 0x108496e30>
ResourceWarning: Enable tracemalloc to get the object allocation traceback
<string>:2: ResourceWarning: unclosed database in <sqlite3.Connection object at 0x108496f20>
ResourceWarning: Enable tracemalloc to get the object allocation traceback
<string>:2: ResourceWarning: unclosed database in <sqlite3.Connection object at 0x108497010>
ResourceWarning: Enable tracemalloc to get the object allocation traceback
ok
test_unknown_ssr_not_fictional_width (test_presentation.PresentationReferenceTests.test_unknown_ssr_not_fictional_width) ... ok
test_valid_first_avoids_duplicate_candidate_starvation (test_presentation.PresentationReferenceTests.test_valid_first_avoids_duplicate_candidate_starvation) ... ok

----------------------------------------------------------------------
Ran 37 tests in 0.056s

OK
