{
  "scope": "Python reference monotone operation-coverage search only; NOT product or paint benchmark",
  "environment": {
    "python": "3.14.7 (main, Aug  5 2026, 10:29:49) [Clang 21.0.0 (clang-2100.1.1.101)]",
    "platform": "macOS-26.6.2-arm64-arm-64bit-Mach-O",
    "processor": "arm"
  },
  "includes": "validation/filtering/sorting of candidate list plus greedy selection; excludes registry construction",
  "limitations": "No browser, rendering, semantic queries, graph binding, pixels, mobile hardware or real model. No threshold derived for production.",
  "observations": [
    {
      "candidates": 71,
      "requiredOperations": 4,
      "runs": 25,
      "warmups": 3,
      "samplesMs": [
        0.063334,
        0.062709,
        0.062459,
        0.0625,
        0.062166,
        0.061584,
        0.062,
        0.061666,
        0.062,
        0.062125,
        0.062208,
        0.061417,
        0.06175,
        0.062291,
        0.064625,
        0.06225,
        0.062208,
        0.062166,
        0.062791,
        0.062,
        0.062458,
        0.061667,
        0.061041,
        0.061792,
        0.061334
      ],
      "medianMs": 0.062166,
      "p95Ms": 0.063334,
      "maxPlanExpansions": 4
    },
    {
      "candidates": 710,
      "requiredOperations": 4,
      "runs": 25,
      "warmups": 3,
      "samplesMs": [
        0.613583,
        0.6065,
        0.594917,
        0.601042,
        0.601875,
        0.593041,
        0.6215,
        0.595709,
        0.6055,
        0.602333,
        0.597167,
        0.59525,
        0.593667,
        0.598084,
        0.591584,
        0.591167,
        0.595375,
        0.592375,
        0.594791,
        0.591541,
        0.595209,
        0.602416,
        0.608291,
        0.614917,
        0.594292
      ],
      "medianMs": 0.595709,
      "p95Ms": 0.614917,
      "maxPlanExpansions": 4
    },
    {
      "candidates": 7100,
      "requiredOperations": 4,
      "runs": 25,
      "warmups": 3,
      "samplesMs": [
        5.937,
        6.078042,
        6.127416,
        6.132709,
        6.112208,
        6.088042,
        6.041667,
        6.326916,
        6.078292,
        6.232458,
        6.041917,
        5.939583,
        6.076709,
        6.052041,
        6.049583,
        5.960583,
        6.039,
        6.168084,
        6.088708,
        7.606167,
        6.23175,
        6.3035,
        6.195458,
        6.230917,
        6.183333
      ],
      "medianMs": 6.088708,
      "p95Ms": 6.326916,
      "maxPlanExpansions": 4
    }
  ]
}
