✔ unknown SSR measurement is representable (0.742458ms)
✔ zero-size hidden container is real, not unknown (0.056917ms)
✔ known measurement needs a number (0.154667ms)
✔ negative measurement refused (0.346292ms)
✔ NaN and infinity refused (0.07225ms)
✔ unknown state does not carry a fictional width (0.0495ms)
✔ count unknown distinct from exact zero (0.083583ms)
✔ exact count missing value refused (0.055542ms)
✔ unsafe integer count refused (0.049667ms)
✔ negative and fractional exact counts refused (0.082333ms)
✔ estimated count missing method refused (0.045541ms)
✔ estimate may honestly state unquantified uncertainty (0.063084ms)
✔ approximate precision requires evidence (0.039209ms)
✔ inverted uncertainty interval refused (0.033583ms)
✔ precision exact is independent of sample population (0.025041ms)
✔ selection keys are stable strings (0.065916ms)
✔ selection rejects row-index numeric keys (0.045959ms)
✔ clear is explicit, empty selection ID list refused (0.045292ms)
✔ duplicate selection keys refused (0.0375ms)
✔ selection cannot self-label human approval (0.042166ms)
✔ result reference is version and scope bound (0.022375ms)
✔ function call without immutable revision refused (0.081667ms)
✔ versioned function call accepted structurally (0.025916ms)
✔ raw executable expression kind refused (0.025708ms)
✔ integer literal must not be nonfinite (0.025292ms)
✔ nonnullable null refused (0.022916ms)
✔ unsafe decimal syntax refused (0.048834ms)
✔ deep expression bounded before recursion (0.085875ms)
✔ wide expression bounded (0.069541ms)
✔ multioutput task topologically ordered (0.090584ms)
✔ queryless form/presentation examples do not have outputs (0.020875ms)
✔ missing output dependency refused (0.065333ms)
✔ duplicate output ID refused (0.037375ms)
✔ live cohort must be explicit dependency (0.041708ms)
✔ dependency cycle refused (0.036791ms)
✔ output budget cannot silently truncate (0.034833ms)
✔ containment tree accepted (0.067125ms)
✔ two parents for a node refused (0.031917ms)
✔ orphan containment refused (0.029708ms)
✔ cycle through root refused (0.02975ms)
✔ same read set can commit (0.045833ms)
✔ changed scopeDigest rejects stale proposal (0.026084ms)
✔ changed policyRevision rejects stale proposal (0.018083ms)
✔ changed taskRevision rejects stale proposal (0.02575ms)
✔ changed regionRevision rejects stale proposal (0.019458ms)
✔ changed catalogRevision rejects stale proposal (0.017459ms)
✔ changed experienceRevision rejects stale proposal (0.021208ms)
✔ changed functionRegistryDigest rejects stale proposal (0.02075ms)
✔ changed result revision rejects commit (0.022333ms)
✔ same result revision but different query is not reusable (0.01925ms)
✔ unrelated extra result does not invalidate the read set (0.022542ms)
✔ coverage requires actual registered operation (0.071333ms)
✔ self-reported coverage is not evidence (0.028917ms)
✔ coverage cannot cite a missing view (0.029958ms)
✔ coverage must bind correct output (0.028542ms)
✔ 100 seeded output DAG permutations retain dependency order (2.29175ms)
✔ 100 result permutations preserve matching preconditions (1.866875ms)
ℹ tests 57
ℹ suites 0
ℹ pass 57
ℹ fail 0
ℹ cancelled 0
ℹ skipped 0
ℹ todo 0
ℹ duration_ms 46.749041
