$ pnpm build:platform && playwright test --config tests/platform/playwright.config.mjs
$ pnpm build:runtime && pnpm --filter @aeliqo/web build && pnpm --filter @aeliqo/react build
$ pnpm build:core && pnpm --filter @aeliqo/runtime build
$ pnpm --filter @aeliqo/core build
$ tsc -p tsconfig.json && node scripts/generate-schemas.mjs
$ tsc -p tsconfig.json
$ tsc -p tsconfig.json
$ tsc -p tsconfig.json
[WebServer] (node:99755) Warning: The 'NO_COLOR' env is ignored due to the 'FORCE_COLOR' env being set.
[WebServer] (Use `node --trace-warnings ...` to show where the warning was created)

Running 10 tests using 1 worker

(node:99770) Warning: The 'NO_COLOR' env is ignored due to the 'FORCE_COLOR' env being set.
(Use `node --trace-warnings ...` to show where the warning was created)
[WebServer] 7:29:44 AM [vite] (client) [console.warn] Lit is in dev mode. Not recommended for production! See https://lit.dev/msg/dev-mode for more information.
  ✓   1 tests/platform/platform.spec.ts:6:1 › vanilla embedding keeps controlled events, forms, focus and style isolation (568ms)
[WebServer] 7:29:45 AM [vite] (client) [console.warn] Lit is in dev mode. Not recommended for production! See https://lit.dev/msg/dev-mode for more information.
  ✓   2 tests/platform/platform.spec.ts:94:1 › a rejected controlled edit cannot become native form data (225ms)
[WebServer] 7:29:45 AM [vite] (client) [console.warn] Lit is in dev mode. Not recommended for production! See https://lit.dev/msg/dev-mode for more information.
  ✓   3 tests/platform/platform.spec.ts:120:1 › property-only names remain form-associated (220ms)
[WebServer] 7:29:45 AM [vite] (client) [console.warn] Lit is in dev mode. Not recommended for production! See https://lit.dev/msg/dev-mode for more information.
  ✓   4 tests/platform/platform.spec.ts:155:1 › IME composition preserves drafts across host updates and commits once (199ms)
[WebServer] 7:29:45 AM [vite] (client) [console.warn] Lit is in dev mode. Not recommended for production! See https://lit.dev/msg/dev-mode for more information.
  ✓   5 tests/platform/platform.spec.ts:406:1 › Enter semantics match native implicit submission across the platform table (936ms)
[WebServer] 7:29:46 AM [vite] (client) [console.warn] Lit is in dev mode. Not recommended for production! See https://lit.dev/msg/dev-mode for more information.
  ✓   6 tests/platform/platform.spec.ts:427:1 › readonly required empty inputs also match native direct requestSubmit (186ms)
[WebServer] 7:29:47 AM [vite] (client) [console.warn] Lit is in dev mode. Not recommended for production! See https://lit.dev/msg/dev-mode for more information.
  ✓   7 tests/platform/platform.spec.ts:471:1 › Enter bridge honors outer cancellation and default submitter click cancellation (331ms)
[WebServer] 7:29:47 AM [vite] (client) [console.warn] Lit is in dev mode. Not recommended for production! See https://lit.dev/msg/dev-mode for more information.
  ✓   8 tests/platform/platform.spec.ts:529:1 › strict script CSP blocks injected inline code while the fixture remains interactive (192ms)
[WebServer] 7:29:47 AM [vite] (client) [console.warn] Lit is in dev mode. Not recommended for production! See https://lit.dev/msg/dev-mode for more information.
[WebServer] 7:29:47 AM [vite] (client) [console.warn] Feature flags __VUE_OPTIONS_API__, __VUE_PROD_DEVTOOLS__, __VUE_PROD_HYDRATION_MISMATCH_DETAILS__ are not explicitly defined. You are running the esm-bundler build of Vue, which expects these compile-time feature flags to be globally injected via the bundler config in order to get better tree-shaking in the production bundle.
[WebServer] 
[WebServer] For more details, see https://link.vuejs.org/feature-flags.
[WebServer] 7:29:47 AM [vite] (client) [console.warn] Lit is in dev mode. Not recommended for production! See https://lit.dev/msg/dev-mode for more information.
  ✓   9 tests/platform/platform.spec.ts:540:1 › React and Vue consume the same registered web elements (453ms)
  ✓  10 tests/platform/platform.spec.ts:556:1 › SSR declarative shadow content upgrades and hydrates without duplication (277ms)

  10 passed (5.3s)
