$ pnpm build:platform && playwright test --config tests/foundation/playwright.config.mjs
$ pnpm build:runtime && pnpm --filter @aeliqo/web build && pnpm --filter @aeliqo/react build
$ pnpm build:core && pnpm --filter @aeliqo/runtime build
$ pnpm --filter @aeliqo/core build
$ tsc -p tsconfig.json && node scripts/generate-schemas.mjs
$ tsc -p tsconfig.json
$ tsc -p tsconfig.json
$ tsc -p tsconfig.json
[WebServer] (node:30169) Warning: The 'NO_COLOR' env is ignored due to the 'FORCE_COLOR' env being set.
[WebServer] (Use `node --trace-warnings ...` to show where the warning was created)

Running 13 tests using 1 worker

(node:30182) Warning: The 'NO_COLOR' env is ignored due to the 'FORCE_COLOR' env being set.
(Use `node --trace-warnings ...` to show where the warning was created)
[WebServer] 7:32:56 AM [vite] (client) [console.warn] Lit is in dev mode. Not recommended for production! See https://lit.dev/msg/dev-mode for more information.
  ✓   1 tests/foundation/browser.spec.ts:9:5 › native action controls submit, reset and cancellation exactly once (236ms)
[WebServer] 7:32:57 AM [vite] (client) [console.warn] Lit is in dev mode. Not recommended for production! See https://lit.dev/msg/dev-mode for more information.
  ✓   2 tests/foundation/browser.spec.ts:32:5 › links, identity fallback, hierarchy and composed foundations retain semantics (94ms)
[WebServer] 7:32:57 AM [vite] (client) [console.warn] Lit is in dev mode. Not recommended for production! See https://lit.dev/msg/dev-mode for more information.
  ✓   3 tests/foundation/browser.spec.ts:45:5 › scroll areas constrain their viewport, separators follow properties, and surfaces expose names (217ms)
[WebServer] 7:32:57 AM [vite] (client) [console.warn] Lit is in dev mode. Not recommended for production! See https://lit.dev/msg/dev-mode for more information.
  ✓   4 tests/foundation/browser.spec.ts:82:5 › split pane provides keyboard and RTL pointer semantics (260ms)
[WebServer] 7:32:57 AM [vite] (client) [console.warn] Lit is in dev mode. Not recommended for production! See https://lit.dev/msg/dev-mode for more information.
  ✓   5 tests/foundation/browser.spec.ts:169:5 › split pane rejects malformed numeric properties without exposing NaN geometry (93ms)
[WebServer] 7:32:57 AM [vite] (client) [console.warn] Lit is in dev mode. Not recommended for production! See https://lit.dev/msg/dev-mode for more information.
  ✓   6 tests/foundation/browser.spec.ts:191:5 › mount and dispose leaves no foundation nodes behind (78ms)
[WebServer] 7:32:57 AM [vite] (client) [console.warn] Lit is in dev mode. Not recommended for production! See https://lit.dev/msg/dev-mode for more information.
  ✓   7 tests/foundation/browser.spec.ts:203:5 › forced colors, RTL and large text preserve visible controls (99ms)
[WebServer] 7:32:57 AM [vite] (client) [console.warn] Lit is in dev mode. Not recommended for production! See https://lit.dev/msg/dev-mode for more information.
[WebServer] 7:32:58 AM [vite] (client) [console.warn] Lit is in dev mode. Not recommended for production! See https://lit.dev/msg/dev-mode for more information.
  ✓   8 tests/foundation/browser.spec.ts:215:5 › validated foundation composition dispatches host requests and preserves focused nodes (399ms)
[WebServer] 7:32:58 AM [vite] (client) [console.warn] Lit is in dev mode. Not recommended for production! See https://lit.dev/msg/dev-mode for more information.
[WebServer] 7:32:58 AM [vite] (client) [console.warn] Lit is in dev mode. Not recommended for production! See https://lit.dev/msg/dev-mode for more information.
  ✓   9 tests/foundation/browser.spec.ts:238:7 › foundation semantic visual and accessibility matrix: light (465ms)
[WebServer] 7:32:58 AM [vite] (client) [console.warn] Lit is in dev mode. Not recommended for production! See https://lit.dev/msg/dev-mode for more information.
[WebServer] 7:32:58 AM [vite] (client) [console.warn] Lit is in dev mode. Not recommended for production! See https://lit.dev/msg/dev-mode for more information.
  ✓  10 tests/foundation/browser.spec.ts:238:7 › foundation semantic visual and accessibility matrix: dark (467ms)
[WebServer] 7:32:59 AM [vite] (client) [console.warn] Lit is in dev mode. Not recommended for production! See https://lit.dev/msg/dev-mode for more information.
[WebServer] 7:32:59 AM [vite] (client) [console.warn] Lit is in dev mode. Not recommended for production! See https://lit.dev/msg/dev-mode for more information.
  ✓  11 tests/foundation/browser.spec.ts:238:7 › foundation semantic visual and accessibility matrix: mobile (536ms)
[WebServer] 7:32:59 AM [vite] (client) [console.warn] Lit is in dev mode. Not recommended for production! See https://lit.dev/msg/dev-mode for more information.
[WebServer] 7:33:00 AM [vite] (client) [console.warn] Lit is in dev mode. Not recommended for production! See https://lit.dev/msg/dev-mode for more information.
  ✓  12 tests/foundation/browser.spec.ts:238:7 › foundation semantic visual and accessibility matrix: rtl-large (502ms)
[WebServer] 7:33:00 AM [vite] (client) [console.warn] Lit is in dev mode. Not recommended for production! See https://lit.dev/msg/dev-mode for more information.
[WebServer] 7:33:00 AM [vite] (client) [console.warn] Lit is in dev mode. Not recommended for production! See https://lit.dev/msg/dev-mode for more information.
  ✓  13 tests/foundation/browser.spec.ts:238:7 › foundation semantic visual and accessibility matrix: forced-colors (490ms)

  13 passed (4.8s)
