$ playwright test --config tests/data-components/playwright.config.mjs
[WebServer] (node:38800) Warning: The 'NO_COLOR' env is ignored due to the 'FORCE_COLOR' env being set.
[WebServer] (Use `node --trace-warnings ...` to show where the warning was created)

Running 13 tests using 1 worker

(node:38806) Warning: The 'NO_COLOR' env is ignored due to the 'FORCE_COLOR' env being set.
(Use `node --trace-warnings ...` to show where the warning was created)
[WebServer] 7:33:31 AM [vite] (client) [console.warn] Lit is in dev mode. Not recommended for production! See https://lit.dev/msg/dev-mode for more information.
  ✓   1 tests/data-components/browser.spec.ts:3:5 › native table preserves exact values, stable identity and scope (238ms)
[WebServer] 7:33:31 AM [vite] (client) [console.warn] Lit is in dev mode. Not recommended for production! See https://lit.dev/msg/dev-mode for more information.
  ✓   2 tests/data-components/browser.spec.ts:15:5 › grid mode is explicit and virtualization remains bounded (203ms)
[WebServer] 7:33:31 AM [vite] (client) [console.warn] Lit is in dev mode. Not recommended for production! See https://lit.dev/msg/dev-mode for more information.
  ✓   3 tests/data-components/browser.spec.ts:34:5 › malformed virtual windows remain bounded and keyboard requests reach the host (202ms)
[WebServer] 7:33:31 AM [vite] (client) [console.warn] Lit is in dev mode. Not recommended for production! See https://lit.dev/msg/dev-mode for more information.
  ✓   4 tests/data-components/browser.spec.ts:62:5 › grid focus follows stable identity across reorder and falls back after removal (185ms)
[WebServer] 7:33:31 AM [vite] (client) [console.warn] Lit is in dev mode. Not recommended for production! See https://lit.dev/msg/dev-mode for more information.
  ✓   5 tests/data-components/browser.spec.ts:86:5 › filter typing is draft-only and Apply emits the typed predicate (193ms)
[WebServer] 7:33:31 AM [vite] (client) [console.warn] Lit is in dev mode. Not recommended for production! See https://lit.dev/msg/dev-mode for more information.
  ✓   6 tests/data-components/browser.spec.ts:96:5 › compound predicates and multiple clauses remain visible and intact on Apply (226ms)
[WebServer] 7:33:32 AM [vite] (client) [console.warn] Lit is in dev mode. Not recommended for production! See https://lit.dev/msg/dev-mode for more information.
  ✓   7 tests/data-components/browser.spec.ts:129:5 › explicit clauses stay visible and unsupported nested predicates stay read-only (189ms)
[WebServer] 7:33:32 AM [vite] (client) [console.warn] Lit is in dev mode. Not recommended for production! See https://lit.dev/msg/dev-mode for more information.
  ✓   8 tests/data-components/browser.spec.ts:168:5 › membership values preserve commas and inherited predicates are visibly read-only (209ms)
[WebServer] 7:33:32 AM [vite] (client) [console.warn] Lit is in dev mode. Not recommended for production! See https://lit.dev/msg/dev-mode for more information.
  ✓   9 tests/data-components/browser.spec.ts:208:5 › text compare and membership values preserve whitespace and empty strings (250ms)
[WebServer] 7:33:32 AM [vite] (client) [console.warn] Lit is in dev mode. Not recommended for production! See https://lit.dev/msg/dev-mode for more information.
  ✓  10 tests/data-components/browser.spec.ts:236:5 › nullable text membership preserves null separately from an empty string (211ms)
[WebServer] 7:33:33 AM [vite] (client) [console.warn] Lit is in dev mode. Not recommended for production! See https://lit.dev/msg/dev-mode for more information.
  ✓  11 tests/data-components/browser.spec.ts:252:5 › equivalent predicate refreshes preserve the active filter draft (168ms)
[WebServer] 7:33:33 AM [vite] (client) [console.warn] Lit is in dev mode. Not recommended for production! See https://lit.dev/msg/dev-mode for more information.
  ✓  12 tests/data-components/browser.spec.ts:279:5 › qualified predicates never apply under a different builder entity (249ms)
[WebServer] 7:33:33 AM [vite] (client) [console.warn] Lit is in dev mode. Not recommended for production! See https://lit.dev/msg/dev-mode for more information.
  ✓  13 tests/data-components/browser.spec.ts:314:5 › RTL scope prose and long metric numbers keep their reading order (384ms)

  13 passed (3.4s)
