$ AELIQO_RUN_PERFORMANCE=1 AELIQO_ENFORCE_PERFORMANCE_BUDGETS=1 playwright test --config tests/performance/playwright.config.mjs
[WebServer] (node:21683) Warning: The 'NO_COLOR' env is ignored due to the 'FORCE_COLOR' env being set.
[WebServer] (Use `node --trace-warnings ...` to show where the warning was created)
[WebServer] $ pnpm build:runtime && pnpm --filter @aeliqo/web build && pnpm --filter @aeliqo/react build
[WebServer] (node:21699) Warning: The 'NO_COLOR' env is ignored due to the 'FORCE_COLOR' env being set.
[WebServer] (Use `node --trace-warnings ...` to show where the warning was created)
[WebServer] $ pnpm build:core && pnpm --filter @aeliqo/runtime build
[WebServer] (node:21718) Warning: The 'NO_COLOR' env is ignored due to the 'FORCE_COLOR' env being set.
[WebServer] (Use `node --trace-warnings ...` to show where the warning was created)
[WebServer] $ pnpm --filter @aeliqo/core build
[WebServer] (node:21739) Warning: The 'NO_COLOR' env is ignored due to the 'FORCE_COLOR' env being set.
[WebServer] (Use `node --trace-warnings ...` to show where the warning was created)
[WebServer] $ tsc -p tsconfig.json && node scripts/generate-schemas.mjs
[WebServer] (node:21771) Warning: The 'NO_COLOR' env is ignored due to the 'FORCE_COLOR' env being set.
[WebServer] (Use `node --trace-warnings ...` to show where the warning was created)
[WebServer] $ tsc -p tsconfig.json
[WebServer] (node:21799) Warning: The 'NO_COLOR' env is ignored due to the 'FORCE_COLOR' env being set.
[WebServer] (Use `node --trace-warnings ...` to show where the warning was created)
[WebServer] $ tsc -p tsconfig.json
[WebServer] (node:21837) Warning: The 'NO_COLOR' env is ignored due to the 'FORCE_COLOR' env being set.
[WebServer] (Use `node --trace-warnings ...` to show where the warning was created)
[WebServer] $ tsc -p tsconfig.json
[WebServer] (node:21861) Warning: The 'NO_COLOR' env is ignored due to the 'FORCE_COLOR' env being set.
[WebServer] (Use `node --trace-warnings ...` to show where the warning was created)
[WebServer] (node:21867) Warning: The 'NO_COLOR' env is ignored due to the 'FORCE_COLOR' env being set.
[WebServer] (Use `node --trace-warnings ...` to show where the warning was created)

Running 2 tests using 1 worker

(node:21876) Warning: The 'NO_COLOR' env is ignored due to the 'FORCE_COLOR' env being set.
(Use `node --trace-warnings ...` to show where the warning was created)
  ✓  1 tests/performance/browser.spec.ts:91:5 › runs small, medium, large-window, reducer and teardown workloads (715ms)
  ✘  2 tests/performance/browser.spec.ts:131:5 › records first/subsequent observations with a Chromium layout/paint trace (9.2s)


  1) tests/performance/browser.spec.ts:131:5 › records first/subsequent observations with a Chromium layout/paint trace 

    Error: expect(received).toMatchObject(expected)

    - Expected  - 1
    + Received  + 1

      Object {
        "largeGeometryWithinBudget": true,
    -   "presentationPlannerWithinBudget": true,
    +   "presentationPlannerWithinBudget": false,
        "targetedReducerWithinBudget": true,
      }

      183 |   expect(report).toMatchObject({environment: {runtime: "browser"}, small: {measurement: {first: {rawMs: expect.any(Array)}, subsequent: {rawMs: expect.any(Array)}}}});
      184 |   expect(tracePhasesAvailable).toBe(true);
    > 185 |   if (budgetAssertions.enforced) expect(budgetAssertions).toMatchObject({presentationPlannerWithinBudget: true, targetedReducerWithinBudget: true, largeGeometryWithinBudget: true});
          |                                                           ^
      186 | });
      187 |
        at /Users/nino/WORKS/Personal/Idea/Project/products/aeliqo/tests/performance/browser.spec.ts:185:59

    Error Context: artifacts/performance-browser/browser-records-first-subs-091cf-Chromium-layout-paint-trace/error-context.md

    attachment #2: trace (application/zip) ─────────────────────────────────────────────────────────
    artifacts/performance-browser/browser-records-first-subs-091cf-Chromium-layout-paint-trace/trace.zip
    Usage:

        pnpm exec playwright show-trace artifacts/performance-browser/browser-records-first-subs-091cf-Chromium-layout-paint-trace/trace.zip

    ────────────────────────────────────────────────────────────────────────────────────────────────

  1 failed
    tests/performance/browser.spec.ts:131:5 › records first/subsequent observations with a Chromium layout/paint trace 
  1 passed (14.3s)
[ELIFECYCLE] Command failed with exit code 1.
