$ playwright test --config tests/performance/perceived-input.playwright.config.mjs
[WebServer] (node:22092) Warning: The 'NO_COLOR' env is ignored due to the 'FORCE_COLOR' env being set.
[WebServer] (Use `node --trace-warnings ...` to show where the warning was created)
[WebServer] $ pnpm build:core && pnpm --filter @aeliqo/runtime build
[WebServer] (node:22109) Warning: The 'NO_COLOR' env is ignored due to the 'FORCE_COLOR' env being set.
[WebServer] (Use `node --trace-warnings ...` to show where the warning was created)
[WebServer] $ pnpm --filter @aeliqo/core build
[WebServer] (node:22127) Warning: The 'NO_COLOR' env is ignored due to the 'FORCE_COLOR' env being set.
[WebServer] (Use `node --trace-warnings ...` to show where the warning was created)
[WebServer] $ tsc -p tsconfig.json && node scripts/generate-schemas.mjs
[WebServer] (node:22156) Warning: The 'NO_COLOR' env is ignored due to the 'FORCE_COLOR' env being set.
[WebServer] (Use `node --trace-warnings ...` to show where the warning was created)
[WebServer] $ tsc -p tsconfig.json
[WebServer] (node:22187) Warning: The 'NO_COLOR' env is ignored due to the 'FORCE_COLOR' env being set.
[WebServer] (Use `node --trace-warnings ...` to show where the warning was created)
[WebServer] $ tsc -p tsconfig.json
[WebServer] (node:22208) Warning: The 'NO_COLOR' env is ignored due to the 'FORCE_COLOR' env being set.
[WebServer] (Use `node --trace-warnings ...` to show where the warning was created)
[WebServer] (node:22217) Warning: The 'NO_COLOR' env is ignored due to the 'FORCE_COLOR' env being set.
[WebServer] (Use `node --trace-warnings ...` to show where the warning was created)

Running 2 tests using 1 worker

(node:22230) Warning: The 'NO_COLOR' env is ignored due to the 'FORCE_COLOR' env being set.
(Use `node --trace-warnings ...` to show where the warning was created)
  ✓  1 tests/performance/perceived-input.spec.ts:239:5 › measures trusted keyboard to visible DOM update on direct input and local 100-row table (298ms)
  ✓  2 tests/performance/perceived-input.spec.ts:298:5 › calibrates exact Event Timing association with a deliberate trusted keyboard handler (274ms)

  2 passed (4.8s)
