test_balance_not_sum_over_time (test_math.NumericalContractTests.test_balance_not_sum_over_time) ... ok
test_calendar_three_months_not_ninety_days (test_math.NumericalContractTests.test_calendar_three_months_not_ninety_days) ... ok
test_distinct_counts_not_additive (test_math.NumericalContractTests.test_distinct_counts_not_additive) ... ok
test_fanout_mutant_is_detected (test_math.NumericalContractTests.test_fanout_mutant_is_detected) ... ok
test_fixed_cohort_not_per_week_winner (test_math.NumericalContractTests.test_fixed_cohort_not_per_week_winner) ... ok
test_half_open_periods_do_not_overlap (test_math.NumericalContractTests.test_half_open_periods_do_not_overlap) ... ok
test_identity_count_not_row_count (test_math.NumericalContractTests.test_identity_count_not_row_count) ... ok
test_large_money_exact_decimal (test_math.NumericalContractTests.test_large_money_exact_decimal) ... ok
test_local_day_not_fixed_24_hours (test_math.NumericalContractTests.test_local_day_not_fixed_24_hours) ... ok
test_mean_and_pooled_answer_different_questions (test_math.NumericalContractTests.test_mean_and_pooled_answer_different_questions) ... ok
test_missing_observation_not_absence (test_math.NumericalContractTests.test_missing_observation_not_absence) ... ok
test_missing_pair_exclusion_is_declared (test_math.NumericalContractTests.test_missing_pair_exclusion_is_declared) ... ok
test_mix_shift_totals_do_not_imply_every_group_worse (test_math.NumericalContractTests.test_mix_shift_totals_do_not_imply_every_group_worse) ... ok
test_no_observations_is_unknown (test_math.NumericalContractTests.test_no_observations_is_unknown) ... ok
test_partial_page_cannot_prove_global_winner (test_math.NumericalContractTests.test_partial_page_cannot_prove_global_winner) ... ok
test_permutations_preserve_exact_pooled_rate_100_seeds (test_math.NumericalContractTests.test_permutations_preserve_exact_pooled_rate_100_seeds) ... ok
test_shards_preserve_sufficient_statistics_100_seeds (test_math.NumericalContractTests.test_shards_preserve_sufficient_statistics_100_seeds) ... ok
test_sql_python_equivalence_300_seeds (test_math.NumericalContractTests.test_sql_python_equivalence_300_seeds) ... /opt/homebrew/Cellar/python@3.14/3.14.7/Frameworks/Python.framework/Versions/3.14/lib/python3.14/fractions.py:237: ResourceWarning: unclosed database in <sqlite3.Connection object at 0x109ee54e0>
  self = super(Fraction, cls).__new__(cls)
ResourceWarning: Enable tracemalloc to get the object allocation traceback
/opt/homebrew/Cellar/python@3.14/3.14.7/Frameworks/Python.framework/Versions/3.14/lib/python3.14/fractions.py:237: ResourceWarning: unclosed database in <sqlite3.Connection object at 0x109b98b80>
  self = super(Fraction, cls).__new__(cls)
ResourceWarning: Enable tracemalloc to get the object allocation traceback
/opt/homebrew/Cellar/python@3.14/3.14.7/Frameworks/Python.framework/Versions/3.14/lib/python3.14/fractions.py:237: ResourceWarning: unclosed database in <sqlite3.Connection object at 0x109941990>
  self = super(Fraction, cls).__new__(cls)
ResourceWarning: Enable tracemalloc to get the object allocation traceback
/opt/homebrew/Cellar/python@3.14/3.14.7/Frameworks/Python.framework/Versions/3.14/lib/python3.14/fractions.py:237: ResourceWarning: unclosed database in <sqlite3.Connection object at 0x109ee5210>
  self = super(Fraction, cls).__new__(cls)
ResourceWarning: Enable tracemalloc to get the object allocation traceback
/opt/homebrew/Cellar/python@3.14/3.14.7/Frameworks/Python.framework/Versions/3.14/lib/python3.14/fractions.py:237: ResourceWarning: unclosed database in <sqlite3.Connection object at 0x109ee55d0>
  self = super(Fraction, cls).__new__(cls)
ResourceWarning: Enable tracemalloc to get the object allocation traceback
/opt/homebrew/Cellar/python@3.14/3.14.7/Frameworks/Python.framework/Versions/3.14/lib/python3.14/fractions.py:237: ResourceWarning: unclosed database in <sqlite3.Connection object at 0x109ee56c0>
  self = super(Fraction, cls).__new__(cls)
ResourceWarning: Enable tracemalloc to get the object allocation traceback
/opt/homebrew/Cellar/python@3.14/3.14.7/Frameworks/Python.framework/Versions/3.14/lib/python3.14/fractions.py:237: ResourceWarning: unclosed database in <sqlite3.Connection object at 0x109ee57b0>
  self = super(Fraction, cls).__new__(cls)
ResourceWarning: Enable tracemalloc to get the object allocation traceback
/opt/homebrew/Cellar/python@3.14/3.14.7/Frameworks/Python.framework/Versions/3.14/lib/python3.14/fractions.py:237: ResourceWarning: unclosed database in <sqlite3.Connection object at 0x109ee58a0>
  self = super(Fraction, cls).__new__(cls)
ResourceWarning: Enable tracemalloc to get the object allocation traceback
/opt/homebrew/Cellar/python@3.14/3.14.7/Frameworks/Python.framework/Versions/3.14/lib/python3.14/fractions.py:237: ResourceWarning: unclosed database in <sqlite3.Connection object at 0x109ee5990>
  self = super(Fraction, cls).__new__(cls)
ResourceWarning: Enable tracemalloc to get the object allocation traceback
/opt/homebrew/Cellar/python@3.14/3.14.7/Frameworks/Python.framework/Versions/3.14/lib/python3.14/fractions.py:237: ResourceWarning: unclosed database in <sqlite3.Connection object at 0x109ee5a80>
  self = super(Fraction, cls).__new__(cls)
ResourceWarning: Enable tracemalloc to get the object allocation traceback
/opt/homebrew/Cellar/python@3.14/3.14.7/Frameworks/Python.framework/Versions/3.14/lib/python3.14/fractions.py:237: ResourceWarning: unclosed database in <sqlite3.Connection object at 0x109ee5b70>
  self = super(Fraction, cls).__new__(cls)
ResourceWarning: Enable tracemalloc to get the object allocation traceback
/opt/homebrew/Cellar/python@3.14/3.14.7/Frameworks/Python.framework/Versions/3.14/lib/python3.14/fractions.py:237: ResourceWarning: unclosed database in <sqlite3.Connection object at 0x109ee5c60>
  self = super(Fraction, cls).__new__(cls)
ResourceWarning: Enable tracemalloc to get the object allocation traceback
/opt/homebrew/Cellar/python@3.14/3.14.7/Frameworks/Python.framework/Versions/3.14/lib/python3.14/fractions.py:237: ResourceWarning: unclosed database in <sqlite3.Connection object at 0x109ee5d50>
  self = super(Fraction, cls).__new__(cls)
ResourceWarning: Enable tracemalloc to get the object allocation traceback
/opt/homebrew/Cellar/python@3.14/3.14.7/Frameworks/Python.framework/Versions/3.14/lib/python3.14/fractions.py:237: ResourceWarning: unclosed database in <sqlite3.Connection object at 0x109ee5e40>
  self = super(Fraction, cls).__new__(cls)
ResourceWarning: Enable tracemalloc to get the object allocation traceback
/opt/homebrew/Cellar/python@3.14/3.14.7/Frameworks/Python.framework/Versions/3.14/lib/python3.14/fractions.py:237: ResourceWarning: unclosed database in <sqlite3.Connection object at 0x109ee5f30>
  self = super(Fraction, cls).__new__(cls)
ResourceWarning: Enable tracemalloc to get the object allocation traceback
/opt/homebrew/Cellar/python@3.14/3.14.7/Frameworks/Python.framework/Versions/3.14/lib/python3.14/fractions.py:237: ResourceWarning: unclosed database in <sqlite3.Connection object at 0x109ee6020>
  self = super(Fraction, cls).__new__(cls)
ResourceWarning: Enable tracemalloc to get the object allocation traceback
/opt/homebrew/Cellar/python@3.14/3.14.7/Frameworks/Python.framework/Versions/3.14/lib/python3.14/fractions.py:237: ResourceWarning: unclosed database in <sqlite3.Connection object at 0x109ee6110>
  self = super(Fraction, cls).__new__(cls)
ResourceWarning: Enable tracemalloc to get the object allocation traceback
/opt/homebrew/Cellar/python@3.14/3.14.7/Frameworks/Python.framework/Versions/3.14/lib/python3.14/fractions.py:237: ResourceWarning: unclosed database in <sqlite3.Connection object at 0x109ee6200>
  self = super(Fraction, cls).__new__(cls)
ResourceWarning: Enable tracemalloc to get the object allocation traceback
/opt/homebrew/Cellar/python@3.14/3.14.7/Frameworks/Python.framework/Versions/3.14/lib/python3.14/fractions.py:237: ResourceWarning: unclosed database in <sqlite3.Connection object at 0x109ee62f0>
  self = super(Fraction, cls).__new__(cls)
ResourceWarning: Enable tracemalloc to get the object allocation traceback
/opt/homebrew/Cellar/python@3.14/3.14.7/Frameworks/Python.framework/Versions/3.14/lib/python3.14/fractions.py:237: ResourceWarning: unclosed database in <sqlite3.Connection object at 0x109ee63e0>
  self = super(Fraction, cls).__new__(cls)
ResourceWarning: Enable tracemalloc to get the object allocation traceback
/opt/homebrew/Cellar/python@3.14/3.14.7/Frameworks/Python.framework/Versions/3.14/lib/python3.14/fractions.py:237: ResourceWarning: unclosed database in <sqlite3.Connection object at 0x109ee64d0>
  self = super(Fraction, cls).__new__(cls)
ResourceWarning: Enable tracemalloc to get the object allocation traceback
/opt/homebrew/Cellar/python@3.14/3.14.7/Frameworks/Python.framework/Versions/3.14/lib/python3.14/fractions.py:237: ResourceWarning: unclosed database in <sqlite3.Connection object at 0x109ee65c0>
  self = super(Fraction, cls).__new__(cls)
ResourceWarning: Enable tracemalloc to get the object allocation traceback
/opt/homebrew/Cellar/python@3.14/3.14.7/Frameworks/Python.framework/Versions/3.14/lib/python3.14/fractions.py:237: ResourceWarning: unclosed database in <sqlite3.Connection object at 0x109ee66b0>
  self = super(Fraction, cls).__new__(cls)
ResourceWarning: Enable tracemalloc to get the object allocation traceback
/opt/homebrew/Cellar/python@3.14/3.14.7/Frameworks/Python.framework/Versions/3.14/lib/python3.14/fractions.py:237: ResourceWarning: unclosed database in <sqlite3.Connection object at 0x109ee67a0>
  self = super(Fraction, cls).__new__(cls)
ResourceWarning: Enable tracemalloc to get the object allocation traceback
/opt/homebrew/Cellar/python@3.14/3.14.7/Frameworks/Python.framework/Versions/3.14/lib/python3.14/fractions.py:237: ResourceWarning: unclosed database in <sqlite3.Connection object at 0x109ee6890>
  self = super(Fraction, cls).__new__(cls)
ResourceWarning: Enable tracemalloc to get the object allocation traceback
/opt/homebrew/Cellar/python@3.14/3.14.7/Frameworks/Python.framework/Versions/3.14/lib/python3.14/fractions.py:237: ResourceWarning: unclosed database in <sqlite3.Connection object at 0x109ee6980>
  self = super(Fraction, cls).__new__(cls)
ResourceWarning: Enable tracemalloc to get the object allocation traceback
/opt/homebrew/Cellar/python@3.14/3.14.7/Frameworks/Python.framework/Versions/3.14/lib/python3.14/fractions.py:237: ResourceWarning: unclosed database in <sqlite3.Connection object at 0x109ee6a70>
  self = super(Fraction, cls).__new__(cls)
ResourceWarning: Enable tracemalloc to get the object allocation traceback
/opt/homebrew/Cellar/python@3.14/3.14.7/Frameworks/Python.framework/Versions/3.14/lib/python3.14/fractions.py:237: ResourceWarning: unclosed database in <sqlite3.Connection object at 0x109ee6b60>
  self = super(Fraction, cls).__new__(cls)
ResourceWarning: Enable tracemalloc to get the object allocation traceback
/opt/homebrew/Cellar/python@3.14/3.14.7/Frameworks/Python.framework/Versions/3.14/lib/python3.14/fractions.py:237: ResourceWarning: unclosed database in <sqlite3.Connection object at 0x109ee6c50>
  self = super(Fraction, cls).__new__(cls)
ResourceWarning: Enable tracemalloc to get the object allocation traceback
/opt/homebrew/Cellar/python@3.14/3.14.7/Frameworks/Python.framework/Versions/3.14/lib/python3.14/fractions.py:237: ResourceWarning: unclosed database in <sqlite3.Connection object at 0x109ee6d40>
  self = super(Fraction, cls).__new__(cls)
ResourceWarning: Enable tracemalloc to get the object allocation traceback
/opt/homebrew/Cellar/python@3.14/3.14.7/Frameworks/Python.framework/Versions/3.14/lib/python3.14/fractions.py:237: ResourceWarning: unclosed database in <sqlite3.Connection object at 0x109ee6e30>
  self = super(Fraction, cls).__new__(cls)
ResourceWarning: Enable tracemalloc to get the object allocation traceback
/opt/homebrew/Cellar/python@3.14/3.14.7/Frameworks/Python.framework/Versions/3.14/lib/python3.14/fractions.py:237: ResourceWarning: unclosed database in <sqlite3.Connection object at 0x109ee6f20>
  self = super(Fraction, cls).__new__(cls)
ResourceWarning: Enable tracemalloc to get the object allocation traceback
/opt/homebrew/Cellar/python@3.14/3.14.7/Frameworks/Python.framework/Versions/3.14/lib/python3.14/fractions.py:237: ResourceWarning: unclosed database in <sqlite3.Connection object at 0x109ee7010>
  self = super(Fraction, cls).__new__(cls)
ResourceWarning: Enable tracemalloc to get the object allocation traceback
/opt/homebrew/Cellar/python@3.14/3.14.7/Frameworks/Python.framework/Versions/3.14/lib/python3.14/fractions.py:237: ResourceWarning: unclosed database in <sqlite3.Connection object at 0x109ee7100>
  self = super(Fraction, cls).__new__(cls)
ResourceWarning: Enable tracemalloc to get the object allocation traceback
/opt/homebrew/Cellar/python@3.14/3.14.7/Frameworks/Python.framework/Versions/3.14/lib/python3.14/fractions.py:237: ResourceWarning: unclosed database in <sqlite3.Connection object at 0x109ee71f0>
  self = super(Fraction, cls).__new__(cls)
ResourceWarning: Enable tracemalloc to get the object allocation traceback
/opt/homebrew/Cellar/python@3.14/3.14.7/Frameworks/Python.framework/Versions/3.14/lib/python3.14/fractions.py:237: ResourceWarning: unclosed database in <sqlite3.Connection object at 0x109ee72e0>
  self = super(Fraction, cls).__new__(cls)
ResourceWarning: Enable tracemalloc to get the object allocation traceback
/opt/homebrew/Cellar/python@3.14/3.14.7/Frameworks/Python.framework/Versions/3.14/lib/python3.14/fractions.py:237: ResourceWarning: unclosed database in <sqlite3.Connection object at 0x109ee73d0>
  self = super(Fraction, cls).__new__(cls)
ResourceWarning: Enable tracemalloc to get the object allocation traceback
/opt/homebrew/Cellar/python@3.14/3.14.7/Frameworks/Python.framework/Versions/3.14/lib/python3.14/fractions.py:237: ResourceWarning: unclosed database in <sqlite3.Connection object at 0x109ee74c0>
  self = super(Fraction, cls).__new__(cls)
ResourceWarning: Enable tracemalloc to get the object allocation traceback
/opt/homebrew/Cellar/python@3.14/3.14.7/Frameworks/Python.framework/Versions/3.14/lib/python3.14/fractions.py:237: ResourceWarning: unclosed database in <sqlite3.Connection object at 0x109ee75b0>
  self = super(Fraction, cls).__new__(cls)
ResourceWarning: Enable tracemalloc to get the object allocation traceback
/opt/homebrew/Cellar/python@3.14/3.14.7/Frameworks/Python.framework/Versions/3.14/lib/python3.14/fractions.py:237: ResourceWarning: unclosed database in <sqlite3.Connection object at 0x109ee76a0>
  self = super(Fraction, cls).__new__(cls)
ResourceWarning: Enable tracemalloc to get the object allocation traceback
/opt/homebrew/Cellar/python@3.14/3.14.7/Frameworks/Python.framework/Versions/3.14/lib/python3.14/fractions.py:237: ResourceWarning: unclosed database in <sqlite3.Connection object at 0x109ee7790>
  self = super(Fraction, cls).__new__(cls)
ResourceWarning: Enable tracemalloc to get the object allocation traceback
/opt/homebrew/Cellar/python@3.14/3.14.7/Frameworks/Python.framework/Versions/3.14/lib/python3.14/fractions.py:237: ResourceWarning: unclosed database in <sqlite3.Connection object at 0x109ee7880>
  self = super(Fraction, cls).__new__(cls)
ResourceWarning: Enable tracemalloc to get the object allocation traceback
/opt/homebrew/Cellar/python@3.14/3.14.7/Frameworks/Python.framework/Versions/3.14/lib/python3.14/fractions.py:237: ResourceWarning: unclosed database in <sqlite3.Connection object at 0x109ee7970>
  self = super(Fraction, cls).__new__(cls)
ResourceWarning: Enable tracemalloc to get the object allocation traceback
/opt/homebrew/Cellar/python@3.14/3.14.7/Frameworks/Python.framework/Versions/3.14/lib/python3.14/fractions.py:237: ResourceWarning: unclosed database in <sqlite3.Connection object at 0x109ee7a60>
  self = super(Fraction, cls).__new__(cls)
ResourceWarning: Enable tracemalloc to get the object allocation traceback
/opt/homebrew/Cellar/python@3.14/3.14.7/Frameworks/Python.framework/Versions/3.14/lib/python3.14/fractions.py:237: ResourceWarning: unclosed database in <sqlite3.Connection object at 0x109ee7b50>
  self = super(Fraction, cls).__new__(cls)
ResourceWarning: Enable tracemalloc to get the object allocation traceback
/opt/homebrew/Cellar/python@3.14/3.14.7/Frameworks/Python.framework/Versions/3.14/lib/python3.14/fractions.py:237: ResourceWarning: unclosed database in <sqlite3.Connection object at 0x109ee7c40>
  self = super(Fraction, cls).__new__(cls)
ResourceWarning: Enable tracemalloc to get the object allocation traceback
/opt/homebrew/Cellar/python@3.14/3.14.7/Frameworks/Python.framework/Versions/3.14/lib/python3.14/fractions.py:237: ResourceWarning: unclosed database in <sqlite3.Connection object at 0x109ee7d30>
  self = super(Fraction, cls).__new__(cls)
ResourceWarning: Enable tracemalloc to get the object allocation traceback
/opt/homebrew/Cellar/python@3.14/3.14.7/Frameworks/Python.framework/Versions/3.14/lib/python3.14/fractions.py:237: ResourceWarning: unclosed database in <sqlite3.Connection object at 0x109ee7e20>
  self = super(Fraction, cls).__new__(cls)
ResourceWarning: Enable tracemalloc to get the object allocation traceback
/opt/homebrew/Cellar/python@3.14/3.14.7/Frameworks/Python.framework/Versions/3.14/lib/python3.14/fractions.py:237: ResourceWarning: unclosed database in <sqlite3.Connection object at 0x109ee7f10>
  self = super(Fraction, cls).__new__(cls)
ResourceWarning: Enable tracemalloc to get the object allocation traceback
/opt/homebrew/Cellar/python@3.14/3.14.7/Frameworks/Python.framework/Versions/3.14/lib/python3.14/fractions.py:237: ResourceWarning: unclosed database in <sqlite3.Connection object at 0x109f38040>
  self = super(Fraction, cls).__new__(cls)
ResourceWarning: Enable tracemalloc to get the object allocation traceback
/opt/homebrew/Cellar/python@3.14/3.14.7/Frameworks/Python.framework/Versions/3.14/lib/python3.14/fractions.py:237: ResourceWarning: unclosed database in <sqlite3.Connection object at 0x109f38130>
  self = super(Fraction, cls).__new__(cls)
ResourceWarning: Enable tracemalloc to get the object allocation traceback
/opt/homebrew/Cellar/python@3.14/3.14.7/Frameworks/Python.framework/Versions/3.14/lib/python3.14/fractions.py:237: ResourceWarning: unclosed database in <sqlite3.Connection object at 0x109f38220>
  self = super(Fraction, cls).__new__(cls)
ResourceWarning: Enable tracemalloc to get the object allocation traceback
/opt/homebrew/Cellar/python@3.14/3.14.7/Frameworks/Python.framework/Versions/3.14/lib/python3.14/fractions.py:237: ResourceWarning: unclosed database in <sqlite3.Connection object at 0x109f38310>
  self = super(Fraction, cls).__new__(cls)
ResourceWarning: Enable tracemalloc to get the object allocation traceback
/opt/homebrew/Cellar/python@3.14/3.14.7/Frameworks/Python.framework/Versions/3.14/lib/python3.14/fractions.py:237: ResourceWarning: unclosed database in <sqlite3.Connection object at 0x109f38400>
  self = super(Fraction, cls).__new__(cls)
ResourceWarning: Enable tracemalloc to get the object allocation traceback
/opt/homebrew/Cellar/python@3.14/3.14.7/Frameworks/Python.framework/Versions/3.14/lib/python3.14/fractions.py:237: ResourceWarning: unclosed database in <sqlite3.Connection object at 0x109f384f0>
  self = super(Fraction, cls).__new__(cls)
ResourceWarning: Enable tracemalloc to get the object allocation traceback
/opt/homebrew/Cellar/python@3.14/3.14.7/Frameworks/Python.framework/Versions/3.14/lib/python3.14/fractions.py:237: ResourceWarning: unclosed database in <sqlite3.Connection object at 0x109f385e0>
  self = super(Fraction, cls).__new__(cls)
ResourceWarning: Enable tracemalloc to get the object allocation traceback
/opt/homebrew/Cellar/python@3.14/3.14.7/Frameworks/Python.framework/Versions/3.14/lib/python3.14/fractions.py:237: ResourceWarning: unclosed database in <sqlite3.Connection object at 0x109f386d0>
  self = super(Fraction, cls).__new__(cls)
ResourceWarning: Enable tracemalloc to get the object allocation traceback
/opt/homebrew/Cellar/python@3.14/3.14.7/Frameworks/Python.framework/Versions/3.14/lib/python3.14/fractions.py:237: ResourceWarning: unclosed database in <sqlite3.Connection object at 0x109f387c0>
  self = super(Fraction, cls).__new__(cls)
ResourceWarning: Enable tracemalloc to get the object allocation traceback
/opt/homebrew/Cellar/python@3.14/3.14.7/Frameworks/Python.framework/Versions/3.14/lib/python3.14/fractions.py:237: ResourceWarning: unclosed database in <sqlite3.Connection object at 0x109f388b0>
  self = super(Fraction, cls).__new__(cls)
ResourceWarning: Enable tracemalloc to get the object allocation traceback
/opt/homebrew/Cellar/python@3.14/3.14.7/Frameworks/Python.framework/Versions/3.14/lib/python3.14/fractions.py:237: ResourceWarning: unclosed database in <sqlite3.Connection object at 0x109f389a0>
  self = super(Fraction, cls).__new__(cls)
ResourceWarning: Enable tracemalloc to get the object allocation traceback
/opt/homebrew/Cellar/python@3.14/3.14.7/Frameworks/Python.framework/Versions/3.14/lib/python3.14/fractions.py:237: ResourceWarning: unclosed database in <sqlite3.Connection object at 0x109f38a90>
  self = super(Fraction, cls).__new__(cls)
ResourceWarning: Enable tracemalloc to get the object allocation traceback
/opt/homebrew/Cellar/python@3.14/3.14.7/Frameworks/Python.framework/Versions/3.14/lib/python3.14/fractions.py:237: ResourceWarning: unclosed database in <sqlite3.Connection object at 0x109f38b80>
  self = super(Fraction, cls).__new__(cls)
ResourceWarning: Enable tracemalloc to get the object allocation traceback
/opt/homebrew/Cellar/python@3.14/3.14.7/Frameworks/Python.framework/Versions/3.14/lib/python3.14/fractions.py:237: ResourceWarning: unclosed database in <sqlite3.Connection object at 0x109f38c70>
  self = super(Fraction, cls).__new__(cls)
ResourceWarning: Enable tracemalloc to get the object allocation traceback
/opt/homebrew/Cellar/python@3.14/3.14.7/Frameworks/Python.framework/Versions/3.14/lib/python3.14/fractions.py:237: ResourceWarning: unclosed database in <sqlite3.Connection object at 0x109f38d60>
  self = super(Fraction, cls).__new__(cls)
ResourceWarning: Enable tracemalloc to get the object allocation traceback
/opt/homebrew/Cellar/python@3.14/3.14.7/Frameworks/Python.framework/Versions/3.14/lib/python3.14/fractions.py:237: ResourceWarning: unclosed database in <sqlite3.Connection object at 0x109f38e50>
  self = super(Fraction, cls).__new__(cls)
ResourceWarning: Enable tracemalloc to get the object allocation traceback
/opt/homebrew/Cellar/python@3.14/3.14.7/Frameworks/Python.framework/Versions/3.14/lib/python3.14/fractions.py:237: ResourceWarning: unclosed database in <sqlite3.Connection object at 0x109f38f40>
  self = super(Fraction, cls).__new__(cls)
ResourceWarning: Enable tracemalloc to get the object allocation traceback
/opt/homebrew/Cellar/python@3.14/3.14.7/Frameworks/Python.framework/Versions/3.14/lib/python3.14/fractions.py:237: ResourceWarning: unclosed database in <sqlite3.Connection object at 0x109f39030>
  self = super(Fraction, cls).__new__(cls)
ResourceWarning: Enable tracemalloc to get the object allocation traceback
/opt/homebrew/Cellar/python@3.14/3.14.7/Frameworks/Python.framework/Versions/3.14/lib/python3.14/fractions.py:237: ResourceWarning: unclosed database in <sqlite3.Connection object at 0x109f39120>
  self = super(Fraction, cls).__new__(cls)
ResourceWarning: Enable tracemalloc to get the object allocation traceback
/opt/homebrew/Cellar/python@3.14/3.14.7/Frameworks/Python.framework/Versions/3.14/lib/python3.14/fractions.py:237: ResourceWarning: unclosed database in <sqlite3.Connection object at 0x109f39210>
  self = super(Fraction, cls).__new__(cls)
ResourceWarning: Enable tracemalloc to get the object allocation traceback
/opt/homebrew/Cellar/python@3.14/3.14.7/Frameworks/Python.framework/Versions/3.14/lib/python3.14/fractions.py:237: ResourceWarning: unclosed database in <sqlite3.Connection object at 0x109f39300>
  self = super(Fraction, cls).__new__(cls)
ResourceWarning: Enable tracemalloc to get the object allocation traceback
/opt/homebrew/Cellar/python@3.14/3.14.7/Frameworks/Python.framework/Versions/3.14/lib/python3.14/fractions.py:237: ResourceWarning: unclosed database in <sqlite3.Connection object at 0x109f393f0>
  self = super(Fraction, cls).__new__(cls)
ResourceWarning: Enable tracemalloc to get the object allocation traceback
/opt/homebrew/Cellar/python@3.14/3.14.7/Frameworks/Python.framework/Versions/3.14/lib/python3.14/fractions.py:237: ResourceWarning: unclosed database in <sqlite3.Connection object at 0x109f394e0>
  self = super(Fraction, cls).__new__(cls)
ResourceWarning: Enable tracemalloc to get the object allocation traceback
/opt/homebrew/Cellar/python@3.14/3.14.7/Frameworks/Python.framework/Versions/3.14/lib/python3.14/fractions.py:237: ResourceWarning: unclosed database in <sqlite3.Connection object at 0x109f395d0>
  self = super(Fraction, cls).__new__(cls)
ResourceWarning: Enable tracemalloc to get the object allocation traceback
/opt/homebrew/Cellar/python@3.14/3.14.7/Frameworks/Python.framework/Versions/3.14/lib/python3.14/fractions.py:237: ResourceWarning: unclosed database in <sqlite3.Connection object at 0x109f396c0>
  self = super(Fraction, cls).__new__(cls)
ResourceWarning: Enable tracemalloc to get the object allocation traceback
/opt/homebrew/Cellar/python@3.14/3.14.7/Frameworks/Python.framework/Versions/3.14/lib/python3.14/fractions.py:237: ResourceWarning: unclosed database in <sqlite3.Connection object at 0x109f397b0>
  self = super(Fraction, cls).__new__(cls)
ResourceWarning: Enable tracemalloc to get the object allocation traceback
/opt/homebrew/Cellar/python@3.14/3.14.7/Frameworks/Python.framework/Versions/3.14/lib/python3.14/fractions.py:237: ResourceWarning: unclosed database in <sqlite3.Connection object at 0x109f398a0>
  self = super(Fraction, cls).__new__(cls)
ResourceWarning: Enable tracemalloc to get the object allocation traceback
/opt/homebrew/Cellar/python@3.14/3.14.7/Frameworks/Python.framework/Versions/3.14/lib/python3.14/fractions.py:237: ResourceWarning: unclosed database in <sqlite3.Connection object at 0x109f39990>
  self = super(Fraction, cls).__new__(cls)
ResourceWarning: Enable tracemalloc to get the object allocation traceback
/opt/homebrew/Cellar/python@3.14/3.14.7/Frameworks/Python.framework/Versions/3.14/lib/python3.14/fractions.py:237: ResourceWarning: unclosed database in <sqlite3.Connection object at 0x109f39a80>
  self = super(Fraction, cls).__new__(cls)
ResourceWarning: Enable tracemalloc to get the object allocation traceback
/opt/homebrew/Cellar/python@3.14/3.14.7/Frameworks/Python.framework/Versions/3.14/lib/python3.14/fractions.py:237: ResourceWarning: unclosed database in <sqlite3.Connection object at 0x109f39b70>
  self = super(Fraction, cls).__new__(cls)
ResourceWarning: Enable tracemalloc to get the object allocation traceback
/opt/homebrew/Cellar/python@3.14/3.14.7/Frameworks/Python.framework/Versions/3.14/lib/python3.14/fractions.py:237: ResourceWarning: unclosed database in <sqlite3.Connection object at 0x109f39c60>
  self = super(Fraction, cls).__new__(cls)
ResourceWarning: Enable tracemalloc to get the object allocation traceback
/opt/homebrew/Cellar/python@3.14/3.14.7/Frameworks/Python.framework/Versions/3.14/lib/python3.14/fractions.py:237: ResourceWarning: unclosed database in <sqlite3.Connection object at 0x109f39d50>
  self = super(Fraction, cls).__new__(cls)
ResourceWarning: Enable tracemalloc to get the object allocation traceback
/opt/homebrew/Cellar/python@3.14/3.14.7/Frameworks/Python.framework/Versions/3.14/lib/python3.14/fractions.py:237: ResourceWarning: unclosed database in <sqlite3.Connection object at 0x109f39e40>
  self = super(Fraction, cls).__new__(cls)
ResourceWarning: Enable tracemalloc to get the object allocation traceback
/opt/homebrew/Cellar/python@3.14/3.14.7/Frameworks/Python.framework/Versions/3.14/lib/python3.14/fractions.py:237: ResourceWarning: unclosed database in <sqlite3.Connection object at 0x109f39f30>
  self = super(Fraction, cls).__new__(cls)
ResourceWarning: Enable tracemalloc to get the object allocation traceback
/opt/homebrew/Cellar/python@3.14/3.14.7/Frameworks/Python.framework/Versions/3.14/lib/python3.14/fractions.py:237: ResourceWarning: unclosed database in <sqlite3.Connection object at 0x109f3a020>
  self = super(Fraction, cls).__new__(cls)
ResourceWarning: Enable tracemalloc to get the object allocation traceback
/opt/homebrew/Cellar/python@3.14/3.14.7/Frameworks/Python.framework/Versions/3.14/lib/python3.14/fractions.py:237: ResourceWarning: unclosed database in <sqlite3.Connection object at 0x109f3a110>
  self = super(Fraction, cls).__new__(cls)
ResourceWarning: Enable tracemalloc to get the object allocation traceback
/opt/homebrew/Cellar/python@3.14/3.14.7/Frameworks/Python.framework/Versions/3.14/lib/python3.14/fractions.py:237: ResourceWarning: unclosed database in <sqlite3.Connection object at 0x109f3a200>
  self = super(Fraction, cls).__new__(cls)
ResourceWarning: Enable tracemalloc to get the object allocation traceback
/opt/homebrew/Cellar/python@3.14/3.14.7/Frameworks/Python.framework/Versions/3.14/lib/python3.14/fractions.py:237: ResourceWarning: unclosed database in <sqlite3.Connection object at 0x109f3a2f0>
  self = super(Fraction, cls).__new__(cls)
ResourceWarning: Enable tracemalloc to get the object allocation traceback
/opt/homebrew/Cellar/python@3.14/3.14.7/Frameworks/Python.framework/Versions/3.14/lib/python3.14/fractions.py:237: ResourceWarning: unclosed database in <sqlite3.Connection object at 0x109f3a3e0>
  self = super(Fraction, cls).__new__(cls)
ResourceWarning: Enable tracemalloc to get the object allocation traceback
/opt/homebrew/Cellar/python@3.14/3.14.7/Frameworks/Python.framework/Versions/3.14/lib/python3.14/fractions.py:237: ResourceWarning: unclosed database in <sqlite3.Connection object at 0x109f3a4d0>
  self = super(Fraction, cls).__new__(cls)
ResourceWarning: Enable tracemalloc to get the object allocation traceback
/opt/homebrew/Cellar/python@3.14/3.14.7/Frameworks/Python.framework/Versions/3.14/lib/python3.14/fractions.py:237: ResourceWarning: unclosed database in <sqlite3.Connection object at 0x109f3a5c0>
  self = super(Fraction, cls).__new__(cls)
ResourceWarning: Enable tracemalloc to get the object allocation traceback
/opt/homebrew/Cellar/python@3.14/3.14.7/Frameworks/Python.framework/Versions/3.14/lib/python3.14/fractions.py:237: ResourceWarning: unclosed database in <sqlite3.Connection object at 0x109f3a6b0>
  self = super(Fraction, cls).__new__(cls)
ResourceWarning: Enable tracemalloc to get the object allocation traceback
/opt/homebrew/Cellar/python@3.14/3.14.7/Frameworks/Python.framework/Versions/3.14/lib/python3.14/fractions.py:237: ResourceWarning: unclosed database in <sqlite3.Connection object at 0x109f3a7a0>
  self = super(Fraction, cls).__new__(cls)
ResourceWarning: Enable tracemalloc to get the object allocation traceback
/opt/homebrew/Cellar/python@3.14/3.14.7/Frameworks/Python.framework/Versions/3.14/lib/python3.14/fractions.py:237: ResourceWarning: unclosed database in <sqlite3.Connection object at 0x109f3a890>
  self = super(Fraction, cls).__new__(cls)
ResourceWarning: Enable tracemalloc to get the object allocation traceback
/opt/homebrew/Cellar/python@3.14/3.14.7/Frameworks/Python.framework/Versions/3.14/lib/python3.14/fractions.py:237: ResourceWarning: unclosed database in <sqlite3.Connection object at 0x109f3a980>
  self = super(Fraction, cls).__new__(cls)
ResourceWarning: Enable tracemalloc to get the object allocation traceback
/opt/homebrew/Cellar/python@3.14/3.14.7/Frameworks/Python.framework/Versions/3.14/lib/python3.14/fractions.py:237: ResourceWarning: unclosed database in <sqlite3.Connection object at 0x109f3aa70>
  self = super(Fraction, cls).__new__(cls)
ResourceWarning: Enable tracemalloc to get the object allocation traceback
/opt/homebrew/Cellar/python@3.14/3.14.7/Frameworks/Python.framework/Versions/3.14/lib/python3.14/fractions.py:237: ResourceWarning: unclosed database in <sqlite3.Connection object at 0x109f3ab60>
  self = super(Fraction, cls).__new__(cls)
ResourceWarning: Enable tracemalloc to get the object allocation traceback
/opt/homebrew/Cellar/python@3.14/3.14.7/Frameworks/Python.framework/Versions/3.14/lib/python3.14/fractions.py:237: ResourceWarning: unclosed database in <sqlite3.Connection object at 0x109f3ac50>
  self = super(Fraction, cls).__new__(cls)
ResourceWarning: Enable tracemalloc to get the object allocation traceback
/opt/homebrew/Cellar/python@3.14/3.14.7/Frameworks/Python.framework/Versions/3.14/lib/python3.14/fractions.py:237: ResourceWarning: unclosed database in <sqlite3.Connection object at 0x109f3ad40>
  self = super(Fraction, cls).__new__(cls)
ResourceWarning: Enable tracemalloc to get the object allocation traceback
/opt/homebrew/Cellar/python@3.14/3.14.7/Frameworks/Python.framework/Versions/3.14/lib/python3.14/fractions.py:237: ResourceWarning: unclosed database in <sqlite3.Connection object at 0x109f3ae30>
  self = super(Fraction, cls).__new__(cls)
ResourceWarning: Enable tracemalloc to get the object allocation traceback
/opt/homebrew/Cellar/python@3.14/3.14.7/Frameworks/Python.framework/Versions/3.14/lib/python3.14/fractions.py:237: ResourceWarning: unclosed database in <sqlite3.Connection object at 0x109f3af20>
  self = super(Fraction, cls).__new__(cls)
ResourceWarning: Enable tracemalloc to get the object allocation traceback
/opt/homebrew/Cellar/python@3.14/3.14.7/Frameworks/Python.framework/Versions/3.14/lib/python3.14/fractions.py:237: ResourceWarning: unclosed database in <sqlite3.Connection object at 0x109f3b010>
  self = super(Fraction, cls).__new__(cls)
ResourceWarning: Enable tracemalloc to get the object allocation traceback
/opt/homebrew/Cellar/python@3.14/3.14.7/Frameworks/Python.framework/Versions/3.14/lib/python3.14/fractions.py:237: ResourceWarning: unclosed database in <sqlite3.Connection object at 0x109f3b100>
  self = super(Fraction, cls).__new__(cls)
ResourceWarning: Enable tracemalloc to get the object allocation traceback
/opt/homebrew/Cellar/python@3.14/3.14.7/Frameworks/Python.framework/Versions/3.14/lib/python3.14/fractions.py:237: ResourceWarning: unclosed database in <sqlite3.Connection object at 0x109f3b1f0>
  self = super(Fraction, cls).__new__(cls)
ResourceWarning: Enable tracemalloc to get the object allocation traceback
/opt/homebrew/Cellar/python@3.14/3.14.7/Frameworks/Python.framework/Versions/3.14/lib/python3.14/fractions.py:237: ResourceWarning: unclosed database in <sqlite3.Connection object at 0x109f3b2e0>
  self = super(Fraction, cls).__new__(cls)
ResourceWarning: Enable tracemalloc to get the object allocation traceback
/opt/homebrew/Cellar/python@3.14/3.14.7/Frameworks/Python.framework/Versions/3.14/lib/python3.14/fractions.py:237: ResourceWarning: unclosed database in <sqlite3.Connection object at 0x109f3b3d0>
  self = super(Fraction, cls).__new__(cls)
ResourceWarning: Enable tracemalloc to get the object allocation traceback
/opt/homebrew/Cellar/python@3.14/3.14.7/Frameworks/Python.framework/Versions/3.14/lib/python3.14/fractions.py:237: ResourceWarning: unclosed database in <sqlite3.Connection object at 0x109f3b4c0>
  self = super(Fraction, cls).__new__(cls)
ResourceWarning: Enable tracemalloc to get the object allocation traceback
/Users/nino/WORKS/Personal/Idea/Project/products/aeliqo/scripts/semantic_reference.py:39: ResourceWarning: unclosed database in <sqlite3.Connection object at 0x109941990>
  result={g:Fraction(n,d) for g,n,d in db.execute('SELECT g,SUM(n),SUM(d) FROM observations GROUP BY g')}
ResourceWarning: Enable tracemalloc to get the object allocation traceback
/Users/nino/WORKS/Personal/Idea/Project/products/aeliqo/scripts/semantic_reference.py:39: ResourceWarning: unclosed database in <sqlite3.Connection object at 0x109b98b80>
  result={g:Fraction(n,d) for g,n,d in db.execute('SELECT g,SUM(n),SUM(d) FROM observations GROUP BY g')}
ResourceWarning: Enable tracemalloc to get the object allocation traceback
/Users/nino/WORKS/Personal/Idea/Project/products/aeliqo/scripts/semantic_reference.py:39: ResourceWarning: unclosed database in <sqlite3.Connection object at 0x109ee7f10>
  result={g:Fraction(n,d) for g,n,d in db.execute('SELECT g,SUM(n),SUM(d) FROM observations GROUP BY g')}
ResourceWarning: Enable tracemalloc to get the object allocation traceback
/Users/nino/WORKS/Personal/Idea/Project/products/aeliqo/scripts/semantic_reference.py:39: ResourceWarning: unclosed database in <sqlite3.Connection object at 0x109ee7e20>
  result={g:Fraction(n,d) for g,n,d in db.execute('SELECT g,SUM(n),SUM(d) FROM observations GROUP BY g')}
ResourceWarning: Enable tracemalloc to get the object allocation traceback
/Users/nino/WORKS/Personal/Idea/Project/products/aeliqo/scripts/semantic_reference.py:39: ResourceWarning: unclosed database in <sqlite3.Connection object at 0x109ee7d30>
  result={g:Fraction(n,d) for g,n,d in db.execute('SELECT g,SUM(n),SUM(d) FROM observations GROUP BY g')}
ResourceWarning: Enable tracemalloc to get the object allocation traceback
/Users/nino/WORKS/Personal/Idea/Project/products/aeliqo/scripts/semantic_reference.py:39: ResourceWarning: unclosed database in <sqlite3.Connection object at 0x109ee7c40>
  result={g:Fraction(n,d) for g,n,d in db.execute('SELECT g,SUM(n),SUM(d) FROM observations GROUP BY g')}
ResourceWarning: Enable tracemalloc to get the object allocation traceback
/Users/nino/WORKS/Personal/Idea/Project/products/aeliqo/scripts/semantic_reference.py:39: ResourceWarning: unclosed database in <sqlite3.Connection object at 0x109ee7b50>
  result={g:Fraction(n,d) for g,n,d in db.execute('SELECT g,SUM(n),SUM(d) FROM observations GROUP BY g')}
ResourceWarning: Enable tracemalloc to get the object allocation traceback
/Users/nino/WORKS/Personal/Idea/Project/products/aeliqo/scripts/semantic_reference.py:39: ResourceWarning: unclosed database in <sqlite3.Connection object at 0x109ee7a60>
  result={g:Fraction(n,d) for g,n,d in db.execute('SELECT g,SUM(n),SUM(d) FROM observations GROUP BY g')}
ResourceWarning: Enable tracemalloc to get the object allocation traceback
/Users/nino/WORKS/Personal/Idea/Project/products/aeliqo/scripts/semantic_reference.py:39: ResourceWarning: unclosed database in <sqlite3.Connection object at 0x109ee7970>
  result={g:Fraction(n,d) for g,n,d in db.execute('SELECT g,SUM(n),SUM(d) FROM observations GROUP BY g')}
ResourceWarning: Enable tracemalloc to get the object allocation traceback
/Users/nino/WORKS/Personal/Idea/Project/products/aeliqo/scripts/semantic_reference.py:39: ResourceWarning: unclosed database in <sqlite3.Connection object at 0x109ee7880>
  result={g:Fraction(n,d) for g,n,d in db.execute('SELECT g,SUM(n),SUM(d) FROM observations GROUP BY g')}
ResourceWarning: Enable tracemalloc to get the object allocation traceback
/Users/nino/WORKS/Personal/Idea/Project/products/aeliqo/scripts/semantic_reference.py:39: ResourceWarning: unclosed database in <sqlite3.Connection object at 0x109ee7790>
  result={g:Fraction(n,d) for g,n,d in db.execute('SELECT g,SUM(n),SUM(d) FROM observations GROUP BY g')}
ResourceWarning: Enable tracemalloc to get the object allocation traceback
/Users/nino/WORKS/Personal/Idea/Project/products/aeliqo/scripts/semantic_reference.py:39: ResourceWarning: unclosed database in <sqlite3.Connection object at 0x109ee76a0>
  result={g:Fraction(n,d) for g,n,d in db.execute('SELECT g,SUM(n),SUM(d) FROM observations GROUP BY g')}
ResourceWarning: Enable tracemalloc to get the object allocation traceback
/Users/nino/WORKS/Personal/Idea/Project/products/aeliqo/scripts/semantic_reference.py:39: ResourceWarning: unclosed database in <sqlite3.Connection object at 0x109ee75b0>
  result={g:Fraction(n,d) for g,n,d in db.execute('SELECT g,SUM(n),SUM(d) FROM observations GROUP BY g')}
ResourceWarning: Enable tracemalloc to get the object allocation traceback
/Users/nino/WORKS/Personal/Idea/Project/products/aeliqo/scripts/semantic_reference.py:39: ResourceWarning: unclosed database in <sqlite3.Connection object at 0x109ee74c0>
  result={g:Fraction(n,d) for g,n,d in db.execute('SELECT g,SUM(n),SUM(d) FROM observations GROUP BY g')}
ResourceWarning: Enable tracemalloc to get the object allocation traceback
/Users/nino/WORKS/Personal/Idea/Project/products/aeliqo/scripts/semantic_reference.py:39: ResourceWarning: unclosed database in <sqlite3.Connection object at 0x109ee73d0>
  result={g:Fraction(n,d) for g,n,d in db.execute('SELECT g,SUM(n),SUM(d) FROM observations GROUP BY g')}
ResourceWarning: Enable tracemalloc to get the object allocation traceback
/Users/nino/WORKS/Personal/Idea/Project/products/aeliqo/scripts/semantic_reference.py:39: ResourceWarning: unclosed database in <sqlite3.Connection object at 0x109ee72e0>
  result={g:Fraction(n,d) for g,n,d in db.execute('SELECT g,SUM(n),SUM(d) FROM observations GROUP BY g')}
ResourceWarning: Enable tracemalloc to get the object allocation traceback
/Users/nino/WORKS/Personal/Idea/Project/products/aeliqo/scripts/semantic_reference.py:39: ResourceWarning: unclosed database in <sqlite3.Connection object at 0x109ee71f0>
  result={g:Fraction(n,d) for g,n,d in db.execute('SELECT g,SUM(n),SUM(d) FROM observations GROUP BY g')}
ResourceWarning: Enable tracemalloc to get the object allocation traceback
/Users/nino/WORKS/Personal/Idea/Project/products/aeliqo/scripts/semantic_reference.py:39: ResourceWarning: unclosed database in <sqlite3.Connection object at 0x109ee7100>
  result={g:Fraction(n,d) for g,n,d in db.execute('SELECT g,SUM(n),SUM(d) FROM observations GROUP BY g')}
ResourceWarning: Enable tracemalloc to get the object allocation traceback
/Users/nino/WORKS/Personal/Idea/Project/products/aeliqo/scripts/semantic_reference.py:39: ResourceWarning: unclosed database in <sqlite3.Connection object at 0x109ee7010>
  result={g:Fraction(n,d) for g,n,d in db.execute('SELECT g,SUM(n),SUM(d) FROM observations GROUP BY g')}
ResourceWarning: Enable tracemalloc to get the object allocation traceback
/Users/nino/WORKS/Personal/Idea/Project/products/aeliqo/scripts/semantic_reference.py:39: ResourceWarning: unclosed database in <sqlite3.Connection object at 0x109ee6f20>
  result={g:Fraction(n,d) for g,n,d in db.execute('SELECT g,SUM(n),SUM(d) FROM observations GROUP BY g')}
ResourceWarning: Enable tracemalloc to get the object allocation traceback
/Users/nino/WORKS/Personal/Idea/Project/products/aeliqo/scripts/semantic_reference.py:39: ResourceWarning: unclosed database in <sqlite3.Connection object at 0x109ee6e30>
  result={g:Fraction(n,d) for g,n,d in db.execute('SELECT g,SUM(n),SUM(d) FROM observations GROUP BY g')}
ResourceWarning: Enable tracemalloc to get the object allocation traceback
/Users/nino/WORKS/Personal/Idea/Project/products/aeliqo/scripts/semantic_reference.py:39: ResourceWarning: unclosed database in <sqlite3.Connection object at 0x109ee6d40>
  result={g:Fraction(n,d) for g,n,d in db.execute('SELECT g,SUM(n),SUM(d) FROM observations GROUP BY g')}
ResourceWarning: Enable tracemalloc to get the object allocation traceback
/Users/nino/WORKS/Personal/Idea/Project/products/aeliqo/scripts/semantic_reference.py:39: ResourceWarning: unclosed database in <sqlite3.Connection object at 0x109ee6c50>
  result={g:Fraction(n,d) for g,n,d in db.execute('SELECT g,SUM(n),SUM(d) FROM observations GROUP BY g')}
ResourceWarning: Enable tracemalloc to get the object allocation traceback
/Users/nino/WORKS/Personal/Idea/Project/products/aeliqo/scripts/semantic_reference.py:39: ResourceWarning: unclosed database in <sqlite3.Connection object at 0x109ee6b60>
  result={g:Fraction(n,d) for g,n,d in db.execute('SELECT g,SUM(n),SUM(d) FROM observations GROUP BY g')}
ResourceWarning: Enable tracemalloc to get the object allocation traceback
/Users/nino/WORKS/Personal/Idea/Project/products/aeliqo/scripts/semantic_reference.py:39: ResourceWarning: unclosed database in <sqlite3.Connection object at 0x109ee6a70>
  result={g:Fraction(n,d) for g,n,d in db.execute('SELECT g,SUM(n),SUM(d) FROM observations GROUP BY g')}
ResourceWarning: Enable tracemalloc to get the object allocation traceback
/Users/nino/WORKS/Personal/Idea/Project/products/aeliqo/scripts/semantic_reference.py:39: ResourceWarning: unclosed database in <sqlite3.Connection object at 0x109ee6980>
  result={g:Fraction(n,d) for g,n,d in db.execute('SELECT g,SUM(n),SUM(d) FROM observations GROUP BY g')}
ResourceWarning: Enable tracemalloc to get the object allocation traceback
/Users/nino/WORKS/Personal/Idea/Project/products/aeliqo/scripts/semantic_reference.py:39: ResourceWarning: unclosed database in <sqlite3.Connection object at 0x109ee6890>
  result={g:Fraction(n,d) for g,n,d in db.execute('SELECT g,SUM(n),SUM(d) FROM observations GROUP BY g')}
ResourceWarning: Enable tracemalloc to get the object allocation traceback
/Users/nino/WORKS/Personal/Idea/Project/products/aeliqo/scripts/semantic_reference.py:39: ResourceWarning: unclosed database in <sqlite3.Connection object at 0x109ee67a0>
  result={g:Fraction(n,d) for g,n,d in db.execute('SELECT g,SUM(n),SUM(d) FROM observations GROUP BY g')}
ResourceWarning: Enable tracemalloc to get the object allocation traceback
/Users/nino/WORKS/Personal/Idea/Project/products/aeliqo/scripts/semantic_reference.py:39: ResourceWarning: unclosed database in <sqlite3.Connection object at 0x109ee66b0>
  result={g:Fraction(n,d) for g,n,d in db.execute('SELECT g,SUM(n),SUM(d) FROM observations GROUP BY g')}
ResourceWarning: Enable tracemalloc to get the object allocation traceback
/Users/nino/WORKS/Personal/Idea/Project/products/aeliqo/scripts/semantic_reference.py:39: ResourceWarning: unclosed database in <sqlite3.Connection object at 0x109ee65c0>
  result={g:Fraction(n,d) for g,n,d in db.execute('SELECT g,SUM(n),SUM(d) FROM observations GROUP BY g')}
ResourceWarning: Enable tracemalloc to get the object allocation traceback
/Users/nino/WORKS/Personal/Idea/Project/products/aeliqo/scripts/semantic_reference.py:39: ResourceWarning: unclosed database in <sqlite3.Connection object at 0x109ee64d0>
  result={g:Fraction(n,d) for g,n,d in db.execute('SELECT g,SUM(n),SUM(d) FROM observations GROUP BY g')}
ResourceWarning: Enable tracemalloc to get the object allocation traceback
/Users/nino/WORKS/Personal/Idea/Project/products/aeliqo/scripts/semantic_reference.py:39: ResourceWarning: unclosed database in <sqlite3.Connection object at 0x109ee63e0>
  result={g:Fraction(n,d) for g,n,d in db.execute('SELECT g,SUM(n),SUM(d) FROM observations GROUP BY g')}
ResourceWarning: Enable tracemalloc to get the object allocation traceback
/Users/nino/WORKS/Personal/Idea/Project/products/aeliqo/scripts/semantic_reference.py:39: ResourceWarning: unclosed database in <sqlite3.Connection object at 0x109ee62f0>
  result={g:Fraction(n,d) for g,n,d in db.execute('SELECT g,SUM(n),SUM(d) FROM observations GROUP BY g')}
ResourceWarning: Enable tracemalloc to get the object allocation traceback
/Users/nino/WORKS/Personal/Idea/Project/products/aeliqo/scripts/semantic_reference.py:39: ResourceWarning: unclosed database in <sqlite3.Connection object at 0x109ee6200>
  result={g:Fraction(n,d) for g,n,d in db.execute('SELECT g,SUM(n),SUM(d) FROM observations GROUP BY g')}
ResourceWarning: Enable tracemalloc to get the object allocation traceback
/Users/nino/WORKS/Personal/Idea/Project/products/aeliqo/scripts/semantic_reference.py:39: ResourceWarning: unclosed database in <sqlite3.Connection object at 0x109ee6110>
  result={g:Fraction(n,d) for g,n,d in db.execute('SELECT g,SUM(n),SUM(d) FROM observations GROUP BY g')}
ResourceWarning: Enable tracemalloc to get the object allocation traceback
/Users/nino/WORKS/Personal/Idea/Project/products/aeliqo/scripts/semantic_reference.py:39: ResourceWarning: unclosed database in <sqlite3.Connection object at 0x109ee6020>
  result={g:Fraction(n,d) for g,n,d in db.execute('SELECT g,SUM(n),SUM(d) FROM observations GROUP BY g')}
ResourceWarning: Enable tracemalloc to get the object allocation traceback
/Users/nino/WORKS/Personal/Idea/Project/products/aeliqo/scripts/semantic_reference.py:39: ResourceWarning: unclosed database in <sqlite3.Connection object at 0x109ee5f30>
  result={g:Fraction(n,d) for g,n,d in db.execute('SELECT g,SUM(n),SUM(d) FROM observations GROUP BY g')}
ResourceWarning: Enable tracemalloc to get the object allocation traceback
/Users/nino/WORKS/Personal/Idea/Project/products/aeliqo/scripts/semantic_reference.py:39: ResourceWarning: unclosed database in <sqlite3.Connection object at 0x109ee5e40>
  result={g:Fraction(n,d) for g,n,d in db.execute('SELECT g,SUM(n),SUM(d) FROM observations GROUP BY g')}
ResourceWarning: Enable tracemalloc to get the object allocation traceback
/Users/nino/WORKS/Personal/Idea/Project/products/aeliqo/scripts/semantic_reference.py:39: ResourceWarning: unclosed database in <sqlite3.Connection object at 0x109ee5d50>
  result={g:Fraction(n,d) for g,n,d in db.execute('SELECT g,SUM(n),SUM(d) FROM observations GROUP BY g')}
ResourceWarning: Enable tracemalloc to get the object allocation traceback
/Users/nino/WORKS/Personal/Idea/Project/products/aeliqo/scripts/semantic_reference.py:39: ResourceWarning: unclosed database in <sqlite3.Connection object at 0x109ee5c60>
  result={g:Fraction(n,d) for g,n,d in db.execute('SELECT g,SUM(n),SUM(d) FROM observations GROUP BY g')}
ResourceWarning: Enable tracemalloc to get the object allocation traceback
/Users/nino/WORKS/Personal/Idea/Project/products/aeliqo/scripts/semantic_reference.py:39: ResourceWarning: unclosed database in <sqlite3.Connection object at 0x109ee5b70>
  result={g:Fraction(n,d) for g,n,d in db.execute('SELECT g,SUM(n),SUM(d) FROM observations GROUP BY g')}
ResourceWarning: Enable tracemalloc to get the object allocation traceback
/Users/nino/WORKS/Personal/Idea/Project/products/aeliqo/scripts/semantic_reference.py:39: ResourceWarning: unclosed database in <sqlite3.Connection object at 0x109ee5a80>
  result={g:Fraction(n,d) for g,n,d in db.execute('SELECT g,SUM(n),SUM(d) FROM observations GROUP BY g')}
ResourceWarning: Enable tracemalloc to get the object allocation traceback
/Users/nino/WORKS/Personal/Idea/Project/products/aeliqo/scripts/semantic_reference.py:39: ResourceWarning: unclosed database in <sqlite3.Connection object at 0x109ee5990>
  result={g:Fraction(n,d) for g,n,d in db.execute('SELECT g,SUM(n),SUM(d) FROM observations GROUP BY g')}
ResourceWarning: Enable tracemalloc to get the object allocation traceback
/Users/nino/WORKS/Personal/Idea/Project/products/aeliqo/scripts/semantic_reference.py:39: ResourceWarning: unclosed database in <sqlite3.Connection object at 0x109ee58a0>
  result={g:Fraction(n,d) for g,n,d in db.execute('SELECT g,SUM(n),SUM(d) FROM observations GROUP BY g')}
ResourceWarning: Enable tracemalloc to get the object allocation traceback
/Users/nino/WORKS/Personal/Idea/Project/products/aeliqo/scripts/semantic_reference.py:39: ResourceWarning: unclosed database in <sqlite3.Connection object at 0x109ee57b0>
  result={g:Fraction(n,d) for g,n,d in db.execute('SELECT g,SUM(n),SUM(d) FROM observations GROUP BY g')}
ResourceWarning: Enable tracemalloc to get the object allocation traceback
/Users/nino/WORKS/Personal/Idea/Project/products/aeliqo/scripts/semantic_reference.py:39: ResourceWarning: unclosed database in <sqlite3.Connection object at 0x109ee56c0>
  result={g:Fraction(n,d) for g,n,d in db.execute('SELECT g,SUM(n),SUM(d) FROM observations GROUP BY g')}
ResourceWarning: Enable tracemalloc to get the object allocation traceback
/Users/nino/WORKS/Personal/Idea/Project/products/aeliqo/scripts/semantic_reference.py:39: ResourceWarning: unclosed database in <sqlite3.Connection object at 0x109ee55d0>
  result={g:Fraction(n,d) for g,n,d in db.execute('SELECT g,SUM(n),SUM(d) FROM observations GROUP BY g')}
ResourceWarning: Enable tracemalloc to get the object allocation traceback
/Users/nino/WORKS/Personal/Idea/Project/products/aeliqo/scripts/semantic_reference.py:39: ResourceWarning: unclosed database in <sqlite3.Connection object at 0x109ee5210>
  result={g:Fraction(n,d) for g,n,d in db.execute('SELECT g,SUM(n),SUM(d) FROM observations GROUP BY g')}
ResourceWarning: Enable tracemalloc to get the object allocation traceback
/Users/nino/WORKS/Personal/Idea/Project/products/aeliqo/scripts/semantic_reference.py:39: ResourceWarning: unclosed database in <sqlite3.Connection object at 0x109ee54e0>
  result={g:Fraction(n,d) for g,n,d in db.execute('SELECT g,SUM(n),SUM(d) FROM observations GROUP BY g')}
ResourceWarning: Enable tracemalloc to get the object allocation traceback
/Users/nino/WORKS/Personal/Idea/Project/products/aeliqo/scripts/semantic_reference.py:39: ResourceWarning: unclosed database in <sqlite3.Connection object at 0x109f3b4c0>
  result={g:Fraction(n,d) for g,n,d in db.execute('SELECT g,SUM(n),SUM(d) FROM observations GROUP BY g')}
ResourceWarning: Enable tracemalloc to get the object allocation traceback
/Users/nino/WORKS/Personal/Idea/Project/products/aeliqo/scripts/semantic_reference.py:39: ResourceWarning: unclosed database in <sqlite3.Connection object at 0x109f3b3d0>
  result={g:Fraction(n,d) for g,n,d in db.execute('SELECT g,SUM(n),SUM(d) FROM observations GROUP BY g')}
ResourceWarning: Enable tracemalloc to get the object allocation traceback
/Users/nino/WORKS/Personal/Idea/Project/products/aeliqo/scripts/semantic_reference.py:39: ResourceWarning: unclosed database in <sqlite3.Connection object at 0x109f3b2e0>
  result={g:Fraction(n,d) for g,n,d in db.execute('SELECT g,SUM(n),SUM(d) FROM observations GROUP BY g')}
ResourceWarning: Enable tracemalloc to get the object allocation traceback
/Users/nino/WORKS/Personal/Idea/Project/products/aeliqo/scripts/semantic_reference.py:39: ResourceWarning: unclosed database in <sqlite3.Connection object at 0x109f3b1f0>
  result={g:Fraction(n,d) for g,n,d in db.execute('SELECT g,SUM(n),SUM(d) FROM observations GROUP BY g')}
ResourceWarning: Enable tracemalloc to get the object allocation traceback
/Users/nino/WORKS/Personal/Idea/Project/products/aeliqo/scripts/semantic_reference.py:39: ResourceWarning: unclosed database in <sqlite3.Connection object at 0x109f3b100>
  result={g:Fraction(n,d) for g,n,d in db.execute('SELECT g,SUM(n),SUM(d) FROM observations GROUP BY g')}
ResourceWarning: Enable tracemalloc to get the object allocation traceback
/Users/nino/WORKS/Personal/Idea/Project/products/aeliqo/scripts/semantic_reference.py:39: ResourceWarning: unclosed database in <sqlite3.Connection object at 0x109f3b010>
  result={g:Fraction(n,d) for g,n,d in db.execute('SELECT g,SUM(n),SUM(d) FROM observations GROUP BY g')}
ResourceWarning: Enable tracemalloc to get the object allocation traceback
/Users/nino/WORKS/Personal/Idea/Project/products/aeliqo/scripts/semantic_reference.py:39: ResourceWarning: unclosed database in <sqlite3.Connection object at 0x109f3af20>
  result={g:Fraction(n,d) for g,n,d in db.execute('SELECT g,SUM(n),SUM(d) FROM observations GROUP BY g')}
ResourceWarning: Enable tracemalloc to get the object allocation traceback
/Users/nino/WORKS/Personal/Idea/Project/products/aeliqo/scripts/semantic_reference.py:39: ResourceWarning: unclosed database in <sqlite3.Connection object at 0x109f3ae30>
  result={g:Fraction(n,d) for g,n,d in db.execute('SELECT g,SUM(n),SUM(d) FROM observations GROUP BY g')}
ResourceWarning: Enable tracemalloc to get the object allocation traceback
/Users/nino/WORKS/Personal/Idea/Project/products/aeliqo/scripts/semantic_reference.py:39: ResourceWarning: unclosed database in <sqlite3.Connection object at 0x109f3ad40>
  result={g:Fraction(n,d) for g,n,d in db.execute('SELECT g,SUM(n),SUM(d) FROM observations GROUP BY g')}
ResourceWarning: Enable tracemalloc to get the object allocation traceback
/Users/nino/WORKS/Personal/Idea/Project/products/aeliqo/scripts/semantic_reference.py:39: ResourceWarning: unclosed database in <sqlite3.Connection object at 0x109f3ac50>
  result={g:Fraction(n,d) for g,n,d in db.execute('SELECT g,SUM(n),SUM(d) FROM observations GROUP BY g')}
ResourceWarning: Enable tracemalloc to get the object allocation traceback
/Users/nino/WORKS/Personal/Idea/Project/products/aeliqo/scripts/semantic_reference.py:39: ResourceWarning: unclosed database in <sqlite3.Connection object at 0x109f3ab60>
  result={g:Fraction(n,d) for g,n,d in db.execute('SELECT g,SUM(n),SUM(d) FROM observations GROUP BY g')}
ResourceWarning: Enable tracemalloc to get the object allocation traceback
/Users/nino/WORKS/Personal/Idea/Project/products/aeliqo/scripts/semantic_reference.py:39: ResourceWarning: unclosed database in <sqlite3.Connection object at 0x109f3aa70>
  result={g:Fraction(n,d) for g,n,d in db.execute('SELECT g,SUM(n),SUM(d) FROM observations GROUP BY g')}
ResourceWarning: Enable tracemalloc to get the object allocation traceback
/Users/nino/WORKS/Personal/Idea/Project/products/aeliqo/scripts/semantic_reference.py:39: ResourceWarning: unclosed database in <sqlite3.Connection object at 0x109f3a980>
  result={g:Fraction(n,d) for g,n,d in db.execute('SELECT g,SUM(n),SUM(d) FROM observations GROUP BY g')}
ResourceWarning: Enable tracemalloc to get the object allocation traceback
/Users/nino/WORKS/Personal/Idea/Project/products/aeliqo/scripts/semantic_reference.py:39: ResourceWarning: unclosed database in <sqlite3.Connection object at 0x109f3a890>
  result={g:Fraction(n,d) for g,n,d in db.execute('SELECT g,SUM(n),SUM(d) FROM observations GROUP BY g')}
ResourceWarning: Enable tracemalloc to get the object allocation traceback
/Users/nino/WORKS/Personal/Idea/Project/products/aeliqo/scripts/semantic_reference.py:39: ResourceWarning: unclosed database in <sqlite3.Connection object at 0x109f3a7a0>
  result={g:Fraction(n,d) for g,n,d in db.execute('SELECT g,SUM(n),SUM(d) FROM observations GROUP BY g')}
ResourceWarning: Enable tracemalloc to get the object allocation traceback
/Users/nino/WORKS/Personal/Idea/Project/products/aeliqo/scripts/semantic_reference.py:39: ResourceWarning: unclosed database in <sqlite3.Connection object at 0x109f3a6b0>
  result={g:Fraction(n,d) for g,n,d in db.execute('SELECT g,SUM(n),SUM(d) FROM observations GROUP BY g')}
ResourceWarning: Enable tracemalloc to get the object allocation traceback
/Users/nino/WORKS/Personal/Idea/Project/products/aeliqo/scripts/semantic_reference.py:39: ResourceWarning: unclosed database in <sqlite3.Connection object at 0x109f3a5c0>
  result={g:Fraction(n,d) for g,n,d in db.execute('SELECT g,SUM(n),SUM(d) FROM observations GROUP BY g')}
ResourceWarning: Enable tracemalloc to get the object allocation traceback
/Users/nino/WORKS/Personal/Idea/Project/products/aeliqo/scripts/semantic_reference.py:39: ResourceWarning: unclosed database in <sqlite3.Connection object at 0x109f3a4d0>
  result={g:Fraction(n,d) for g,n,d in db.execute('SELECT g,SUM(n),SUM(d) FROM observations GROUP BY g')}
ResourceWarning: Enable tracemalloc to get the object allocation traceback
/Users/nino/WORKS/Personal/Idea/Project/products/aeliqo/scripts/semantic_reference.py:39: ResourceWarning: unclosed database in <sqlite3.Connection object at 0x109f3a3e0>
  result={g:Fraction(n,d) for g,n,d in db.execute('SELECT g,SUM(n),SUM(d) FROM observations GROUP BY g')}
ResourceWarning: Enable tracemalloc to get the object allocation traceback
/Users/nino/WORKS/Personal/Idea/Project/products/aeliqo/scripts/semantic_reference.py:39: ResourceWarning: unclosed database in <sqlite3.Connection object at 0x109f3a2f0>
  result={g:Fraction(n,d) for g,n,d in db.execute('SELECT g,SUM(n),SUM(d) FROM observations GROUP BY g')}
ResourceWarning: Enable tracemalloc to get the object allocation traceback
/Users/nino/WORKS/Personal/Idea/Project/products/aeliqo/scripts/semantic_reference.py:39: ResourceWarning: unclosed database in <sqlite3.Connection object at 0x109f3a200>
  result={g:Fraction(n,d) for g,n,d in db.execute('SELECT g,SUM(n),SUM(d) FROM observations GROUP BY g')}
ResourceWarning: Enable tracemalloc to get the object allocation traceback
/Users/nino/WORKS/Personal/Idea/Project/products/aeliqo/scripts/semantic_reference.py:39: ResourceWarning: unclosed database in <sqlite3.Connection object at 0x109f3a110>
  result={g:Fraction(n,d) for g,n,d in db.execute('SELECT g,SUM(n),SUM(d) FROM observations GROUP BY g')}
ResourceWarning: Enable tracemalloc to get the object allocation traceback
/Users/nino/WORKS/Personal/Idea/Project/products/aeliqo/scripts/semantic_reference.py:39: ResourceWarning: unclosed database in <sqlite3.Connection object at 0x109f3a020>
  result={g:Fraction(n,d) for g,n,d in db.execute('SELECT g,SUM(n),SUM(d) FROM observations GROUP BY g')}
ResourceWarning: Enable tracemalloc to get the object allocation traceback
/Users/nino/WORKS/Personal/Idea/Project/products/aeliqo/scripts/semantic_reference.py:39: ResourceWarning: unclosed database in <sqlite3.Connection object at 0x109f39f30>
  result={g:Fraction(n,d) for g,n,d in db.execute('SELECT g,SUM(n),SUM(d) FROM observations GROUP BY g')}
ResourceWarning: Enable tracemalloc to get the object allocation traceback
/Users/nino/WORKS/Personal/Idea/Project/products/aeliqo/scripts/semantic_reference.py:39: ResourceWarning: unclosed database in <sqlite3.Connection object at 0x109f39e40>
  result={g:Fraction(n,d) for g,n,d in db.execute('SELECT g,SUM(n),SUM(d) FROM observations GROUP BY g')}
ResourceWarning: Enable tracemalloc to get the object allocation traceback
/Users/nino/WORKS/Personal/Idea/Project/products/aeliqo/scripts/semantic_reference.py:39: ResourceWarning: unclosed database in <sqlite3.Connection object at 0x109f39d50>
  result={g:Fraction(n,d) for g,n,d in db.execute('SELECT g,SUM(n),SUM(d) FROM observations GROUP BY g')}
ResourceWarning: Enable tracemalloc to get the object allocation traceback
/Users/nino/WORKS/Personal/Idea/Project/products/aeliqo/scripts/semantic_reference.py:39: ResourceWarning: unclosed database in <sqlite3.Connection object at 0x109f39c60>
  result={g:Fraction(n,d) for g,n,d in db.execute('SELECT g,SUM(n),SUM(d) FROM observations GROUP BY g')}
ResourceWarning: Enable tracemalloc to get the object allocation traceback
/Users/nino/WORKS/Personal/Idea/Project/products/aeliqo/scripts/semantic_reference.py:39: ResourceWarning: unclosed database in <sqlite3.Connection object at 0x109f39b70>
  result={g:Fraction(n,d) for g,n,d in db.execute('SELECT g,SUM(n),SUM(d) FROM observations GROUP BY g')}
ResourceWarning: Enable tracemalloc to get the object allocation traceback
/Users/nino/WORKS/Personal/Idea/Project/products/aeliqo/scripts/semantic_reference.py:39: ResourceWarning: unclosed database in <sqlite3.Connection object at 0x109f39a80>
  result={g:Fraction(n,d) for g,n,d in db.execute('SELECT g,SUM(n),SUM(d) FROM observations GROUP BY g')}
ResourceWarning: Enable tracemalloc to get the object allocation traceback
/Users/nino/WORKS/Personal/Idea/Project/products/aeliqo/scripts/semantic_reference.py:39: ResourceWarning: unclosed database in <sqlite3.Connection object at 0x109f39990>
  result={g:Fraction(n,d) for g,n,d in db.execute('SELECT g,SUM(n),SUM(d) FROM observations GROUP BY g')}
ResourceWarning: Enable tracemalloc to get the object allocation traceback
/Users/nino/WORKS/Personal/Idea/Project/products/aeliqo/scripts/semantic_reference.py:39: ResourceWarning: unclosed database in <sqlite3.Connection object at 0x109f398a0>
  result={g:Fraction(n,d) for g,n,d in db.execute('SELECT g,SUM(n),SUM(d) FROM observations GROUP BY g')}
ResourceWarning: Enable tracemalloc to get the object allocation traceback
/Users/nino/WORKS/Personal/Idea/Project/products/aeliqo/scripts/semantic_reference.py:39: ResourceWarning: unclosed database in <sqlite3.Connection object at 0x109f397b0>
  result={g:Fraction(n,d) for g,n,d in db.execute('SELECT g,SUM(n),SUM(d) FROM observations GROUP BY g')}
ResourceWarning: Enable tracemalloc to get the object allocation traceback
/Users/nino/WORKS/Personal/Idea/Project/products/aeliqo/scripts/semantic_reference.py:39: ResourceWarning: unclosed database in <sqlite3.Connection object at 0x109f396c0>
  result={g:Fraction(n,d) for g,n,d in db.execute('SELECT g,SUM(n),SUM(d) FROM observations GROUP BY g')}
ResourceWarning: Enable tracemalloc to get the object allocation traceback
/Users/nino/WORKS/Personal/Idea/Project/products/aeliqo/scripts/semantic_reference.py:39: ResourceWarning: unclosed database in <sqlite3.Connection object at 0x109f395d0>
  result={g:Fraction(n,d) for g,n,d in db.execute('SELECT g,SUM(n),SUM(d) FROM observations GROUP BY g')}
ResourceWarning: Enable tracemalloc to get the object allocation traceback
/Users/nino/WORKS/Personal/Idea/Project/products/aeliqo/scripts/semantic_reference.py:39: ResourceWarning: unclosed database in <sqlite3.Connection object at 0x109f394e0>
  result={g:Fraction(n,d) for g,n,d in db.execute('SELECT g,SUM(n),SUM(d) FROM observations GROUP BY g')}
ResourceWarning: Enable tracemalloc to get the object allocation traceback
/Users/nino/WORKS/Personal/Idea/Project/products/aeliqo/scripts/semantic_reference.py:39: ResourceWarning: unclosed database in <sqlite3.Connection object at 0x109f393f0>
  result={g:Fraction(n,d) for g,n,d in db.execute('SELECT g,SUM(n),SUM(d) FROM observations GROUP BY g')}
ResourceWarning: Enable tracemalloc to get the object allocation traceback
/Users/nino/WORKS/Personal/Idea/Project/products/aeliqo/scripts/semantic_reference.py:39: ResourceWarning: unclosed database in <sqlite3.Connection object at 0x109f39300>
  result={g:Fraction(n,d) for g,n,d in db.execute('SELECT g,SUM(n),SUM(d) FROM observations GROUP BY g')}
ResourceWarning: Enable tracemalloc to get the object allocation traceback
/Users/nino/WORKS/Personal/Idea/Project/products/aeliqo/scripts/semantic_reference.py:39: ResourceWarning: unclosed database in <sqlite3.Connection object at 0x109f39210>
  result={g:Fraction(n,d) for g,n,d in db.execute('SELECT g,SUM(n),SUM(d) FROM observations GROUP BY g')}
ResourceWarning: Enable tracemalloc to get the object allocation traceback
/Users/nino/WORKS/Personal/Idea/Project/products/aeliqo/scripts/semantic_reference.py:39: ResourceWarning: unclosed database in <sqlite3.Connection object at 0x109f39120>
  result={g:Fraction(n,d) for g,n,d in db.execute('SELECT g,SUM(n),SUM(d) FROM observations GROUP BY g')}
ResourceWarning: Enable tracemalloc to get the object allocation traceback
/Users/nino/WORKS/Personal/Idea/Project/products/aeliqo/scripts/semantic_reference.py:39: ResourceWarning: unclosed database in <sqlite3.Connection object at 0x109f39030>
  result={g:Fraction(n,d) for g,n,d in db.execute('SELECT g,SUM(n),SUM(d) FROM observations GROUP BY g')}
ResourceWarning: Enable tracemalloc to get the object allocation traceback
/Users/nino/WORKS/Personal/Idea/Project/products/aeliqo/scripts/semantic_reference.py:39: ResourceWarning: unclosed database in <sqlite3.Connection object at 0x109f38f40>
  result={g:Fraction(n,d) for g,n,d in db.execute('SELECT g,SUM(n),SUM(d) FROM observations GROUP BY g')}
ResourceWarning: Enable tracemalloc to get the object allocation traceback
/Users/nino/WORKS/Personal/Idea/Project/products/aeliqo/scripts/semantic_reference.py:39: ResourceWarning: unclosed database in <sqlite3.Connection object at 0x109f38e50>
  result={g:Fraction(n,d) for g,n,d in db.execute('SELECT g,SUM(n),SUM(d) FROM observations GROUP BY g')}
ResourceWarning: Enable tracemalloc to get the object allocation traceback
/Users/nino/WORKS/Personal/Idea/Project/products/aeliqo/scripts/semantic_reference.py:39: ResourceWarning: unclosed database in <sqlite3.Connection object at 0x109f38d60>
  result={g:Fraction(n,d) for g,n,d in db.execute('SELECT g,SUM(n),SUM(d) FROM observations GROUP BY g')}
ResourceWarning: Enable tracemalloc to get the object allocation traceback
/Users/nino/WORKS/Personal/Idea/Project/products/aeliqo/scripts/semantic_reference.py:39: ResourceWarning: unclosed database in <sqlite3.Connection object at 0x109f38c70>
  result={g:Fraction(n,d) for g,n,d in db.execute('SELECT g,SUM(n),SUM(d) FROM observations GROUP BY g')}
ResourceWarning: Enable tracemalloc to get the object allocation traceback
/Users/nino/WORKS/Personal/Idea/Project/products/aeliqo/scripts/semantic_reference.py:39: ResourceWarning: unclosed database in <sqlite3.Connection object at 0x109f38b80>
  result={g:Fraction(n,d) for g,n,d in db.execute('SELECT g,SUM(n),SUM(d) FROM observations GROUP BY g')}
ResourceWarning: Enable tracemalloc to get the object allocation traceback
/Users/nino/WORKS/Personal/Idea/Project/products/aeliqo/scripts/semantic_reference.py:39: ResourceWarning: unclosed database in <sqlite3.Connection object at 0x109f38a90>
  result={g:Fraction(n,d) for g,n,d in db.execute('SELECT g,SUM(n),SUM(d) FROM observations GROUP BY g')}
ResourceWarning: Enable tracemalloc to get the object allocation traceback
/Users/nino/WORKS/Personal/Idea/Project/products/aeliqo/scripts/semantic_reference.py:39: ResourceWarning: unclosed database in <sqlite3.Connection object at 0x109f389a0>
  result={g:Fraction(n,d) for g,n,d in db.execute('SELECT g,SUM(n),SUM(d) FROM observations GROUP BY g')}
ResourceWarning: Enable tracemalloc to get the object allocation traceback
/Users/nino/WORKS/Personal/Idea/Project/products/aeliqo/scripts/semantic_reference.py:39: ResourceWarning: unclosed database in <sqlite3.Connection object at 0x109f388b0>
  result={g:Fraction(n,d) for g,n,d in db.execute('SELECT g,SUM(n),SUM(d) FROM observations GROUP BY g')}
ResourceWarning: Enable tracemalloc to get the object allocation traceback
/Users/nino/WORKS/Personal/Idea/Project/products/aeliqo/scripts/semantic_reference.py:39: ResourceWarning: unclosed database in <sqlite3.Connection object at 0x109f387c0>
  result={g:Fraction(n,d) for g,n,d in db.execute('SELECT g,SUM(n),SUM(d) FROM observations GROUP BY g')}
ResourceWarning: Enable tracemalloc to get the object allocation traceback
/Users/nino/WORKS/Personal/Idea/Project/products/aeliqo/scripts/semantic_reference.py:39: ResourceWarning: unclosed database in <sqlite3.Connection object at 0x109f386d0>
  result={g:Fraction(n,d) for g,n,d in db.execute('SELECT g,SUM(n),SUM(d) FROM observations GROUP BY g')}
ResourceWarning: Enable tracemalloc to get the object allocation traceback
/Users/nino/WORKS/Personal/Idea/Project/products/aeliqo/scripts/semantic_reference.py:39: ResourceWarning: unclosed database in <sqlite3.Connection object at 0x109f385e0>
  result={g:Fraction(n,d) for g,n,d in db.execute('SELECT g,SUM(n),SUM(d) FROM observations GROUP BY g')}
ResourceWarning: Enable tracemalloc to get the object allocation traceback
/Users/nino/WORKS/Personal/Idea/Project/products/aeliqo/scripts/semantic_reference.py:39: ResourceWarning: unclosed database in <sqlite3.Connection object at 0x109f384f0>
  result={g:Fraction(n,d) for g,n,d in db.execute('SELECT g,SUM(n),SUM(d) FROM observations GROUP BY g')}
ResourceWarning: Enable tracemalloc to get the object allocation traceback
/Users/nino/WORKS/Personal/Idea/Project/products/aeliqo/scripts/semantic_reference.py:39: ResourceWarning: unclosed database in <sqlite3.Connection object at 0x109f38400>
  result={g:Fraction(n,d) for g,n,d in db.execute('SELECT g,SUM(n),SUM(d) FROM observations GROUP BY g')}
ResourceWarning: Enable tracemalloc to get the object allocation traceback
/Users/nino/WORKS/Personal/Idea/Project/products/aeliqo/scripts/semantic_reference.py:39: ResourceWarning: unclosed database in <sqlite3.Connection object at 0x109f38310>
  result={g:Fraction(n,d) for g,n,d in db.execute('SELECT g,SUM(n),SUM(d) FROM observations GROUP BY g')}
ResourceWarning: Enable tracemalloc to get the object allocation traceback
/Users/nino/WORKS/Personal/Idea/Project/products/aeliqo/scripts/semantic_reference.py:39: ResourceWarning: unclosed database in <sqlite3.Connection object at 0x109f38220>
  result={g:Fraction(n,d) for g,n,d in db.execute('SELECT g,SUM(n),SUM(d) FROM observations GROUP BY g')}
ResourceWarning: Enable tracemalloc to get the object allocation traceback
/Users/nino/WORKS/Personal/Idea/Project/products/aeliqo/scripts/semantic_reference.py:39: ResourceWarning: unclosed database in <sqlite3.Connection object at 0x109f38130>
  result={g:Fraction(n,d) for g,n,d in db.execute('SELECT g,SUM(n),SUM(d) FROM observations GROUP BY g')}
ResourceWarning: Enable tracemalloc to get the object allocation traceback
/Users/nino/WORKS/Personal/Idea/Project/products/aeliqo/scripts/semantic_reference.py:39: ResourceWarning: unclosed database in <sqlite3.Connection object at 0x109f38040>
  result={g:Fraction(n,d) for g,n,d in db.execute('SELECT g,SUM(n),SUM(d) FROM observations GROUP BY g')}
ResourceWarning: Enable tracemalloc to get the object allocation traceback
/Users/nino/WORKS/Personal/Idea/Project/products/aeliqo/scripts/semantic_reference.py:39: ResourceWarning: unclosed database in <sqlite3.Connection object at 0x109f3bc40>
  result={g:Fraction(n,d) for g,n,d in db.execute('SELECT g,SUM(n),SUM(d) FROM observations GROUP BY g')}
ResourceWarning: Enable tracemalloc to get the object allocation traceback
/Users/nino/WORKS/Personal/Idea/Project/products/aeliqo/scripts/semantic_reference.py:39: ResourceWarning: unclosed database in <sqlite3.Connection object at 0x109f3bd30>
  result={g:Fraction(n,d) for g,n,d in db.execute('SELECT g,SUM(n),SUM(d) FROM observations GROUP BY g')}
ResourceWarning: Enable tracemalloc to get the object allocation traceback
/Users/nino/WORKS/Personal/Idea/Project/products/aeliqo/scripts/semantic_reference.py:39: ResourceWarning: unclosed database in <sqlite3.Connection object at 0x109f3be20>
  result={g:Fraction(n,d) for g,n,d in db.execute('SELECT g,SUM(n),SUM(d) FROM observations GROUP BY g')}
ResourceWarning: Enable tracemalloc to get the object allocation traceback
/Users/nino/WORKS/Personal/Idea/Project/products/aeliqo/scripts/semantic_reference.py:39: ResourceWarning: unclosed database in <sqlite3.Connection object at 0x109f70310>
  result={g:Fraction(n,d) for g,n,d in db.execute('SELECT g,SUM(n),SUM(d) FROM observations GROUP BY g')}
ResourceWarning: Enable tracemalloc to get the object allocation traceback
/Users/nino/WORKS/Personal/Idea/Project/products/aeliqo/scripts/semantic_reference.py:39: ResourceWarning: unclosed database in <sqlite3.Connection object at 0x109f70400>
  result={g:Fraction(n,d) for g,n,d in db.execute('SELECT g,SUM(n),SUM(d) FROM observations GROUP BY g')}
ResourceWarning: Enable tracemalloc to get the object allocation traceback
/Users/nino/WORKS/Personal/Idea/Project/products/aeliqo/scripts/semantic_reference.py:39: ResourceWarning: unclosed database in <sqlite3.Connection object at 0x109f704f0>
  result={g:Fraction(n,d) for g,n,d in db.execute('SELECT g,SUM(n),SUM(d) FROM observations GROUP BY g')}
ResourceWarning: Enable tracemalloc to get the object allocation traceback
/Users/nino/WORKS/Personal/Idea/Project/products/aeliqo/scripts/semantic_reference.py:39: ResourceWarning: unclosed database in <sqlite3.Connection object at 0x109f705e0>
  result={g:Fraction(n,d) for g,n,d in db.execute('SELECT g,SUM(n),SUM(d) FROM observations GROUP BY g')}
ResourceWarning: Enable tracemalloc to get the object allocation traceback
/Users/nino/WORKS/Personal/Idea/Project/products/aeliqo/scripts/semantic_reference.py:39: ResourceWarning: unclosed database in <sqlite3.Connection object at 0x109f706d0>
  result={g:Fraction(n,d) for g,n,d in db.execute('SELECT g,SUM(n),SUM(d) FROM observations GROUP BY g')}
ResourceWarning: Enable tracemalloc to get the object allocation traceback
/Users/nino/WORKS/Personal/Idea/Project/products/aeliqo/scripts/semantic_reference.py:39: ResourceWarning: unclosed database in <sqlite3.Connection object at 0x109f707c0>
  result={g:Fraction(n,d) for g,n,d in db.execute('SELECT g,SUM(n),SUM(d) FROM observations GROUP BY g')}
ResourceWarning: Enable tracemalloc to get the object allocation traceback
/Users/nino/WORKS/Personal/Idea/Project/products/aeliqo/scripts/semantic_reference.py:39: ResourceWarning: unclosed database in <sqlite3.Connection object at 0x109f708b0>
  result={g:Fraction(n,d) for g,n,d in db.execute('SELECT g,SUM(n),SUM(d) FROM observations GROUP BY g')}
ResourceWarning: Enable tracemalloc to get the object allocation traceback
/Users/nino/WORKS/Personal/Idea/Project/products/aeliqo/scripts/semantic_reference.py:39: ResourceWarning: unclosed database in <sqlite3.Connection object at 0x109f709a0>
  result={g:Fraction(n,d) for g,n,d in db.execute('SELECT g,SUM(n),SUM(d) FROM observations GROUP BY g')}
ResourceWarning: Enable tracemalloc to get the object allocation traceback
/Users/nino/WORKS/Personal/Idea/Project/products/aeliqo/scripts/semantic_reference.py:39: ResourceWarning: unclosed database in <sqlite3.Connection object at 0x109f70a90>
  result={g:Fraction(n,d) for g,n,d in db.execute('SELECT g,SUM(n),SUM(d) FROM observations GROUP BY g')}
ResourceWarning: Enable tracemalloc to get the object allocation traceback
/Users/nino/WORKS/Personal/Idea/Project/products/aeliqo/scripts/semantic_reference.py:39: ResourceWarning: unclosed database in <sqlite3.Connection object at 0x109f70c70>
  result={g:Fraction(n,d) for g,n,d in db.execute('SELECT g,SUM(n),SUM(d) FROM observations GROUP BY g')}
ResourceWarning: Enable tracemalloc to get the object allocation traceback
/Users/nino/WORKS/Personal/Idea/Project/products/aeliqo/scripts/semantic_reference.py:39: ResourceWarning: unclosed database in <sqlite3.Connection object at 0x109f70d60>
  result={g:Fraction(n,d) for g,n,d in db.execute('SELECT g,SUM(n),SUM(d) FROM observations GROUP BY g')}
ResourceWarning: Enable tracemalloc to get the object allocation traceback
/Users/nino/WORKS/Personal/Idea/Project/products/aeliqo/scripts/semantic_reference.py:39: ResourceWarning: unclosed database in <sqlite3.Connection object at 0x109f70e50>
  result={g:Fraction(n,d) for g,n,d in db.execute('SELECT g,SUM(n),SUM(d) FROM observations GROUP BY g')}
ResourceWarning: Enable tracemalloc to get the object allocation traceback
/Users/nino/WORKS/Personal/Idea/Project/products/aeliqo/scripts/semantic_reference.py:39: ResourceWarning: unclosed database in <sqlite3.Connection object at 0x109f70f40>
  result={g:Fraction(n,d) for g,n,d in db.execute('SELECT g,SUM(n),SUM(d) FROM observations GROUP BY g')}
ResourceWarning: Enable tracemalloc to get the object allocation traceback
/Users/nino/WORKS/Personal/Idea/Project/products/aeliqo/scripts/semantic_reference.py:39: ResourceWarning: unclosed database in <sqlite3.Connection object at 0x109f71030>
  result={g:Fraction(n,d) for g,n,d in db.execute('SELECT g,SUM(n),SUM(d) FROM observations GROUP BY g')}
ResourceWarning: Enable tracemalloc to get the object allocation traceback
/Users/nino/WORKS/Personal/Idea/Project/products/aeliqo/scripts/semantic_reference.py:39: ResourceWarning: unclosed database in <sqlite3.Connection object at 0x109f71120>
  result={g:Fraction(n,d) for g,n,d in db.execute('SELECT g,SUM(n),SUM(d) FROM observations GROUP BY g')}
ResourceWarning: Enable tracemalloc to get the object allocation traceback
/Users/nino/WORKS/Personal/Idea/Project/products/aeliqo/scripts/semantic_reference.py:39: ResourceWarning: unclosed database in <sqlite3.Connection object at 0x109f71210>
  result={g:Fraction(n,d) for g,n,d in db.execute('SELECT g,SUM(n),SUM(d) FROM observations GROUP BY g')}
ResourceWarning: Enable tracemalloc to get the object allocation traceback
/Users/nino/WORKS/Personal/Idea/Project/products/aeliqo/scripts/semantic_reference.py:39: ResourceWarning: unclosed database in <sqlite3.Connection object at 0x109f71300>
  result={g:Fraction(n,d) for g,n,d in db.execute('SELECT g,SUM(n),SUM(d) FROM observations GROUP BY g')}
ResourceWarning: Enable tracemalloc to get the object allocation traceback
/Users/nino/WORKS/Personal/Idea/Project/products/aeliqo/scripts/semantic_reference.py:39: ResourceWarning: unclosed database in <sqlite3.Connection object at 0x109f713f0>
  result={g:Fraction(n,d) for g,n,d in db.execute('SELECT g,SUM(n),SUM(d) FROM observations GROUP BY g')}
ResourceWarning: Enable tracemalloc to get the object allocation traceback
/Users/nino/WORKS/Personal/Idea/Project/products/aeliqo/scripts/semantic_reference.py:39: ResourceWarning: unclosed database in <sqlite3.Connection object at 0x109f714e0>
  result={g:Fraction(n,d) for g,n,d in db.execute('SELECT g,SUM(n),SUM(d) FROM observations GROUP BY g')}
ResourceWarning: Enable tracemalloc to get the object allocation traceback
/Users/nino/WORKS/Personal/Idea/Project/products/aeliqo/scripts/semantic_reference.py:39: ResourceWarning: unclosed database in <sqlite3.Connection object at 0x109f715d0>
  result={g:Fraction(n,d) for g,n,d in db.execute('SELECT g,SUM(n),SUM(d) FROM observations GROUP BY g')}
ResourceWarning: Enable tracemalloc to get the object allocation traceback
/Users/nino/WORKS/Personal/Idea/Project/products/aeliqo/scripts/semantic_reference.py:39: ResourceWarning: unclosed database in <sqlite3.Connection object at 0x109f716c0>
  result={g:Fraction(n,d) for g,n,d in db.execute('SELECT g,SUM(n),SUM(d) FROM observations GROUP BY g')}
ResourceWarning: Enable tracemalloc to get the object allocation traceback
/Users/nino/WORKS/Personal/Idea/Project/products/aeliqo/scripts/semantic_reference.py:39: ResourceWarning: unclosed database in <sqlite3.Connection object at 0x109f717b0>
  result={g:Fraction(n,d) for g,n,d in db.execute('SELECT g,SUM(n),SUM(d) FROM observations GROUP BY g')}
ResourceWarning: Enable tracemalloc to get the object allocation traceback
/Users/nino/WORKS/Personal/Idea/Project/products/aeliqo/scripts/semantic_reference.py:39: ResourceWarning: unclosed database in <sqlite3.Connection object at 0x109f718a0>
  result={g:Fraction(n,d) for g,n,d in db.execute('SELECT g,SUM(n),SUM(d) FROM observations GROUP BY g')}
ResourceWarning: Enable tracemalloc to get the object allocation traceback
/Users/nino/WORKS/Personal/Idea/Project/products/aeliqo/scripts/semantic_reference.py:39: ResourceWarning: unclosed database in <sqlite3.Connection object at 0x109f71990>
  result={g:Fraction(n,d) for g,n,d in db.execute('SELECT g,SUM(n),SUM(d) FROM observations GROUP BY g')}
ResourceWarning: Enable tracemalloc to get the object allocation traceback
/Users/nino/WORKS/Personal/Idea/Project/products/aeliqo/scripts/semantic_reference.py:39: ResourceWarning: unclosed database in <sqlite3.Connection object at 0x109f71a80>
  result={g:Fraction(n,d) for g,n,d in db.execute('SELECT g,SUM(n),SUM(d) FROM observations GROUP BY g')}
ResourceWarning: Enable tracemalloc to get the object allocation traceback
/Users/nino/WORKS/Personal/Idea/Project/products/aeliqo/scripts/semantic_reference.py:39: ResourceWarning: unclosed database in <sqlite3.Connection object at 0x109f71b70>
  result={g:Fraction(n,d) for g,n,d in db.execute('SELECT g,SUM(n),SUM(d) FROM observations GROUP BY g')}
ResourceWarning: Enable tracemalloc to get the object allocation traceback
/Users/nino/WORKS/Personal/Idea/Project/products/aeliqo/scripts/semantic_reference.py:39: ResourceWarning: unclosed database in <sqlite3.Connection object at 0x109f71c60>
  result={g:Fraction(n,d) for g,n,d in db.execute('SELECT g,SUM(n),SUM(d) FROM observations GROUP BY g')}
ResourceWarning: Enable tracemalloc to get the object allocation traceback
/Users/nino/WORKS/Personal/Idea/Project/products/aeliqo/scripts/semantic_reference.py:39: ResourceWarning: unclosed database in <sqlite3.Connection object at 0x109f71d50>
  result={g:Fraction(n,d) for g,n,d in db.execute('SELECT g,SUM(n),SUM(d) FROM observations GROUP BY g')}
ResourceWarning: Enable tracemalloc to get the object allocation traceback
/Users/nino/WORKS/Personal/Idea/Project/products/aeliqo/scripts/semantic_reference.py:39: ResourceWarning: unclosed database in <sqlite3.Connection object at 0x109f71e40>
  result={g:Fraction(n,d) for g,n,d in db.execute('SELECT g,SUM(n),SUM(d) FROM observations GROUP BY g')}
ResourceWarning: Enable tracemalloc to get the object allocation traceback
ok
test_unknown_does_not_become_calendar_zero (test_math.NumericalContractTests.test_unknown_does_not_become_calendar_zero) ... ok
test_zero_denominator_unknown_not_zero (test_math.NumericalContractTests.test_zero_denominator_unknown_not_zero) ... ok
test_budget_exhaustion_not_impossibility (test_presentation.PresentationReferenceTests.test_budget_exhaustion_not_impossibility) ... ok
test_composes_without_matching_preset (test_presentation.PresentationReferenceTests.test_composes_without_matching_preset) ... ok
test_duplicate_manifest_rejected (test_presentation.PresentationReferenceTests.test_duplicate_manifest_rejected) ... ok
test_empty_task_does_not_invent_ui (test_presentation.PresentationReferenceTests.test_empty_task_does_not_invent_ui) ... ok
test_explicit_table_not_soft_preference (test_presentation.PresentationReferenceTests.test_explicit_table_not_soft_preference) ... ok
test_incumbent_stability (test_presentation.PresentationReferenceTests.test_incumbent_stability) ... ok
test_invalid_budget_rejected (test_presentation.PresentationReferenceTests.test_invalid_budget_rejected) ... ok
test_missing_real_capability_detected (test_presentation.PresentationReferenceTests.test_missing_real_capability_detected) ... ok
test_narrow_reachability_not_comparison (test_presentation.PresentationReferenceTests.test_narrow_reachability_not_comparison) ... ok
test_pattern_optional_not_mandatory (test_presentation.PresentationReferenceTests.test_pattern_optional_not_mandatory) ... ok
test_profile_conflict_not_ignored (test_presentation.PresentationReferenceTests.test_profile_conflict_not_ignored) ... ok
test_registry_order_deterministic_100_seeds (test_presentation.PresentationReferenceTests.test_registry_order_deterministic_100_seeds) ... ok
test_stale_incumbent_not_retained (test_presentation.PresentationReferenceTests.test_stale_incumbent_not_retained) ... ok
test_tested_pattern_can_also_cover (test_presentation.PresentationReferenceTests.test_tested_pattern_can_also_cover) ... ok
test_thousands_unrelated_components_no_search_explosion (test_presentation.PresentationReferenceTests.test_thousands_unrelated_components_no_search_explosion) ... <string>:2: ResourceWarning: unclosed database in <sqlite3.Connection object at 0x109f3be20>
ResourceWarning: Enable tracemalloc to get the object allocation traceback
<string>:2: ResourceWarning: unclosed database in <sqlite3.Connection object at 0x109f3bd30>
ResourceWarning: Enable tracemalloc to get the object allocation traceback
<string>:2: ResourceWarning: unclosed database in <sqlite3.Connection object at 0x109f3bc40>
ResourceWarning: Enable tracemalloc to get the object allocation traceback
<string>:2: ResourceWarning: unclosed database in <sqlite3.Connection object at 0x109f38040>
ResourceWarning: Enable tracemalloc to get the object allocation traceback
<string>:2: ResourceWarning: unclosed database in <sqlite3.Connection object at 0x109f38130>
ResourceWarning: Enable tracemalloc to get the object allocation traceback
<string>:2: ResourceWarning: unclosed database in <sqlite3.Connection object at 0x109f38220>
ResourceWarning: Enable tracemalloc to get the object allocation traceback
<string>:2: ResourceWarning: unclosed database in <sqlite3.Connection object at 0x109f38310>
ResourceWarning: Enable tracemalloc to get the object allocation traceback
<string>:2: ResourceWarning: unclosed database in <sqlite3.Connection object at 0x109f38400>
ResourceWarning: Enable tracemalloc to get the object allocation traceback
<string>:2: ResourceWarning: unclosed database in <sqlite3.Connection object at 0x109f384f0>
ResourceWarning: Enable tracemalloc to get the object allocation traceback
<string>:2: ResourceWarning: unclosed database in <sqlite3.Connection object at 0x109f385e0>
ResourceWarning: Enable tracemalloc to get the object allocation traceback
<string>:2: ResourceWarning: unclosed database in <sqlite3.Connection object at 0x109f386d0>
ResourceWarning: Enable tracemalloc to get the object allocation traceback
<string>:2: ResourceWarning: unclosed database in <sqlite3.Connection object at 0x109f387c0>
ResourceWarning: Enable tracemalloc to get the object allocation traceback
<string>:2: ResourceWarning: unclosed database in <sqlite3.Connection object at 0x109f388b0>
ResourceWarning: Enable tracemalloc to get the object allocation traceback
<string>:2: ResourceWarning: unclosed database in <sqlite3.Connection object at 0x109f389a0>
ResourceWarning: Enable tracemalloc to get the object allocation traceback
<string>:2: ResourceWarning: unclosed database in <sqlite3.Connection object at 0x109f38a90>
ResourceWarning: Enable tracemalloc to get the object allocation traceback
<string>:2: ResourceWarning: unclosed database in <sqlite3.Connection object at 0x109f38b80>
ResourceWarning: Enable tracemalloc to get the object allocation traceback
<string>:2: ResourceWarning: unclosed database in <sqlite3.Connection object at 0x109f38c70>
ResourceWarning: Enable tracemalloc to get the object allocation traceback
<string>:2: ResourceWarning: unclosed database in <sqlite3.Connection object at 0x109f38d60>
ResourceWarning: Enable tracemalloc to get the object allocation traceback
<string>:2: ResourceWarning: unclosed database in <sqlite3.Connection object at 0x109f38e50>
ResourceWarning: Enable tracemalloc to get the object allocation traceback
<string>:2: ResourceWarning: unclosed database in <sqlite3.Connection object at 0x109f38f40>
ResourceWarning: Enable tracemalloc to get the object allocation traceback
<string>:2: ResourceWarning: unclosed database in <sqlite3.Connection object at 0x109f39030>
ResourceWarning: Enable tracemalloc to get the object allocation traceback
<string>:2: ResourceWarning: unclosed database in <sqlite3.Connection object at 0x109f39120>
ResourceWarning: Enable tracemalloc to get the object allocation traceback
<string>:2: ResourceWarning: unclosed database in <sqlite3.Connection object at 0x109f39210>
ResourceWarning: Enable tracemalloc to get the object allocation traceback
<string>:2: ResourceWarning: unclosed database in <sqlite3.Connection object at 0x109f39300>
ResourceWarning: Enable tracemalloc to get the object allocation traceback
<string>:2: ResourceWarning: unclosed database in <sqlite3.Connection object at 0x109f393f0>
ResourceWarning: Enable tracemalloc to get the object allocation traceback
<string>:2: ResourceWarning: unclosed database in <sqlite3.Connection object at 0x109f394e0>
ResourceWarning: Enable tracemalloc to get the object allocation traceback
<string>:2: ResourceWarning: unclosed database in <sqlite3.Connection object at 0x109f395d0>
ResourceWarning: Enable tracemalloc to get the object allocation traceback
<string>:2: ResourceWarning: unclosed database in <sqlite3.Connection object at 0x109f396c0>
ResourceWarning: Enable tracemalloc to get the object allocation traceback
<string>:2: ResourceWarning: unclosed database in <sqlite3.Connection object at 0x109f397b0>
ResourceWarning: Enable tracemalloc to get the object allocation traceback
<string>:2: ResourceWarning: unclosed database in <sqlite3.Connection object at 0x109f398a0>
ResourceWarning: Enable tracemalloc to get the object allocation traceback
<string>:2: ResourceWarning: unclosed database in <sqlite3.Connection object at 0x109f39990>
ResourceWarning: Enable tracemalloc to get the object allocation traceback
<string>:2: ResourceWarning: unclosed database in <sqlite3.Connection object at 0x109f39a80>
ResourceWarning: Enable tracemalloc to get the object allocation traceback
<string>:2: ResourceWarning: unclosed database in <sqlite3.Connection object at 0x109f39b70>
ResourceWarning: Enable tracemalloc to get the object allocation traceback
<string>:2: ResourceWarning: unclosed database in <sqlite3.Connection object at 0x109f39c60>
ResourceWarning: Enable tracemalloc to get the object allocation traceback
<string>:2: ResourceWarning: unclosed database in <sqlite3.Connection object at 0x109f39d50>
ResourceWarning: Enable tracemalloc to get the object allocation traceback
<string>:2: ResourceWarning: unclosed database in <sqlite3.Connection object at 0x109f39e40>
ResourceWarning: Enable tracemalloc to get the object allocation traceback
<string>:2: ResourceWarning: unclosed database in <sqlite3.Connection object at 0x109f39f30>
ResourceWarning: Enable tracemalloc to get the object allocation traceback
<string>:2: ResourceWarning: unclosed database in <sqlite3.Connection object at 0x109f3a020>
ResourceWarning: Enable tracemalloc to get the object allocation traceback
<string>:2: ResourceWarning: unclosed database in <sqlite3.Connection object at 0x109f3a110>
ResourceWarning: Enable tracemalloc to get the object allocation traceback
<string>:2: ResourceWarning: unclosed database in <sqlite3.Connection object at 0x109f3a200>
ResourceWarning: Enable tracemalloc to get the object allocation traceback
<string>:2: ResourceWarning: unclosed database in <sqlite3.Connection object at 0x109f3a2f0>
ResourceWarning: Enable tracemalloc to get the object allocation traceback
<string>:2: ResourceWarning: unclosed database in <sqlite3.Connection object at 0x109f3a3e0>
ResourceWarning: Enable tracemalloc to get the object allocation traceback
<string>:2: ResourceWarning: unclosed database in <sqlite3.Connection object at 0x109f3a4d0>
ResourceWarning: Enable tracemalloc to get the object allocation traceback
<string>:2: ResourceWarning: unclosed database in <sqlite3.Connection object at 0x109f3a5c0>
ResourceWarning: Enable tracemalloc to get the object allocation traceback
<string>:2: ResourceWarning: unclosed database in <sqlite3.Connection object at 0x109f3a6b0>
ResourceWarning: Enable tracemalloc to get the object allocation traceback
<string>:2: ResourceWarning: unclosed database in <sqlite3.Connection object at 0x109f3a7a0>
ResourceWarning: Enable tracemalloc to get the object allocation traceback
<string>:2: ResourceWarning: unclosed database in <sqlite3.Connection object at 0x109f3a890>
ResourceWarning: Enable tracemalloc to get the object allocation traceback
<string>:2: ResourceWarning: unclosed database in <sqlite3.Connection object at 0x109f3a980>
ResourceWarning: Enable tracemalloc to get the object allocation traceback
<string>:2: ResourceWarning: unclosed database in <sqlite3.Connection object at 0x109f3aa70>
ResourceWarning: Enable tracemalloc to get the object allocation traceback
<string>:2: ResourceWarning: unclosed database in <sqlite3.Connection object at 0x109f3ab60>
ResourceWarning: Enable tracemalloc to get the object allocation traceback
<string>:2: ResourceWarning: unclosed database in <sqlite3.Connection object at 0x109f3ac50>
ResourceWarning: Enable tracemalloc to get the object allocation traceback
<string>:2: ResourceWarning: unclosed database in <sqlite3.Connection object at 0x109f3ad40>
ResourceWarning: Enable tracemalloc to get the object allocation traceback
<string>:2: ResourceWarning: unclosed database in <sqlite3.Connection object at 0x109f3ae30>
ResourceWarning: Enable tracemalloc to get the object allocation traceback
<string>:2: ResourceWarning: unclosed database in <sqlite3.Connection object at 0x109f3af20>
ResourceWarning: Enable tracemalloc to get the object allocation traceback
<string>:2: ResourceWarning: unclosed database in <sqlite3.Connection object at 0x109f3b010>
ResourceWarning: Enable tracemalloc to get the object allocation traceback
ok
test_unknown_ssr_not_fictional_width (test_presentation.PresentationReferenceTests.test_unknown_ssr_not_fictional_width) ... ok
test_valid_first_avoids_duplicate_candidate_starvation (test_presentation.PresentationReferenceTests.test_valid_first_avoids_duplicate_candidate_starvation) ... ok

----------------------------------------------------------------------
Ran 37 tests in 0.105s

OK
