{
  "scope": "Python reference monotone operation-coverage search only; NOT product or paint benchmark",
  "environment": {
    "python": "3.14.7 (main, Aug  5 2026, 10:29:49) [Clang 21.0.0 (clang-2100.1.1.101)]",
    "platform": "macOS-26.6.2-arm64-arm-64bit-Mach-O",
    "processor": "arm"
  },
  "includes": "validation/filtering/sorting of candidate list plus greedy selection; excludes registry construction",
  "limitations": "No browser, rendering, semantic queries, graph binding, pixels, mobile hardware or real model. No threshold derived for production.",
  "observations": [
    {
      "candidates": 71,
      "requiredOperations": 4,
      "runs": 25,
      "warmups": 3,
      "samplesMs": [
        0.065,
        0.0695,
        0.06375,
        0.063375,
        0.063,
        0.063208,
        0.063208,
        0.06175,
        0.065,
        0.063125,
        0.06575,
        0.06275,
        0.063417,
        0.07,
        0.064,
        0.068334,
        0.066459,
        0.064208,
        0.062125,
        0.062125,
        0.06925,
        0.069,
        0.062833,
        0.06375,
        0.062375
      ],
      "medianMs": 0.06375,
      "p95Ms": 0.0695,
      "maxPlanExpansions": 4
    },
    {
      "candidates": 710,
      "requiredOperations": 4,
      "runs": 25,
      "warmups": 3,
      "samplesMs": [
        0.659792,
        0.666292,
        0.929875,
        0.72875,
        0.905792,
        0.714625,
        0.812208,
        0.628875,
        0.627083,
        0.620459,
        0.617666,
        0.616834,
        0.65275,
        0.635208,
        0.819,
        0.752417,
        0.847542,
        0.62325,
        0.638042,
        0.638,
        0.6305,
        0.659375,
        0.642584,
        0.7355,
        1.24525
      ],
      "medianMs": 0.659375,
      "p95Ms": 0.929875,
      "maxPlanExpansions": 4
    },
    {
      "candidates": 7100,
      "requiredOperations": 4,
      "runs": 25,
      "warmups": 3,
      "samplesMs": [
        10.23225,
        9.382333,
        35.615583,
        11.835542,
        12.052125,
        10.192625,
        10.523208,
        9.557375,
        14.364833,
        11.21825,
        10.466833,
        12.424917,
        14.031959,
        9.47125,
        13.263917,
        16.362958,
        16.317625,
        10.973709,
        14.287334,
        21.71175,
        10.813792,
        12.286583,
        11.195833,
        12.22275,
        11.306083
      ],
      "medianMs": 11.835542,
      "p95Ms": 21.71175,
      "maxPlanExpansions": 4
    }
  ]
}
