✔ unknown SSR measurement is representable (1.999208ms)
✔ zero-size hidden container is real, not unknown (0.075333ms)
✔ known measurement needs a number (0.360166ms)
✔ negative measurement refused (1.558917ms)
✔ NaN and infinity refused (0.148875ms)
✔ unknown state does not carry a fictional width (0.07575ms)
✔ count unknown distinct from exact zero (0.11375ms)
✔ exact count missing value refused (0.073334ms)
✔ unsafe integer count refused (0.181209ms)
✔ negative and fractional exact counts refused (0.111666ms)
✔ estimated count missing method refused (0.169ms)
✔ estimate may honestly state unquantified uncertainty (0.206042ms)
✔ approximate precision requires evidence (0.220292ms)
✔ inverted uncertainty interval refused (0.231958ms)
✔ precision exact is independent of sample population (0.043625ms)
✔ selection keys are stable strings (0.074917ms)
✔ selection rejects row-index numeric keys (0.038334ms)
✔ clear is explicit, empty selection ID list refused (0.036583ms)
✔ duplicate selection keys refused (0.029125ms)
✔ selection cannot self-label human approval (0.027959ms)
✔ result reference is version and scope bound (0.028416ms)
✔ function call without immutable revision refused (0.102209ms)
✔ versioned function call accepted structurally (0.02625ms)
✔ raw executable expression kind refused (0.034166ms)
✔ integer literal must not be nonfinite (0.0295ms)
✔ nonnullable null refused (0.08975ms)
✔ unsafe decimal syntax refused (0.153334ms)
✔ deep expression bounded before recursion (0.096ms)
✔ wide expression bounded (0.057667ms)
✔ multioutput task topologically ordered (0.104125ms)
✔ queryless form/presentation examples do not have outputs (0.02475ms)
✔ missing output dependency refused (0.293ms)
✔ duplicate output ID refused (0.068542ms)
✔ live cohort must be explicit dependency (0.067792ms)
✔ dependency cycle refused (0.051583ms)
✔ output budget cannot silently truncate (0.128334ms)
✔ containment tree accepted (0.097167ms)
✔ two parents for a node refused (0.043875ms)
✔ orphan containment refused (0.033084ms)
✔ cycle through root refused (0.059292ms)
✔ same read set can commit (0.054209ms)
✔ changed scopeDigest rejects stale proposal (0.032375ms)
✔ changed policyRevision rejects stale proposal (0.020958ms)
✔ changed taskRevision rejects stale proposal (0.027417ms)
✔ changed regionRevision rejects stale proposal (0.027083ms)
✔ changed catalogRevision rejects stale proposal (0.018666ms)
✔ changed experienceRevision rejects stale proposal (0.174458ms)
✔ changed functionRegistryDigest rejects stale proposal (0.097333ms)
✔ changed result revision rejects commit (0.177292ms)
✔ same result revision but different query is not reusable (0.027375ms)
✔ unrelated extra result does not invalidate the read set (0.026042ms)
✔ coverage requires actual registered operation (0.085ms)
✔ self-reported coverage is not evidence (0.082417ms)
✔ coverage cannot cite a missing view (0.047ms)
✔ coverage must bind correct output (0.279791ms)
✔ 100 seeded output DAG permutations retain dependency order (9.179542ms)
✔ 100 result permutations preserve matching preconditions (2.2495ms)
ℹ tests 57
ℹ suites 0
ℹ pass 57
ℹ fail 0
ℹ cancelled 0
ℹ skipped 0
ℹ todo 0
ℹ duration_ms 105.729125
