{
  "scope": "Python reference monotone operation-coverage search only; NOT product or paint benchmark",
  "environment": {
    "python": "3.14.7 (main, Aug  5 2026, 10:29:49) [Clang 21.0.0 (clang-2100.1.1.101)]",
    "platform": "macOS-26.6.2-arm64-arm-64bit-Mach-O",
    "processor": "arm"
  },
  "includes": "validation/filtering/sorting of candidate list plus greedy selection; excludes registry construction",
  "limitations": "No browser, rendering, semantic queries, graph binding, pixels, mobile hardware or real model. No threshold derived for production.",
  "observations": [
    {
      "candidates": 71,
      "requiredOperations": 4,
      "runs": 25,
      "warmups": 3,
      "samplesMs": [
        0.062291,
        0.060625,
        0.0555,
        0.055375,
        0.059041,
        0.060875,
        0.060458,
        0.0605,
        0.060584,
        0.060666,
        0.056709,
        0.055625,
        0.060916,
        0.063709,
        0.062583,
        0.0835,
        0.069125,
        0.066625,
        0.064459,
        0.064625,
        0.064125,
        0.064041,
        0.062542,
        0.063,
        0.062459
      ],
      "medianMs": 0.062291,
      "p95Ms": 0.069125,
      "maxPlanExpansions": 4
    },
    {
      "candidates": 710,
      "requiredOperations": 4,
      "runs": 25,
      "warmups": 3,
      "samplesMs": [
        0.642416,
        0.612792,
        0.615459,
        0.628708,
        0.621333,
        0.608667,
        0.612667,
        0.609666,
        0.619792,
        0.608,
        0.606958,
        0.626875,
        0.611167,
        0.637,
        0.631,
        0.668,
        0.573958,
        0.583958,
        0.591125,
        0.581958,
        0.595125,
        0.611042,
        0.600208,
        0.603625,
        0.591542
      ],
      "medianMs": 0.611042,
      "p95Ms": 0.642416,
      "maxPlanExpansions": 4
    },
    {
      "candidates": 7100,
      "requiredOperations": 4,
      "runs": 25,
      "warmups": 3,
      "samplesMs": [
        6.375291,
        6.155,
        7.856166,
        6.132667,
        6.1315,
        5.95175,
        6.116292,
        6.2175,
        6.149125,
        6.148875,
        6.111458,
        6.084583,
        6.226291,
        6.048167,
        6.078166,
        6.102166,
        6.126917,
        6.069875,
        6.253208,
        7.485792,
        6.122667,
        6.140583,
        5.928625,
        6.020458,
        6.081042
      ],
      "medianMs": 6.126917,
      "p95Ms": 7.485792,
      "maxPlanExpansions": 4
    }
  ]
}
