✔ unknown SSR measurement is representable (0.731833ms)
✔ zero-size hidden container is real, not unknown (0.054917ms)
✔ known measurement needs a number (0.157625ms)
✔ negative measurement refused (0.43275ms)
✔ NaN and infinity refused (0.102625ms)
✔ unknown state does not carry a fictional width (0.062875ms)
✔ count unknown distinct from exact zero (0.107584ms)
✔ exact count missing value refused (0.06425ms)
✔ unsafe integer count refused (0.053375ms)
✔ negative and fractional exact counts refused (0.084708ms)
✔ estimated count missing method refused (0.04725ms)
✔ estimate may honestly state unquantified uncertainty (0.0585ms)
✔ approximate precision requires evidence (0.037667ms)
✔ inverted uncertainty interval refused (0.027917ms)
✔ precision exact is independent of sample population (0.02275ms)
✔ selection keys are stable strings (0.056416ms)
✔ selection rejects row-index numeric keys (0.038917ms)
✔ clear is explicit, empty selection ID list refused (0.033416ms)
✔ duplicate selection keys refused (0.026416ms)
✔ selection cannot self-label human approval (0.024667ms)
✔ result reference is version and scope bound (0.022458ms)
✔ function call without immutable revision refused (0.0805ms)
✔ versioned function call accepted structurally (0.025166ms)
✔ raw executable expression kind refused (0.024792ms)
✔ integer literal must not be nonfinite (0.025166ms)
✔ nonnullable null refused (0.022875ms)
✔ unsafe decimal syntax refused (0.047583ms)
✔ deep expression bounded before recursion (0.0895ms)
✔ wide expression bounded (0.068333ms)
✔ multioutput task topologically ordered (0.089792ms)
✔ queryless form/presentation examples do not have outputs (0.019209ms)
✔ missing output dependency refused (0.061708ms)
✔ duplicate output ID refused (0.02925ms)
✔ live cohort must be explicit dependency (0.038375ms)
✔ dependency cycle refused (0.034042ms)
✔ output budget cannot silently truncate (0.025333ms)
✔ containment tree accepted (0.066625ms)
✔ two parents for a node refused (0.029209ms)
✔ orphan containment refused (0.026917ms)
✔ cycle through root refused (0.028292ms)
✔ same read set can commit (0.041917ms)
✔ changed scopeDigest rejects stale proposal (0.026833ms)
✔ changed policyRevision rejects stale proposal (0.017208ms)
✔ changed taskRevision rejects stale proposal (0.025667ms)
✔ changed regionRevision rejects stale proposal (0.025416ms)
✔ changed catalogRevision rejects stale proposal (0.019083ms)
✔ changed experienceRevision rejects stale proposal (0.025834ms)
✔ changed functionRegistryDigest rejects stale proposal (0.017083ms)
✔ changed result revision rejects commit (0.02175ms)
✔ same result revision but different query is not reusable (0.019167ms)
✔ unrelated extra result does not invalidate the read set (0.019041ms)
✔ coverage requires actual registered operation (0.065709ms)
✔ self-reported coverage is not evidence (0.03475ms)
✔ coverage cannot cite a missing view (0.027333ms)
✔ coverage must bind correct output (0.025792ms)
✔ 100 seeded output DAG permutations retain dependency order (2.272791ms)
✔ 100 result permutations preserve matching preconditions (1.807333ms)
ℹ tests 57
ℹ suites 0
ℹ pass 57
ℹ fail 0
ℹ cancelled 0
ℹ skipped 0
ℹ todo 0
ℹ duration_ms 46.072375
