test_balance_not_sum_over_time (test_math.NumericalContractTests.test_balance_not_sum_over_time) ... ok
test_calendar_three_months_not_ninety_days (test_math.NumericalContractTests.test_calendar_three_months_not_ninety_days) ... ok
test_distinct_counts_not_additive (test_math.NumericalContractTests.test_distinct_counts_not_additive) ... ok
test_fanout_mutant_is_detected (test_math.NumericalContractTests.test_fanout_mutant_is_detected) ... ok
test_fixed_cohort_not_per_week_winner (test_math.NumericalContractTests.test_fixed_cohort_not_per_week_winner) ... ok
test_half_open_periods_do_not_overlap (test_math.NumericalContractTests.test_half_open_periods_do_not_overlap) ... ok
test_identity_count_not_row_count (test_math.NumericalContractTests.test_identity_count_not_row_count) ... ok
test_large_money_exact_decimal (test_math.NumericalContractTests.test_large_money_exact_decimal) ... ok
test_local_day_not_fixed_24_hours (test_math.NumericalContractTests.test_local_day_not_fixed_24_hours) ... ok
test_mean_and_pooled_answer_different_questions (test_math.NumericalContractTests.test_mean_and_pooled_answer_different_questions) ... ok
test_missing_observation_not_absence (test_math.NumericalContractTests.test_missing_observation_not_absence) ... ok
test_missing_pair_exclusion_is_declared (test_math.NumericalContractTests.test_missing_pair_exclusion_is_declared) ... ok
test_mix_shift_totals_do_not_imply_every_group_worse (test_math.NumericalContractTests.test_mix_shift_totals_do_not_imply_every_group_worse) ... ok
test_no_observations_is_unknown (test_math.NumericalContractTests.test_no_observations_is_unknown) ... ok
test_partial_page_cannot_prove_global_winner (test_math.NumericalContractTests.test_partial_page_cannot_prove_global_winner) ... ok
test_permutations_preserve_exact_pooled_rate_100_seeds (test_math.NumericalContractTests.test_permutations_preserve_exact_pooled_rate_100_seeds) ... ok
test_shards_preserve_sufficient_statistics_100_seeds (test_math.NumericalContractTests.test_shards_preserve_sufficient_statistics_100_seeds) ... ok
test_sql_python_equivalence_300_seeds (test_math.NumericalContractTests.test_sql_python_equivalence_300_seeds) ... /opt/homebrew/Cellar/python@3.14/3.14.7/Frameworks/Python.framework/Versions/3.14/lib/python3.14/fractions.py:237: ResourceWarning: unclosed database in <sqlite3.Connection object at 0x10a33d4e0>
  self = super(Fraction, cls).__new__(cls)
ResourceWarning: Enable tracemalloc to get the object allocation traceback
/opt/homebrew/Cellar/python@3.14/3.14.7/Frameworks/Python.framework/Versions/3.14/lib/python3.14/fractions.py:237: ResourceWarning: unclosed database in <sqlite3.Connection object at 0x10a234b80>
  self = super(Fraction, cls).__new__(cls)
ResourceWarning: Enable tracemalloc to get the object allocation traceback
/opt/homebrew/Cellar/python@3.14/3.14.7/Frameworks/Python.framework/Versions/3.14/lib/python3.14/fractions.py:237: ResourceWarning: unclosed database in <sqlite3.Connection object at 0x109f99990>
  self = super(Fraction, cls).__new__(cls)
ResourceWarning: Enable tracemalloc to get the object allocation traceback
/opt/homebrew/Cellar/python@3.14/3.14.7/Frameworks/Python.framework/Versions/3.14/lib/python3.14/fractions.py:237: ResourceWarning: unclosed database in <sqlite3.Connection object at 0x10a33d210>
  self = super(Fraction, cls).__new__(cls)
ResourceWarning: Enable tracemalloc to get the object allocation traceback
/opt/homebrew/Cellar/python@3.14/3.14.7/Frameworks/Python.framework/Versions/3.14/lib/python3.14/fractions.py:237: ResourceWarning: unclosed database in <sqlite3.Connection object at 0x10a33d5d0>
  self = super(Fraction, cls).__new__(cls)
ResourceWarning: Enable tracemalloc to get the object allocation traceback
/opt/homebrew/Cellar/python@3.14/3.14.7/Frameworks/Python.framework/Versions/3.14/lib/python3.14/fractions.py:237: ResourceWarning: unclosed database in <sqlite3.Connection object at 0x10a33d6c0>
  self = super(Fraction, cls).__new__(cls)
ResourceWarning: Enable tracemalloc to get the object allocation traceback
/opt/homebrew/Cellar/python@3.14/3.14.7/Frameworks/Python.framework/Versions/3.14/lib/python3.14/fractions.py:237: ResourceWarning: unclosed database in <sqlite3.Connection object at 0x10a33d7b0>
  self = super(Fraction, cls).__new__(cls)
ResourceWarning: Enable tracemalloc to get the object allocation traceback
/opt/homebrew/Cellar/python@3.14/3.14.7/Frameworks/Python.framework/Versions/3.14/lib/python3.14/fractions.py:237: ResourceWarning: unclosed database in <sqlite3.Connection object at 0x10a33d8a0>
  self = super(Fraction, cls).__new__(cls)
ResourceWarning: Enable tracemalloc to get the object allocation traceback
/opt/homebrew/Cellar/python@3.14/3.14.7/Frameworks/Python.framework/Versions/3.14/lib/python3.14/fractions.py:237: ResourceWarning: unclosed database in <sqlite3.Connection object at 0x10a33d990>
  self = super(Fraction, cls).__new__(cls)
ResourceWarning: Enable tracemalloc to get the object allocation traceback
/opt/homebrew/Cellar/python@3.14/3.14.7/Frameworks/Python.framework/Versions/3.14/lib/python3.14/fractions.py:237: ResourceWarning: unclosed database in <sqlite3.Connection object at 0x10a33da80>
  self = super(Fraction, cls).__new__(cls)
ResourceWarning: Enable tracemalloc to get the object allocation traceback
/opt/homebrew/Cellar/python@3.14/3.14.7/Frameworks/Python.framework/Versions/3.14/lib/python3.14/fractions.py:237: ResourceWarning: unclosed database in <sqlite3.Connection object at 0x10a33db70>
  self = super(Fraction, cls).__new__(cls)
ResourceWarning: Enable tracemalloc to get the object allocation traceback
/opt/homebrew/Cellar/python@3.14/3.14.7/Frameworks/Python.framework/Versions/3.14/lib/python3.14/fractions.py:237: ResourceWarning: unclosed database in <sqlite3.Connection object at 0x10a33dc60>
  self = super(Fraction, cls).__new__(cls)
ResourceWarning: Enable tracemalloc to get the object allocation traceback
/opt/homebrew/Cellar/python@3.14/3.14.7/Frameworks/Python.framework/Versions/3.14/lib/python3.14/fractions.py:237: ResourceWarning: unclosed database in <sqlite3.Connection object at 0x10a33dd50>
  self = super(Fraction, cls).__new__(cls)
ResourceWarning: Enable tracemalloc to get the object allocation traceback
/opt/homebrew/Cellar/python@3.14/3.14.7/Frameworks/Python.framework/Versions/3.14/lib/python3.14/fractions.py:237: ResourceWarning: unclosed database in <sqlite3.Connection object at 0x10a33de40>
  self = super(Fraction, cls).__new__(cls)
ResourceWarning: Enable tracemalloc to get the object allocation traceback
/opt/homebrew/Cellar/python@3.14/3.14.7/Frameworks/Python.framework/Versions/3.14/lib/python3.14/fractions.py:237: ResourceWarning: unclosed database in <sqlite3.Connection object at 0x10a33df30>
  self = super(Fraction, cls).__new__(cls)
ResourceWarning: Enable tracemalloc to get the object allocation traceback
/opt/homebrew/Cellar/python@3.14/3.14.7/Frameworks/Python.framework/Versions/3.14/lib/python3.14/fractions.py:237: ResourceWarning: unclosed database in <sqlite3.Connection object at 0x10a33e020>
  self = super(Fraction, cls).__new__(cls)
ResourceWarning: Enable tracemalloc to get the object allocation traceback
/opt/homebrew/Cellar/python@3.14/3.14.7/Frameworks/Python.framework/Versions/3.14/lib/python3.14/fractions.py:237: ResourceWarning: unclosed database in <sqlite3.Connection object at 0x10a33e110>
  self = super(Fraction, cls).__new__(cls)
ResourceWarning: Enable tracemalloc to get the object allocation traceback
/opt/homebrew/Cellar/python@3.14/3.14.7/Frameworks/Python.framework/Versions/3.14/lib/python3.14/fractions.py:237: ResourceWarning: unclosed database in <sqlite3.Connection object at 0x10a33e200>
  self = super(Fraction, cls).__new__(cls)
ResourceWarning: Enable tracemalloc to get the object allocation traceback
/opt/homebrew/Cellar/python@3.14/3.14.7/Frameworks/Python.framework/Versions/3.14/lib/python3.14/fractions.py:237: ResourceWarning: unclosed database in <sqlite3.Connection object at 0x10a33e2f0>
  self = super(Fraction, cls).__new__(cls)
ResourceWarning: Enable tracemalloc to get the object allocation traceback
/opt/homebrew/Cellar/python@3.14/3.14.7/Frameworks/Python.framework/Versions/3.14/lib/python3.14/fractions.py:237: ResourceWarning: unclosed database in <sqlite3.Connection object at 0x10a33e3e0>
  self = super(Fraction, cls).__new__(cls)
ResourceWarning: Enable tracemalloc to get the object allocation traceback
/opt/homebrew/Cellar/python@3.14/3.14.7/Frameworks/Python.framework/Versions/3.14/lib/python3.14/fractions.py:237: ResourceWarning: unclosed database in <sqlite3.Connection object at 0x10a33e4d0>
  self = super(Fraction, cls).__new__(cls)
ResourceWarning: Enable tracemalloc to get the object allocation traceback
/opt/homebrew/Cellar/python@3.14/3.14.7/Frameworks/Python.framework/Versions/3.14/lib/python3.14/fractions.py:237: ResourceWarning: unclosed database in <sqlite3.Connection object at 0x10a33e5c0>
  self = super(Fraction, cls).__new__(cls)
ResourceWarning: Enable tracemalloc to get the object allocation traceback
/opt/homebrew/Cellar/python@3.14/3.14.7/Frameworks/Python.framework/Versions/3.14/lib/python3.14/fractions.py:237: ResourceWarning: unclosed database in <sqlite3.Connection object at 0x10a33e6b0>
  self = super(Fraction, cls).__new__(cls)
ResourceWarning: Enable tracemalloc to get the object allocation traceback
/opt/homebrew/Cellar/python@3.14/3.14.7/Frameworks/Python.framework/Versions/3.14/lib/python3.14/fractions.py:237: ResourceWarning: unclosed database in <sqlite3.Connection object at 0x10a33e7a0>
  self = super(Fraction, cls).__new__(cls)
ResourceWarning: Enable tracemalloc to get the object allocation traceback
/opt/homebrew/Cellar/python@3.14/3.14.7/Frameworks/Python.framework/Versions/3.14/lib/python3.14/fractions.py:237: ResourceWarning: unclosed database in <sqlite3.Connection object at 0x10a33e890>
  self = super(Fraction, cls).__new__(cls)
ResourceWarning: Enable tracemalloc to get the object allocation traceback
/opt/homebrew/Cellar/python@3.14/3.14.7/Frameworks/Python.framework/Versions/3.14/lib/python3.14/fractions.py:237: ResourceWarning: unclosed database in <sqlite3.Connection object at 0x10a33e980>
  self = super(Fraction, cls).__new__(cls)
ResourceWarning: Enable tracemalloc to get the object allocation traceback
/opt/homebrew/Cellar/python@3.14/3.14.7/Frameworks/Python.framework/Versions/3.14/lib/python3.14/fractions.py:237: ResourceWarning: unclosed database in <sqlite3.Connection object at 0x10a33ea70>
  self = super(Fraction, cls).__new__(cls)
ResourceWarning: Enable tracemalloc to get the object allocation traceback
/opt/homebrew/Cellar/python@3.14/3.14.7/Frameworks/Python.framework/Versions/3.14/lib/python3.14/fractions.py:237: ResourceWarning: unclosed database in <sqlite3.Connection object at 0x10a33eb60>
  self = super(Fraction, cls).__new__(cls)
ResourceWarning: Enable tracemalloc to get the object allocation traceback
/opt/homebrew/Cellar/python@3.14/3.14.7/Frameworks/Python.framework/Versions/3.14/lib/python3.14/fractions.py:237: ResourceWarning: unclosed database in <sqlite3.Connection object at 0x10a33ec50>
  self = super(Fraction, cls).__new__(cls)
ResourceWarning: Enable tracemalloc to get the object allocation traceback
/opt/homebrew/Cellar/python@3.14/3.14.7/Frameworks/Python.framework/Versions/3.14/lib/python3.14/fractions.py:237: ResourceWarning: unclosed database in <sqlite3.Connection object at 0x10a33ed40>
  self = super(Fraction, cls).__new__(cls)
ResourceWarning: Enable tracemalloc to get the object allocation traceback
/opt/homebrew/Cellar/python@3.14/3.14.7/Frameworks/Python.framework/Versions/3.14/lib/python3.14/fractions.py:237: ResourceWarning: unclosed database in <sqlite3.Connection object at 0x10a33ee30>
  self = super(Fraction, cls).__new__(cls)
ResourceWarning: Enable tracemalloc to get the object allocation traceback
/opt/homebrew/Cellar/python@3.14/3.14.7/Frameworks/Python.framework/Versions/3.14/lib/python3.14/fractions.py:237: ResourceWarning: unclosed database in <sqlite3.Connection object at 0x10a33ef20>
  self = super(Fraction, cls).__new__(cls)
ResourceWarning: Enable tracemalloc to get the object allocation traceback
/opt/homebrew/Cellar/python@3.14/3.14.7/Frameworks/Python.framework/Versions/3.14/lib/python3.14/fractions.py:237: ResourceWarning: unclosed database in <sqlite3.Connection object at 0x10a33f010>
  self = super(Fraction, cls).__new__(cls)
ResourceWarning: Enable tracemalloc to get the object allocation traceback
/opt/homebrew/Cellar/python@3.14/3.14.7/Frameworks/Python.framework/Versions/3.14/lib/python3.14/fractions.py:237: ResourceWarning: unclosed database in <sqlite3.Connection object at 0x10a33f100>
  self = super(Fraction, cls).__new__(cls)
ResourceWarning: Enable tracemalloc to get the object allocation traceback
/opt/homebrew/Cellar/python@3.14/3.14.7/Frameworks/Python.framework/Versions/3.14/lib/python3.14/fractions.py:237: ResourceWarning: unclosed database in <sqlite3.Connection object at 0x10a33f1f0>
  self = super(Fraction, cls).__new__(cls)
ResourceWarning: Enable tracemalloc to get the object allocation traceback
/opt/homebrew/Cellar/python@3.14/3.14.7/Frameworks/Python.framework/Versions/3.14/lib/python3.14/fractions.py:237: ResourceWarning: unclosed database in <sqlite3.Connection object at 0x10a33f2e0>
  self = super(Fraction, cls).__new__(cls)
ResourceWarning: Enable tracemalloc to get the object allocation traceback
/opt/homebrew/Cellar/python@3.14/3.14.7/Frameworks/Python.framework/Versions/3.14/lib/python3.14/fractions.py:237: ResourceWarning: unclosed database in <sqlite3.Connection object at 0x10a33f3d0>
  self = super(Fraction, cls).__new__(cls)
ResourceWarning: Enable tracemalloc to get the object allocation traceback
/opt/homebrew/Cellar/python@3.14/3.14.7/Frameworks/Python.framework/Versions/3.14/lib/python3.14/fractions.py:237: ResourceWarning: unclosed database in <sqlite3.Connection object at 0x10a33f4c0>
  self = super(Fraction, cls).__new__(cls)
ResourceWarning: Enable tracemalloc to get the object allocation traceback
/opt/homebrew/Cellar/python@3.14/3.14.7/Frameworks/Python.framework/Versions/3.14/lib/python3.14/fractions.py:237: ResourceWarning: unclosed database in <sqlite3.Connection object at 0x10a33f5b0>
  self = super(Fraction, cls).__new__(cls)
ResourceWarning: Enable tracemalloc to get the object allocation traceback
/opt/homebrew/Cellar/python@3.14/3.14.7/Frameworks/Python.framework/Versions/3.14/lib/python3.14/fractions.py:237: ResourceWarning: unclosed database in <sqlite3.Connection object at 0x10a33f6a0>
  self = super(Fraction, cls).__new__(cls)
ResourceWarning: Enable tracemalloc to get the object allocation traceback
/opt/homebrew/Cellar/python@3.14/3.14.7/Frameworks/Python.framework/Versions/3.14/lib/python3.14/fractions.py:237: ResourceWarning: unclosed database in <sqlite3.Connection object at 0x10a33f790>
  self = super(Fraction, cls).__new__(cls)
ResourceWarning: Enable tracemalloc to get the object allocation traceback
/opt/homebrew/Cellar/python@3.14/3.14.7/Frameworks/Python.framework/Versions/3.14/lib/python3.14/fractions.py:237: ResourceWarning: unclosed database in <sqlite3.Connection object at 0x10a33f880>
  self = super(Fraction, cls).__new__(cls)
ResourceWarning: Enable tracemalloc to get the object allocation traceback
/opt/homebrew/Cellar/python@3.14/3.14.7/Frameworks/Python.framework/Versions/3.14/lib/python3.14/fractions.py:237: ResourceWarning: unclosed database in <sqlite3.Connection object at 0x10a33f970>
  self = super(Fraction, cls).__new__(cls)
ResourceWarning: Enable tracemalloc to get the object allocation traceback
/opt/homebrew/Cellar/python@3.14/3.14.7/Frameworks/Python.framework/Versions/3.14/lib/python3.14/fractions.py:237: ResourceWarning: unclosed database in <sqlite3.Connection object at 0x10a33fa60>
  self = super(Fraction, cls).__new__(cls)
ResourceWarning: Enable tracemalloc to get the object allocation traceback
/opt/homebrew/Cellar/python@3.14/3.14.7/Frameworks/Python.framework/Versions/3.14/lib/python3.14/fractions.py:237: ResourceWarning: unclosed database in <sqlite3.Connection object at 0x10a33fb50>
  self = super(Fraction, cls).__new__(cls)
ResourceWarning: Enable tracemalloc to get the object allocation traceback
/opt/homebrew/Cellar/python@3.14/3.14.7/Frameworks/Python.framework/Versions/3.14/lib/python3.14/fractions.py:237: ResourceWarning: unclosed database in <sqlite3.Connection object at 0x10a33fc40>
  self = super(Fraction, cls).__new__(cls)
ResourceWarning: Enable tracemalloc to get the object allocation traceback
/opt/homebrew/Cellar/python@3.14/3.14.7/Frameworks/Python.framework/Versions/3.14/lib/python3.14/fractions.py:237: ResourceWarning: unclosed database in <sqlite3.Connection object at 0x10a33fd30>
  self = super(Fraction, cls).__new__(cls)
ResourceWarning: Enable tracemalloc to get the object allocation traceback
/opt/homebrew/Cellar/python@3.14/3.14.7/Frameworks/Python.framework/Versions/3.14/lib/python3.14/fractions.py:237: ResourceWarning: unclosed database in <sqlite3.Connection object at 0x10a33fe20>
  self = super(Fraction, cls).__new__(cls)
ResourceWarning: Enable tracemalloc to get the object allocation traceback
/opt/homebrew/Cellar/python@3.14/3.14.7/Frameworks/Python.framework/Versions/3.14/lib/python3.14/fractions.py:237: ResourceWarning: unclosed database in <sqlite3.Connection object at 0x10a33ff10>
  self = super(Fraction, cls).__new__(cls)
ResourceWarning: Enable tracemalloc to get the object allocation traceback
/opt/homebrew/Cellar/python@3.14/3.14.7/Frameworks/Python.framework/Versions/3.14/lib/python3.14/fractions.py:237: ResourceWarning: unclosed database in <sqlite3.Connection object at 0x10a394040>
  self = super(Fraction, cls).__new__(cls)
ResourceWarning: Enable tracemalloc to get the object allocation traceback
/opt/homebrew/Cellar/python@3.14/3.14.7/Frameworks/Python.framework/Versions/3.14/lib/python3.14/fractions.py:237: ResourceWarning: unclosed database in <sqlite3.Connection object at 0x10a394130>
  self = super(Fraction, cls).__new__(cls)
ResourceWarning: Enable tracemalloc to get the object allocation traceback
/opt/homebrew/Cellar/python@3.14/3.14.7/Frameworks/Python.framework/Versions/3.14/lib/python3.14/fractions.py:237: ResourceWarning: unclosed database in <sqlite3.Connection object at 0x10a394220>
  self = super(Fraction, cls).__new__(cls)
ResourceWarning: Enable tracemalloc to get the object allocation traceback
/opt/homebrew/Cellar/python@3.14/3.14.7/Frameworks/Python.framework/Versions/3.14/lib/python3.14/fractions.py:237: ResourceWarning: unclosed database in <sqlite3.Connection object at 0x10a394310>
  self = super(Fraction, cls).__new__(cls)
ResourceWarning: Enable tracemalloc to get the object allocation traceback
/opt/homebrew/Cellar/python@3.14/3.14.7/Frameworks/Python.framework/Versions/3.14/lib/python3.14/fractions.py:237: ResourceWarning: unclosed database in <sqlite3.Connection object at 0x10a394400>
  self = super(Fraction, cls).__new__(cls)
ResourceWarning: Enable tracemalloc to get the object allocation traceback
/opt/homebrew/Cellar/python@3.14/3.14.7/Frameworks/Python.framework/Versions/3.14/lib/python3.14/fractions.py:237: ResourceWarning: unclosed database in <sqlite3.Connection object at 0x10a3944f0>
  self = super(Fraction, cls).__new__(cls)
ResourceWarning: Enable tracemalloc to get the object allocation traceback
/opt/homebrew/Cellar/python@3.14/3.14.7/Frameworks/Python.framework/Versions/3.14/lib/python3.14/fractions.py:237: ResourceWarning: unclosed database in <sqlite3.Connection object at 0x10a3945e0>
  self = super(Fraction, cls).__new__(cls)
ResourceWarning: Enable tracemalloc to get the object allocation traceback
/opt/homebrew/Cellar/python@3.14/3.14.7/Frameworks/Python.framework/Versions/3.14/lib/python3.14/fractions.py:237: ResourceWarning: unclosed database in <sqlite3.Connection object at 0x10a3946d0>
  self = super(Fraction, cls).__new__(cls)
ResourceWarning: Enable tracemalloc to get the object allocation traceback
/opt/homebrew/Cellar/python@3.14/3.14.7/Frameworks/Python.framework/Versions/3.14/lib/python3.14/fractions.py:237: ResourceWarning: unclosed database in <sqlite3.Connection object at 0x10a3947c0>
  self = super(Fraction, cls).__new__(cls)
ResourceWarning: Enable tracemalloc to get the object allocation traceback
/opt/homebrew/Cellar/python@3.14/3.14.7/Frameworks/Python.framework/Versions/3.14/lib/python3.14/fractions.py:237: ResourceWarning: unclosed database in <sqlite3.Connection object at 0x10a3948b0>
  self = super(Fraction, cls).__new__(cls)
ResourceWarning: Enable tracemalloc to get the object allocation traceback
/opt/homebrew/Cellar/python@3.14/3.14.7/Frameworks/Python.framework/Versions/3.14/lib/python3.14/fractions.py:237: ResourceWarning: unclosed database in <sqlite3.Connection object at 0x10a3949a0>
  self = super(Fraction, cls).__new__(cls)
ResourceWarning: Enable tracemalloc to get the object allocation traceback
/opt/homebrew/Cellar/python@3.14/3.14.7/Frameworks/Python.framework/Versions/3.14/lib/python3.14/fractions.py:237: ResourceWarning: unclosed database in <sqlite3.Connection object at 0x10a394a90>
  self = super(Fraction, cls).__new__(cls)
ResourceWarning: Enable tracemalloc to get the object allocation traceback
/opt/homebrew/Cellar/python@3.14/3.14.7/Frameworks/Python.framework/Versions/3.14/lib/python3.14/fractions.py:237: ResourceWarning: unclosed database in <sqlite3.Connection object at 0x10a394b80>
  self = super(Fraction, cls).__new__(cls)
ResourceWarning: Enable tracemalloc to get the object allocation traceback
/opt/homebrew/Cellar/python@3.14/3.14.7/Frameworks/Python.framework/Versions/3.14/lib/python3.14/fractions.py:237: ResourceWarning: unclosed database in <sqlite3.Connection object at 0x10a394c70>
  self = super(Fraction, cls).__new__(cls)
ResourceWarning: Enable tracemalloc to get the object allocation traceback
/opt/homebrew/Cellar/python@3.14/3.14.7/Frameworks/Python.framework/Versions/3.14/lib/python3.14/fractions.py:237: ResourceWarning: unclosed database in <sqlite3.Connection object at 0x10a394d60>
  self = super(Fraction, cls).__new__(cls)
ResourceWarning: Enable tracemalloc to get the object allocation traceback
/opt/homebrew/Cellar/python@3.14/3.14.7/Frameworks/Python.framework/Versions/3.14/lib/python3.14/fractions.py:237: ResourceWarning: unclosed database in <sqlite3.Connection object at 0x10a394e50>
  self = super(Fraction, cls).__new__(cls)
ResourceWarning: Enable tracemalloc to get the object allocation traceback
/opt/homebrew/Cellar/python@3.14/3.14.7/Frameworks/Python.framework/Versions/3.14/lib/python3.14/fractions.py:237: ResourceWarning: unclosed database in <sqlite3.Connection object at 0x10a394f40>
  self = super(Fraction, cls).__new__(cls)
ResourceWarning: Enable tracemalloc to get the object allocation traceback
/opt/homebrew/Cellar/python@3.14/3.14.7/Frameworks/Python.framework/Versions/3.14/lib/python3.14/fractions.py:237: ResourceWarning: unclosed database in <sqlite3.Connection object at 0x10a395030>
  self = super(Fraction, cls).__new__(cls)
ResourceWarning: Enable tracemalloc to get the object allocation traceback
/opt/homebrew/Cellar/python@3.14/3.14.7/Frameworks/Python.framework/Versions/3.14/lib/python3.14/fractions.py:237: ResourceWarning: unclosed database in <sqlite3.Connection object at 0x10a395120>
  self = super(Fraction, cls).__new__(cls)
ResourceWarning: Enable tracemalloc to get the object allocation traceback
/opt/homebrew/Cellar/python@3.14/3.14.7/Frameworks/Python.framework/Versions/3.14/lib/python3.14/fractions.py:237: ResourceWarning: unclosed database in <sqlite3.Connection object at 0x10a395210>
  self = super(Fraction, cls).__new__(cls)
ResourceWarning: Enable tracemalloc to get the object allocation traceback
/opt/homebrew/Cellar/python@3.14/3.14.7/Frameworks/Python.framework/Versions/3.14/lib/python3.14/fractions.py:237: ResourceWarning: unclosed database in <sqlite3.Connection object at 0x10a395300>
  self = super(Fraction, cls).__new__(cls)
ResourceWarning: Enable tracemalloc to get the object allocation traceback
/opt/homebrew/Cellar/python@3.14/3.14.7/Frameworks/Python.framework/Versions/3.14/lib/python3.14/fractions.py:237: ResourceWarning: unclosed database in <sqlite3.Connection object at 0x10a3953f0>
  self = super(Fraction, cls).__new__(cls)
ResourceWarning: Enable tracemalloc to get the object allocation traceback
/opt/homebrew/Cellar/python@3.14/3.14.7/Frameworks/Python.framework/Versions/3.14/lib/python3.14/fractions.py:237: ResourceWarning: unclosed database in <sqlite3.Connection object at 0x10a3954e0>
  self = super(Fraction, cls).__new__(cls)
ResourceWarning: Enable tracemalloc to get the object allocation traceback
/opt/homebrew/Cellar/python@3.14/3.14.7/Frameworks/Python.framework/Versions/3.14/lib/python3.14/fractions.py:237: ResourceWarning: unclosed database in <sqlite3.Connection object at 0x10a3955d0>
  self = super(Fraction, cls).__new__(cls)
ResourceWarning: Enable tracemalloc to get the object allocation traceback
/opt/homebrew/Cellar/python@3.14/3.14.7/Frameworks/Python.framework/Versions/3.14/lib/python3.14/fractions.py:237: ResourceWarning: unclosed database in <sqlite3.Connection object at 0x10a3956c0>
  self = super(Fraction, cls).__new__(cls)
ResourceWarning: Enable tracemalloc to get the object allocation traceback
/opt/homebrew/Cellar/python@3.14/3.14.7/Frameworks/Python.framework/Versions/3.14/lib/python3.14/fractions.py:237: ResourceWarning: unclosed database in <sqlite3.Connection object at 0x10a3957b0>
  self = super(Fraction, cls).__new__(cls)
ResourceWarning: Enable tracemalloc to get the object allocation traceback
/opt/homebrew/Cellar/python@3.14/3.14.7/Frameworks/Python.framework/Versions/3.14/lib/python3.14/fractions.py:237: ResourceWarning: unclosed database in <sqlite3.Connection object at 0x10a3958a0>
  self = super(Fraction, cls).__new__(cls)
ResourceWarning: Enable tracemalloc to get the object allocation traceback
/opt/homebrew/Cellar/python@3.14/3.14.7/Frameworks/Python.framework/Versions/3.14/lib/python3.14/fractions.py:237: ResourceWarning: unclosed database in <sqlite3.Connection object at 0x10a395990>
  self = super(Fraction, cls).__new__(cls)
ResourceWarning: Enable tracemalloc to get the object allocation traceback
/opt/homebrew/Cellar/python@3.14/3.14.7/Frameworks/Python.framework/Versions/3.14/lib/python3.14/fractions.py:237: ResourceWarning: unclosed database in <sqlite3.Connection object at 0x10a395a80>
  self = super(Fraction, cls).__new__(cls)
ResourceWarning: Enable tracemalloc to get the object allocation traceback
/opt/homebrew/Cellar/python@3.14/3.14.7/Frameworks/Python.framework/Versions/3.14/lib/python3.14/fractions.py:237: ResourceWarning: unclosed database in <sqlite3.Connection object at 0x10a395b70>
  self = super(Fraction, cls).__new__(cls)
ResourceWarning: Enable tracemalloc to get the object allocation traceback
/opt/homebrew/Cellar/python@3.14/3.14.7/Frameworks/Python.framework/Versions/3.14/lib/python3.14/fractions.py:237: ResourceWarning: unclosed database in <sqlite3.Connection object at 0x10a395c60>
  self = super(Fraction, cls).__new__(cls)
ResourceWarning: Enable tracemalloc to get the object allocation traceback
/opt/homebrew/Cellar/python@3.14/3.14.7/Frameworks/Python.framework/Versions/3.14/lib/python3.14/fractions.py:237: ResourceWarning: unclosed database in <sqlite3.Connection object at 0x10a395d50>
  self = super(Fraction, cls).__new__(cls)
ResourceWarning: Enable tracemalloc to get the object allocation traceback
/opt/homebrew/Cellar/python@3.14/3.14.7/Frameworks/Python.framework/Versions/3.14/lib/python3.14/fractions.py:237: ResourceWarning: unclosed database in <sqlite3.Connection object at 0x10a395e40>
  self = super(Fraction, cls).__new__(cls)
ResourceWarning: Enable tracemalloc to get the object allocation traceback
/opt/homebrew/Cellar/python@3.14/3.14.7/Frameworks/Python.framework/Versions/3.14/lib/python3.14/fractions.py:237: ResourceWarning: unclosed database in <sqlite3.Connection object at 0x10a395f30>
  self = super(Fraction, cls).__new__(cls)
ResourceWarning: Enable tracemalloc to get the object allocation traceback
/opt/homebrew/Cellar/python@3.14/3.14.7/Frameworks/Python.framework/Versions/3.14/lib/python3.14/fractions.py:237: ResourceWarning: unclosed database in <sqlite3.Connection object at 0x10a396020>
  self = super(Fraction, cls).__new__(cls)
ResourceWarning: Enable tracemalloc to get the object allocation traceback
/opt/homebrew/Cellar/python@3.14/3.14.7/Frameworks/Python.framework/Versions/3.14/lib/python3.14/fractions.py:237: ResourceWarning: unclosed database in <sqlite3.Connection object at 0x10a396110>
  self = super(Fraction, cls).__new__(cls)
ResourceWarning: Enable tracemalloc to get the object allocation traceback
/opt/homebrew/Cellar/python@3.14/3.14.7/Frameworks/Python.framework/Versions/3.14/lib/python3.14/fractions.py:237: ResourceWarning: unclosed database in <sqlite3.Connection object at 0x10a396200>
  self = super(Fraction, cls).__new__(cls)
ResourceWarning: Enable tracemalloc to get the object allocation traceback
/opt/homebrew/Cellar/python@3.14/3.14.7/Frameworks/Python.framework/Versions/3.14/lib/python3.14/fractions.py:237: ResourceWarning: unclosed database in <sqlite3.Connection object at 0x10a3962f0>
  self = super(Fraction, cls).__new__(cls)
ResourceWarning: Enable tracemalloc to get the object allocation traceback
/opt/homebrew/Cellar/python@3.14/3.14.7/Frameworks/Python.framework/Versions/3.14/lib/python3.14/fractions.py:237: ResourceWarning: unclosed database in <sqlite3.Connection object at 0x10a3963e0>
  self = super(Fraction, cls).__new__(cls)
ResourceWarning: Enable tracemalloc to get the object allocation traceback
/opt/homebrew/Cellar/python@3.14/3.14.7/Frameworks/Python.framework/Versions/3.14/lib/python3.14/fractions.py:237: ResourceWarning: unclosed database in <sqlite3.Connection object at 0x10a3964d0>
  self = super(Fraction, cls).__new__(cls)
ResourceWarning: Enable tracemalloc to get the object allocation traceback
/opt/homebrew/Cellar/python@3.14/3.14.7/Frameworks/Python.framework/Versions/3.14/lib/python3.14/fractions.py:237: ResourceWarning: unclosed database in <sqlite3.Connection object at 0x10a3965c0>
  self = super(Fraction, cls).__new__(cls)
ResourceWarning: Enable tracemalloc to get the object allocation traceback
/opt/homebrew/Cellar/python@3.14/3.14.7/Frameworks/Python.framework/Versions/3.14/lib/python3.14/fractions.py:237: ResourceWarning: unclosed database in <sqlite3.Connection object at 0x10a3966b0>
  self = super(Fraction, cls).__new__(cls)
ResourceWarning: Enable tracemalloc to get the object allocation traceback
/opt/homebrew/Cellar/python@3.14/3.14.7/Frameworks/Python.framework/Versions/3.14/lib/python3.14/fractions.py:237: ResourceWarning: unclosed database in <sqlite3.Connection object at 0x10a3967a0>
  self = super(Fraction, cls).__new__(cls)
ResourceWarning: Enable tracemalloc to get the object allocation traceback
/opt/homebrew/Cellar/python@3.14/3.14.7/Frameworks/Python.framework/Versions/3.14/lib/python3.14/fractions.py:237: ResourceWarning: unclosed database in <sqlite3.Connection object at 0x10a396890>
  self = super(Fraction, cls).__new__(cls)
ResourceWarning: Enable tracemalloc to get the object allocation traceback
/opt/homebrew/Cellar/python@3.14/3.14.7/Frameworks/Python.framework/Versions/3.14/lib/python3.14/fractions.py:237: ResourceWarning: unclosed database in <sqlite3.Connection object at 0x10a396980>
  self = super(Fraction, cls).__new__(cls)
ResourceWarning: Enable tracemalloc to get the object allocation traceback
/opt/homebrew/Cellar/python@3.14/3.14.7/Frameworks/Python.framework/Versions/3.14/lib/python3.14/fractions.py:237: ResourceWarning: unclosed database in <sqlite3.Connection object at 0x10a396a70>
  self = super(Fraction, cls).__new__(cls)
ResourceWarning: Enable tracemalloc to get the object allocation traceback
/opt/homebrew/Cellar/python@3.14/3.14.7/Frameworks/Python.framework/Versions/3.14/lib/python3.14/fractions.py:237: ResourceWarning: unclosed database in <sqlite3.Connection object at 0x10a396b60>
  self = super(Fraction, cls).__new__(cls)
ResourceWarning: Enable tracemalloc to get the object allocation traceback
/opt/homebrew/Cellar/python@3.14/3.14.7/Frameworks/Python.framework/Versions/3.14/lib/python3.14/fractions.py:237: ResourceWarning: unclosed database in <sqlite3.Connection object at 0x10a396c50>
  self = super(Fraction, cls).__new__(cls)
ResourceWarning: Enable tracemalloc to get the object allocation traceback
/opt/homebrew/Cellar/python@3.14/3.14.7/Frameworks/Python.framework/Versions/3.14/lib/python3.14/fractions.py:237: ResourceWarning: unclosed database in <sqlite3.Connection object at 0x10a396d40>
  self = super(Fraction, cls).__new__(cls)
ResourceWarning: Enable tracemalloc to get the object allocation traceback
/opt/homebrew/Cellar/python@3.14/3.14.7/Frameworks/Python.framework/Versions/3.14/lib/python3.14/fractions.py:237: ResourceWarning: unclosed database in <sqlite3.Connection object at 0x10a396e30>
  self = super(Fraction, cls).__new__(cls)
ResourceWarning: Enable tracemalloc to get the object allocation traceback
/opt/homebrew/Cellar/python@3.14/3.14.7/Frameworks/Python.framework/Versions/3.14/lib/python3.14/fractions.py:237: ResourceWarning: unclosed database in <sqlite3.Connection object at 0x10a396f20>
  self = super(Fraction, cls).__new__(cls)
ResourceWarning: Enable tracemalloc to get the object allocation traceback
/opt/homebrew/Cellar/python@3.14/3.14.7/Frameworks/Python.framework/Versions/3.14/lib/python3.14/fractions.py:237: ResourceWarning: unclosed database in <sqlite3.Connection object at 0x10a397010>
  self = super(Fraction, cls).__new__(cls)
ResourceWarning: Enable tracemalloc to get the object allocation traceback
/opt/homebrew/Cellar/python@3.14/3.14.7/Frameworks/Python.framework/Versions/3.14/lib/python3.14/fractions.py:237: ResourceWarning: unclosed database in <sqlite3.Connection object at 0x10a397100>
  self = super(Fraction, cls).__new__(cls)
ResourceWarning: Enable tracemalloc to get the object allocation traceback
/opt/homebrew/Cellar/python@3.14/3.14.7/Frameworks/Python.framework/Versions/3.14/lib/python3.14/fractions.py:237: ResourceWarning: unclosed database in <sqlite3.Connection object at 0x10a3971f0>
  self = super(Fraction, cls).__new__(cls)
ResourceWarning: Enable tracemalloc to get the object allocation traceback
/opt/homebrew/Cellar/python@3.14/3.14.7/Frameworks/Python.framework/Versions/3.14/lib/python3.14/fractions.py:237: ResourceWarning: unclosed database in <sqlite3.Connection object at 0x10a3972e0>
  self = super(Fraction, cls).__new__(cls)
ResourceWarning: Enable tracemalloc to get the object allocation traceback
/opt/homebrew/Cellar/python@3.14/3.14.7/Frameworks/Python.framework/Versions/3.14/lib/python3.14/fractions.py:237: ResourceWarning: unclosed database in <sqlite3.Connection object at 0x10a3973d0>
  self = super(Fraction, cls).__new__(cls)
ResourceWarning: Enable tracemalloc to get the object allocation traceback
/opt/homebrew/Cellar/python@3.14/3.14.7/Frameworks/Python.framework/Versions/3.14/lib/python3.14/fractions.py:237: ResourceWarning: unclosed database in <sqlite3.Connection object at 0x10a3974c0>
  self = super(Fraction, cls).__new__(cls)
ResourceWarning: Enable tracemalloc to get the object allocation traceback
/Users/nino/WORKS/Personal/Idea/Project/products/aeliqo/scripts/semantic_reference.py:39: ResourceWarning: unclosed database in <sqlite3.Connection object at 0x109f99990>
  result={g:Fraction(n,d) for g,n,d in db.execute('SELECT g,SUM(n),SUM(d) FROM observations GROUP BY g')}
ResourceWarning: Enable tracemalloc to get the object allocation traceback
/Users/nino/WORKS/Personal/Idea/Project/products/aeliqo/scripts/semantic_reference.py:39: ResourceWarning: unclosed database in <sqlite3.Connection object at 0x10a234b80>
  result={g:Fraction(n,d) for g,n,d in db.execute('SELECT g,SUM(n),SUM(d) FROM observations GROUP BY g')}
ResourceWarning: Enable tracemalloc to get the object allocation traceback
/Users/nino/WORKS/Personal/Idea/Project/products/aeliqo/scripts/semantic_reference.py:39: ResourceWarning: unclosed database in <sqlite3.Connection object at 0x10a33ff10>
  result={g:Fraction(n,d) for g,n,d in db.execute('SELECT g,SUM(n),SUM(d) FROM observations GROUP BY g')}
ResourceWarning: Enable tracemalloc to get the object allocation traceback
/Users/nino/WORKS/Personal/Idea/Project/products/aeliqo/scripts/semantic_reference.py:39: ResourceWarning: unclosed database in <sqlite3.Connection object at 0x10a33fe20>
  result={g:Fraction(n,d) for g,n,d in db.execute('SELECT g,SUM(n),SUM(d) FROM observations GROUP BY g')}
ResourceWarning: Enable tracemalloc to get the object allocation traceback
/Users/nino/WORKS/Personal/Idea/Project/products/aeliqo/scripts/semantic_reference.py:39: ResourceWarning: unclosed database in <sqlite3.Connection object at 0x10a33fd30>
  result={g:Fraction(n,d) for g,n,d in db.execute('SELECT g,SUM(n),SUM(d) FROM observations GROUP BY g')}
ResourceWarning: Enable tracemalloc to get the object allocation traceback
/Users/nino/WORKS/Personal/Idea/Project/products/aeliqo/scripts/semantic_reference.py:39: ResourceWarning: unclosed database in <sqlite3.Connection object at 0x10a33fc40>
  result={g:Fraction(n,d) for g,n,d in db.execute('SELECT g,SUM(n),SUM(d) FROM observations GROUP BY g')}
ResourceWarning: Enable tracemalloc to get the object allocation traceback
/Users/nino/WORKS/Personal/Idea/Project/products/aeliqo/scripts/semantic_reference.py:39: ResourceWarning: unclosed database in <sqlite3.Connection object at 0x10a33fb50>
  result={g:Fraction(n,d) for g,n,d in db.execute('SELECT g,SUM(n),SUM(d) FROM observations GROUP BY g')}
ResourceWarning: Enable tracemalloc to get the object allocation traceback
/Users/nino/WORKS/Personal/Idea/Project/products/aeliqo/scripts/semantic_reference.py:39: ResourceWarning: unclosed database in <sqlite3.Connection object at 0x10a33fa60>
  result={g:Fraction(n,d) for g,n,d in db.execute('SELECT g,SUM(n),SUM(d) FROM observations GROUP BY g')}
ResourceWarning: Enable tracemalloc to get the object allocation traceback
/Users/nino/WORKS/Personal/Idea/Project/products/aeliqo/scripts/semantic_reference.py:39: ResourceWarning: unclosed database in <sqlite3.Connection object at 0x10a33f970>
  result={g:Fraction(n,d) for g,n,d in db.execute('SELECT g,SUM(n),SUM(d) FROM observations GROUP BY g')}
ResourceWarning: Enable tracemalloc to get the object allocation traceback
/Users/nino/WORKS/Personal/Idea/Project/products/aeliqo/scripts/semantic_reference.py:39: ResourceWarning: unclosed database in <sqlite3.Connection object at 0x10a33f880>
  result={g:Fraction(n,d) for g,n,d in db.execute('SELECT g,SUM(n),SUM(d) FROM observations GROUP BY g')}
ResourceWarning: Enable tracemalloc to get the object allocation traceback
/Users/nino/WORKS/Personal/Idea/Project/products/aeliqo/scripts/semantic_reference.py:39: ResourceWarning: unclosed database in <sqlite3.Connection object at 0x10a33f790>
  result={g:Fraction(n,d) for g,n,d in db.execute('SELECT g,SUM(n),SUM(d) FROM observations GROUP BY g')}
ResourceWarning: Enable tracemalloc to get the object allocation traceback
/Users/nino/WORKS/Personal/Idea/Project/products/aeliqo/scripts/semantic_reference.py:39: ResourceWarning: unclosed database in <sqlite3.Connection object at 0x10a33f6a0>
  result={g:Fraction(n,d) for g,n,d in db.execute('SELECT g,SUM(n),SUM(d) FROM observations GROUP BY g')}
ResourceWarning: Enable tracemalloc to get the object allocation traceback
/Users/nino/WORKS/Personal/Idea/Project/products/aeliqo/scripts/semantic_reference.py:39: ResourceWarning: unclosed database in <sqlite3.Connection object at 0x10a33f5b0>
  result={g:Fraction(n,d) for g,n,d in db.execute('SELECT g,SUM(n),SUM(d) FROM observations GROUP BY g')}
ResourceWarning: Enable tracemalloc to get the object allocation traceback
/Users/nino/WORKS/Personal/Idea/Project/products/aeliqo/scripts/semantic_reference.py:39: ResourceWarning: unclosed database in <sqlite3.Connection object at 0x10a33f4c0>
  result={g:Fraction(n,d) for g,n,d in db.execute('SELECT g,SUM(n),SUM(d) FROM observations GROUP BY g')}
ResourceWarning: Enable tracemalloc to get the object allocation traceback
/Users/nino/WORKS/Personal/Idea/Project/products/aeliqo/scripts/semantic_reference.py:39: ResourceWarning: unclosed database in <sqlite3.Connection object at 0x10a33f3d0>
  result={g:Fraction(n,d) for g,n,d in db.execute('SELECT g,SUM(n),SUM(d) FROM observations GROUP BY g')}
ResourceWarning: Enable tracemalloc to get the object allocation traceback
/Users/nino/WORKS/Personal/Idea/Project/products/aeliqo/scripts/semantic_reference.py:39: ResourceWarning: unclosed database in <sqlite3.Connection object at 0x10a33f2e0>
  result={g:Fraction(n,d) for g,n,d in db.execute('SELECT g,SUM(n),SUM(d) FROM observations GROUP BY g')}
ResourceWarning: Enable tracemalloc to get the object allocation traceback
/Users/nino/WORKS/Personal/Idea/Project/products/aeliqo/scripts/semantic_reference.py:39: ResourceWarning: unclosed database in <sqlite3.Connection object at 0x10a33f1f0>
  result={g:Fraction(n,d) for g,n,d in db.execute('SELECT g,SUM(n),SUM(d) FROM observations GROUP BY g')}
ResourceWarning: Enable tracemalloc to get the object allocation traceback
/Users/nino/WORKS/Personal/Idea/Project/products/aeliqo/scripts/semantic_reference.py:39: ResourceWarning: unclosed database in <sqlite3.Connection object at 0x10a33f100>
  result={g:Fraction(n,d) for g,n,d in db.execute('SELECT g,SUM(n),SUM(d) FROM observations GROUP BY g')}
ResourceWarning: Enable tracemalloc to get the object allocation traceback
/Users/nino/WORKS/Personal/Idea/Project/products/aeliqo/scripts/semantic_reference.py:39: ResourceWarning: unclosed database in <sqlite3.Connection object at 0x10a33f010>
  result={g:Fraction(n,d) for g,n,d in db.execute('SELECT g,SUM(n),SUM(d) FROM observations GROUP BY g')}
ResourceWarning: Enable tracemalloc to get the object allocation traceback
/Users/nino/WORKS/Personal/Idea/Project/products/aeliqo/scripts/semantic_reference.py:39: ResourceWarning: unclosed database in <sqlite3.Connection object at 0x10a33ef20>
  result={g:Fraction(n,d) for g,n,d in db.execute('SELECT g,SUM(n),SUM(d) FROM observations GROUP BY g')}
ResourceWarning: Enable tracemalloc to get the object allocation traceback
/Users/nino/WORKS/Personal/Idea/Project/products/aeliqo/scripts/semantic_reference.py:39: ResourceWarning: unclosed database in <sqlite3.Connection object at 0x10a33ee30>
  result={g:Fraction(n,d) for g,n,d in db.execute('SELECT g,SUM(n),SUM(d) FROM observations GROUP BY g')}
ResourceWarning: Enable tracemalloc to get the object allocation traceback
/Users/nino/WORKS/Personal/Idea/Project/products/aeliqo/scripts/semantic_reference.py:39: ResourceWarning: unclosed database in <sqlite3.Connection object at 0x10a33ed40>
  result={g:Fraction(n,d) for g,n,d in db.execute('SELECT g,SUM(n),SUM(d) FROM observations GROUP BY g')}
ResourceWarning: Enable tracemalloc to get the object allocation traceback
/Users/nino/WORKS/Personal/Idea/Project/products/aeliqo/scripts/semantic_reference.py:39: ResourceWarning: unclosed database in <sqlite3.Connection object at 0x10a33ec50>
  result={g:Fraction(n,d) for g,n,d in db.execute('SELECT g,SUM(n),SUM(d) FROM observations GROUP BY g')}
ResourceWarning: Enable tracemalloc to get the object allocation traceback
/Users/nino/WORKS/Personal/Idea/Project/products/aeliqo/scripts/semantic_reference.py:39: ResourceWarning: unclosed database in <sqlite3.Connection object at 0x10a33eb60>
  result={g:Fraction(n,d) for g,n,d in db.execute('SELECT g,SUM(n),SUM(d) FROM observations GROUP BY g')}
ResourceWarning: Enable tracemalloc to get the object allocation traceback
/Users/nino/WORKS/Personal/Idea/Project/products/aeliqo/scripts/semantic_reference.py:39: ResourceWarning: unclosed database in <sqlite3.Connection object at 0x10a33ea70>
  result={g:Fraction(n,d) for g,n,d in db.execute('SELECT g,SUM(n),SUM(d) FROM observations GROUP BY g')}
ResourceWarning: Enable tracemalloc to get the object allocation traceback
/Users/nino/WORKS/Personal/Idea/Project/products/aeliqo/scripts/semantic_reference.py:39: ResourceWarning: unclosed database in <sqlite3.Connection object at 0x10a33e980>
  result={g:Fraction(n,d) for g,n,d in db.execute('SELECT g,SUM(n),SUM(d) FROM observations GROUP BY g')}
ResourceWarning: Enable tracemalloc to get the object allocation traceback
/Users/nino/WORKS/Personal/Idea/Project/products/aeliqo/scripts/semantic_reference.py:39: ResourceWarning: unclosed database in <sqlite3.Connection object at 0x10a33e890>
  result={g:Fraction(n,d) for g,n,d in db.execute('SELECT g,SUM(n),SUM(d) FROM observations GROUP BY g')}
ResourceWarning: Enable tracemalloc to get the object allocation traceback
/Users/nino/WORKS/Personal/Idea/Project/products/aeliqo/scripts/semantic_reference.py:39: ResourceWarning: unclosed database in <sqlite3.Connection object at 0x10a33e7a0>
  result={g:Fraction(n,d) for g,n,d in db.execute('SELECT g,SUM(n),SUM(d) FROM observations GROUP BY g')}
ResourceWarning: Enable tracemalloc to get the object allocation traceback
/Users/nino/WORKS/Personal/Idea/Project/products/aeliqo/scripts/semantic_reference.py:39: ResourceWarning: unclosed database in <sqlite3.Connection object at 0x10a33e6b0>
  result={g:Fraction(n,d) for g,n,d in db.execute('SELECT g,SUM(n),SUM(d) FROM observations GROUP BY g')}
ResourceWarning: Enable tracemalloc to get the object allocation traceback
/Users/nino/WORKS/Personal/Idea/Project/products/aeliqo/scripts/semantic_reference.py:39: ResourceWarning: unclosed database in <sqlite3.Connection object at 0x10a33e5c0>
  result={g:Fraction(n,d) for g,n,d in db.execute('SELECT g,SUM(n),SUM(d) FROM observations GROUP BY g')}
ResourceWarning: Enable tracemalloc to get the object allocation traceback
/Users/nino/WORKS/Personal/Idea/Project/products/aeliqo/scripts/semantic_reference.py:39: ResourceWarning: unclosed database in <sqlite3.Connection object at 0x10a33e4d0>
  result={g:Fraction(n,d) for g,n,d in db.execute('SELECT g,SUM(n),SUM(d) FROM observations GROUP BY g')}
ResourceWarning: Enable tracemalloc to get the object allocation traceback
/Users/nino/WORKS/Personal/Idea/Project/products/aeliqo/scripts/semantic_reference.py:39: ResourceWarning: unclosed database in <sqlite3.Connection object at 0x10a33e3e0>
  result={g:Fraction(n,d) for g,n,d in db.execute('SELECT g,SUM(n),SUM(d) FROM observations GROUP BY g')}
ResourceWarning: Enable tracemalloc to get the object allocation traceback
/Users/nino/WORKS/Personal/Idea/Project/products/aeliqo/scripts/semantic_reference.py:39: ResourceWarning: unclosed database in <sqlite3.Connection object at 0x10a33e2f0>
  result={g:Fraction(n,d) for g,n,d in db.execute('SELECT g,SUM(n),SUM(d) FROM observations GROUP BY g')}
ResourceWarning: Enable tracemalloc to get the object allocation traceback
/Users/nino/WORKS/Personal/Idea/Project/products/aeliqo/scripts/semantic_reference.py:39: ResourceWarning: unclosed database in <sqlite3.Connection object at 0x10a33e200>
  result={g:Fraction(n,d) for g,n,d in db.execute('SELECT g,SUM(n),SUM(d) FROM observations GROUP BY g')}
ResourceWarning: Enable tracemalloc to get the object allocation traceback
/Users/nino/WORKS/Personal/Idea/Project/products/aeliqo/scripts/semantic_reference.py:39: ResourceWarning: unclosed database in <sqlite3.Connection object at 0x10a33e110>
  result={g:Fraction(n,d) for g,n,d in db.execute('SELECT g,SUM(n),SUM(d) FROM observations GROUP BY g')}
ResourceWarning: Enable tracemalloc to get the object allocation traceback
/Users/nino/WORKS/Personal/Idea/Project/products/aeliqo/scripts/semantic_reference.py:39: ResourceWarning: unclosed database in <sqlite3.Connection object at 0x10a33e020>
  result={g:Fraction(n,d) for g,n,d in db.execute('SELECT g,SUM(n),SUM(d) FROM observations GROUP BY g')}
ResourceWarning: Enable tracemalloc to get the object allocation traceback
/Users/nino/WORKS/Personal/Idea/Project/products/aeliqo/scripts/semantic_reference.py:39: ResourceWarning: unclosed database in <sqlite3.Connection object at 0x10a33df30>
  result={g:Fraction(n,d) for g,n,d in db.execute('SELECT g,SUM(n),SUM(d) FROM observations GROUP BY g')}
ResourceWarning: Enable tracemalloc to get the object allocation traceback
/Users/nino/WORKS/Personal/Idea/Project/products/aeliqo/scripts/semantic_reference.py:39: ResourceWarning: unclosed database in <sqlite3.Connection object at 0x10a33de40>
  result={g:Fraction(n,d) for g,n,d in db.execute('SELECT g,SUM(n),SUM(d) FROM observations GROUP BY g')}
ResourceWarning: Enable tracemalloc to get the object allocation traceback
/Users/nino/WORKS/Personal/Idea/Project/products/aeliqo/scripts/semantic_reference.py:39: ResourceWarning: unclosed database in <sqlite3.Connection object at 0x10a33dd50>
  result={g:Fraction(n,d) for g,n,d in db.execute('SELECT g,SUM(n),SUM(d) FROM observations GROUP BY g')}
ResourceWarning: Enable tracemalloc to get the object allocation traceback
/Users/nino/WORKS/Personal/Idea/Project/products/aeliqo/scripts/semantic_reference.py:39: ResourceWarning: unclosed database in <sqlite3.Connection object at 0x10a33dc60>
  result={g:Fraction(n,d) for g,n,d in db.execute('SELECT g,SUM(n),SUM(d) FROM observations GROUP BY g')}
ResourceWarning: Enable tracemalloc to get the object allocation traceback
/Users/nino/WORKS/Personal/Idea/Project/products/aeliqo/scripts/semantic_reference.py:39: ResourceWarning: unclosed database in <sqlite3.Connection object at 0x10a33db70>
  result={g:Fraction(n,d) for g,n,d in db.execute('SELECT g,SUM(n),SUM(d) FROM observations GROUP BY g')}
ResourceWarning: Enable tracemalloc to get the object allocation traceback
/Users/nino/WORKS/Personal/Idea/Project/products/aeliqo/scripts/semantic_reference.py:39: ResourceWarning: unclosed database in <sqlite3.Connection object at 0x10a33da80>
  result={g:Fraction(n,d) for g,n,d in db.execute('SELECT g,SUM(n),SUM(d) FROM observations GROUP BY g')}
ResourceWarning: Enable tracemalloc to get the object allocation traceback
/Users/nino/WORKS/Personal/Idea/Project/products/aeliqo/scripts/semantic_reference.py:39: ResourceWarning: unclosed database in <sqlite3.Connection object at 0x10a33d990>
  result={g:Fraction(n,d) for g,n,d in db.execute('SELECT g,SUM(n),SUM(d) FROM observations GROUP BY g')}
ResourceWarning: Enable tracemalloc to get the object allocation traceback
/Users/nino/WORKS/Personal/Idea/Project/products/aeliqo/scripts/semantic_reference.py:39: ResourceWarning: unclosed database in <sqlite3.Connection object at 0x10a33d8a0>
  result={g:Fraction(n,d) for g,n,d in db.execute('SELECT g,SUM(n),SUM(d) FROM observations GROUP BY g')}
ResourceWarning: Enable tracemalloc to get the object allocation traceback
/Users/nino/WORKS/Personal/Idea/Project/products/aeliqo/scripts/semantic_reference.py:39: ResourceWarning: unclosed database in <sqlite3.Connection object at 0x10a33d7b0>
  result={g:Fraction(n,d) for g,n,d in db.execute('SELECT g,SUM(n),SUM(d) FROM observations GROUP BY g')}
ResourceWarning: Enable tracemalloc to get the object allocation traceback
/Users/nino/WORKS/Personal/Idea/Project/products/aeliqo/scripts/semantic_reference.py:39: ResourceWarning: unclosed database in <sqlite3.Connection object at 0x10a33d6c0>
  result={g:Fraction(n,d) for g,n,d in db.execute('SELECT g,SUM(n),SUM(d) FROM observations GROUP BY g')}
ResourceWarning: Enable tracemalloc to get the object allocation traceback
/Users/nino/WORKS/Personal/Idea/Project/products/aeliqo/scripts/semantic_reference.py:39: ResourceWarning: unclosed database in <sqlite3.Connection object at 0x10a33d5d0>
  result={g:Fraction(n,d) for g,n,d in db.execute('SELECT g,SUM(n),SUM(d) FROM observations GROUP BY g')}
ResourceWarning: Enable tracemalloc to get the object allocation traceback
/Users/nino/WORKS/Personal/Idea/Project/products/aeliqo/scripts/semantic_reference.py:39: ResourceWarning: unclosed database in <sqlite3.Connection object at 0x10a33d210>
  result={g:Fraction(n,d) for g,n,d in db.execute('SELECT g,SUM(n),SUM(d) FROM observations GROUP BY g')}
ResourceWarning: Enable tracemalloc to get the object allocation traceback
/Users/nino/WORKS/Personal/Idea/Project/products/aeliqo/scripts/semantic_reference.py:39: ResourceWarning: unclosed database in <sqlite3.Connection object at 0x10a33d4e0>
  result={g:Fraction(n,d) for g,n,d in db.execute('SELECT g,SUM(n),SUM(d) FROM observations GROUP BY g')}
ResourceWarning: Enable tracemalloc to get the object allocation traceback
/Users/nino/WORKS/Personal/Idea/Project/products/aeliqo/scripts/semantic_reference.py:39: ResourceWarning: unclosed database in <sqlite3.Connection object at 0x10a3974c0>
  result={g:Fraction(n,d) for g,n,d in db.execute('SELECT g,SUM(n),SUM(d) FROM observations GROUP BY g')}
ResourceWarning: Enable tracemalloc to get the object allocation traceback
/Users/nino/WORKS/Personal/Idea/Project/products/aeliqo/scripts/semantic_reference.py:39: ResourceWarning: unclosed database in <sqlite3.Connection object at 0x10a3973d0>
  result={g:Fraction(n,d) for g,n,d in db.execute('SELECT g,SUM(n),SUM(d) FROM observations GROUP BY g')}
ResourceWarning: Enable tracemalloc to get the object allocation traceback
/Users/nino/WORKS/Personal/Idea/Project/products/aeliqo/scripts/semantic_reference.py:39: ResourceWarning: unclosed database in <sqlite3.Connection object at 0x10a3972e0>
  result={g:Fraction(n,d) for g,n,d in db.execute('SELECT g,SUM(n),SUM(d) FROM observations GROUP BY g')}
ResourceWarning: Enable tracemalloc to get the object allocation traceback
/Users/nino/WORKS/Personal/Idea/Project/products/aeliqo/scripts/semantic_reference.py:39: ResourceWarning: unclosed database in <sqlite3.Connection object at 0x10a3971f0>
  result={g:Fraction(n,d) for g,n,d in db.execute('SELECT g,SUM(n),SUM(d) FROM observations GROUP BY g')}
ResourceWarning: Enable tracemalloc to get the object allocation traceback
/Users/nino/WORKS/Personal/Idea/Project/products/aeliqo/scripts/semantic_reference.py:39: ResourceWarning: unclosed database in <sqlite3.Connection object at 0x10a397100>
  result={g:Fraction(n,d) for g,n,d in db.execute('SELECT g,SUM(n),SUM(d) FROM observations GROUP BY g')}
ResourceWarning: Enable tracemalloc to get the object allocation traceback
/Users/nino/WORKS/Personal/Idea/Project/products/aeliqo/scripts/semantic_reference.py:39: ResourceWarning: unclosed database in <sqlite3.Connection object at 0x10a397010>
  result={g:Fraction(n,d) for g,n,d in db.execute('SELECT g,SUM(n),SUM(d) FROM observations GROUP BY g')}
ResourceWarning: Enable tracemalloc to get the object allocation traceback
/Users/nino/WORKS/Personal/Idea/Project/products/aeliqo/scripts/semantic_reference.py:39: ResourceWarning: unclosed database in <sqlite3.Connection object at 0x10a396f20>
  result={g:Fraction(n,d) for g,n,d in db.execute('SELECT g,SUM(n),SUM(d) FROM observations GROUP BY g')}
ResourceWarning: Enable tracemalloc to get the object allocation traceback
/Users/nino/WORKS/Personal/Idea/Project/products/aeliqo/scripts/semantic_reference.py:39: ResourceWarning: unclosed database in <sqlite3.Connection object at 0x10a396e30>
  result={g:Fraction(n,d) for g,n,d in db.execute('SELECT g,SUM(n),SUM(d) FROM observations GROUP BY g')}
ResourceWarning: Enable tracemalloc to get the object allocation traceback
/Users/nino/WORKS/Personal/Idea/Project/products/aeliqo/scripts/semantic_reference.py:39: ResourceWarning: unclosed database in <sqlite3.Connection object at 0x10a396d40>
  result={g:Fraction(n,d) for g,n,d in db.execute('SELECT g,SUM(n),SUM(d) FROM observations GROUP BY g')}
ResourceWarning: Enable tracemalloc to get the object allocation traceback
/Users/nino/WORKS/Personal/Idea/Project/products/aeliqo/scripts/semantic_reference.py:39: ResourceWarning: unclosed database in <sqlite3.Connection object at 0x10a396c50>
  result={g:Fraction(n,d) for g,n,d in db.execute('SELECT g,SUM(n),SUM(d) FROM observations GROUP BY g')}
ResourceWarning: Enable tracemalloc to get the object allocation traceback
/Users/nino/WORKS/Personal/Idea/Project/products/aeliqo/scripts/semantic_reference.py:39: ResourceWarning: unclosed database in <sqlite3.Connection object at 0x10a396b60>
  result={g:Fraction(n,d) for g,n,d in db.execute('SELECT g,SUM(n),SUM(d) FROM observations GROUP BY g')}
ResourceWarning: Enable tracemalloc to get the object allocation traceback
/Users/nino/WORKS/Personal/Idea/Project/products/aeliqo/scripts/semantic_reference.py:39: ResourceWarning: unclosed database in <sqlite3.Connection object at 0x10a396a70>
  result={g:Fraction(n,d) for g,n,d in db.execute('SELECT g,SUM(n),SUM(d) FROM observations GROUP BY g')}
ResourceWarning: Enable tracemalloc to get the object allocation traceback
/Users/nino/WORKS/Personal/Idea/Project/products/aeliqo/scripts/semantic_reference.py:39: ResourceWarning: unclosed database in <sqlite3.Connection object at 0x10a396980>
  result={g:Fraction(n,d) for g,n,d in db.execute('SELECT g,SUM(n),SUM(d) FROM observations GROUP BY g')}
ResourceWarning: Enable tracemalloc to get the object allocation traceback
/Users/nino/WORKS/Personal/Idea/Project/products/aeliqo/scripts/semantic_reference.py:39: ResourceWarning: unclosed database in <sqlite3.Connection object at 0x10a396890>
  result={g:Fraction(n,d) for g,n,d in db.execute('SELECT g,SUM(n),SUM(d) FROM observations GROUP BY g')}
ResourceWarning: Enable tracemalloc to get the object allocation traceback
/Users/nino/WORKS/Personal/Idea/Project/products/aeliqo/scripts/semantic_reference.py:39: ResourceWarning: unclosed database in <sqlite3.Connection object at 0x10a3967a0>
  result={g:Fraction(n,d) for g,n,d in db.execute('SELECT g,SUM(n),SUM(d) FROM observations GROUP BY g')}
ResourceWarning: Enable tracemalloc to get the object allocation traceback
/Users/nino/WORKS/Personal/Idea/Project/products/aeliqo/scripts/semantic_reference.py:39: ResourceWarning: unclosed database in <sqlite3.Connection object at 0x10a3966b0>
  result={g:Fraction(n,d) for g,n,d in db.execute('SELECT g,SUM(n),SUM(d) FROM observations GROUP BY g')}
ResourceWarning: Enable tracemalloc to get the object allocation traceback
/Users/nino/WORKS/Personal/Idea/Project/products/aeliqo/scripts/semantic_reference.py:39: ResourceWarning: unclosed database in <sqlite3.Connection object at 0x10a3965c0>
  result={g:Fraction(n,d) for g,n,d in db.execute('SELECT g,SUM(n),SUM(d) FROM observations GROUP BY g')}
ResourceWarning: Enable tracemalloc to get the object allocation traceback
/Users/nino/WORKS/Personal/Idea/Project/products/aeliqo/scripts/semantic_reference.py:39: ResourceWarning: unclosed database in <sqlite3.Connection object at 0x10a3964d0>
  result={g:Fraction(n,d) for g,n,d in db.execute('SELECT g,SUM(n),SUM(d) FROM observations GROUP BY g')}
ResourceWarning: Enable tracemalloc to get the object allocation traceback
/Users/nino/WORKS/Personal/Idea/Project/products/aeliqo/scripts/semantic_reference.py:39: ResourceWarning: unclosed database in <sqlite3.Connection object at 0x10a3963e0>
  result={g:Fraction(n,d) for g,n,d in db.execute('SELECT g,SUM(n),SUM(d) FROM observations GROUP BY g')}
ResourceWarning: Enable tracemalloc to get the object allocation traceback
/Users/nino/WORKS/Personal/Idea/Project/products/aeliqo/scripts/semantic_reference.py:39: ResourceWarning: unclosed database in <sqlite3.Connection object at 0x10a3962f0>
  result={g:Fraction(n,d) for g,n,d in db.execute('SELECT g,SUM(n),SUM(d) FROM observations GROUP BY g')}
ResourceWarning: Enable tracemalloc to get the object allocation traceback
/Users/nino/WORKS/Personal/Idea/Project/products/aeliqo/scripts/semantic_reference.py:39: ResourceWarning: unclosed database in <sqlite3.Connection object at 0x10a396200>
  result={g:Fraction(n,d) for g,n,d in db.execute('SELECT g,SUM(n),SUM(d) FROM observations GROUP BY g')}
ResourceWarning: Enable tracemalloc to get the object allocation traceback
/Users/nino/WORKS/Personal/Idea/Project/products/aeliqo/scripts/semantic_reference.py:39: ResourceWarning: unclosed database in <sqlite3.Connection object at 0x10a396110>
  result={g:Fraction(n,d) for g,n,d in db.execute('SELECT g,SUM(n),SUM(d) FROM observations GROUP BY g')}
ResourceWarning: Enable tracemalloc to get the object allocation traceback
/Users/nino/WORKS/Personal/Idea/Project/products/aeliqo/scripts/semantic_reference.py:39: ResourceWarning: unclosed database in <sqlite3.Connection object at 0x10a396020>
  result={g:Fraction(n,d) for g,n,d in db.execute('SELECT g,SUM(n),SUM(d) FROM observations GROUP BY g')}
ResourceWarning: Enable tracemalloc to get the object allocation traceback
/Users/nino/WORKS/Personal/Idea/Project/products/aeliqo/scripts/semantic_reference.py:39: ResourceWarning: unclosed database in <sqlite3.Connection object at 0x10a395f30>
  result={g:Fraction(n,d) for g,n,d in db.execute('SELECT g,SUM(n),SUM(d) FROM observations GROUP BY g')}
ResourceWarning: Enable tracemalloc to get the object allocation traceback
/Users/nino/WORKS/Personal/Idea/Project/products/aeliqo/scripts/semantic_reference.py:39: ResourceWarning: unclosed database in <sqlite3.Connection object at 0x10a395e40>
  result={g:Fraction(n,d) for g,n,d in db.execute('SELECT g,SUM(n),SUM(d) FROM observations GROUP BY g')}
ResourceWarning: Enable tracemalloc to get the object allocation traceback
/Users/nino/WORKS/Personal/Idea/Project/products/aeliqo/scripts/semantic_reference.py:39: ResourceWarning: unclosed database in <sqlite3.Connection object at 0x10a395d50>
  result={g:Fraction(n,d) for g,n,d in db.execute('SELECT g,SUM(n),SUM(d) FROM observations GROUP BY g')}
ResourceWarning: Enable tracemalloc to get the object allocation traceback
/Users/nino/WORKS/Personal/Idea/Project/products/aeliqo/scripts/semantic_reference.py:39: ResourceWarning: unclosed database in <sqlite3.Connection object at 0x10a395c60>
  result={g:Fraction(n,d) for g,n,d in db.execute('SELECT g,SUM(n),SUM(d) FROM observations GROUP BY g')}
ResourceWarning: Enable tracemalloc to get the object allocation traceback
/Users/nino/WORKS/Personal/Idea/Project/products/aeliqo/scripts/semantic_reference.py:39: ResourceWarning: unclosed database in <sqlite3.Connection object at 0x10a395b70>
  result={g:Fraction(n,d) for g,n,d in db.execute('SELECT g,SUM(n),SUM(d) FROM observations GROUP BY g')}
ResourceWarning: Enable tracemalloc to get the object allocation traceback
/Users/nino/WORKS/Personal/Idea/Project/products/aeliqo/scripts/semantic_reference.py:39: ResourceWarning: unclosed database in <sqlite3.Connection object at 0x10a395a80>
  result={g:Fraction(n,d) for g,n,d in db.execute('SELECT g,SUM(n),SUM(d) FROM observations GROUP BY g')}
ResourceWarning: Enable tracemalloc to get the object allocation traceback
/Users/nino/WORKS/Personal/Idea/Project/products/aeliqo/scripts/semantic_reference.py:39: ResourceWarning: unclosed database in <sqlite3.Connection object at 0x10a395990>
  result={g:Fraction(n,d) for g,n,d in db.execute('SELECT g,SUM(n),SUM(d) FROM observations GROUP BY g')}
ResourceWarning: Enable tracemalloc to get the object allocation traceback
/Users/nino/WORKS/Personal/Idea/Project/products/aeliqo/scripts/semantic_reference.py:39: ResourceWarning: unclosed database in <sqlite3.Connection object at 0x10a3958a0>
  result={g:Fraction(n,d) for g,n,d in db.execute('SELECT g,SUM(n),SUM(d) FROM observations GROUP BY g')}
ResourceWarning: Enable tracemalloc to get the object allocation traceback
/Users/nino/WORKS/Personal/Idea/Project/products/aeliqo/scripts/semantic_reference.py:39: ResourceWarning: unclosed database in <sqlite3.Connection object at 0x10a3957b0>
  result={g:Fraction(n,d) for g,n,d in db.execute('SELECT g,SUM(n),SUM(d) FROM observations GROUP BY g')}
ResourceWarning: Enable tracemalloc to get the object allocation traceback
/Users/nino/WORKS/Personal/Idea/Project/products/aeliqo/scripts/semantic_reference.py:39: ResourceWarning: unclosed database in <sqlite3.Connection object at 0x10a3956c0>
  result={g:Fraction(n,d) for g,n,d in db.execute('SELECT g,SUM(n),SUM(d) FROM observations GROUP BY g')}
ResourceWarning: Enable tracemalloc to get the object allocation traceback
/Users/nino/WORKS/Personal/Idea/Project/products/aeliqo/scripts/semantic_reference.py:39: ResourceWarning: unclosed database in <sqlite3.Connection object at 0x10a3955d0>
  result={g:Fraction(n,d) for g,n,d in db.execute('SELECT g,SUM(n),SUM(d) FROM observations GROUP BY g')}
ResourceWarning: Enable tracemalloc to get the object allocation traceback
/Users/nino/WORKS/Personal/Idea/Project/products/aeliqo/scripts/semantic_reference.py:39: ResourceWarning: unclosed database in <sqlite3.Connection object at 0x10a3954e0>
  result={g:Fraction(n,d) for g,n,d in db.execute('SELECT g,SUM(n),SUM(d) FROM observations GROUP BY g')}
ResourceWarning: Enable tracemalloc to get the object allocation traceback
/Users/nino/WORKS/Personal/Idea/Project/products/aeliqo/scripts/semantic_reference.py:39: ResourceWarning: unclosed database in <sqlite3.Connection object at 0x10a3953f0>
  result={g:Fraction(n,d) for g,n,d in db.execute('SELECT g,SUM(n),SUM(d) FROM observations GROUP BY g')}
ResourceWarning: Enable tracemalloc to get the object allocation traceback
/Users/nino/WORKS/Personal/Idea/Project/products/aeliqo/scripts/semantic_reference.py:39: ResourceWarning: unclosed database in <sqlite3.Connection object at 0x10a395300>
  result={g:Fraction(n,d) for g,n,d in db.execute('SELECT g,SUM(n),SUM(d) FROM observations GROUP BY g')}
ResourceWarning: Enable tracemalloc to get the object allocation traceback
/Users/nino/WORKS/Personal/Idea/Project/products/aeliqo/scripts/semantic_reference.py:39: ResourceWarning: unclosed database in <sqlite3.Connection object at 0x10a395210>
  result={g:Fraction(n,d) for g,n,d in db.execute('SELECT g,SUM(n),SUM(d) FROM observations GROUP BY g')}
ResourceWarning: Enable tracemalloc to get the object allocation traceback
/Users/nino/WORKS/Personal/Idea/Project/products/aeliqo/scripts/semantic_reference.py:39: ResourceWarning: unclosed database in <sqlite3.Connection object at 0x10a395120>
  result={g:Fraction(n,d) for g,n,d in db.execute('SELECT g,SUM(n),SUM(d) FROM observations GROUP BY g')}
ResourceWarning: Enable tracemalloc to get the object allocation traceback
/Users/nino/WORKS/Personal/Idea/Project/products/aeliqo/scripts/semantic_reference.py:39: ResourceWarning: unclosed database in <sqlite3.Connection object at 0x10a395030>
  result={g:Fraction(n,d) for g,n,d in db.execute('SELECT g,SUM(n),SUM(d) FROM observations GROUP BY g')}
ResourceWarning: Enable tracemalloc to get the object allocation traceback
/Users/nino/WORKS/Personal/Idea/Project/products/aeliqo/scripts/semantic_reference.py:39: ResourceWarning: unclosed database in <sqlite3.Connection object at 0x10a394f40>
  result={g:Fraction(n,d) for g,n,d in db.execute('SELECT g,SUM(n),SUM(d) FROM observations GROUP BY g')}
ResourceWarning: Enable tracemalloc to get the object allocation traceback
/Users/nino/WORKS/Personal/Idea/Project/products/aeliqo/scripts/semantic_reference.py:39: ResourceWarning: unclosed database in <sqlite3.Connection object at 0x10a394e50>
  result={g:Fraction(n,d) for g,n,d in db.execute('SELECT g,SUM(n),SUM(d) FROM observations GROUP BY g')}
ResourceWarning: Enable tracemalloc to get the object allocation traceback
/Users/nino/WORKS/Personal/Idea/Project/products/aeliqo/scripts/semantic_reference.py:39: ResourceWarning: unclosed database in <sqlite3.Connection object at 0x10a394d60>
  result={g:Fraction(n,d) for g,n,d in db.execute('SELECT g,SUM(n),SUM(d) FROM observations GROUP BY g')}
ResourceWarning: Enable tracemalloc to get the object allocation traceback
/Users/nino/WORKS/Personal/Idea/Project/products/aeliqo/scripts/semantic_reference.py:39: ResourceWarning: unclosed database in <sqlite3.Connection object at 0x10a394c70>
  result={g:Fraction(n,d) for g,n,d in db.execute('SELECT g,SUM(n),SUM(d) FROM observations GROUP BY g')}
ResourceWarning: Enable tracemalloc to get the object allocation traceback
/Users/nino/WORKS/Personal/Idea/Project/products/aeliqo/scripts/semantic_reference.py:39: ResourceWarning: unclosed database in <sqlite3.Connection object at 0x10a394b80>
  result={g:Fraction(n,d) for g,n,d in db.execute('SELECT g,SUM(n),SUM(d) FROM observations GROUP BY g')}
ResourceWarning: Enable tracemalloc to get the object allocation traceback
/Users/nino/WORKS/Personal/Idea/Project/products/aeliqo/scripts/semantic_reference.py:39: ResourceWarning: unclosed database in <sqlite3.Connection object at 0x10a394a90>
  result={g:Fraction(n,d) for g,n,d in db.execute('SELECT g,SUM(n),SUM(d) FROM observations GROUP BY g')}
ResourceWarning: Enable tracemalloc to get the object allocation traceback
/Users/nino/WORKS/Personal/Idea/Project/products/aeliqo/scripts/semantic_reference.py:39: ResourceWarning: unclosed database in <sqlite3.Connection object at 0x10a3949a0>
  result={g:Fraction(n,d) for g,n,d in db.execute('SELECT g,SUM(n),SUM(d) FROM observations GROUP BY g')}
ResourceWarning: Enable tracemalloc to get the object allocation traceback
/Users/nino/WORKS/Personal/Idea/Project/products/aeliqo/scripts/semantic_reference.py:39: ResourceWarning: unclosed database in <sqlite3.Connection object at 0x10a3948b0>
  result={g:Fraction(n,d) for g,n,d in db.execute('SELECT g,SUM(n),SUM(d) FROM observations GROUP BY g')}
ResourceWarning: Enable tracemalloc to get the object allocation traceback
/Users/nino/WORKS/Personal/Idea/Project/products/aeliqo/scripts/semantic_reference.py:39: ResourceWarning: unclosed database in <sqlite3.Connection object at 0x10a3947c0>
  result={g:Fraction(n,d) for g,n,d in db.execute('SELECT g,SUM(n),SUM(d) FROM observations GROUP BY g')}
ResourceWarning: Enable tracemalloc to get the object allocation traceback
/Users/nino/WORKS/Personal/Idea/Project/products/aeliqo/scripts/semantic_reference.py:39: ResourceWarning: unclosed database in <sqlite3.Connection object at 0x10a3946d0>
  result={g:Fraction(n,d) for g,n,d in db.execute('SELECT g,SUM(n),SUM(d) FROM observations GROUP BY g')}
ResourceWarning: Enable tracemalloc to get the object allocation traceback
/Users/nino/WORKS/Personal/Idea/Project/products/aeliqo/scripts/semantic_reference.py:39: ResourceWarning: unclosed database in <sqlite3.Connection object at 0x10a3945e0>
  result={g:Fraction(n,d) for g,n,d in db.execute('SELECT g,SUM(n),SUM(d) FROM observations GROUP BY g')}
ResourceWarning: Enable tracemalloc to get the object allocation traceback
/Users/nino/WORKS/Personal/Idea/Project/products/aeliqo/scripts/semantic_reference.py:39: ResourceWarning: unclosed database in <sqlite3.Connection object at 0x10a3944f0>
  result={g:Fraction(n,d) for g,n,d in db.execute('SELECT g,SUM(n),SUM(d) FROM observations GROUP BY g')}
ResourceWarning: Enable tracemalloc to get the object allocation traceback
/Users/nino/WORKS/Personal/Idea/Project/products/aeliqo/scripts/semantic_reference.py:39: ResourceWarning: unclosed database in <sqlite3.Connection object at 0x10a394400>
  result={g:Fraction(n,d) for g,n,d in db.execute('SELECT g,SUM(n),SUM(d) FROM observations GROUP BY g')}
ResourceWarning: Enable tracemalloc to get the object allocation traceback
/Users/nino/WORKS/Personal/Idea/Project/products/aeliqo/scripts/semantic_reference.py:39: ResourceWarning: unclosed database in <sqlite3.Connection object at 0x10a394310>
  result={g:Fraction(n,d) for g,n,d in db.execute('SELECT g,SUM(n),SUM(d) FROM observations GROUP BY g')}
ResourceWarning: Enable tracemalloc to get the object allocation traceback
/Users/nino/WORKS/Personal/Idea/Project/products/aeliqo/scripts/semantic_reference.py:39: ResourceWarning: unclosed database in <sqlite3.Connection object at 0x10a394220>
  result={g:Fraction(n,d) for g,n,d in db.execute('SELECT g,SUM(n),SUM(d) FROM observations GROUP BY g')}
ResourceWarning: Enable tracemalloc to get the object allocation traceback
/Users/nino/WORKS/Personal/Idea/Project/products/aeliqo/scripts/semantic_reference.py:39: ResourceWarning: unclosed database in <sqlite3.Connection object at 0x10a394130>
  result={g:Fraction(n,d) for g,n,d in db.execute('SELECT g,SUM(n),SUM(d) FROM observations GROUP BY g')}
ResourceWarning: Enable tracemalloc to get the object allocation traceback
/Users/nino/WORKS/Personal/Idea/Project/products/aeliqo/scripts/semantic_reference.py:39: ResourceWarning: unclosed database in <sqlite3.Connection object at 0x10a394040>
  result={g:Fraction(n,d) for g,n,d in db.execute('SELECT g,SUM(n),SUM(d) FROM observations GROUP BY g')}
ResourceWarning: Enable tracemalloc to get the object allocation traceback
/Users/nino/WORKS/Personal/Idea/Project/products/aeliqo/scripts/semantic_reference.py:39: ResourceWarning: unclosed database in <sqlite3.Connection object at 0x10a397c40>
  result={g:Fraction(n,d) for g,n,d in db.execute('SELECT g,SUM(n),SUM(d) FROM observations GROUP BY g')}
ResourceWarning: Enable tracemalloc to get the object allocation traceback
/Users/nino/WORKS/Personal/Idea/Project/products/aeliqo/scripts/semantic_reference.py:39: ResourceWarning: unclosed database in <sqlite3.Connection object at 0x10a397d30>
  result={g:Fraction(n,d) for g,n,d in db.execute('SELECT g,SUM(n),SUM(d) FROM observations GROUP BY g')}
ResourceWarning: Enable tracemalloc to get the object allocation traceback
/Users/nino/WORKS/Personal/Idea/Project/products/aeliqo/scripts/semantic_reference.py:39: ResourceWarning: unclosed database in <sqlite3.Connection object at 0x10a397e20>
  result={g:Fraction(n,d) for g,n,d in db.execute('SELECT g,SUM(n),SUM(d) FROM observations GROUP BY g')}
ResourceWarning: Enable tracemalloc to get the object allocation traceback
/Users/nino/WORKS/Personal/Idea/Project/products/aeliqo/scripts/semantic_reference.py:39: ResourceWarning: unclosed database in <sqlite3.Connection object at 0x10a3cc310>
  result={g:Fraction(n,d) for g,n,d in db.execute('SELECT g,SUM(n),SUM(d) FROM observations GROUP BY g')}
ResourceWarning: Enable tracemalloc to get the object allocation traceback
/Users/nino/WORKS/Personal/Idea/Project/products/aeliqo/scripts/semantic_reference.py:39: ResourceWarning: unclosed database in <sqlite3.Connection object at 0x10a3cc400>
  result={g:Fraction(n,d) for g,n,d in db.execute('SELECT g,SUM(n),SUM(d) FROM observations GROUP BY g')}
ResourceWarning: Enable tracemalloc to get the object allocation traceback
/Users/nino/WORKS/Personal/Idea/Project/products/aeliqo/scripts/semantic_reference.py:39: ResourceWarning: unclosed database in <sqlite3.Connection object at 0x10a3cc4f0>
  result={g:Fraction(n,d) for g,n,d in db.execute('SELECT g,SUM(n),SUM(d) FROM observations GROUP BY g')}
ResourceWarning: Enable tracemalloc to get the object allocation traceback
/Users/nino/WORKS/Personal/Idea/Project/products/aeliqo/scripts/semantic_reference.py:39: ResourceWarning: unclosed database in <sqlite3.Connection object at 0x10a3cc5e0>
  result={g:Fraction(n,d) for g,n,d in db.execute('SELECT g,SUM(n),SUM(d) FROM observations GROUP BY g')}
ResourceWarning: Enable tracemalloc to get the object allocation traceback
/Users/nino/WORKS/Personal/Idea/Project/products/aeliqo/scripts/semantic_reference.py:39: ResourceWarning: unclosed database in <sqlite3.Connection object at 0x10a3cc6d0>
  result={g:Fraction(n,d) for g,n,d in db.execute('SELECT g,SUM(n),SUM(d) FROM observations GROUP BY g')}
ResourceWarning: Enable tracemalloc to get the object allocation traceback
/Users/nino/WORKS/Personal/Idea/Project/products/aeliqo/scripts/semantic_reference.py:39: ResourceWarning: unclosed database in <sqlite3.Connection object at 0x10a3cc7c0>
  result={g:Fraction(n,d) for g,n,d in db.execute('SELECT g,SUM(n),SUM(d) FROM observations GROUP BY g')}
ResourceWarning: Enable tracemalloc to get the object allocation traceback
/Users/nino/WORKS/Personal/Idea/Project/products/aeliqo/scripts/semantic_reference.py:39: ResourceWarning: unclosed database in <sqlite3.Connection object at 0x10a3cc8b0>
  result={g:Fraction(n,d) for g,n,d in db.execute('SELECT g,SUM(n),SUM(d) FROM observations GROUP BY g')}
ResourceWarning: Enable tracemalloc to get the object allocation traceback
/Users/nino/WORKS/Personal/Idea/Project/products/aeliqo/scripts/semantic_reference.py:39: ResourceWarning: unclosed database in <sqlite3.Connection object at 0x10a3cc9a0>
  result={g:Fraction(n,d) for g,n,d in db.execute('SELECT g,SUM(n),SUM(d) FROM observations GROUP BY g')}
ResourceWarning: Enable tracemalloc to get the object allocation traceback
/Users/nino/WORKS/Personal/Idea/Project/products/aeliqo/scripts/semantic_reference.py:39: ResourceWarning: unclosed database in <sqlite3.Connection object at 0x10a3cca90>
  result={g:Fraction(n,d) for g,n,d in db.execute('SELECT g,SUM(n),SUM(d) FROM observations GROUP BY g')}
ResourceWarning: Enable tracemalloc to get the object allocation traceback
/Users/nino/WORKS/Personal/Idea/Project/products/aeliqo/scripts/semantic_reference.py:39: ResourceWarning: unclosed database in <sqlite3.Connection object at 0x10a3ccc70>
  result={g:Fraction(n,d) for g,n,d in db.execute('SELECT g,SUM(n),SUM(d) FROM observations GROUP BY g')}
ResourceWarning: Enable tracemalloc to get the object allocation traceback
/Users/nino/WORKS/Personal/Idea/Project/products/aeliqo/scripts/semantic_reference.py:39: ResourceWarning: unclosed database in <sqlite3.Connection object at 0x10a3ccd60>
  result={g:Fraction(n,d) for g,n,d in db.execute('SELECT g,SUM(n),SUM(d) FROM observations GROUP BY g')}
ResourceWarning: Enable tracemalloc to get the object allocation traceback
/Users/nino/WORKS/Personal/Idea/Project/products/aeliqo/scripts/semantic_reference.py:39: ResourceWarning: unclosed database in <sqlite3.Connection object at 0x10a3cce50>
  result={g:Fraction(n,d) for g,n,d in db.execute('SELECT g,SUM(n),SUM(d) FROM observations GROUP BY g')}
ResourceWarning: Enable tracemalloc to get the object allocation traceback
/Users/nino/WORKS/Personal/Idea/Project/products/aeliqo/scripts/semantic_reference.py:39: ResourceWarning: unclosed database in <sqlite3.Connection object at 0x10a3ccf40>
  result={g:Fraction(n,d) for g,n,d in db.execute('SELECT g,SUM(n),SUM(d) FROM observations GROUP BY g')}
ResourceWarning: Enable tracemalloc to get the object allocation traceback
/Users/nino/WORKS/Personal/Idea/Project/products/aeliqo/scripts/semantic_reference.py:39: ResourceWarning: unclosed database in <sqlite3.Connection object at 0x10a3cd030>
  result={g:Fraction(n,d) for g,n,d in db.execute('SELECT g,SUM(n),SUM(d) FROM observations GROUP BY g')}
ResourceWarning: Enable tracemalloc to get the object allocation traceback
/Users/nino/WORKS/Personal/Idea/Project/products/aeliqo/scripts/semantic_reference.py:39: ResourceWarning: unclosed database in <sqlite3.Connection object at 0x10a3cd120>
  result={g:Fraction(n,d) for g,n,d in db.execute('SELECT g,SUM(n),SUM(d) FROM observations GROUP BY g')}
ResourceWarning: Enable tracemalloc to get the object allocation traceback
/Users/nino/WORKS/Personal/Idea/Project/products/aeliqo/scripts/semantic_reference.py:39: ResourceWarning: unclosed database in <sqlite3.Connection object at 0x10a3cd210>
  result={g:Fraction(n,d) for g,n,d in db.execute('SELECT g,SUM(n),SUM(d) FROM observations GROUP BY g')}
ResourceWarning: Enable tracemalloc to get the object allocation traceback
/Users/nino/WORKS/Personal/Idea/Project/products/aeliqo/scripts/semantic_reference.py:39: ResourceWarning: unclosed database in <sqlite3.Connection object at 0x10a3cd300>
  result={g:Fraction(n,d) for g,n,d in db.execute('SELECT g,SUM(n),SUM(d) FROM observations GROUP BY g')}
ResourceWarning: Enable tracemalloc to get the object allocation traceback
/Users/nino/WORKS/Personal/Idea/Project/products/aeliqo/scripts/semantic_reference.py:39: ResourceWarning: unclosed database in <sqlite3.Connection object at 0x10a3cd3f0>
  result={g:Fraction(n,d) for g,n,d in db.execute('SELECT g,SUM(n),SUM(d) FROM observations GROUP BY g')}
ResourceWarning: Enable tracemalloc to get the object allocation traceback
/Users/nino/WORKS/Personal/Idea/Project/products/aeliqo/scripts/semantic_reference.py:39: ResourceWarning: unclosed database in <sqlite3.Connection object at 0x10a3cd4e0>
  result={g:Fraction(n,d) for g,n,d in db.execute('SELECT g,SUM(n),SUM(d) FROM observations GROUP BY g')}
ResourceWarning: Enable tracemalloc to get the object allocation traceback
/Users/nino/WORKS/Personal/Idea/Project/products/aeliqo/scripts/semantic_reference.py:39: ResourceWarning: unclosed database in <sqlite3.Connection object at 0x10a3cd5d0>
  result={g:Fraction(n,d) for g,n,d in db.execute('SELECT g,SUM(n),SUM(d) FROM observations GROUP BY g')}
ResourceWarning: Enable tracemalloc to get the object allocation traceback
/Users/nino/WORKS/Personal/Idea/Project/products/aeliqo/scripts/semantic_reference.py:39: ResourceWarning: unclosed database in <sqlite3.Connection object at 0x10a3cd6c0>
  result={g:Fraction(n,d) for g,n,d in db.execute('SELECT g,SUM(n),SUM(d) FROM observations GROUP BY g')}
ResourceWarning: Enable tracemalloc to get the object allocation traceback
/Users/nino/WORKS/Personal/Idea/Project/products/aeliqo/scripts/semantic_reference.py:39: ResourceWarning: unclosed database in <sqlite3.Connection object at 0x10a3cd7b0>
  result={g:Fraction(n,d) for g,n,d in db.execute('SELECT g,SUM(n),SUM(d) FROM observations GROUP BY g')}
ResourceWarning: Enable tracemalloc to get the object allocation traceback
/Users/nino/WORKS/Personal/Idea/Project/products/aeliqo/scripts/semantic_reference.py:39: ResourceWarning: unclosed database in <sqlite3.Connection object at 0x10a3cd8a0>
  result={g:Fraction(n,d) for g,n,d in db.execute('SELECT g,SUM(n),SUM(d) FROM observations GROUP BY g')}
ResourceWarning: Enable tracemalloc to get the object allocation traceback
/Users/nino/WORKS/Personal/Idea/Project/products/aeliqo/scripts/semantic_reference.py:39: ResourceWarning: unclosed database in <sqlite3.Connection object at 0x10a3cd990>
  result={g:Fraction(n,d) for g,n,d in db.execute('SELECT g,SUM(n),SUM(d) FROM observations GROUP BY g')}
ResourceWarning: Enable tracemalloc to get the object allocation traceback
/Users/nino/WORKS/Personal/Idea/Project/products/aeliqo/scripts/semantic_reference.py:39: ResourceWarning: unclosed database in <sqlite3.Connection object at 0x10a3cda80>
  result={g:Fraction(n,d) for g,n,d in db.execute('SELECT g,SUM(n),SUM(d) FROM observations GROUP BY g')}
ResourceWarning: Enable tracemalloc to get the object allocation traceback
/Users/nino/WORKS/Personal/Idea/Project/products/aeliqo/scripts/semantic_reference.py:39: ResourceWarning: unclosed database in <sqlite3.Connection object at 0x10a3cdb70>
  result={g:Fraction(n,d) for g,n,d in db.execute('SELECT g,SUM(n),SUM(d) FROM observations GROUP BY g')}
ResourceWarning: Enable tracemalloc to get the object allocation traceback
/Users/nino/WORKS/Personal/Idea/Project/products/aeliqo/scripts/semantic_reference.py:39: ResourceWarning: unclosed database in <sqlite3.Connection object at 0x10a3cdc60>
  result={g:Fraction(n,d) for g,n,d in db.execute('SELECT g,SUM(n),SUM(d) FROM observations GROUP BY g')}
ResourceWarning: Enable tracemalloc to get the object allocation traceback
/Users/nino/WORKS/Personal/Idea/Project/products/aeliqo/scripts/semantic_reference.py:39: ResourceWarning: unclosed database in <sqlite3.Connection object at 0x10a3cdd50>
  result={g:Fraction(n,d) for g,n,d in db.execute('SELECT g,SUM(n),SUM(d) FROM observations GROUP BY g')}
ResourceWarning: Enable tracemalloc to get the object allocation traceback
/Users/nino/WORKS/Personal/Idea/Project/products/aeliqo/scripts/semantic_reference.py:39: ResourceWarning: unclosed database in <sqlite3.Connection object at 0x10a3cde40>
  result={g:Fraction(n,d) for g,n,d in db.execute('SELECT g,SUM(n),SUM(d) FROM observations GROUP BY g')}
ResourceWarning: Enable tracemalloc to get the object allocation traceback
ok
test_unknown_does_not_become_calendar_zero (test_math.NumericalContractTests.test_unknown_does_not_become_calendar_zero) ... ok
test_zero_denominator_unknown_not_zero (test_math.NumericalContractTests.test_zero_denominator_unknown_not_zero) ... ok
test_budget_exhaustion_not_impossibility (test_presentation.PresentationReferenceTests.test_budget_exhaustion_not_impossibility) ... ok
test_composes_without_matching_preset (test_presentation.PresentationReferenceTests.test_composes_without_matching_preset) ... ok
test_duplicate_manifest_rejected (test_presentation.PresentationReferenceTests.test_duplicate_manifest_rejected) ... ok
test_empty_task_does_not_invent_ui (test_presentation.PresentationReferenceTests.test_empty_task_does_not_invent_ui) ... ok
test_explicit_table_not_soft_preference (test_presentation.PresentationReferenceTests.test_explicit_table_not_soft_preference) ... ok
test_incumbent_stability (test_presentation.PresentationReferenceTests.test_incumbent_stability) ... ok
test_invalid_budget_rejected (test_presentation.PresentationReferenceTests.test_invalid_budget_rejected) ... ok
test_missing_real_capability_detected (test_presentation.PresentationReferenceTests.test_missing_real_capability_detected) ... ok
test_narrow_reachability_not_comparison (test_presentation.PresentationReferenceTests.test_narrow_reachability_not_comparison) ... ok
test_pattern_optional_not_mandatory (test_presentation.PresentationReferenceTests.test_pattern_optional_not_mandatory) ... ok
test_profile_conflict_not_ignored (test_presentation.PresentationReferenceTests.test_profile_conflict_not_ignored) ... ok
test_registry_order_deterministic_100_seeds (test_presentation.PresentationReferenceTests.test_registry_order_deterministic_100_seeds) ... ok
test_stale_incumbent_not_retained (test_presentation.PresentationReferenceTests.test_stale_incumbent_not_retained) ... ok
test_tested_pattern_can_also_cover (test_presentation.PresentationReferenceTests.test_tested_pattern_can_also_cover) ... ok
test_thousands_unrelated_components_no_search_explosion (test_presentation.PresentationReferenceTests.test_thousands_unrelated_components_no_search_explosion) ... <string>:2: ResourceWarning: unclosed database in <sqlite3.Connection object at 0x10a397e20>
ResourceWarning: Enable tracemalloc to get the object allocation traceback
<string>:2: ResourceWarning: unclosed database in <sqlite3.Connection object at 0x10a397d30>
ResourceWarning: Enable tracemalloc to get the object allocation traceback
<string>:2: ResourceWarning: unclosed database in <sqlite3.Connection object at 0x10a397c40>
ResourceWarning: Enable tracemalloc to get the object allocation traceback
<string>:2: ResourceWarning: unclosed database in <sqlite3.Connection object at 0x10a394040>
ResourceWarning: Enable tracemalloc to get the object allocation traceback
<string>:2: ResourceWarning: unclosed database in <sqlite3.Connection object at 0x10a394130>
ResourceWarning: Enable tracemalloc to get the object allocation traceback
<string>:2: ResourceWarning: unclosed database in <sqlite3.Connection object at 0x10a394220>
ResourceWarning: Enable tracemalloc to get the object allocation traceback
<string>:2: ResourceWarning: unclosed database in <sqlite3.Connection object at 0x10a394310>
ResourceWarning: Enable tracemalloc to get the object allocation traceback
<string>:2: ResourceWarning: unclosed database in <sqlite3.Connection object at 0x10a394400>
ResourceWarning: Enable tracemalloc to get the object allocation traceback
<string>:2: ResourceWarning: unclosed database in <sqlite3.Connection object at 0x10a3944f0>
ResourceWarning: Enable tracemalloc to get the object allocation traceback
<string>:2: ResourceWarning: unclosed database in <sqlite3.Connection object at 0x10a3945e0>
ResourceWarning: Enable tracemalloc to get the object allocation traceback
<string>:2: ResourceWarning: unclosed database in <sqlite3.Connection object at 0x10a3946d0>
ResourceWarning: Enable tracemalloc to get the object allocation traceback
<string>:2: ResourceWarning: unclosed database in <sqlite3.Connection object at 0x10a3947c0>
ResourceWarning: Enable tracemalloc to get the object allocation traceback
<string>:2: ResourceWarning: unclosed database in <sqlite3.Connection object at 0x10a3948b0>
ResourceWarning: Enable tracemalloc to get the object allocation traceback
<string>:2: ResourceWarning: unclosed database in <sqlite3.Connection object at 0x10a3949a0>
ResourceWarning: Enable tracemalloc to get the object allocation traceback
<string>:2: ResourceWarning: unclosed database in <sqlite3.Connection object at 0x10a394a90>
ResourceWarning: Enable tracemalloc to get the object allocation traceback
<string>:2: ResourceWarning: unclosed database in <sqlite3.Connection object at 0x10a394b80>
ResourceWarning: Enable tracemalloc to get the object allocation traceback
<string>:2: ResourceWarning: unclosed database in <sqlite3.Connection object at 0x10a394c70>
ResourceWarning: Enable tracemalloc to get the object allocation traceback
<string>:2: ResourceWarning: unclosed database in <sqlite3.Connection object at 0x10a394d60>
ResourceWarning: Enable tracemalloc to get the object allocation traceback
<string>:2: ResourceWarning: unclosed database in <sqlite3.Connection object at 0x10a394e50>
ResourceWarning: Enable tracemalloc to get the object allocation traceback
<string>:2: ResourceWarning: unclosed database in <sqlite3.Connection object at 0x10a394f40>
ResourceWarning: Enable tracemalloc to get the object allocation traceback
<string>:2: ResourceWarning: unclosed database in <sqlite3.Connection object at 0x10a395030>
ResourceWarning: Enable tracemalloc to get the object allocation traceback
<string>:2: ResourceWarning: unclosed database in <sqlite3.Connection object at 0x10a395120>
ResourceWarning: Enable tracemalloc to get the object allocation traceback
<string>:2: ResourceWarning: unclosed database in <sqlite3.Connection object at 0x10a395210>
ResourceWarning: Enable tracemalloc to get the object allocation traceback
<string>:2: ResourceWarning: unclosed database in <sqlite3.Connection object at 0x10a395300>
ResourceWarning: Enable tracemalloc to get the object allocation traceback
<string>:2: ResourceWarning: unclosed database in <sqlite3.Connection object at 0x10a3953f0>
ResourceWarning: Enable tracemalloc to get the object allocation traceback
<string>:2: ResourceWarning: unclosed database in <sqlite3.Connection object at 0x10a3954e0>
ResourceWarning: Enable tracemalloc to get the object allocation traceback
<string>:2: ResourceWarning: unclosed database in <sqlite3.Connection object at 0x10a3955d0>
ResourceWarning: Enable tracemalloc to get the object allocation traceback
<string>:2: ResourceWarning: unclosed database in <sqlite3.Connection object at 0x10a3956c0>
ResourceWarning: Enable tracemalloc to get the object allocation traceback
<string>:2: ResourceWarning: unclosed database in <sqlite3.Connection object at 0x10a3957b0>
ResourceWarning: Enable tracemalloc to get the object allocation traceback
<string>:2: ResourceWarning: unclosed database in <sqlite3.Connection object at 0x10a3958a0>
ResourceWarning: Enable tracemalloc to get the object allocation traceback
<string>:2: ResourceWarning: unclosed database in <sqlite3.Connection object at 0x10a395990>
ResourceWarning: Enable tracemalloc to get the object allocation traceback
<string>:2: ResourceWarning: unclosed database in <sqlite3.Connection object at 0x10a395a80>
ResourceWarning: Enable tracemalloc to get the object allocation traceback
<string>:2: ResourceWarning: unclosed database in <sqlite3.Connection object at 0x10a395b70>
ResourceWarning: Enable tracemalloc to get the object allocation traceback
<string>:2: ResourceWarning: unclosed database in <sqlite3.Connection object at 0x10a395c60>
ResourceWarning: Enable tracemalloc to get the object allocation traceback
<string>:2: ResourceWarning: unclosed database in <sqlite3.Connection object at 0x10a395d50>
ResourceWarning: Enable tracemalloc to get the object allocation traceback
<string>:2: ResourceWarning: unclosed database in <sqlite3.Connection object at 0x10a395e40>
ResourceWarning: Enable tracemalloc to get the object allocation traceback
<string>:2: ResourceWarning: unclosed database in <sqlite3.Connection object at 0x10a395f30>
ResourceWarning: Enable tracemalloc to get the object allocation traceback
<string>:2: ResourceWarning: unclosed database in <sqlite3.Connection object at 0x10a396020>
ResourceWarning: Enable tracemalloc to get the object allocation traceback
<string>:2: ResourceWarning: unclosed database in <sqlite3.Connection object at 0x10a396110>
ResourceWarning: Enable tracemalloc to get the object allocation traceback
<string>:2: ResourceWarning: unclosed database in <sqlite3.Connection object at 0x10a396200>
ResourceWarning: Enable tracemalloc to get the object allocation traceback
<string>:2: ResourceWarning: unclosed database in <sqlite3.Connection object at 0x10a3962f0>
ResourceWarning: Enable tracemalloc to get the object allocation traceback
<string>:2: ResourceWarning: unclosed database in <sqlite3.Connection object at 0x10a3963e0>
ResourceWarning: Enable tracemalloc to get the object allocation traceback
<string>:2: ResourceWarning: unclosed database in <sqlite3.Connection object at 0x10a3964d0>
ResourceWarning: Enable tracemalloc to get the object allocation traceback
<string>:2: ResourceWarning: unclosed database in <sqlite3.Connection object at 0x10a3965c0>
ResourceWarning: Enable tracemalloc to get the object allocation traceback
<string>:2: ResourceWarning: unclosed database in <sqlite3.Connection object at 0x10a3966b0>
ResourceWarning: Enable tracemalloc to get the object allocation traceback
<string>:2: ResourceWarning: unclosed database in <sqlite3.Connection object at 0x10a3967a0>
ResourceWarning: Enable tracemalloc to get the object allocation traceback
<string>:2: ResourceWarning: unclosed database in <sqlite3.Connection object at 0x10a396890>
ResourceWarning: Enable tracemalloc to get the object allocation traceback
<string>:2: ResourceWarning: unclosed database in <sqlite3.Connection object at 0x10a396980>
ResourceWarning: Enable tracemalloc to get the object allocation traceback
<string>:2: ResourceWarning: unclosed database in <sqlite3.Connection object at 0x10a396a70>
ResourceWarning: Enable tracemalloc to get the object allocation traceback
<string>:2: ResourceWarning: unclosed database in <sqlite3.Connection object at 0x10a396b60>
ResourceWarning: Enable tracemalloc to get the object allocation traceback
<string>:2: ResourceWarning: unclosed database in <sqlite3.Connection object at 0x10a396c50>
ResourceWarning: Enable tracemalloc to get the object allocation traceback
<string>:2: ResourceWarning: unclosed database in <sqlite3.Connection object at 0x10a396d40>
ResourceWarning: Enable tracemalloc to get the object allocation traceback
<string>:2: ResourceWarning: unclosed database in <sqlite3.Connection object at 0x10a396e30>
ResourceWarning: Enable tracemalloc to get the object allocation traceback
<string>:2: ResourceWarning: unclosed database in <sqlite3.Connection object at 0x10a396f20>
ResourceWarning: Enable tracemalloc to get the object allocation traceback
<string>:2: ResourceWarning: unclosed database in <sqlite3.Connection object at 0x10a397010>
ResourceWarning: Enable tracemalloc to get the object allocation traceback
ok
test_unknown_ssr_not_fictional_width (test_presentation.PresentationReferenceTests.test_unknown_ssr_not_fictional_width) ... ok
test_valid_first_avoids_duplicate_candidate_starvation (test_presentation.PresentationReferenceTests.test_valid_first_avoids_duplicate_candidate_starvation) ... ok

----------------------------------------------------------------------
Ran 37 tests in 0.059s

OK
