test_agent_prompt_preserves_correction (test_developer_meaning_spec.DeveloperMeaningSpecTests.test_agent_prompt_preserves_correction) ... ok
test_code_registration_not_blocked_by_ai_tasks (test_developer_meaning_spec.DeveloperMeaningSpecTests.test_code_registration_not_blocked_by_ai_tasks) ... ok
test_example_honestly_marked_not_shipped (test_developer_meaning_spec.DeveloperMeaningSpecTests.test_example_honestly_marked_not_shipped) ... ok
test_manual_surfaces_not_another_evaluator (test_developer_meaning_spec.DeveloperMeaningSpecTests.test_manual_surfaces_not_another_evaluator) ... ok
test_ownership_and_authority_are_not_implicit (test_developer_meaning_spec.DeveloperMeaningSpecTests.test_ownership_and_authority_are_not_implicit) ... ok
test_product_version_does_not_change (test_developer_meaning_spec.DeveloperMeaningSpecTests.test_product_version_does_not_change) ... ok
test_scenarios_mapped_and_still_planned (test_developer_meaning_spec.DeveloperMeaningSpecTests.test_scenarios_mapped_and_still_planned) ... ok
test_apply_to_empty_directory (test_harness.BootstrapTests.test_apply_to_empty_directory) ... ok
test_dry_run_no_directory (test_harness.BootstrapTests.test_dry_run_no_directory) ... ok
test_existing_data_never_overwritten (test_harness.BootstrapTests.test_existing_data_never_overwritten) ... ok
test_source_nested_target_refused (test_harness.BootstrapTests.test_source_nested_target_refused) ... ok
test_symlink_destination_refused (test_harness.BootstrapTests.test_symlink_destination_refused) ... ok
test_symlink_parent_refused (test_harness.BootstrapTests.test_symlink_parent_refused) ... ok
test_actual_toml_syntax (test_harness.ConfigTests.test_actual_toml_syntax) ... ok
test_dry_run_config_does_not_write (test_harness.ConfigTests.test_dry_run_config_does_not_write) ... ok
test_existing_config_not_overwritten (test_harness.ConfigTests.test_existing_config_not_overwritten) ... ok
test_minimum_verified_concurrency (test_harness.ConfigTests.test_minimum_verified_concurrency) ... ok
test_no_silent_effort_substitution (test_harness.ConfigTests.test_no_silent_effort_substitution) ... ok
test_placeholder_id_refused (test_harness.ConfigTests.test_placeholder_id_refused) ... ok
test_unsupported_schema_refused (test_harness.ConfigTests.test_unsupported_schema_refused) ... ok
test_unverified_refused (test_harness.ConfigTests.test_unverified_refused) ... ok
test_action_text_and_control_border_contrast (test_harness.DesignReferenceTests.test_action_text_and_control_border_contrast) ... ok
test_profile_components_exist (test_harness.DesignReferenceTests.test_profile_components_exist) ... ok
test_text_contrast_for_reference_palettes (test_harness.DesignReferenceTests.test_text_contrast_for_reference_palettes) ... ok
test_claim_alone_not_evidence (test_harness.GateTests.test_claim_alone_not_evidence) ... ok
test_invalid_hash_refused (test_harness.GateTests.test_invalid_hash_refused) ... ok
test_kit_consistent (test_harness.GateTests.test_kit_consistent) ... ok
test_no_circular_ready_gate_for_stable_publication (test_harness.GateTests.test_no_circular_ready_gate_for_stable_publication) ... ok
test_path_escape_in_evidence_refused (test_harness.GateTests.test_path_escape_in_evidence_refused) ... ok
test_product_commands_absent_fail_closed (test_harness.GateTests.test_product_commands_absent_fail_closed) ... ok
test_real_artifact_hash_accepted (test_harness.GateTests.test_real_artifact_hash_accepted) ... ok
test_release_is_blocked (test_harness.GateTests.test_release_is_blocked) ... ok
test_actual_manifest_dag (test_harness.GraphTests.test_actual_manifest_dag) ... ok
test_cycle (test_harness.GraphTests.test_cycle) ... ok
test_duplicate (test_harness.GraphTests.test_duplicate) ... ok
test_missing_dependency (test_harness.GraphTests.test_missing_dependency) ... ok
test_valid_dag (test_harness.GraphTests.test_valid_dag) ... ok
test_approved_leave_removed_from_denominator (test_harness.OracleTests.test_approved_leave_removed_from_denominator) ... ok
test_duplicate_attendance_refused (test_harness.OracleTests.test_duplicate_attendance_refused) ... ok
test_duplicate_schedule_refused (test_harness.OracleTests.test_duplicate_schedule_refused) ... ok
test_group_ratio_uses_sufficient_statistics (test_harness.OracleTests.test_group_ratio_uses_sufficient_statistics) ... ok
test_independent_expected_results (test_harness.OracleTests.test_independent_expected_results) ... ok
test_invalid_status_refused (test_harness.OracleTests.test_invalid_status_refused) ... ok
test_top_population_is_fixed_across_weeks (test_harness.OracleTests.test_top_population_is_fixed_across_weeks) ... ok
test_unknown_is_not_absence (test_harness.OracleTests.test_unknown_is_not_absence) ... ok
test_credentials_excluded (test_harness.PathTests.test_credentials_excluded) ... ok
test_digest_changes_with_source (test_harness.PathTests.test_digest_changes_with_source) ... ok
test_digest_excludes_evidence_bookkeeping (test_harness.PathTests.test_digest_excludes_evidence_bookkeeping) ... ok
test_digest_includes_owned_design_contract (test_harness.PathTests.test_digest_includes_owned_design_contract) ... ok
test_environment_case_variants_are_not_exported (test_harness.PathTests.test_environment_case_variants_are_not_exported) ... ok
test_local_credentials_are_rejected_at_any_export_depth (test_harness.PathTests.test_local_credentials_are_rejected_at_any_export_depth) ... ok
test_private_key_refused (test_harness.PathTests.test_private_key_refused) ... ok
test_relative_path (test_harness.PathTests.test_relative_path) ... ok
test_symlink_rejected (test_harness.PathTests.test_symlink_rejected) ... ok
test_traversal_rejected (test_harness.PathTests.test_traversal_rejected) ... ok
test_apply_requires_tools (test_harness.PublisherTests.test_apply_requires_tools) ... ok
test_bad_ref_refused (test_harness.PublisherTests.test_bad_ref_refused) ... ok
test_dry_run_never_calls_network (test_harness.PublisherTests.test_dry_run_never_calls_network) ... ok
test_existing_branch_refused_before_write (test_harness.PublisherTests.test_existing_branch_refused_before_write) ... ok
test_main_refused (test_harness.PublisherTests.test_main_refused) ... ok
test_repo_argument_injection_refused (test_harness.PublisherTests.test_repo_argument_injection_refused) ... ok
test_safe_target (test_harness.PublisherTests.test_safe_target) ... ok
test_active_ownership_blocks_conflicting_writer (test_harness.SchedulerTests.test_active_ownership_blocks_conflicting_writer) ... ok
test_blocked_task_is_not_silently_restarted (test_harness.SchedulerTests.test_blocked_task_is_not_silently_restarted) ... ok
test_parallel_independent_paths (test_harness.SchedulerTests.test_parallel_independent_paths) ... ok
test_parent_path_conflict (test_harness.SchedulerTests.test_parent_path_conflict) ... ok
test_ready_dependencies_only (test_harness.SchedulerTests.test_ready_dependencies_only) ... ok
test_slot_limit (test_harness.SchedulerTests.test_slot_limit) ... ok
test_containment_precedes_protocol_tools (test_master.MasterContractTests.test_containment_precedes_protocol_tools) ... ok
test_master_changes_invalidate_candidate (test_master.MasterContractTests.test_master_changes_invalidate_candidate) ... ok
test_master_target_and_component_versions_match (test_master.MasterContractTests.test_master_target_and_component_versions_match) ... ok
test_release_depends_on_version_check (test_master.MasterContractTests.test_release_depends_on_version_check) ... ok
test_requirement_ids_are_stable_not_editorial_labels (test_master.MasterContractTests.test_requirement_ids_are_stable_not_editorial_labels) ... ok
test_root_agent_is_bounded (test_master.MasterContractTests.test_root_agent_is_bounded) ... ok
test_scenario_ids_are_stable (test_master.MasterContractTests.test_scenario_ids_are_stable) ... ok
test_changed_target_blocked (test_master.VersionResetTests.test_changed_target_blocked) ... ok
test_dns_failure_does_not_mean_available (test_master.VersionResetTests.test_dns_failure_does_not_mean_available) ... ok
test_existing_list_contradiction_blocks (test_master.VersionResetTests.test_existing_list_contradiction_blocks) ... ok
test_explicit_reset_is_possible_if_unused (test_master.VersionResetTests.test_explicit_reset_is_possible_if_unused) ... ok
test_latest_not_a_staging_tag (test_master.VersionResetTests.test_latest_not_a_staging_tag) ... ok
test_list_without_target_not_proof_when_history_unknown (test_master.VersionResetTests.test_list_without_target_not_proof_when_history_unknown) ... ok
test_lower_semver_requires_migration (test_master.VersionResetTests.test_lower_semver_requires_migration) ... ok
test_malformed_inventory_fails_without_throw (test_master.VersionResetTests.test_malformed_inventory_fails_without_throw) ... ok
test_no_leading_zero_version_confusion (test_master.VersionResetTests.test_no_leading_zero_version_confusion) ... ok
test_no_namespace_rights (test_master.VersionResetTests.test_no_namespace_rights) ... ok
test_non_stable_input_requires_actual_normalizer (test_master.VersionResetTests.test_non_stable_input_requires_actual_normalizer) ... ok
test_truthy_string_not_authority (test_master.VersionResetTests.test_truthy_string_not_authority) ... ok
test_unknown_past_not_assumed_unused (test_master.VersionResetTests.test_unknown_past_not_assumed_unused) ... ok
test_used_version_cannot_be_reset (test_master.VersionResetTests.test_used_version_cannot_be_reset) ... ok
test_valid_inventory_not_ready_to_publish (test_master.VersionResetTests.test_valid_inventory_not_ready_to_publish) ... ok
test_cancel_does_not_spend_more (test_model_failure.GroundingAndLoopTests.test_cancel_does_not_spend_more) ... ok
test_exact_decimal_claim (test_model_failure.GroundingAndLoopTests.test_exact_decimal_claim) ... ok
test_identical_query_same_version_reuses (test_model_failure.GroundingAndLoopTests.test_identical_query_same_version_reuses) ... ok
test_infinite_never_exact (test_model_failure.GroundingAndLoopTests.test_infinite_never_exact) ... ok
test_nan_never_exact (test_model_failure.GroundingAndLoopTests.test_nan_never_exact) ... ok
test_non_numeric_prose_not_verified (test_model_failure.GroundingAndLoopTests.test_non_numeric_prose_not_verified) ... ok
test_nonfinite_plan_rejected (test_model_failure.GroundingAndLoopTests.test_nonfinite_plan_rejected) ... ok
test_normalized_key_order_same (test_model_failure.GroundingAndLoopTests.test_normalized_key_order_same) ... ok
test_principal_scope_is_partitioned (test_model_failure.GroundingAndLoopTests.test_principal_scope_is_partitioned) ... ok
test_read_budget_stops_new_scans (test_model_failure.GroundingAndLoopTests.test_read_budget_stops_new_scans) ... ok
test_same_query_without_progress_stops (test_model_failure.GroundingAndLoopTests.test_same_query_without_progress_stops) ... ok
test_source_change_is_new_fingerprint (test_model_failure.GroundingAndLoopTests.test_source_change_is_new_fingerprint) ... ok
test_turn_budget_stops (test_model_failure.GroundingAndLoopTests.test_turn_budget_stops) ... ok
test_wrong_claim_rejected (test_model_failure.GroundingAndLoopTests.test_wrong_claim_rejected) ... ok
test_action_grant_without_confirmation_refused (test_model_failure.ProposalFailureTests.test_action_grant_without_confirmation_refused) ... ok
test_action_requires_separate_grant_and_context_confirmation (test_model_failure.ProposalFailureTests.test_action_requires_separate_grant_and_context_confirmation) ... ok
test_boolean_revision_is_not_integer (test_model_failure.ProposalFailureTests.test_boolean_revision_is_not_integer) ... ok
test_compatible_trend_available (test_model_failure.ProposalFailureTests.test_compatible_trend_available) ... ok
test_compose_commit_does_not_imply_action (test_model_failure.ProposalFailureTests.test_compose_commit_does_not_imply_action) ... ok
test_different_from_known_default_requires_choice (test_model_failure.ProposalFailureTests.test_different_from_known_default_requires_choice) ... ok
test_forged_approval_refused (test_model_failure.ProposalFailureTests.test_forged_approval_refused) ... ok
test_forged_human_refused (test_model_failure.ProposalFailureTests.test_forged_human_refused) ... ok
test_high_model_name_cannot_grant_privilege (test_model_failure.ProposalFailureTests.test_high_model_name_cannot_grant_privilege) ... ok
test_human_confirmed_choice_enforced (test_model_failure.ProposalFailureTests.test_human_confirmed_choice_enforced) ... ok
test_invalid_operation_returns_diagnostic (test_model_failure.ProposalFailureTests.test_invalid_operation_returns_diagnostic) ... ok
test_invalid_scope_does_not_throw (test_model_failure.ProposalFailureTests.test_invalid_scope_does_not_throw) ... ok
test_invalid_shape_returns_diagnostic (test_model_failure.ProposalFailureTests.test_invalid_shape_returns_diagnostic) ... ok
test_known_default_is_disclosed (test_model_failure.ProposalFailureTests.test_known_default_is_disclosed) ... ok
test_material_ambiguity_requests_choice (test_model_failure.ProposalFailureTests.test_material_ambiguity_requests_choice) ... ok
test_missing_definition_needs_meaning (test_model_failure.ProposalFailureTests.test_missing_definition_needs_meaning) ... ok
test_model_confidence_is_not_authority (test_model_failure.ProposalFailureTests.test_model_confidence_is_not_authority) ... ok
test_model_selection_is_not_human_confirmation (test_model_failure.ProposalFailureTests.test_model_selection_is_not_human_confirmation) ... ok
test_observe_does_not_imply_evaluate (test_model_failure.ProposalFailureTests.test_observe_does_not_imply_evaluate) ... ok
test_policy_change_invalidates (test_model_failure.ProposalFailureTests.test_policy_change_invalidates) ... ok
test_raw_jsx_rejected (test_model_failure.ProposalFailureTests.test_raw_jsx_rejected) ... ok
test_raw_sql_rejected (test_model_failure.ProposalFailureTests.test_raw_sql_rejected) ... ok
test_registered_but_incompatible_trend_refused (test_model_failure.ProposalFailureTests.test_registered_but_incompatible_trend_refused) ... ok
test_session_activation_allowed (test_model_failure.ProposalFailureTests.test_session_activation_allowed) ... ok
test_session_activation_not_organization_grant (test_model_failure.ProposalFailureTests.test_session_activation_not_organization_grant) ... ok
test_stale_task_cannot_win (test_model_failure.ProposalFailureTests.test_stale_task_cannot_win) ... ok
test_unknown_action_does_not_execute (test_model_failure.ProposalFailureTests.test_unknown_action_does_not_execute) ... ok
test_unknown_metric_rejected (test_model_failure.ProposalFailureTests.test_unknown_metric_rejected) ... ok
test_unknown_view_refused (test_model_failure.ProposalFailureTests.test_unknown_view_refused) ... ok
test_valid_but_wrong_intent_is_residual_risk (test_model_failure.ProposalFailureTests.test_valid_but_wrong_intent_is_residual_risk) ... ok
test_valid_proposal_is_not_execution_or_truth (test_model_failure.ProposalFailureTests.test_valid_proposal_is_not_execution_or_truth) ... ok
test_acceptance_changes_invalidate (test_r2.EvidenceFreshnessTests.test_acceptance_changes_invalidate) ... ok
test_actual_product_source_changes_invalidate (test_r2.EvidenceFreshnessTests.test_actual_product_source_changes_invalidate) ... ok
test_build_config_changes_invalidate (test_r2.EvidenceFreshnessTests.test_build_config_changes_invalidate) ... ok
test_ci_workflow_changes_invalidate (test_r2.EvidenceFreshnessTests.test_ci_workflow_changes_invalidate) ... ok
test_command_changes_invalidate (test_r2.EvidenceFreshnessTests.test_command_changes_invalidate) ... ok
test_design_changes_invalidate (test_r2.EvidenceFreshnessTests.test_design_changes_invalidate) ... ok
test_manifest_json_key_order_not_change_criteria (test_r2.EvidenceFreshnessTests.test_manifest_json_key_order_not_change_criteria) ... ok
test_normative_doc_changes_invalidate (test_r2.EvidenceFreshnessTests.test_normative_doc_changes_invalidate) ... ok
test_ownership_changes_invalidate (test_r2.EvidenceFreshnessTests.test_ownership_changes_invalidate) ... ok
test_review_evidence_not_part_of_own_subject (test_r2.EvidenceFreshnessTests.test_review_evidence_not_part_of_own_subject) ... ok
test_root_schema_config_changes_invalidate (test_r2.EvidenceFreshnessTests.test_root_schema_config_changes_invalidate) ... ok
test_status_does_not_create_circular_digest (test_r2.EvidenceFreshnessTests.test_status_does_not_create_circular_digest) ... ok
test_bool_timeout_refused (test_r2.GateRegressionTests.test_bool_timeout_refused) ... ok
test_native_scenario_required_when_advertised (test_r2.GateRegressionTests.test_native_scenario_required_when_advertised) ... ok
test_non_object_command_gracefully_refused (test_r2.GateRegressionTests.test_non_object_command_gracefully_refused) ... ok
test_ready_excludes_release_only_scenario (test_r2.GateRegressionTests.test_ready_excludes_release_only_scenario) ... ok
test_release_includes_live_scenario (test_r2.GateRegressionTests.test_release_includes_live_scenario) ... ok
test_shell_string_refused (test_r2.GateRegressionTests.test_shell_string_refused) ... ok
test_unknown_kind_rejected (test_r2.GateRegressionTests.test_unknown_kind_rejected) ... ok
test_absolute_traversal_refused (test_r2.OwnershipAndTaskTests.test_absolute_traversal_refused) ... ok
test_all_real_task_paths_canonical (test_r2.OwnershipAndTaskTests.test_all_real_task_paths_canonical) ... ok
test_new_dag_acyclic (test_r2.OwnershipAndTaskTests.test_new_dag_acyclic) ... ok
test_new_early_proof_before_large_catalog (test_r2.OwnershipAndTaskTests.test_new_early_proof_before_large_catalog) ... ok
test_old_missing_src_lease_refused (test_r2.OwnershipAndTaskTests.test_old_missing_src_lease_refused) ... ok
test_real_src_path_matches (test_r2.OwnershipAndTaskTests.test_real_src_path_matches) ... ok
test_scheduler_rejects_unsafe_paths (test_r2.OwnershipAndTaskTests.test_scheduler_rejects_unsafe_paths) ... ok
test_sibling_prefix_not_ownership (test_r2.OwnershipAndTaskTests.test_sibling_prefix_not_ownership) ... ok
test_symlink_escape_refused (test_r2.OwnershipAndTaskTests.test_symlink_escape_refused) ... ok
test_whole_package_explicit_lease_valid (test_r2.OwnershipAndTaskTests.test_whole_package_explicit_lease_valid) ... ok
test_next_output_is_excluded_but_build_config_remains_bound (test_toolchain.BuildOutputDigestTests.test_next_output_is_excluded_but_build_config_remains_bound) ... ok
test_global_compiler_cannot_satisfy_missing_install (test_toolchain.LocalToolTests.test_global_compiler_cannot_satisfy_missing_install) ... ok
test_project_executable_is_selected (test_toolchain.LocalToolTests.test_project_executable_is_selected) ... ok

----------------------------------------------------------------------
Ran 167 tests in 8.123s

OK
