{
  "scope": "Python reference monotone operation-coverage search only; NOT product or paint benchmark",
  "environment": {
    "python": "3.14.7 (main, Aug  5 2026, 10:29:49) [Clang 21.0.0 (clang-2100.1.1.101)]",
    "platform": "macOS-26.6.2-arm64-arm-64bit-Mach-O",
    "processor": "arm"
  },
  "includes": "validation/filtering/sorting of candidate list plus greedy selection; excludes registry construction",
  "limitations": "No browser, rendering, semantic queries, graph binding, pixels, mobile hardware or real model. No threshold derived for production.",
  "observations": [
    {
      "candidates": 71,
      "requiredOperations": 4,
      "runs": 25,
      "warmups": 3,
      "samplesMs": [
        0.062792,
        0.0625,
        0.0625,
        0.063541,
        0.0625,
        0.06275,
        0.062083,
        0.062459,
        0.081708,
        0.089833,
        0.065042,
        0.0725,
        0.064334,
        0.063375,
        0.063,
        0.062583,
        0.061792,
        0.062166,
        0.055917,
        0.055875,
        0.055458,
        0.06125,
        0.061708,
        0.061417,
        0.06175
      ],
      "medianMs": 0.0625,
      "p95Ms": 0.081708,
      "maxPlanExpansions": 4
    },
    {
      "candidates": 710,
      "requiredOperations": 4,
      "runs": 25,
      "warmups": 3,
      "samplesMs": [
        0.611625,
        0.611709,
        0.610459,
        0.6095,
        0.605333,
        0.609875,
        0.599834,
        0.597625,
        0.595333,
        0.599042,
        0.630458,
        0.680208,
        0.631584,
        0.613291,
        0.620958,
        0.626958,
        0.617666,
        0.616209,
        0.620167,
        0.616791,
        0.6195,
        0.617875,
        0.616708,
        0.618125,
        0.622667
      ],
      "medianMs": 0.616708,
      "p95Ms": 0.631584,
      "maxPlanExpansions": 4
    },
    {
      "candidates": 7100,
      "requiredOperations": 4,
      "runs": 25,
      "warmups": 3,
      "samplesMs": [
        6.26975,
        6.430583,
        6.230875,
        6.191958,
        6.240541,
        6.253333,
        6.177708,
        6.32825,
        6.068459,
        6.4875,
        6.227209,
        6.155167,
        6.252583,
        6.345166,
        6.299833,
        6.252208,
        6.074583,
        6.522958,
        6.186667,
        7.766958,
        6.095916,
        6.323416,
        6.187334,
        6.150375,
        6.111875
      ],
      "medianMs": 6.240541,
      "p95Ms": 6.522958,
      "maxPlanExpansions": 4
    }
  ]
}
