✔ unknown SSR measurement is representable (0.788416ms)
✔ zero-size hidden container is real, not unknown (0.064333ms)
✔ known measurement needs a number (0.171375ms)
✔ negative measurement refused (0.403875ms)
✔ NaN and infinity refused (0.075459ms)
✔ unknown state does not carry a fictional width (0.048667ms)
✔ count unknown distinct from exact zero (0.086375ms)
✔ exact count missing value refused (0.06225ms)
✔ unsafe integer count refused (0.053709ms)
✔ negative and fractional exact counts refused (0.09ms)
✔ estimated count missing method refused (0.051292ms)
✔ estimate may honestly state unquantified uncertainty (0.0585ms)
✔ approximate precision requires evidence (0.038083ms)
✔ inverted uncertainty interval refused (0.029583ms)
✔ precision exact is independent of sample population (0.027792ms)
✔ selection keys are stable strings (0.062416ms)
✔ selection rejects row-index numeric keys (0.046ms)
✔ clear is explicit, empty selection ID list refused (0.041333ms)
✔ duplicate selection keys refused (0.031084ms)
✔ selection cannot self-label human approval (0.026709ms)
✔ result reference is version and scope bound (0.024333ms)
✔ function call without immutable revision refused (0.078542ms)
✔ versioned function call accepted structurally (0.025708ms)
✔ raw executable expression kind refused (0.029709ms)
✔ integer literal must not be nonfinite (0.028708ms)
✔ nonnullable null refused (0.025667ms)
✔ unsafe decimal syntax refused (0.050583ms)
✔ deep expression bounded before recursion (0.08375ms)
✔ wide expression bounded (0.067791ms)
✔ multioutput task topologically ordered (0.096459ms)
✔ queryless form/presentation examples do not have outputs (0.0205ms)
✔ missing output dependency refused (0.06725ms)
✔ duplicate output ID refused (0.027042ms)
✔ live cohort must be explicit dependency (0.0415ms)
✔ dependency cycle refused (0.0365ms)
✔ output budget cannot silently truncate (0.025416ms)
✔ containment tree accepted (0.072458ms)
✔ two parents for a node refused (0.032625ms)
✔ orphan containment refused (0.028458ms)
✔ cycle through root refused (0.033917ms)
✔ same read set can commit (0.047042ms)
✔ changed scopeDigest rejects stale proposal (0.026125ms)
✔ changed policyRevision rejects stale proposal (0.01875ms)
✔ changed taskRevision rejects stale proposal (0.023ms)
✔ changed regionRevision rejects stale proposal (0.015792ms)
✔ changed catalogRevision rejects stale proposal (0.017834ms)
✔ changed experienceRevision rejects stale proposal (0.020833ms)
✔ changed functionRegistryDigest rejects stale proposal (0.016458ms)
✔ changed result revision rejects commit (0.022958ms)
✔ same result revision but different query is not reusable (0.020125ms)
✔ unrelated extra result does not invalidate the read set (0.022917ms)
✔ coverage requires actual registered operation (0.073042ms)
✔ self-reported coverage is not evidence (0.079042ms)
✔ coverage cannot cite a missing view (0.075542ms)
✔ coverage must bind correct output (0.043125ms)
✔ 100 seeded output DAG permutations retain dependency order (2.354875ms)
✔ 100 result permutations preserve matching preconditions (1.804125ms)
ℹ tests 57
ℹ suites 0
ℹ pass 57
ℹ fail 0
ℹ cancelled 0
ℹ skipped 0
ℹ todo 0
ℹ duration_ms 49.697292
