#0 building with "orbstack" instance using docker driver

#1 [internal] load build definition from Dockerfile
#1 transferring dockerfile: 1.98kB done
#1 DONE 0.1s

#2 [internal] load metadata for docker.io/library/golang:1.27.0-alpine@sha256:4c9fe60190a2a3350ddc51de80d0224b8a6698d12bdfc999fee45ea9d6c46dbc
#2 ...

#3 [internal] load metadata for docker.io/library/node:24.20.0-alpine@sha256:e67514e5d0f6c46656005e1b693b2ec9d52e80b641307de684d4a015ba7a4eaf
#3 DONE 2.6s

#2 [internal] load metadata for docker.io/library/golang:1.27.0-alpine@sha256:4c9fe60190a2a3350ddc51de80d0224b8a6698d12bdfc999fee45ea9d6c46dbc
#2 DONE 2.6s

#4 [internal] load .dockerignore
#4 transferring context: 894B done
#4 DONE 0.1s

#5 [internal] load build context
#5 DONE 0.0s

#6 [server-build 1/4] FROM docker.io/library/golang:1.27.0-alpine@sha256:4c9fe60190a2a3350ddc51de80d0224b8a6698d12bdfc999fee45ea9d6c46dbc
#6 resolve docker.io/library/golang:1.27.0-alpine@sha256:4c9fe60190a2a3350ddc51de80d0224b8a6698d12bdfc999fee45ea9d6c46dbc 0.1s done
#6 DONE 0.1s

#7 [site-build  1/13] FROM docker.io/library/node:24.20.0-alpine@sha256:e67514e5d0f6c46656005e1b693b2ec9d52e80b641307de684d4a015ba7a4eaf
#7 resolve docker.io/library/node:24.20.0-alpine@sha256:e67514e5d0f6c46656005e1b693b2ec9d52e80b641307de684d4a015ba7a4eaf
#7 resolve docker.io/library/node:24.20.0-alpine@sha256:e67514e5d0f6c46656005e1b693b2ec9d52e80b641307de684d4a015ba7a4eaf 0.1s done
#7 DONE 0.1s

#5 [internal] load build context
#5 transferring context: 7.58MB 0.1s done
#5 DONE 0.1s

#8 [server-build 2/4] WORKDIR /src
#8 CACHED

#9 [server-build 3/4] COPY deploy/server.go ./server.go
#9 CACHED

#10 [server-build 4/4] RUN CGO_ENABLED=0 GOOS=linux go build -trimpath   -ldflags="-s -w -X main.revision=421deab7881fdda54474e64e9556cb7edc7392361d251987d00fd4f5d85b49e6"   -o /aeliqo-static-server ./server.go
#10 DONE 21.2s

#11 [site-build 13/13] RUN rm -rf /workspace/apps/site/dist /workspace/artifacts/site-source /workspace/artifacts/site-public   && node --input-type=module -e 'const {generatePages}=await import("./apps/site/generate-pages.mjs"); await generatePages()'   && test -f /workspace/artifacts/site-source/index.html
#11 CACHED

#12 [site-build  8/13] COPY tests ./tests
#12 CACHED

#13 [site-build  5/13] COPY packages ./packages
#13 CACHED

#14 [site-build  9/13] COPY design ./design
#14 CACHED

#15 [site-build  7/13] COPY examples ./examples
#15 CACHED

#16 [site-build 12/13] RUN pnpm build:platform && pnpm build:agent
#16 CACHED

#17 [site-build  6/13] COPY apps ./apps
#17 CACHED

#18 [site-build  2/13] WORKDIR /workspace
#18 CACHED

#19 [site-build 10/13] COPY harness/components.json ./harness/components.json
#19 CACHED

#20 [site-build 11/13] RUN pnpm install --frozen-lockfile
#20 CACHED

#21 [site-build  3/13] RUN corepack enable && corepack prepare pnpm@11.24.0 --activate
#21 CACHED

#22 [site-build  4/13] COPY package.json pnpm-lock.yaml pnpm-workspace.yaml tsconfig.json ./
#22 CACHED

#23 [site-generated 1/1] RUN pnpm --filter @aeliqo/site build   && test -f /workspace/apps/site/dist/404/index.html   && test -f /workspace/apps/site/dist/404.html
#23 CACHED

#24 [stage-3 1/3] COPY --from=server-build /aeliqo-static-server /aeliqo-static-server
#24 DONE 0.0s

#25 [stage-3 2/3] COPY --from=site-generated /workspace/apps/site/dist /srv/aeliqo
#25 DONE 0.1s

#26 [stage-3 3/3] WORKDIR /srv/aeliqo
#26 DONE 0.1s

#27 exporting to image
#27 exporting layers
#27 exporting layers 0.3s done
#27 exporting manifest sha256:94b4d7ae1c3e9b6b76db4d49fdcc75e1fa126132da7ddf8f702934cb44690ef0
#27 exporting manifest sha256:94b4d7ae1c3e9b6b76db4d49fdcc75e1fa126132da7ddf8f702934cb44690ef0 0.0s done
#27 exporting config sha256:06f91fbd273edd22bde0e1c733b29bc8ab906d0f66251616fa8f36edfd984829 0.0s done
#27 exporting attestation manifest sha256:6b4af463475ee5454d8d900d2499f92e0aff56239befa8805c29bde78859fb2c 0.0s done
#27 exporting manifest list sha256:7ee337bfc695b1b13e70ce4ee215f4c2f6311fec38634cee2c411c7224939dfe 0.0s done
#27 naming to docker.io/library/aeliqo-421deab-cache-fix:cb1e229 done
#27 DONE 0.3s
