{
  "scope": "Python reference monotone operation-coverage search only; NOT product or paint benchmark",
  "environment": {
    "python": "3.14.7 (main, Aug  5 2026, 10:29:49) [Clang 21.0.0 (clang-2100.1.1.101)]",
    "platform": "macOS-26.6.2-arm64-arm-64bit-Mach-O",
    "processor": "arm"
  },
  "includes": "validation/filtering/sorting of candidate list plus greedy selection; excludes registry construction",
  "limitations": "No browser, rendering, semantic queries, graph binding, pixels, mobile hardware or real model. No threshold derived for production.",
  "observations": [
    {
      "candidates": 71,
      "requiredOperations": 4,
      "runs": 25,
      "warmups": 3,
      "samplesMs": [
        0.063542,
        0.063584,
        0.063,
        0.062167,
        0.062333,
        0.061625,
        0.061708,
        0.061708,
        0.06225,
        0.061875,
        0.06175,
        0.061667,
        0.0615,
        0.06175,
        0.061667,
        0.061417,
        0.061875,
        0.0625,
        0.062041,
        0.061167,
        0.060875,
        0.060917,
        0.0605,
        0.060667,
        0.060417
      ],
      "medianMs": 0.061708,
      "p95Ms": 0.063542,
      "maxPlanExpansions": 4
    },
    {
      "candidates": 710,
      "requiredOperations": 4,
      "runs": 25,
      "warmups": 3,
      "samplesMs": [
        0.616875,
        0.712041,
        0.645875,
        0.620833,
        0.609042,
        0.611167,
        0.606292,
        0.609959,
        0.603792,
        0.607042,
        0.613625,
        0.62125,
        0.68375,
        0.648792,
        0.620625,
        0.619,
        0.614625,
        0.665292,
        0.653,
        0.639,
        0.6335,
        0.630291,
        0.6475,
        0.62225,
        0.627667
      ],
      "medianMs": 0.62125,
      "p95Ms": 0.68375,
      "maxPlanExpansions": 4
    },
    {
      "candidates": 7100,
      "requiredOperations": 4,
      "runs": 25,
      "warmups": 3,
      "samplesMs": [
        6.437709,
        6.659167,
        6.750708,
        6.345875,
        6.238833,
        6.227542,
        6.236125,
        6.853917,
        6.395667,
        6.513958,
        6.443791,
        6.360125,
        6.535666,
        6.526541,
        6.356291,
        6.817583,
        7.38675,
        6.8255,
        6.575583,
        8.614583,
        6.614833,
        6.3565,
        6.435667,
        6.861125,
        6.844291
      ],
      "medianMs": 6.526541,
      "p95Ms": 7.38675,
      "maxPlanExpansions": 4
    }
  ]
}
