✔ unknown SSR measurement is representable (0.78325ms)
✔ zero-size hidden container is real, not unknown (0.064ms)
✔ known measurement needs a number (0.288542ms)
✔ negative measurement refused (0.4635ms)
✔ NaN and infinity refused (0.084083ms)
✔ unknown state does not carry a fictional width (0.052083ms)
✔ count unknown distinct from exact zero (0.0975ms)
✔ exact count missing value refused (0.060708ms)
✔ unsafe integer count refused (0.052791ms)
✔ negative and fractional exact counts refused (0.097ms)
✔ estimated count missing method refused (0.051959ms)
✔ estimate may honestly state unquantified uncertainty (0.05925ms)
✔ approximate precision requires evidence (0.040208ms)
✔ inverted uncertainty interval refused (0.03025ms)
✔ precision exact is independent of sample population (0.024708ms)
✔ selection keys are stable strings (0.063375ms)
✔ selection rejects row-index numeric keys (0.043625ms)
✔ clear is explicit, empty selection ID list refused (0.043375ms)
✔ duplicate selection keys refused (0.031875ms)
✔ selection cannot self-label human approval (0.027458ms)
✔ result reference is version and scope bound (0.024458ms)
✔ function call without immutable revision refused (0.088667ms)
✔ versioned function call accepted structurally (0.028667ms)
✔ raw executable expression kind refused (0.027583ms)
✔ integer literal must not be nonfinite (0.027959ms)
✔ nonnullable null refused (0.025583ms)
✔ unsafe decimal syntax refused (0.06025ms)
✔ deep expression bounded before recursion (0.088ms)
✔ wide expression bounded (0.070833ms)
✔ multioutput task topologically ordered (0.092875ms)
✔ queryless form/presentation examples do not have outputs (0.021208ms)
✔ missing output dependency refused (0.070417ms)
✔ duplicate output ID refused (0.035292ms)
✔ live cohort must be explicit dependency (0.039834ms)
✔ dependency cycle refused (0.0385ms)
✔ output budget cannot silently truncate (0.027791ms)
✔ containment tree accepted (0.073917ms)
✔ two parents for a node refused (0.032166ms)
✔ orphan containment refused (0.029917ms)
✔ cycle through root refused (0.032333ms)
✔ same read set can commit (0.048417ms)
✔ changed scopeDigest rejects stale proposal (0.026708ms)
✔ changed policyRevision rejects stale proposal (0.019375ms)
✔ changed taskRevision rejects stale proposal (0.02375ms)
✔ changed regionRevision rejects stale proposal (0.022208ms)
✔ changed catalogRevision rejects stale proposal (0.017542ms)
✔ changed experienceRevision rejects stale proposal (0.02075ms)
✔ changed functionRegistryDigest rejects stale proposal (0.019167ms)
✔ changed result revision rejects commit (0.023125ms)
✔ same result revision but different query is not reusable (0.020958ms)
✔ unrelated extra result does not invalidate the read set (0.02075ms)
✔ coverage requires actual registered operation (0.07425ms)
✔ self-reported coverage is not evidence (0.029625ms)
✔ coverage cannot cite a missing view (0.0305ms)
✔ coverage must bind correct output (0.029333ms)
✔ 100 seeded output DAG permutations retain dependency order (2.4365ms)
✔ 100 result permutations preserve matching preconditions (1.963833ms)
ℹ tests 57
ℹ suites 0
ℹ pass 57
ℹ fail 0
ℹ cancelled 0
ℹ skipped 0
ℹ todo 0
ℹ duration_ms 52.484625
