[WebServer] (node:28706) Warning: The 'NO_COLOR' env is ignored due to the 'FORCE_COLOR' env being set.
[WebServer] (Use `node --trace-warnings ...` to show where the warning was created)
[WebServer] (node:28712) Warning: The 'NO_COLOR' env is ignored due to the 'FORCE_COLOR' env being set.
[WebServer] (Use `node --trace-warnings ...` to show where the warning was created)

Running 255 tests using 1 worker

(node:28719) Warning: The 'NO_COLOR' env is ignored due to the 'FORCE_COLOR' env being set.
(Use `node --trace-warnings ...` to show where the warning was created)
[WebServer] 8:09:27 AM [vite] (client) [console.warn] Lit is in dev mode. Not recommended for production! See https://lit.dev/msg/dev-mode for more information.
  ✓    1 [chromium] › tests/visual/compound-interactions.spec.ts:125:9 › desktop-light › explorer commits an authorized filter and stable identity selection (698ms)
[WebServer] 8:09:28 AM [vite] (client) [console.warn] Lit is in dev mode. Not recommended for production! See https://lit.dev/msg/dev-mode for more information.
  ✓    2 [chromium] › tests/visual/compound-interactions.spec.ts:151:9 › desktop-light › comparison emits a bounded set and exposes incompatible metrics (704ms)
[WebServer] 8:09:29 AM [vite] (client) [console.warn] Lit is in dev mode. Not recommended for production! See https://lit.dev/msg/dev-mode for more information.
  ✓    3 [chromium] › tests/visual/compound-interactions.spec.ts:173:9 › desktop-light › breakdown emits the selected group identity without deriving a metric (535ms)
[WebServer] 8:09:29 AM [vite] (client) [console.warn] Lit is in dev mode. Not recommended for production! See https://lit.dev/msg/dev-mode for more information.
  ✓    4 [chromium] › tests/visual/compound-interactions.spec.ts:190:9 › desktop-light › investigation forwards evidence selection with result lineage (570ms)
[WebServer] 8:09:30 AM [vite] (client) [console.warn] Lit is in dev mode. Not recommended for production! See https://lit.dev/msg/dev-mode for more information.
  ✓    5 [chromium] › tests/visual/compound-interactions.spec.ts:204:9 › desktop-light › search results restore a matching revision before emitting selection (525ms)
[WebServer] 8:09:30 AM [vite] (client) [console.warn] Lit is in dev mode. Not recommended for production! See https://lit.dev/msg/dev-mode for more information.
  ✓    6 [chromium] › tests/visual/compound-interactions.spec.ts:224:9 › desktop-light › record editor keeps an IME draft and emits explicit save and cancel receipts (548ms)
[WebServer] 8:09:31 AM [vite] (client) [console.warn] Lit is in dev mode. Not recommended for production! See https://lit.dev/msg/dev-mode for more information.
  ✓    7 [chromium] › tests/visual/compound-interactions.spec.ts:290:9 › desktop-light › form flow validates before moving, preserves draft and focus, then commits (545ms)
[WebServer] 8:09:31 AM [vite] (client) [console.warn] Lit is in dev mode. Not recommended for production! See https://lit.dev/msg/dev-mode for more information.
  ✓    8 [chromium] › tests/visual/compound-interactions.spec.ts:340:9 › desktop-light › quality panel stays a read-only evidence surface without interaction events (420ms)
[WebServer] 8:09:32 AM [vite] (client) [console.warn] Lit is in dev mode. Not recommended for production! See https://lit.dev/msg/dev-mode for more information.
  ✓    9 [chromium] › tests/visual/compound-interactions.spec.ts:125:9 › narrow-dark-rtl › explorer commits an authorized filter and stable identity selection (578ms)
[WebServer] 8:09:32 AM [vite] (client) [console.warn] Lit is in dev mode. Not recommended for production! See https://lit.dev/msg/dev-mode for more information.
  ✓   10 [chromium] › tests/visual/compound-interactions.spec.ts:151:9 › narrow-dark-rtl › comparison emits a bounded set and exposes incompatible metrics (647ms)
[WebServer] 8:09:33 AM [vite] (client) [console.warn] Lit is in dev mode. Not recommended for production! See https://lit.dev/msg/dev-mode for more information.
  ✓   11 [chromium] › tests/visual/compound-interactions.spec.ts:173:9 › narrow-dark-rtl › breakdown emits the selected group identity without deriving a metric (524ms)
[WebServer] 8:09:33 AM [vite] (client) [console.warn] Lit is in dev mode. Not recommended for production! See https://lit.dev/msg/dev-mode for more information.
  ✓   12 [chromium] › tests/visual/compound-interactions.spec.ts:190:9 › narrow-dark-rtl › investigation forwards evidence selection with result lineage (574ms)
[WebServer] 8:09:34 AM [vite] (client) [console.warn] Lit is in dev mode. Not recommended for production! See https://lit.dev/msg/dev-mode for more information.
  ✓   13 [chromium] › tests/visual/compound-interactions.spec.ts:204:9 › narrow-dark-rtl › search results restore a matching revision before emitting selection (560ms)
[WebServer] 8:09:35 AM [vite] (client) [console.warn] Lit is in dev mode. Not recommended for production! See https://lit.dev/msg/dev-mode for more information.
  ✓   14 [chromium] › tests/visual/compound-interactions.spec.ts:224:9 › narrow-dark-rtl › record editor keeps an IME draft and emits explicit save and cancel receipts (532ms)
[WebServer] 8:09:35 AM [vite] (client) [console.warn] Lit is in dev mode. Not recommended for production! See https://lit.dev/msg/dev-mode for more information.
  ✓   15 [chromium] › tests/visual/compound-interactions.spec.ts:290:9 › narrow-dark-rtl › form flow validates before moving, preserves draft and focus, then commits (526ms)
[WebServer] 8:09:36 AM [vite] (client) [console.warn] Lit is in dev mode. Not recommended for production! See https://lit.dev/msg/dev-mode for more information.
  ✓   16 [chromium] › tests/visual/compound-interactions.spec.ts:340:9 › narrow-dark-rtl › quality panel stays a read-only evidence surface without interaction events (441ms)
[WebServer] 8:09:36 AM [vite] (client) [console.warn] Lit is in dev mode. Not recommended for production! See https://lit.dev/msg/dev-mode for more information.
  ✓   17 [chromium] › tests/visual/data-interactions.spec.ts:100:7 › record-list selected state remains visible in forced colors (432ms)
[WebServer] 8:09:37 AM [vite] (client) [console.warn] Lit is in dev mode. Not recommended for production! See https://lit.dev/msg/dev-mode for more information.
  ✓   18 [chromium] › tests/visual/data-interactions.spec.ts:100:7 › card-collection selected state remains visible in forced colors (443ms)
[WebServer] 8:09:37 AM [vite] (client) [console.warn] Lit is in dev mode. Not recommended for production! See https://lit.dev/msg/dev-mode for more information.
  ✓   19 [chromium] › tests/visual/data-interactions.spec.ts:100:7 › table selected state remains visible in forced colors (464ms)
[WebServer] 8:09:37 AM [vite] (client) [console.warn] Lit is in dev mode. Not recommended for production! See https://lit.dev/msg/dev-mode for more information.
  ✓   20 [chromium] › tests/visual/data-interactions.spec.ts:122:9 › desktop-light › record-list keyboard selection keeps a stable identity across reorder (441ms)
[WebServer] 8:09:38 AM [vite] (client) [console.warn] Lit is in dev mode. Not recommended for production! See https://lit.dev/msg/dev-mode for more information.
  ✓   21 [chromium] › tests/visual/data-interactions.spec.ts:141:9 › desktop-light › card selection and load-more stay keyboard reachable and bounded (470ms)
[WebServer] 8:09:38 AM [vite] (client) [console.warn] Lit is in dev mode. Not recommended for production! See https://lit.dev/msg/dev-mode for more information.
  ✓   22 [chromium] › tests/visual/data-interactions.spec.ts:173:9 › desktop-light › table keyboard sorting, selection and paging emit typed stable requests (501ms)
[WebServer] 8:09:39 AM [vite] (client) [console.warn] Lit is in dev mode. Not recommended for production! See https://lit.dev/msg/dev-mode for more information.
  ✓   23 [chromium] › tests/visual/data-interactions.spec.ts:219:9 › desktop-light › table grid requests a bounded stable row window at the keyboard boundary (481ms)
[WebServer] 8:09:39 AM [vite] (client) [console.warn] Lit is in dev mode. Not recommended for production! See https://lit.dev/msg/dev-mode for more information.
  ✓   24 [chromium] › tests/visual/data-interactions.spec.ts:242:9 › desktop-light › filter-builder keeps IME edits draft-only, applies explicitly, and blocks invalid or in-flight requests (462ms)
[WebServer] 8:09:40 AM [vite] (client) [console.warn] Lit is in dev mode. Not recommended for production! See https://lit.dev/msg/dev-mode for more information.
  ✓   25 [chromium] › tests/visual/data-interactions.spec.ts:281:9 › desktop-light › selection-summary clears controlled stable selection by keyboard (414ms)
[WebServer] 8:09:40 AM [vite] (client) [console.warn] Lit is in dev mode. Not recommended for production! See https://lit.dev/msg/dev-mode for more information.
  ✓   26 [chromium] › tests/visual/data-interactions.spec.ts:122:9 › narrow-dark-rtl › record-list keyboard selection keeps a stable identity across reorder (482ms)
[WebServer] 8:09:41 AM [vite] (client) [console.warn] Lit is in dev mode. Not recommended for production! See https://lit.dev/msg/dev-mode for more information.
  ✓   27 [chromium] › tests/visual/data-interactions.spec.ts:141:9 › narrow-dark-rtl › card selection and load-more stay keyboard reachable and bounded (501ms)
[WebServer] 8:09:41 AM [vite] (client) [console.warn] Lit is in dev mode. Not recommended for production! See https://lit.dev/msg/dev-mode for more information.
  ✓   28 [chromium] › tests/visual/data-interactions.spec.ts:173:9 › narrow-dark-rtl › table keyboard sorting, selection and paging emit typed stable requests (537ms)
[WebServer] 8:09:42 AM [vite] (client) [console.warn] Lit is in dev mode. Not recommended for production! See https://lit.dev/msg/dev-mode for more information.
  ✓   29 [chromium] › tests/visual/data-interactions.spec.ts:219:9 › narrow-dark-rtl › table grid requests a bounded stable row window at the keyboard boundary (515ms)
[WebServer] 8:09:42 AM [vite] (client) [console.warn] Lit is in dev mode. Not recommended for production! See https://lit.dev/msg/dev-mode for more information.
  ✓   30 [chromium] › tests/visual/data-interactions.spec.ts:242:9 › narrow-dark-rtl › filter-builder keeps IME edits draft-only, applies explicitly, and blocks invalid or in-flight requests (502ms)
[WebServer] 8:09:43 AM [vite] (client) [console.warn] Lit is in dev mode. Not recommended for production! See https://lit.dev/msg/dev-mode for more information.
  ✓   31 [chromium] › tests/visual/data-interactions.spec.ts:281:9 › narrow-dark-rtl › selection-summary clears controlled stable selection by keyboard (441ms)
[WebServer] 8:09:43 AM [vite] (client) [console.warn] Lit is in dev mode. Not recommended for production! See https://lit.dev/msg/dev-mode for more information.
  ✓   32 [chromium] › tests/visual/visualization-interactions.spec.ts:219:11 › desktop-light visualization interactions › trend selects a stable identity with exact result lineage (432ms)
[WebServer] 8:09:44 AM [vite] (client) [console.warn] Lit is in dev mode. Not recommended for production! See https://lit.dev/msg/dev-mode for more information.
  ✓   33 [chromium] › tests/visual/visualization-interactions.spec.ts:219:11 › desktop-light visualization interactions › bar selects a stable identity with exact result lineage (446ms)
[WebServer] 8:09:44 AM [vite] (client) [console.warn] Lit is in dev mode. Not recommended for production! See https://lit.dev/msg/dev-mode for more information.
  ✓   34 [chromium] › tests/visual/visualization-interactions.spec.ts:219:11 › desktop-light visualization interactions › area selects a stable identity with exact result lineage (448ms)
[WebServer] 8:09:45 AM [vite] (client) [console.warn] Lit is in dev mode. Not recommended for production! See https://lit.dev/msg/dev-mode for more information.
  ✓   35 [chromium] › tests/visual/visualization-interactions.spec.ts:219:11 › desktop-light visualization interactions › scatter selects a stable identity with exact result lineage (441ms)
[WebServer] 8:09:45 AM [vite] (client) [console.warn] Lit is in dev mode. Not recommended for production! See https://lit.dev/msg/dev-mode for more information.
  ✓   36 [chromium] › tests/visual/visualization-interactions.spec.ts:219:11 › desktop-light visualization interactions › histogram selects a stable identity with exact result lineage (428ms)
[WebServer] 8:09:45 AM [vite] (client) [console.warn] Lit is in dev mode. Not recommended for production! See https://lit.dev/msg/dev-mode for more information.
  ✓   37 [chromium] › tests/visual/visualization-interactions.spec.ts:219:11 › desktop-light visualization interactions › heatmap selects a stable identity with exact result lineage (464ms)
[WebServer] 8:09:46 AM [vite] (client) [console.warn] Lit is in dev mode. Not recommended for production! See https://lit.dev/msg/dev-mode for more information.
  ✓   38 [chromium] › tests/visual/visualization-interactions.spec.ts:219:11 › desktop-light visualization interactions › matrix selects a stable identity with exact result lineage (413ms)
[WebServer] 8:09:46 AM [vite] (client) [console.warn] Lit is in dev mode. Not recommended for production! See https://lit.dev/msg/dev-mode for more information.
  ✓   39 [chromium] › tests/visual/visualization-interactions.spec.ts:219:11 › desktop-light visualization interactions › timeline selects a stable identity with exact result lineage (440ms)
[WebServer] 8:09:47 AM [vite] (client) [console.warn] Lit is in dev mode. Not recommended for production! See https://lit.dev/msg/dev-mode for more information.
  ✓   40 [chromium] › tests/visual/visualization-interactions.spec.ts:219:11 › desktop-light visualization interactions › calendar-grid selects a stable identity with exact result lineage (448ms)
[WebServer] 8:09:47 AM [vite] (client) [console.warn] Lit is in dev mode. Not recommended for production! See https://lit.dev/msg/dev-mode for more information.
  ✓   41 [chromium] › tests/visual/visualization-interactions.spec.ts:219:11 › desktop-light visualization interactions › tree selects a stable identity with exact result lineage (448ms)
[WebServer] 8:09:48 AM [vite] (client) [console.warn] Lit is in dev mode. Not recommended for production! See https://lit.dev/msg/dev-mode for more information.
  ✓   42 [chromium] › tests/visual/visualization-interactions.spec.ts:219:11 › desktop-light visualization interactions › treemap selects a stable identity with exact result lineage (443ms)
[WebServer] 8:09:48 AM [vite] (client) [console.warn] Lit is in dev mode. Not recommended for production! See https://lit.dev/msg/dev-mode for more information.
  ✓   43 [chromium] › tests/visual/visualization-interactions.spec.ts:219:11 › desktop-light visualization interactions › relationship selects a stable identity with exact result lineage (440ms)
[WebServer] 8:09:49 AM [vite] (client) [console.warn] Lit is in dev mode. Not recommended for production! See https://lit.dev/msg/dev-mode for more information.
  ✓   44 [chromium] › tests/visual/visualization-interactions.spec.ts:245:11 › desktop-light visualization interactions › trend keeps the existing partial and empty data states honest (210ms)
[WebServer] 8:09:49 AM [vite] (client) [console.warn] Lit is in dev mode. Not recommended for production! See https://lit.dev/msg/dev-mode for more information.
  ✓   45 [chromium] › tests/visual/visualization-interactions.spec.ts:245:11 › desktop-light visualization interactions › bar keeps the existing partial and empty data states honest (224ms)
[WebServer] 8:09:49 AM [vite] (client) [console.warn] Lit is in dev mode. Not recommended for production! See https://lit.dev/msg/dev-mode for more information.
  ✓   46 [chromium] › tests/visual/visualization-interactions.spec.ts:245:11 › desktop-light visualization interactions › area keeps the existing partial and empty data states honest (231ms)
[WebServer] 8:09:49 AM [vite] (client) [console.warn] Lit is in dev mode. Not recommended for production! See https://lit.dev/msg/dev-mode for more information.
  ✓   47 [chromium] › tests/visual/visualization-interactions.spec.ts:245:11 › desktop-light visualization interactions › scatter keeps the existing partial and empty data states honest (223ms)
[WebServer] 8:09:49 AM [vite] (client) [console.warn] Lit is in dev mode. Not recommended for production! See https://lit.dev/msg/dev-mode for more information.
  ✓   48 [chromium] › tests/visual/visualization-interactions.spec.ts:245:11 › desktop-light visualization interactions › histogram keeps the existing partial and empty data states honest (227ms)
[WebServer] 8:09:50 AM [vite] (client) [console.warn] Lit is in dev mode. Not recommended for production! See https://lit.dev/msg/dev-mode for more information.
  ✓   49 [chromium] › tests/visual/visualization-interactions.spec.ts:245:11 › desktop-light visualization interactions › heatmap keeps the existing partial and empty data states honest (228ms)
[WebServer] 8:09:50 AM [vite] (client) [console.warn] Lit is in dev mode. Not recommended for production! See https://lit.dev/msg/dev-mode for more information.
  ✓   50 [chromium] › tests/visual/visualization-interactions.spec.ts:245:11 › desktop-light visualization interactions › matrix keeps the existing partial and empty data states honest (205ms)
[WebServer] 8:09:50 AM [vite] (client) [console.warn] Lit is in dev mode. Not recommended for production! See https://lit.dev/msg/dev-mode for more information.
  ✓   51 [chromium] › tests/visual/visualization-interactions.spec.ts:245:11 › desktop-light visualization interactions › timeline keeps the existing partial and empty data states honest (207ms)
[WebServer] 8:09:50 AM [vite] (client) [console.warn] Lit is in dev mode. Not recommended for production! See https://lit.dev/msg/dev-mode for more information.
  ✓   52 [chromium] › tests/visual/visualization-interactions.spec.ts:245:11 › desktop-light visualization interactions › calendar-grid keeps the existing partial and empty data states honest (207ms)
[WebServer] 8:09:51 AM [vite] (client) [console.warn] Lit is in dev mode. Not recommended for production! See https://lit.dev/msg/dev-mode for more information.
  ✓   53 [chromium] › tests/visual/visualization-interactions.spec.ts:245:11 › desktop-light visualization interactions › tree keeps the existing partial and empty data states honest (206ms)
[WebServer] 8:09:51 AM [vite] (client) [console.warn] Lit is in dev mode. Not recommended for production! See https://lit.dev/msg/dev-mode for more information.
  ✓   54 [chromium] › tests/visual/visualization-interactions.spec.ts:245:11 › desktop-light visualization interactions › treemap keeps the existing partial and empty data states honest (204ms)
[WebServer] 8:09:51 AM [vite] (client) [console.warn] Lit is in dev mode. Not recommended for production! See https://lit.dev/msg/dev-mode for more information.
  ✓   55 [chromium] › tests/visual/visualization-interactions.spec.ts:245:11 › desktop-light visualization interactions › relationship keeps the existing partial and empty data states honest (218ms)
[WebServer] 8:09:51 AM [vite] (client) [console.warn] Lit is in dev mode. Not recommended for production! See https://lit.dev/msg/dev-mode for more information.
  ✓   56 [chromium] › tests/visual/visualization-interactions.spec.ts:219:11 › narrow-dark-rtl visualization interactions › trend selects a stable identity with exact result lineage (454ms)
[WebServer] 8:09:52 AM [vite] (client) [console.warn] Lit is in dev mode. Not recommended for production! See https://lit.dev/msg/dev-mode for more information.
  ✓   57 [chromium] › tests/visual/visualization-interactions.spec.ts:219:11 › narrow-dark-rtl visualization interactions › bar selects a stable identity with exact result lineage (496ms)
[WebServer] 8:09:52 AM [vite] (client) [console.warn] Lit is in dev mode. Not recommended for production! See https://lit.dev/msg/dev-mode for more information.
  ✓   58 [chromium] › tests/visual/visualization-interactions.spec.ts:219:11 › narrow-dark-rtl visualization interactions › area selects a stable identity with exact result lineage (423ms)
[WebServer] 8:09:53 AM [vite] (client) [console.warn] Lit is in dev mode. Not recommended for production! See https://lit.dev/msg/dev-mode for more information.
  ✓   59 [chromium] › tests/visual/visualization-interactions.spec.ts:219:11 › narrow-dark-rtl visualization interactions › scatter selects a stable identity with exact result lineage (457ms)
[WebServer] 8:09:53 AM [vite] (client) [console.warn] Lit is in dev mode. Not recommended for production! See https://lit.dev/msg/dev-mode for more information.
  ✓   60 [chromium] › tests/visual/visualization-interactions.spec.ts:219:11 › narrow-dark-rtl visualization interactions › histogram selects a stable identity with exact result lineage (428ms)
[WebServer] 8:09:54 AM [vite] (client) [console.warn] Lit is in dev mode. Not recommended for production! See https://lit.dev/msg/dev-mode for more information.
  ✓   61 [chromium] › tests/visual/visualization-interactions.spec.ts:219:11 › narrow-dark-rtl visualization interactions › heatmap selects a stable identity with exact result lineage (464ms)
[WebServer] 8:09:54 AM [vite] (client) [console.warn] Lit is in dev mode. Not recommended for production! See https://lit.dev/msg/dev-mode for more information.
  ✓   62 [chromium] › tests/visual/visualization-interactions.spec.ts:219:11 › narrow-dark-rtl visualization interactions › matrix selects a stable identity with exact result lineage (412ms)
[WebServer] 8:09:54 AM [vite] (client) [console.warn] Lit is in dev mode. Not recommended for production! See https://lit.dev/msg/dev-mode for more information.
  ✓   63 [chromium] › tests/visual/visualization-interactions.spec.ts:219:11 › narrow-dark-rtl visualization interactions › timeline selects a stable identity with exact result lineage (445ms)
[WebServer] 8:09:55 AM [vite] (client) [console.warn] Lit is in dev mode. Not recommended for production! See https://lit.dev/msg/dev-mode for more information.
  ✓   64 [chromium] › tests/visual/visualization-interactions.spec.ts:219:11 › narrow-dark-rtl visualization interactions › calendar-grid selects a stable identity with exact result lineage (438ms)
[WebServer] 8:09:55 AM [vite] (client) [console.warn] Lit is in dev mode. Not recommended for production! See https://lit.dev/msg/dev-mode for more information.
  ✓   65 [chromium] › tests/visual/visualization-interactions.spec.ts:219:11 › narrow-dark-rtl visualization interactions › tree selects a stable identity with exact result lineage (440ms)
[WebServer] 8:09:56 AM [vite] (client) [console.warn] Lit is in dev mode. Not recommended for production! See https://lit.dev/msg/dev-mode for more information.
  ✓   66 [chromium] › tests/visual/visualization-interactions.spec.ts:219:11 › narrow-dark-rtl visualization interactions › treemap selects a stable identity with exact result lineage (446ms)
[WebServer] 8:09:56 AM [vite] (client) [console.warn] Lit is in dev mode. Not recommended for production! See https://lit.dev/msg/dev-mode for more information.
  ✓   67 [chromium] › tests/visual/visualization-interactions.spec.ts:219:11 › narrow-dark-rtl visualization interactions › relationship selects a stable identity with exact result lineage (423ms)
[WebServer] 8:09:57 AM [vite] (client) [console.warn] Lit is in dev mode. Not recommended for production! See https://lit.dev/msg/dev-mode for more information.
  ✓   68 [chromium] › tests/visual/visualization-interactions.spec.ts:245:11 › narrow-dark-rtl visualization interactions › trend keeps the existing partial and empty data states honest (206ms)
[WebServer] 8:09:57 AM [vite] (client) [console.warn] Lit is in dev mode. Not recommended for production! See https://lit.dev/msg/dev-mode for more information.
  ✓   69 [chromium] › tests/visual/visualization-interactions.spec.ts:245:11 › narrow-dark-rtl visualization interactions › bar keeps the existing partial and empty data states honest (209ms)
[WebServer] 8:09:57 AM [vite] (client) [console.warn] Lit is in dev mode. Not recommended for production! See https://lit.dev/msg/dev-mode for more information.
  ✓   70 [chromium] › tests/visual/visualization-interactions.spec.ts:245:11 › narrow-dark-rtl visualization interactions › area keeps the existing partial and empty data states honest (202ms)
[WebServer] 8:09:57 AM [vite] (client) [console.warn] Lit is in dev mode. Not recommended for production! See https://lit.dev/msg/dev-mode for more information.
  ✓   71 [chromium] › tests/visual/visualization-interactions.spec.ts:245:11 › narrow-dark-rtl visualization interactions › scatter keeps the existing partial and empty data states honest (204ms)
[WebServer] 8:09:57 AM [vite] (client) [console.warn] Lit is in dev mode. Not recommended for production! See https://lit.dev/msg/dev-mode for more information.
  ✓   72 [chromium] › tests/visual/visualization-interactions.spec.ts:245:11 › narrow-dark-rtl visualization interactions › histogram keeps the existing partial and empty data states honest (202ms)
[WebServer] 8:09:58 AM [vite] (client) [console.warn] Lit is in dev mode. Not recommended for production! See https://lit.dev/msg/dev-mode for more information.
  ✓   73 [chromium] › tests/visual/visualization-interactions.spec.ts:245:11 › narrow-dark-rtl visualization interactions › heatmap keeps the existing partial and empty data states honest (204ms)
[WebServer] 8:09:58 AM [vite] (client) [console.warn] Lit is in dev mode. Not recommended for production! See https://lit.dev/msg/dev-mode for more information.
  ✓   74 [chromium] › tests/visual/visualization-interactions.spec.ts:245:11 › narrow-dark-rtl visualization interactions › matrix keeps the existing partial and empty data states honest (221ms)
[WebServer] 8:09:58 AM [vite] (client) [console.warn] Lit is in dev mode. Not recommended for production! See https://lit.dev/msg/dev-mode for more information.
  ✓   75 [chromium] › tests/visual/visualization-interactions.spec.ts:245:11 › narrow-dark-rtl visualization interactions › timeline keeps the existing partial and empty data states honest (202ms)
[WebServer] 8:09:58 AM [vite] (client) [console.warn] Lit is in dev mode. Not recommended for production! See https://lit.dev/msg/dev-mode for more information.
  ✓   76 [chromium] › tests/visual/visualization-interactions.spec.ts:245:11 › narrow-dark-rtl visualization interactions › calendar-grid keeps the existing partial and empty data states honest (205ms)
[WebServer] 8:09:58 AM [vite] (client) [console.warn] Lit is in dev mode. Not recommended for production! See https://lit.dev/msg/dev-mode for more information.
  ✓   77 [chromium] › tests/visual/visualization-interactions.spec.ts:245:11 › narrow-dark-rtl visualization interactions › tree keeps the existing partial and empty data states honest (219ms)
[WebServer] 8:09:59 AM [vite] (client) [console.warn] Lit is in dev mode. Not recommended for production! See https://lit.dev/msg/dev-mode for more information.
  ✓   78 [chromium] › tests/visual/visualization-interactions.spec.ts:245:11 › narrow-dark-rtl visualization interactions › treemap keeps the existing partial and empty data states honest (225ms)
[WebServer] 8:09:59 AM [vite] (client) [console.warn] Lit is in dev mode. Not recommended for production! See https://lit.dev/msg/dev-mode for more information.
  ✓   79 [chromium] › tests/visual/visualization-interactions.spec.ts:245:11 › narrow-dark-rtl visualization interactions › relationship keeps the existing partial and empty data states honest (203ms)
[WebServer] 8:09:59 AM [vite] (client) [console.warn] Lit is in dev mode. Not recommended for production! See https://lit.dev/msg/dev-mode for more information.
  ✓   80 [chromium] › tests/visual/visualization-interactions.spec.ts:270:9 › trend desktop-light paginates 30 rows while retaining a bounded data-only path (289ms)
[WebServer] 8:09:59 AM [vite] (client) [console.warn] Lit is in dev mode. Not recommended for production! See https://lit.dev/msg/dev-mode for more information.
  ✓   81 [chromium] › tests/visual/visualization-interactions.spec.ts:270:9 › trend narrow-dark-rtl paginates 30 rows while retaining a bounded data-only path (286ms)
[WebServer] 8:10:00 AM [vite] (client) [console.warn] Lit is in dev mode. Not recommended for production! See https://lit.dev/msg/dev-mode for more information.
  ✓   82 [chromium] › tests/visual/visualization-interactions.spec.ts:270:9 › timeline desktop-light paginates 30 rows while retaining a bounded data-only path (274ms)
[WebServer] 8:10:00 AM [vite] (client) [console.warn] Lit is in dev mode. Not recommended for production! See https://lit.dev/msg/dev-mode for more information.
  ✓   83 [chromium] › tests/visual/visualization-interactions.spec.ts:270:9 › timeline narrow-dark-rtl paginates 30 rows while retaining a bounded data-only path (288ms)
[WebServer] 8:10:00 AM [vite] (client) [console.warn] Lit is in dev mode. Not recommended for production! See https://lit.dev/msg/dev-mode for more information.
  ✓   84 [chromium] › tests/visual/visualization-interactions.spec.ts:270:9 › tree desktop-light paginates 30 rows while retaining a bounded data-only path (288ms)
[WebServer] 8:10:01 AM [vite] (client) [console.warn] Lit is in dev mode. Not recommended for production! See https://lit.dev/msg/dev-mode for more information.
  ✓   85 [chromium] › tests/visual/visualization-interactions.spec.ts:270:9 › tree narrow-dark-rtl paginates 30 rows while retaining a bounded data-only path (302ms)
(node:28895) Warning: The 'NO_COLOR' env is ignored due to the 'FORCE_COLOR' env being set.
(Use `node --trace-warnings ...` to show where the warning was created)
[WebServer] 8:10:02 AM [vite] (client) [console.warn] Lit is in dev mode. Not recommended for production! See https://lit.dev/msg/dev-mode for more information.
  ✓   86 [firefox] › tests/visual/compound-interactions.spec.ts:125:9 › desktop-light › explorer commits an authorized filter and stable identity selection (1.3s)
[WebServer] 8:10:03 AM [vite] (client) [console.warn] Lit is in dev mode. Not recommended for production! See https://lit.dev/msg/dev-mode for more information.
  ✓   87 [firefox] › tests/visual/compound-interactions.spec.ts:151:9 › desktop-light › comparison emits a bounded set and exposes incompatible metrics (904ms)
[WebServer] 8:10:04 AM [vite] (client) [console.warn] Lit is in dev mode. Not recommended for production! See https://lit.dev/msg/dev-mode for more information.
  ✓   88 [firefox] › tests/visual/compound-interactions.spec.ts:173:9 › desktop-light › breakdown emits the selected group identity without deriving a metric (688ms)
[WebServer] 8:10:05 AM [vite] (client) [console.warn] Lit is in dev mode. Not recommended for production! See https://lit.dev/msg/dev-mode for more information.
  ✓   89 [firefox] › tests/visual/compound-interactions.spec.ts:190:9 › desktop-light › investigation forwards evidence selection with result lineage (807ms)
[WebServer] 8:10:05 AM [vite] (client) [console.warn] Lit is in dev mode. Not recommended for production! See https://lit.dev/msg/dev-mode for more information.
  ✓   90 [firefox] › tests/visual/compound-interactions.spec.ts:204:9 › desktop-light › search results restore a matching revision before emitting selection (696ms)
[WebServer] 8:10:06 AM [vite] (client) [console.warn] Lit is in dev mode. Not recommended for production! See https://lit.dev/msg/dev-mode for more information.
  ✓   91 [firefox] › tests/visual/compound-interactions.spec.ts:224:9 › desktop-light › record editor keeps an IME draft and emits explicit save and cancel receipts (726ms)
[WebServer] 8:10:07 AM [vite] (client) [console.warn] Lit is in dev mode. Not recommended for production! See https://lit.dev/msg/dev-mode for more information.
  ✓   92 [firefox] › tests/visual/compound-interactions.spec.ts:290:9 › desktop-light › form flow validates before moving, preserves draft and focus, then commits (800ms)
[WebServer] 8:10:08 AM [vite] (client) [console.warn] Lit is in dev mode. Not recommended for production! See https://lit.dev/msg/dev-mode for more information.
  ✓   93 [firefox] › tests/visual/compound-interactions.spec.ts:340:9 › desktop-light › quality panel stays a read-only evidence surface without interaction events (574ms)
[WebServer] 8:10:08 AM [vite] (client) [console.warn] Lit is in dev mode. Not recommended for production! See https://lit.dev/msg/dev-mode for more information.
  ✓   94 [firefox] › tests/visual/compound-interactions.spec.ts:125:9 › narrow-dark-rtl › explorer commits an authorized filter and stable identity selection (810ms)
[WebServer] 8:10:09 AM [vite] (client) [console.warn] Lit is in dev mode. Not recommended for production! See https://lit.dev/msg/dev-mode for more information.
  ✓   95 [firefox] › tests/visual/compound-interactions.spec.ts:151:9 › narrow-dark-rtl › comparison emits a bounded set and exposes incompatible metrics (1.5s)
[WebServer] 8:10:11 AM [vite] (client) [console.warn] Lit is in dev mode. Not recommended for production! See https://lit.dev/msg/dev-mode for more information.
  ✓   96 [firefox] › tests/visual/compound-interactions.spec.ts:173:9 › narrow-dark-rtl › breakdown emits the selected group identity without deriving a metric (828ms)
[WebServer] 8:10:11 AM [vite] (client) [console.warn] Lit is in dev mode. Not recommended for production! See https://lit.dev/msg/dev-mode for more information.
  ✓   97 [firefox] › tests/visual/compound-interactions.spec.ts:190:9 › narrow-dark-rtl › investigation forwards evidence selection with result lineage (735ms)
[WebServer] 8:10:12 AM [vite] (client) [console.warn] Lit is in dev mode. Not recommended for production! See https://lit.dev/msg/dev-mode for more information.
  ✓   98 [firefox] › tests/visual/compound-interactions.spec.ts:204:9 › narrow-dark-rtl › search results restore a matching revision before emitting selection (697ms)
[WebServer] 8:10:13 AM [vite] (client) [console.warn] Lit is in dev mode. Not recommended for production! See https://lit.dev/msg/dev-mode for more information.
  ✓   99 [firefox] › tests/visual/compound-interactions.spec.ts:224:9 › narrow-dark-rtl › record editor keeps an IME draft and emits explicit save and cancel receipts (715ms)
[WebServer] 8:10:13 AM [vite] (client) [console.warn] Lit is in dev mode. Not recommended for production! See https://lit.dev/msg/dev-mode for more information.
  ✓  100 [firefox] › tests/visual/compound-interactions.spec.ts:290:9 › narrow-dark-rtl › form flow validates before moving, preserves draft and focus, then commits (677ms)
[WebServer] 8:10:14 AM [vite] (client) [console.warn] Lit is in dev mode. Not recommended for production! See https://lit.dev/msg/dev-mode for more information.
  ✓  101 [firefox] › tests/visual/compound-interactions.spec.ts:340:9 › narrow-dark-rtl › quality panel stays a read-only evidence surface without interaction events (573ms)
[WebServer] 8:10:15 AM [vite] (client) [console.warn] Lit is in dev mode. Not recommended for production! See https://lit.dev/msg/dev-mode for more information.
  ✓  102 [firefox] › tests/visual/data-interactions.spec.ts:100:7 › record-list selected state remains visible in forced colors (615ms)
[WebServer] 8:10:15 AM [vite] (client) [console.warn] Lit is in dev mode. Not recommended for production! See https://lit.dev/msg/dev-mode for more information.
  ✓  103 [firefox] › tests/visual/data-interactions.spec.ts:100:7 › card-collection selected state remains visible in forced colors (621ms)
[WebServer] 8:10:16 AM [vite] (client) [console.warn] Lit is in dev mode. Not recommended for production! See https://lit.dev/msg/dev-mode for more information.
  ✓  104 [firefox] › tests/visual/data-interactions.spec.ts:100:7 › table selected state remains visible in forced colors (654ms)
[WebServer] 8:10:17 AM [vite] (client) [console.warn] Lit is in dev mode. Not recommended for production! See https://lit.dev/msg/dev-mode for more information.
  ✓  105 [firefox] › tests/visual/data-interactions.spec.ts:122:9 › desktop-light › record-list keyboard selection keeps a stable identity across reorder (1.2s)
[WebServer] 8:10:18 AM [vite] (client) [console.warn] Lit is in dev mode. Not recommended for production! See https://lit.dev/msg/dev-mode for more information.
  ✓  106 [firefox] › tests/visual/data-interactions.spec.ts:141:9 › desktop-light › card selection and load-more stay keyboard reachable and bounded (683ms)
[WebServer] 8:10:19 AM [vite] (client) [console.warn] Lit is in dev mode. Not recommended for production! See https://lit.dev/msg/dev-mode for more information.
  ✓  107 [firefox] › tests/visual/data-interactions.spec.ts:173:9 › desktop-light › table keyboard sorting, selection and paging emit typed stable requests (696ms)
[WebServer] 8:10:19 AM [vite] (client) [console.warn] Lit is in dev mode. Not recommended for production! See https://lit.dev/msg/dev-mode for more information.
  ✓  108 [firefox] › tests/visual/data-interactions.spec.ts:219:9 › desktop-light › table grid requests a bounded stable row window at the keyboard boundary (679ms)
[WebServer] 8:10:20 AM [vite] (client) [console.warn] Lit is in dev mode. Not recommended for production! See https://lit.dev/msg/dev-mode for more information.
  ✓  109 [firefox] › tests/visual/data-interactions.spec.ts:242:9 › desktop-light › filter-builder keeps IME edits draft-only, applies explicitly, and blocks invalid or in-flight requests (636ms)
[WebServer] 8:10:21 AM [vite] (client) [console.warn] Lit is in dev mode. Not recommended for production! See https://lit.dev/msg/dev-mode for more information.
  ✓  110 [firefox] › tests/visual/data-interactions.spec.ts:281:9 › desktop-light › selection-summary clears controlled stable selection by keyboard (557ms)
[WebServer] 8:10:21 AM [vite] (client) [console.warn] Lit is in dev mode. Not recommended for production! See https://lit.dev/msg/dev-mode for more information.
  ✓  111 [firefox] › tests/visual/data-interactions.spec.ts:122:9 › narrow-dark-rtl › record-list keyboard selection keeps a stable identity across reorder (621ms)
[WebServer] 8:10:22 AM [vite] (client) [console.warn] Lit is in dev mode. Not recommended for production! See https://lit.dev/msg/dev-mode for more information.
  ✓  112 [firefox] › tests/visual/data-interactions.spec.ts:141:9 › narrow-dark-rtl › card selection and load-more stay keyboard reachable and bounded (664ms)
[WebServer] 8:10:22 AM [vite] (client) [console.warn] Lit is in dev mode. Not recommended for production! See https://lit.dev/msg/dev-mode for more information.
  ✓  113 [firefox] › tests/visual/data-interactions.spec.ts:173:9 › narrow-dark-rtl › table keyboard sorting, selection and paging emit typed stable requests (708ms)
[WebServer] 8:10:23 AM [vite] (client) [console.warn] Lit is in dev mode. Not recommended for production! See https://lit.dev/msg/dev-mode for more information.
  ✓  114 [firefox] › tests/visual/data-interactions.spec.ts:219:9 › narrow-dark-rtl › table grid requests a bounded stable row window at the keyboard boundary (734ms)
[WebServer] 8:10:24 AM [vite] (client) [console.warn] Lit is in dev mode. Not recommended for production! See https://lit.dev/msg/dev-mode for more information.
  ✓  115 [firefox] › tests/visual/data-interactions.spec.ts:242:9 › narrow-dark-rtl › filter-builder keeps IME edits draft-only, applies explicitly, and blocks invalid or in-flight requests (1.2s)
[WebServer] 8:10:25 AM [vite] (client) [console.warn] Lit is in dev mode. Not recommended for production! See https://lit.dev/msg/dev-mode for more information.
  ✓  116 [firefox] › tests/visual/data-interactions.spec.ts:281:9 › narrow-dark-rtl › selection-summary clears controlled stable selection by keyboard (567ms)
[WebServer] 8:10:26 AM [vite] (client) [console.warn] Lit is in dev mode. Not recommended for production! See https://lit.dev/msg/dev-mode for more information.
  ✓  117 [firefox] › tests/visual/visualization-interactions.spec.ts:219:11 › desktop-light visualization interactions › trend selects a stable identity with exact result lineage (612ms)
[WebServer] 8:10:26 AM [vite] (client) [console.warn] Lit is in dev mode. Not recommended for production! See https://lit.dev/msg/dev-mode for more information.
  ✓  118 [firefox] › tests/visual/visualization-interactions.spec.ts:219:11 › desktop-light visualization interactions › bar selects a stable identity with exact result lineage (647ms)
[WebServer] 8:10:27 AM [vite] (client) [console.warn] Lit is in dev mode. Not recommended for production! See https://lit.dev/msg/dev-mode for more information.
  ✓  119 [firefox] › tests/visual/visualization-interactions.spec.ts:219:11 › desktop-light visualization interactions › area selects a stable identity with exact result lineage (640ms)
[WebServer] 8:10:28 AM [vite] (client) [console.warn] Lit is in dev mode. Not recommended for production! See https://lit.dev/msg/dev-mode for more information.
  ✓  120 [firefox] › tests/visual/visualization-interactions.spec.ts:219:11 › desktop-light visualization interactions › scatter selects a stable identity with exact result lineage (634ms)
[WebServer] 8:10:28 AM [vite] (client) [console.warn] Lit is in dev mode. Not recommended for production! See https://lit.dev/msg/dev-mode for more information.
  ✓  121 [firefox] › tests/visual/visualization-interactions.spec.ts:219:11 › desktop-light visualization interactions › histogram selects a stable identity with exact result lineage (605ms)
[WebServer] 8:10:29 AM [vite] (client) [console.warn] Lit is in dev mode. Not recommended for production! See https://lit.dev/msg/dev-mode for more information.
  ✓  122 [firefox] › tests/visual/visualization-interactions.spec.ts:219:11 › desktop-light visualization interactions › heatmap selects a stable identity with exact result lineage (647ms)
[WebServer] 8:10:30 AM [vite] (client) [console.warn] Lit is in dev mode. Not recommended for production! See https://lit.dev/msg/dev-mode for more information.
  ✓  123 [firefox] › tests/visual/visualization-interactions.spec.ts:219:11 › desktop-light visualization interactions › matrix selects a stable identity with exact result lineage (574ms)
[WebServer] 8:10:30 AM [vite] (client) [console.warn] Lit is in dev mode. Not recommended for production! See https://lit.dev/msg/dev-mode for more information.
  ✓  124 [firefox] › tests/visual/visualization-interactions.spec.ts:219:11 › desktop-light visualization interactions › timeline selects a stable identity with exact result lineage (621ms)
[WebServer] 8:10:31 AM [vite] (client) [console.warn] Lit is in dev mode. Not recommended for production! See https://lit.dev/msg/dev-mode for more information.
  ✓  125 [firefox] › tests/visual/visualization-interactions.spec.ts:219:11 › desktop-light visualization interactions › calendar-grid selects a stable identity with exact result lineage (1.3s)
[WebServer] 8:10:32 AM [vite] (client) [console.warn] Lit is in dev mode. Not recommended for production! See https://lit.dev/msg/dev-mode for more information.
  ✓  126 [firefox] › tests/visual/visualization-interactions.spec.ts:219:11 › desktop-light visualization interactions › tree selects a stable identity with exact result lineage (632ms)
[WebServer] 8:10:33 AM [vite] (client) [console.warn] Lit is in dev mode. Not recommended for production! See https://lit.dev/msg/dev-mode for more information.
  ✓  127 [firefox] › tests/visual/visualization-interactions.spec.ts:219:11 › desktop-light visualization interactions › treemap selects a stable identity with exact result lineage (609ms)
[WebServer] 8:10:33 AM [vite] (client) [console.warn] Lit is in dev mode. Not recommended for production! See https://lit.dev/msg/dev-mode for more information.
  ✓  128 [firefox] › tests/visual/visualization-interactions.spec.ts:219:11 › desktop-light visualization interactions › relationship selects a stable identity with exact result lineage (591ms)
[WebServer] 8:10:34 AM [vite] (client) [console.warn] Lit is in dev mode. Not recommended for production! See https://lit.dev/msg/dev-mode for more information.
  ✓  129 [firefox] › tests/visual/visualization-interactions.spec.ts:245:11 › desktop-light visualization interactions › trend keeps the existing partial and empty data states honest (329ms)
[WebServer] 8:10:34 AM [vite] (client) [console.warn] Lit is in dev mode. Not recommended for production! See https://lit.dev/msg/dev-mode for more information.
  ✓  130 [firefox] › tests/visual/visualization-interactions.spec.ts:245:11 › desktop-light visualization interactions › bar keeps the existing partial and empty data states honest (334ms)
[WebServer] 8:10:35 AM [vite] (client) [console.warn] Lit is in dev mode. Not recommended for production! See https://lit.dev/msg/dev-mode for more information.
  ✓  131 [firefox] › tests/visual/visualization-interactions.spec.ts:245:11 › desktop-light visualization interactions › area keeps the existing partial and empty data states honest (306ms)
[WebServer] 8:10:35 AM [vite] (client) [console.warn] Lit is in dev mode. Not recommended for production! See https://lit.dev/msg/dev-mode for more information.
  ✓  132 [firefox] › tests/visual/visualization-interactions.spec.ts:245:11 › desktop-light visualization interactions › scatter keeps the existing partial and empty data states honest (314ms)
[WebServer] 8:10:35 AM [vite] (client) [console.warn] Lit is in dev mode. Not recommended for production! See https://lit.dev/msg/dev-mode for more information.
  ✓  133 [firefox] › tests/visual/visualization-interactions.spec.ts:245:11 › desktop-light visualization interactions › histogram keeps the existing partial and empty data states honest (311ms)
[WebServer] 8:10:36 AM [vite] (client) [console.warn] Lit is in dev mode. Not recommended for production! See https://lit.dev/msg/dev-mode for more information.
  ✓  134 [firefox] › tests/visual/visualization-interactions.spec.ts:245:11 › desktop-light visualization interactions › heatmap keeps the existing partial and empty data states honest (311ms)
[WebServer] 8:10:36 AM [vite] (client) [console.warn] Lit is in dev mode. Not recommended for production! See https://lit.dev/msg/dev-mode for more information.
  ✓  135 [firefox] › tests/visual/visualization-interactions.spec.ts:245:11 › desktop-light visualization interactions › matrix keeps the existing partial and empty data states honest (745ms)
[WebServer] 8:10:37 AM [vite] (client) [console.warn] Lit is in dev mode. Not recommended for production! See https://lit.dev/msg/dev-mode for more information.
  ✓  136 [firefox] › tests/visual/visualization-interactions.spec.ts:245:11 › desktop-light visualization interactions › timeline keeps the existing partial and empty data states honest (316ms)
[WebServer] 8:10:37 AM [vite] (client) [console.warn] Lit is in dev mode. Not recommended for production! See https://lit.dev/msg/dev-mode for more information.
  ✓  137 [firefox] › tests/visual/visualization-interactions.spec.ts:245:11 › desktop-light visualization interactions › calendar-grid keeps the existing partial and empty data states honest (299ms)
[WebServer] 8:10:37 AM [vite] (client) [console.warn] Lit is in dev mode. Not recommended for production! See https://lit.dev/msg/dev-mode for more information.
  ✓  138 [firefox] › tests/visual/visualization-interactions.spec.ts:245:11 › desktop-light visualization interactions › tree keeps the existing partial and empty data states honest (307ms)
[WebServer] 8:10:38 AM [vite] (client) [console.warn] Lit is in dev mode. Not recommended for production! See https://lit.dev/msg/dev-mode for more information.
  ✓  139 [firefox] › tests/visual/visualization-interactions.spec.ts:245:11 › desktop-light visualization interactions › treemap keeps the existing partial and empty data states honest (301ms)
[WebServer] 8:10:38 AM [vite] (client) [console.warn] Lit is in dev mode. Not recommended for production! See https://lit.dev/msg/dev-mode for more information.
  ✓  140 [firefox] › tests/visual/visualization-interactions.spec.ts:245:11 › desktop-light visualization interactions › relationship keeps the existing partial and empty data states honest (303ms)
[WebServer] 8:10:38 AM [vite] (client) [console.warn] Lit is in dev mode. Not recommended for production! See https://lit.dev/msg/dev-mode for more information.
  ✓  141 [firefox] › tests/visual/visualization-interactions.spec.ts:219:11 › narrow-dark-rtl visualization interactions › trend selects a stable identity with exact result lineage (628ms)
[WebServer] 8:10:39 AM [vite] (client) [console.warn] Lit is in dev mode. Not recommended for production! See https://lit.dev/msg/dev-mode for more information.
  ✓  142 [firefox] › tests/visual/visualization-interactions.spec.ts:219:11 › narrow-dark-rtl visualization interactions › bar selects a stable identity with exact result lineage (631ms)
[WebServer] 8:10:39 AM [vite] (client) [console.warn] Lit is in dev mode. Not recommended for production! See https://lit.dev/msg/dev-mode for more information.
  ✓  143 [firefox] › tests/visual/visualization-interactions.spec.ts:219:11 › narrow-dark-rtl visualization interactions › area selects a stable identity with exact result lineage (607ms)
[WebServer] 8:10:40 AM [vite] (client) [console.warn] Lit is in dev mode. Not recommended for production! See https://lit.dev/msg/dev-mode for more information.
  ✓  144 [firefox] › tests/visual/visualization-interactions.spec.ts:219:11 › narrow-dark-rtl visualization interactions › scatter selects a stable identity with exact result lineage (623ms)
[WebServer] 8:10:41 AM [vite] (client) [console.warn] Lit is in dev mode. Not recommended for production! See https://lit.dev/msg/dev-mode for more information.
  ✓  145 [firefox] › tests/visual/visualization-interactions.spec.ts:219:11 › narrow-dark-rtl visualization interactions › histogram selects a stable identity with exact result lineage (1.2s)
[WebServer] 8:10:42 AM [vite] (client) [console.warn] Lit is in dev mode. Not recommended for production! See https://lit.dev/msg/dev-mode for more information.
  ✓  146 [firefox] › tests/visual/visualization-interactions.spec.ts:219:11 › narrow-dark-rtl visualization interactions › heatmap selects a stable identity with exact result lineage (654ms)
[WebServer] 8:10:42 AM [vite] (client) [console.warn] Lit is in dev mode. Not recommended for production! See https://lit.dev/msg/dev-mode for more information.
  ✓  147 [firefox] › tests/visual/visualization-interactions.spec.ts:219:11 › narrow-dark-rtl visualization interactions › matrix selects a stable identity with exact result lineage (579ms)
[WebServer] 8:10:43 AM [vite] (client) [console.warn] Lit is in dev mode. Not recommended for production! See https://lit.dev/msg/dev-mode for more information.
  ✓  148 [firefox] › tests/visual/visualization-interactions.spec.ts:219:11 › narrow-dark-rtl visualization interactions › timeline selects a stable identity with exact result lineage (617ms)
[WebServer] 8:10:44 AM [vite] (client) [console.warn] Lit is in dev mode. Not recommended for production! See https://lit.dev/msg/dev-mode for more information.
  ✓  149 [firefox] › tests/visual/visualization-interactions.spec.ts:219:11 › narrow-dark-rtl visualization interactions › calendar-grid selects a stable identity with exact result lineage (634ms)
[WebServer] 8:10:44 AM [vite] (client) [console.warn] Lit is in dev mode. Not recommended for production! See https://lit.dev/msg/dev-mode for more information.
  ✓  150 [firefox] › tests/visual/visualization-interactions.spec.ts:219:11 › narrow-dark-rtl visualization interactions › tree selects a stable identity with exact result lineage (614ms)
[WebServer] 8:10:45 AM [vite] (client) [console.warn] Lit is in dev mode. Not recommended for production! See https://lit.dev/msg/dev-mode for more information.
  ✓  151 [firefox] › tests/visual/visualization-interactions.spec.ts:219:11 › narrow-dark-rtl visualization interactions › treemap selects a stable identity with exact result lineage (589ms)
[WebServer] 8:10:46 AM [vite] (client) [console.warn] Lit is in dev mode. Not recommended for production! See https://lit.dev/msg/dev-mode for more information.
  ✓  152 [firefox] › tests/visual/visualization-interactions.spec.ts:219:11 › narrow-dark-rtl visualization interactions › relationship selects a stable identity with exact result lineage (598ms)
[WebServer] 8:10:46 AM [vite] (client) [console.warn] Lit is in dev mode. Not recommended for production! See https://lit.dev/msg/dev-mode for more information.
  ✓  153 [firefox] › tests/visual/visualization-interactions.spec.ts:245:11 › narrow-dark-rtl visualization interactions › trend keeps the existing partial and empty data states honest (308ms)
[WebServer] 8:10:46 AM [vite] (client) [console.warn] Lit is in dev mode. Not recommended for production! See https://lit.dev/msg/dev-mode for more information.
  ✓  154 [firefox] › tests/visual/visualization-interactions.spec.ts:245:11 › narrow-dark-rtl visualization interactions › bar keeps the existing partial and empty data states honest (316ms)
[WebServer] 8:10:47 AM [vite] (client) [console.warn] Lit is in dev mode. Not recommended for production! See https://lit.dev/msg/dev-mode for more information.
  ✓  155 [firefox] › tests/visual/visualization-interactions.spec.ts:245:11 › narrow-dark-rtl visualization interactions › area keeps the existing partial and empty data states honest (904ms)
[WebServer] 8:10:48 AM [vite] (client) [console.warn] Lit is in dev mode. Not recommended for production! See https://lit.dev/msg/dev-mode for more information.
  ✓  156 [firefox] › tests/visual/visualization-interactions.spec.ts:245:11 › narrow-dark-rtl visualization interactions › scatter keeps the existing partial and empty data states honest (341ms)
[WebServer] 8:10:48 AM [vite] (client) [console.warn] Lit is in dev mode. Not recommended for production! See https://lit.dev/msg/dev-mode for more information.
  ✓  157 [firefox] › tests/visual/visualization-interactions.spec.ts:245:11 › narrow-dark-rtl visualization interactions › histogram keeps the existing partial and empty data states honest (312ms)
[WebServer] 8:10:48 AM [vite] (client) [console.warn] Lit is in dev mode. Not recommended for production! See https://lit.dev/msg/dev-mode for more information.
  ✓  158 [firefox] › tests/visual/visualization-interactions.spec.ts:245:11 › narrow-dark-rtl visualization interactions › heatmap keeps the existing partial and empty data states honest (312ms)
[WebServer] 8:10:49 AM [vite] (client) [console.warn] Lit is in dev mode. Not recommended for production! See https://lit.dev/msg/dev-mode for more information.
  ✓  159 [firefox] › tests/visual/visualization-interactions.spec.ts:245:11 › narrow-dark-rtl visualization interactions › matrix keeps the existing partial and empty data states honest (303ms)
[WebServer] 8:10:49 AM [vite] (client) [console.warn] Lit is in dev mode. Not recommended for production! See https://lit.dev/msg/dev-mode for more information.
  ✓  160 [firefox] › tests/visual/visualization-interactions.spec.ts:245:11 › narrow-dark-rtl visualization interactions › timeline keeps the existing partial and empty data states honest (321ms)
[WebServer] 8:10:49 AM [vite] (client) [console.warn] Lit is in dev mode. Not recommended for production! See https://lit.dev/msg/dev-mode for more information.
  ✓  161 [firefox] › tests/visual/visualization-interactions.spec.ts:245:11 › narrow-dark-rtl visualization interactions › calendar-grid keeps the existing partial and empty data states honest (308ms)
[WebServer] 8:10:50 AM [vite] (client) [console.warn] Lit is in dev mode. Not recommended for production! See https://lit.dev/msg/dev-mode for more information.
  ✓  162 [firefox] › tests/visual/visualization-interactions.spec.ts:245:11 › narrow-dark-rtl visualization interactions › tree keeps the existing partial and empty data states honest (302ms)
[WebServer] 8:10:50 AM [vite] (client) [console.warn] Lit is in dev mode. Not recommended for production! See https://lit.dev/msg/dev-mode for more information.
  ✓  163 [firefox] › tests/visual/visualization-interactions.spec.ts:245:11 › narrow-dark-rtl visualization interactions › treemap keeps the existing partial and empty data states honest (307ms)
[WebServer] 8:10:50 AM [vite] (client) [console.warn] Lit is in dev mode. Not recommended for production! See https://lit.dev/msg/dev-mode for more information.
  ✓  164 [firefox] › tests/visual/visualization-interactions.spec.ts:245:11 › narrow-dark-rtl visualization interactions › relationship keeps the existing partial and empty data states honest (310ms)
[WebServer] 8:10:51 AM [vite] (client) [console.warn] Lit is in dev mode. Not recommended for production! See https://lit.dev/msg/dev-mode for more information.
  ✓  165 [firefox] › tests/visual/visualization-interactions.spec.ts:270:9 › trend desktop-light paginates 30 rows while retaining a bounded data-only path (785ms)
[WebServer] 8:10:51 AM [vite] (client) [console.warn] Lit is in dev mode. Not recommended for production! See https://lit.dev/msg/dev-mode for more information.
  ✓  166 [firefox] › tests/visual/visualization-interactions.spec.ts:270:9 › trend narrow-dark-rtl paginates 30 rows while retaining a bounded data-only path (1.1s)
[WebServer] 8:10:52 AM [vite] (client) [console.warn] Lit is in dev mode. Not recommended for production! See https://lit.dev/msg/dev-mode for more information.
  ✓  167 [firefox] › tests/visual/visualization-interactions.spec.ts:270:9 › timeline desktop-light paginates 30 rows while retaining a bounded data-only path (438ms)
[WebServer] 8:10:53 AM [vite] (client) [console.warn] Lit is in dev mode. Not recommended for production! See https://lit.dev/msg/dev-mode for more information.
  ✓  168 [firefox] › tests/visual/visualization-interactions.spec.ts:270:9 › timeline narrow-dark-rtl paginates 30 rows while retaining a bounded data-only path (413ms)
[WebServer] 8:10:53 AM [vite] (client) [console.warn] Lit is in dev mode. Not recommended for production! See https://lit.dev/msg/dev-mode for more information.
  ✓  169 [firefox] › tests/visual/visualization-interactions.spec.ts:270:9 › tree desktop-light paginates 30 rows while retaining a bounded data-only path (384ms)
[WebServer] 8:10:54 AM [vite] (client) [console.warn] Lit is in dev mode. Not recommended for production! See https://lit.dev/msg/dev-mode for more information.
  ✓  170 [firefox] › tests/visual/visualization-interactions.spec.ts:270:9 › tree narrow-dark-rtl paginates 30 rows while retaining a bounded data-only path (498ms)
(node:29083) Warning: The 'NO_COLOR' env is ignored due to the 'FORCE_COLOR' env being set.
(Use `node --trace-warnings ...` to show where the warning was created)
[WebServer] 8:10:56 AM [vite] (client) [console.warn] Lit is in dev mode. Not recommended for production! See https://lit.dev/msg/dev-mode for more information.
  ✓  171 [webkit] › tests/visual/compound-interactions.spec.ts:125:9 › desktop-light › explorer commits an authorized filter and stable identity selection (1.1s)
[WebServer] 8:10:56 AM [vite] (client) [console.warn] Lit is in dev mode. Not recommended for production! See https://lit.dev/msg/dev-mode for more information.
  ✓  172 [webkit] › tests/visual/compound-interactions.spec.ts:151:9 › desktop-light › comparison emits a bounded set and exposes incompatible metrics (924ms)
[WebServer] 8:10:57 AM [vite] (client) [console.warn] Lit is in dev mode. Not recommended for production! See https://lit.dev/msg/dev-mode for more information.
  ✓  173 [webkit] › tests/visual/compound-interactions.spec.ts:173:9 › desktop-light › breakdown emits the selected group identity without deriving a metric (695ms)
[WebServer] 8:10:58 AM [vite] (client) [console.warn] Lit is in dev mode. Not recommended for production! See https://lit.dev/msg/dev-mode for more information.
  ✓  174 [webkit] › tests/visual/compound-interactions.spec.ts:190:9 › desktop-light › investigation forwards evidence selection with result lineage (712ms)
[WebServer] 8:10:59 AM [vite] (client) [console.warn] Lit is in dev mode. Not recommended for production! See https://lit.dev/msg/dev-mode for more information.
  ✓  175 [webkit] › tests/visual/compound-interactions.spec.ts:204:9 › desktop-light › search results restore a matching revision before emitting selection (695ms)
[WebServer] 8:10:59 AM [vite] (client) [console.warn] Lit is in dev mode. Not recommended for production! See https://lit.dev/msg/dev-mode for more information.
  ✓  176 [webkit] › tests/visual/compound-interactions.spec.ts:224:9 › desktop-light › record editor keeps an IME draft and emits explicit save and cancel receipts (743ms)
[WebServer] 8:11:00 AM [vite] (client) [console.warn] Lit is in dev mode. Not recommended for production! See https://lit.dev/msg/dev-mode for more information.
  ✓  177 [webkit] › tests/visual/compound-interactions.spec.ts:290:9 › desktop-light › form flow validates before moving, preserves draft and focus, then commits (692ms)
[WebServer] 8:11:01 AM [vite] (client) [console.warn] Lit is in dev mode. Not recommended for production! See https://lit.dev/msg/dev-mode for more information.
  ✓  178 [webkit] › tests/visual/compound-interactions.spec.ts:340:9 › desktop-light › quality panel stays a read-only evidence surface without interaction events (579ms)
[WebServer] 8:11:01 AM [vite] (client) [console.warn] Lit is in dev mode. Not recommended for production! See https://lit.dev/msg/dev-mode for more information.
  ✓  179 [webkit] › tests/visual/compound-interactions.spec.ts:125:9 › narrow-dark-rtl › explorer commits an authorized filter and stable identity selection (725ms)
[WebServer] 8:11:02 AM [vite] (client) [console.warn] Lit is in dev mode. Not recommended for production! See https://lit.dev/msg/dev-mode for more information.
  ✓  180 [webkit] › tests/visual/compound-interactions.spec.ts:151:9 › narrow-dark-rtl › comparison emits a bounded set and exposes incompatible metrics (914ms)
[WebServer] 8:11:03 AM [vite] (client) [console.warn] Lit is in dev mode. Not recommended for production! See https://lit.dev/msg/dev-mode for more information.
  ✓  181 [webkit] › tests/visual/compound-interactions.spec.ts:173:9 › narrow-dark-rtl › breakdown emits the selected group identity without deriving a metric (666ms)
[WebServer] 8:11:04 AM [vite] (client) [console.warn] Lit is in dev mode. Not recommended for production! See https://lit.dev/msg/dev-mode for more information.
  ✘  182 [webkit] › tests/visual/compound-interactions.spec.ts:190:9 › narrow-dark-rtl › investigation forwards evidence selection with result lineage (5.2s)
(node:29135) Warning: The 'NO_COLOR' env is ignored due to the 'FORCE_COLOR' env being set.
(Use `node --trace-warnings ...` to show where the warning was created)
[WebServer] 8:11:09 AM [vite] (client) [console.warn] Lit is in dev mode. Not recommended for production! See https://lit.dev/msg/dev-mode for more information.
  ✓  183 [webkit] › tests/visual/compound-interactions.spec.ts:204:9 › narrow-dark-rtl › search results restore a matching revision before emitting selection (800ms)
[WebServer] 8:11:10 AM [vite] (client) [console.warn] Lit is in dev mode. Not recommended for production! See https://lit.dev/msg/dev-mode for more information.
  ✓  184 [webkit] › tests/visual/compound-interactions.spec.ts:224:9 › narrow-dark-rtl › record editor keeps an IME draft and emits explicit save and cancel receipts (761ms)
[WebServer] 8:11:11 AM [vite] (client) [console.warn] Lit is in dev mode. Not recommended for production! See https://lit.dev/msg/dev-mode for more information.
  ✓  185 [webkit] › tests/visual/compound-interactions.spec.ts:290:9 › narrow-dark-rtl › form flow validates before moving, preserves draft and focus, then commits (696ms)
[WebServer] 8:11:12 AM [vite] (client) [console.warn] Lit is in dev mode. Not recommended for production! See https://lit.dev/msg/dev-mode for more information.
  ✓  186 [webkit] › tests/visual/compound-interactions.spec.ts:340:9 › narrow-dark-rtl › quality panel stays a read-only evidence surface without interaction events (577ms)
[WebServer] 8:11:12 AM [vite] (client) [console.warn] Lit is in dev mode. Not recommended for production! See https://lit.dev/msg/dev-mode for more information.
  ✓  187 [webkit] › tests/visual/data-interactions.spec.ts:100:7 › record-list selected state remains visible in forced colors (600ms)
[WebServer] 8:11:13 AM [vite] (client) [console.warn] Lit is in dev mode. Not recommended for production! See https://lit.dev/msg/dev-mode for more information.
  ✓  188 [webkit] › tests/visual/data-interactions.spec.ts:100:7 › card-collection selected state remains visible in forced colors (626ms)
[WebServer] 8:11:13 AM [vite] (client) [console.warn] Lit is in dev mode. Not recommended for production! See https://lit.dev/msg/dev-mode for more information.
  ✓  189 [webkit] › tests/visual/data-interactions.spec.ts:100:7 › table selected state remains visible in forced colors (605ms)
[WebServer] 8:11:14 AM [vite] (client) [console.warn] Lit is in dev mode. Not recommended for production! See https://lit.dev/msg/dev-mode for more information.
  ✓  190 [webkit] › tests/visual/data-interactions.spec.ts:122:9 › desktop-light › record-list keyboard selection keeps a stable identity across reorder (630ms)
[WebServer] 8:11:15 AM [vite] (client) [console.warn] Lit is in dev mode. Not recommended for production! See https://lit.dev/msg/dev-mode for more information.
  ✓  191 [webkit] › tests/visual/data-interactions.spec.ts:141:9 › desktop-light › card selection and load-more stay keyboard reachable and bounded (654ms)
[WebServer] 8:11:15 AM [vite] (client) [console.warn] Lit is in dev mode. Not recommended for production! See https://lit.dev/msg/dev-mode for more information.
  ✓  192 [webkit] › tests/visual/data-interactions.spec.ts:173:9 › desktop-light › table keyboard sorting, selection and paging emit typed stable requests (707ms)
[WebServer] 8:11:16 AM [vite] (client) [console.warn] Lit is in dev mode. Not recommended for production! See https://lit.dev/msg/dev-mode for more information.
  ✓  193 [webkit] › tests/visual/data-interactions.spec.ts:219:9 › desktop-light › table grid requests a bounded stable row window at the keyboard boundary (750ms)
[WebServer] 8:11:17 AM [vite] (client) [console.warn] Lit is in dev mode. Not recommended for production! See https://lit.dev/msg/dev-mode for more information.
  ✓  194 [webkit] › tests/visual/data-interactions.spec.ts:242:9 › desktop-light › filter-builder keeps IME edits draft-only, applies explicitly, and blocks invalid or in-flight requests (721ms)
[WebServer] 8:11:18 AM [vite] (client) [console.warn] Lit is in dev mode. Not recommended for production! See https://lit.dev/msg/dev-mode for more information.
  ✓  195 [webkit] › tests/visual/data-interactions.spec.ts:281:9 › desktop-light › selection-summary clears controlled stable selection by keyboard (586ms)
[WebServer] 8:11:18 AM [vite] (client) [console.warn] Lit is in dev mode. Not recommended for production! See https://lit.dev/msg/dev-mode for more information.
  ✓  196 [webkit] › tests/visual/data-interactions.spec.ts:122:9 › narrow-dark-rtl › record-list keyboard selection keeps a stable identity across reorder (628ms)
[WebServer] 8:11:19 AM [vite] (client) [console.warn] Lit is in dev mode. Not recommended for production! See https://lit.dev/msg/dev-mode for more information.
  ✓  197 [webkit] › tests/visual/data-interactions.spec.ts:141:9 › narrow-dark-rtl › card selection and load-more stay keyboard reachable and bounded (655ms)
[WebServer] 8:11:19 AM [vite] (client) [console.warn] Lit is in dev mode. Not recommended for production! See https://lit.dev/msg/dev-mode for more information.
  ✓  198 [webkit] › tests/visual/data-interactions.spec.ts:173:9 › narrow-dark-rtl › table keyboard sorting, selection and paging emit typed stable requests (718ms)
[WebServer] 8:11:20 AM [vite] (client) [console.warn] Lit is in dev mode. Not recommended for production! See https://lit.dev/msg/dev-mode for more information.
  ✓  199 [webkit] › tests/visual/data-interactions.spec.ts:219:9 › narrow-dark-rtl › table grid requests a bounded stable row window at the keyboard boundary (669ms)
[WebServer] 8:11:21 AM [vite] (client) [console.warn] Lit is in dev mode. Not recommended for production! See https://lit.dev/msg/dev-mode for more information.
  ✓  200 [webkit] › tests/visual/data-interactions.spec.ts:242:9 › narrow-dark-rtl › filter-builder keeps IME edits draft-only, applies explicitly, and blocks invalid or in-flight requests (625ms)
[WebServer] 8:11:21 AM [vite] (client) [console.warn] Lit is in dev mode. Not recommended for production! See https://lit.dev/msg/dev-mode for more information.
  ✓  201 [webkit] › tests/visual/data-interactions.spec.ts:281:9 › narrow-dark-rtl › selection-summary clears controlled stable selection by keyboard (552ms)
[WebServer] 8:11:22 AM [vite] (client) [console.warn] Lit is in dev mode. Not recommended for production! See https://lit.dev/msg/dev-mode for more information.
  ✓  202 [webkit] › tests/visual/visualization-interactions.spec.ts:219:11 › desktop-light visualization interactions › trend selects a stable identity with exact result lineage (631ms)
[WebServer] 8:11:23 AM [vite] (client) [console.warn] Lit is in dev mode. Not recommended for production! See https://lit.dev/msg/dev-mode for more information.
  ✓  203 [webkit] › tests/visual/visualization-interactions.spec.ts:219:11 › desktop-light visualization interactions › bar selects a stable identity with exact result lineage (648ms)
[WebServer] 8:11:23 AM [vite] (client) [console.warn] Lit is in dev mode. Not recommended for production! See https://lit.dev/msg/dev-mode for more information.
  ✓  204 [webkit] › tests/visual/visualization-interactions.spec.ts:219:11 › desktop-light visualization interactions › area selects a stable identity with exact result lineage (629ms)
[WebServer] 8:11:24 AM [vite] (client) [console.warn] Lit is in dev mode. Not recommended for production! See https://lit.dev/msg/dev-mode for more information.
  ✓  205 [webkit] › tests/visual/visualization-interactions.spec.ts:219:11 › desktop-light visualization interactions › scatter selects a stable identity with exact result lineage (652ms)
[WebServer] 8:11:25 AM [vite] (client) [console.warn] Lit is in dev mode. Not recommended for production! See https://lit.dev/msg/dev-mode for more information.
  ✓  206 [webkit] › tests/visual/visualization-interactions.spec.ts:219:11 › desktop-light visualization interactions › histogram selects a stable identity with exact result lineage (637ms)
[WebServer] 8:11:25 AM [vite] (client) [console.warn] Lit is in dev mode. Not recommended for production! See https://lit.dev/msg/dev-mode for more information.
  ✓  207 [webkit] › tests/visual/visualization-interactions.spec.ts:219:11 › desktop-light visualization interactions › heatmap selects a stable identity with exact result lineage (646ms)
[WebServer] 8:11:26 AM [vite] (client) [console.warn] Lit is in dev mode. Not recommended for production! See https://lit.dev/msg/dev-mode for more information.
  ✓  208 [webkit] › tests/visual/visualization-interactions.spec.ts:219:11 › desktop-light visualization interactions › matrix selects a stable identity with exact result lineage (613ms)
[WebServer] 8:11:27 AM [vite] (client) [console.warn] Lit is in dev mode. Not recommended for production! See https://lit.dev/msg/dev-mode for more information.
  ✓  209 [webkit] › tests/visual/visualization-interactions.spec.ts:219:11 › desktop-light visualization interactions › timeline selects a stable identity with exact result lineage (637ms)
[WebServer] 8:11:27 AM [vite] (client) [console.warn] Lit is in dev mode. Not recommended for production! See https://lit.dev/msg/dev-mode for more information.
  ✓  210 [webkit] › tests/visual/visualization-interactions.spec.ts:219:11 › desktop-light visualization interactions › calendar-grid selects a stable identity with exact result lineage (646ms)
[WebServer] 8:11:28 AM [vite] (client) [console.warn] Lit is in dev mode. Not recommended for production! See https://lit.dev/msg/dev-mode for more information.
  ✓  211 [webkit] › tests/visual/visualization-interactions.spec.ts:219:11 › desktop-light visualization interactions › tree selects a stable identity with exact result lineage (631ms)
[WebServer] 8:11:28 AM [vite] (client) [console.warn] Lit is in dev mode. Not recommended for production! See https://lit.dev/msg/dev-mode for more information.
  ✓  212 [webkit] › tests/visual/visualization-interactions.spec.ts:219:11 › desktop-light visualization interactions › treemap selects a stable identity with exact result lineage (631ms)
[WebServer] 8:11:29 AM [vite] (client) [console.warn] Lit is in dev mode. Not recommended for production! See https://lit.dev/msg/dev-mode for more information.
  ✓  213 [webkit] › tests/visual/visualization-interactions.spec.ts:219:11 › desktop-light visualization interactions › relationship selects a stable identity with exact result lineage (618ms)
[WebServer] 8:11:30 AM [vite] (client) [console.warn] Lit is in dev mode. Not recommended for production! See https://lit.dev/msg/dev-mode for more information.
  ✓  214 [webkit] › tests/visual/visualization-interactions.spec.ts:245:11 › desktop-light visualization interactions › trend keeps the existing partial and empty data states honest (306ms)
[WebServer] 8:11:30 AM [vite] (client) [console.warn] Lit is in dev mode. Not recommended for production! See https://lit.dev/msg/dev-mode for more information.
  ✓  215 [webkit] › tests/visual/visualization-interactions.spec.ts:245:11 › desktop-light visualization interactions › bar keeps the existing partial and empty data states honest (321ms)
[WebServer] 8:11:30 AM [vite] (client) [console.warn] Lit is in dev mode. Not recommended for production! See https://lit.dev/msg/dev-mode for more information.
  ✓  216 [webkit] › tests/visual/visualization-interactions.spec.ts:245:11 › desktop-light visualization interactions › area keeps the existing partial and empty data states honest (327ms)
[WebServer] 8:11:31 AM [vite] (client) [console.warn] Lit is in dev mode. Not recommended for production! See https://lit.dev/msg/dev-mode for more information.
  ✓  217 [webkit] › tests/visual/visualization-interactions.spec.ts:245:11 › desktop-light visualization interactions › scatter keeps the existing partial and empty data states honest (330ms)
[WebServer] 8:11:31 AM [vite] (client) [console.warn] Lit is in dev mode. Not recommended for production! See https://lit.dev/msg/dev-mode for more information.
  ✓  218 [webkit] › tests/visual/visualization-interactions.spec.ts:245:11 › desktop-light visualization interactions › histogram keeps the existing partial and empty data states honest (328ms)
[WebServer] 8:11:31 AM [vite] (client) [console.warn] Lit is in dev mode. Not recommended for production! See https://lit.dev/msg/dev-mode for more information.
  ✓  219 [webkit] › tests/visual/visualization-interactions.spec.ts:245:11 › desktop-light visualization interactions › heatmap keeps the existing partial and empty data states honest (333ms)
[WebServer] 8:11:32 AM [vite] (client) [console.warn] Lit is in dev mode. Not recommended for production! See https://lit.dev/msg/dev-mode for more information.
  ✓  220 [webkit] › tests/visual/visualization-interactions.spec.ts:245:11 › desktop-light visualization interactions › matrix keeps the existing partial and empty data states honest (310ms)
[WebServer] 8:11:32 AM [vite] (client) [console.warn] Lit is in dev mode. Not recommended for production! See https://lit.dev/msg/dev-mode for more information.
  ✓  221 [webkit] › tests/visual/visualization-interactions.spec.ts:245:11 › desktop-light visualization interactions › timeline keeps the existing partial and empty data states honest (321ms)
[WebServer] 8:11:32 AM [vite] (client) [console.warn] Lit is in dev mode. Not recommended for production! See https://lit.dev/msg/dev-mode for more information.
  ✓  222 [webkit] › tests/visual/visualization-interactions.spec.ts:245:11 › desktop-light visualization interactions › calendar-grid keeps the existing partial and empty data states honest (329ms)
[WebServer] 8:11:33 AM [vite] (client) [console.warn] Lit is in dev mode. Not recommended for production! See https://lit.dev/msg/dev-mode for more information.
  ✓  223 [webkit] › tests/visual/visualization-interactions.spec.ts:245:11 › desktop-light visualization interactions › tree keeps the existing partial and empty data states honest (331ms)
[WebServer] 8:11:33 AM [vite] (client) [console.warn] Lit is in dev mode. Not recommended for production! See https://lit.dev/msg/dev-mode for more information.
  ✓  224 [webkit] › tests/visual/visualization-interactions.spec.ts:245:11 › desktop-light visualization interactions › treemap keeps the existing partial and empty data states honest (332ms)
[WebServer] 8:11:33 AM [vite] (client) [console.warn] Lit is in dev mode. Not recommended for production! See https://lit.dev/msg/dev-mode for more information.
  ✓  225 [webkit] › tests/visual/visualization-interactions.spec.ts:245:11 › desktop-light visualization interactions › relationship keeps the existing partial and empty data states honest (329ms)
[WebServer] 8:11:34 AM [vite] (client) [console.warn] Lit is in dev mode. Not recommended for production! See https://lit.dev/msg/dev-mode for more information.
  ✓  226 [webkit] › tests/visual/visualization-interactions.spec.ts:219:11 › narrow-dark-rtl visualization interactions › trend selects a stable identity with exact result lineage (635ms)
[WebServer] 8:11:34 AM [vite] (client) [console.warn] Lit is in dev mode. Not recommended for production! See https://lit.dev/msg/dev-mode for more information.
  ✓  227 [webkit] › tests/visual/visualization-interactions.spec.ts:219:11 › narrow-dark-rtl visualization interactions › bar selects a stable identity with exact result lineage (648ms)
[WebServer] 8:11:35 AM [vite] (client) [console.warn] Lit is in dev mode. Not recommended for production! See https://lit.dev/msg/dev-mode for more information.
  ✓  228 [webkit] › tests/visual/visualization-interactions.spec.ts:219:11 › narrow-dark-rtl visualization interactions › area selects a stable identity with exact result lineage (617ms)
[WebServer] 8:11:36 AM [vite] (client) [console.warn] Lit is in dev mode. Not recommended for production! See https://lit.dev/msg/dev-mode for more information.
  ✓  229 [webkit] › tests/visual/visualization-interactions.spec.ts:219:11 › narrow-dark-rtl visualization interactions › scatter selects a stable identity with exact result lineage (633ms)
[WebServer] 8:11:36 AM [vite] (client) [console.warn] Lit is in dev mode. Not recommended for production! See https://lit.dev/msg/dev-mode for more information.
  ✓  230 [webkit] › tests/visual/visualization-interactions.spec.ts:219:11 › narrow-dark-rtl visualization interactions › histogram selects a stable identity with exact result lineage (613ms)
[WebServer] 8:11:37 AM [vite] (client) [console.warn] Lit is in dev mode. Not recommended for production! See https://lit.dev/msg/dev-mode for more information.
  ✓  231 [webkit] › tests/visual/visualization-interactions.spec.ts:219:11 › narrow-dark-rtl visualization interactions › heatmap selects a stable identity with exact result lineage (644ms)
[WebServer] 8:11:37 AM [vite] (client) [console.warn] Lit is in dev mode. Not recommended for production! See https://lit.dev/msg/dev-mode for more information.
  ✓  232 [webkit] › tests/visual/visualization-interactions.spec.ts:219:11 › narrow-dark-rtl visualization interactions › matrix selects a stable identity with exact result lineage (594ms)
[WebServer] 8:11:38 AM [vite] (client) [console.warn] Lit is in dev mode. Not recommended for production! See https://lit.dev/msg/dev-mode for more information.
  ✓  233 [webkit] › tests/visual/visualization-interactions.spec.ts:219:11 › narrow-dark-rtl visualization interactions › timeline selects a stable identity with exact result lineage (630ms)
[WebServer] 8:11:39 AM [vite] (client) [console.warn] Lit is in dev mode. Not recommended for production! See https://lit.dev/msg/dev-mode for more information.
  ✓  234 [webkit] › tests/visual/visualization-interactions.spec.ts:219:11 › narrow-dark-rtl visualization interactions › calendar-grid selects a stable identity with exact result lineage (621ms)
[WebServer] 8:11:39 AM [vite] (client) [console.warn] Lit is in dev mode. Not recommended for production! See https://lit.dev/msg/dev-mode for more information.
  ✓  235 [webkit] › tests/visual/visualization-interactions.spec.ts:219:11 › narrow-dark-rtl visualization interactions › tree selects a stable identity with exact result lineage (620ms)
[WebServer] 8:11:40 AM [vite] (client) [console.warn] Lit is in dev mode. Not recommended for production! See https://lit.dev/msg/dev-mode for more information.
  ✓  236 [webkit] › tests/visual/visualization-interactions.spec.ts:219:11 › narrow-dark-rtl visualization interactions › treemap selects a stable identity with exact result lineage (719ms)
[WebServer] 8:11:41 AM [vite] (client) [console.warn] Lit is in dev mode. Not recommended for production! See https://lit.dev/msg/dev-mode for more information.
  ✓  237 [webkit] › tests/visual/visualization-interactions.spec.ts:219:11 › narrow-dark-rtl visualization interactions › relationship selects a stable identity with exact result lineage (657ms)
[WebServer] 8:11:41 AM [vite] (client) [console.warn] Lit is in dev mode. Not recommended for production! See https://lit.dev/msg/dev-mode for more information.
  ✓  238 [webkit] › tests/visual/visualization-interactions.spec.ts:245:11 › narrow-dark-rtl visualization interactions › trend keeps the existing partial and empty data states honest (326ms)
[WebServer] 8:11:42 AM [vite] (client) [console.warn] Lit is in dev mode. Not recommended for production! See https://lit.dev/msg/dev-mode for more information.
  ✓  239 [webkit] › tests/visual/visualization-interactions.spec.ts:245:11 › narrow-dark-rtl visualization interactions › bar keeps the existing partial and empty data states honest (329ms)
[WebServer] 8:11:42 AM [vite] (client) [console.warn] Lit is in dev mode. Not recommended for production! See https://lit.dev/msg/dev-mode for more information.
  ✓  240 [webkit] › tests/visual/visualization-interactions.spec.ts:245:11 › narrow-dark-rtl visualization interactions › area keeps the existing partial and empty data states honest (326ms)
[WebServer] 8:11:42 AM [vite] (client) [console.warn] Lit is in dev mode. Not recommended for production! See https://lit.dev/msg/dev-mode for more information.
  ✓  241 [webkit] › tests/visual/visualization-interactions.spec.ts:245:11 › narrow-dark-rtl visualization interactions › scatter keeps the existing partial and empty data states honest (325ms)
[WebServer] 8:11:43 AM [vite] (client) [console.warn] Lit is in dev mode. Not recommended for production! See https://lit.dev/msg/dev-mode for more information.
  ✓  242 [webkit] › tests/visual/visualization-interactions.spec.ts:245:11 › narrow-dark-rtl visualization interactions › histogram keeps the existing partial and empty data states honest (325ms)
[WebServer] 8:11:43 AM [vite] (client) [console.warn] Lit is in dev mode. Not recommended for production! See https://lit.dev/msg/dev-mode for more information.
  ✓  243 [webkit] › tests/visual/visualization-interactions.spec.ts:245:11 › narrow-dark-rtl visualization interactions › heatmap keeps the existing partial and empty data states honest (328ms)
[WebServer] 8:11:43 AM [vite] (client) [console.warn] Lit is in dev mode. Not recommended for production! See https://lit.dev/msg/dev-mode for more information.
  ✓  244 [webkit] › tests/visual/visualization-interactions.spec.ts:245:11 › narrow-dark-rtl visualization interactions › matrix keeps the existing partial and empty data states honest (324ms)
[WebServer] 8:11:44 AM [vite] (client) [console.warn] Lit is in dev mode. Not recommended for production! See https://lit.dev/msg/dev-mode for more information.
  ✓  245 [webkit] › tests/visual/visualization-interactions.spec.ts:245:11 › narrow-dark-rtl visualization interactions › timeline keeps the existing partial and empty data states honest (324ms)
[WebServer] 8:11:44 AM [vite] (client) [console.warn] Lit is in dev mode. Not recommended for production! See https://lit.dev/msg/dev-mode for more information.
  ✓  246 [webkit] › tests/visual/visualization-interactions.spec.ts:245:11 › narrow-dark-rtl visualization interactions › calendar-grid keeps the existing partial and empty data states honest (324ms)
[WebServer] 8:11:44 AM [vite] (client) [console.warn] Lit is in dev mode. Not recommended for production! See https://lit.dev/msg/dev-mode for more information.
  ✓  247 [webkit] › tests/visual/visualization-interactions.spec.ts:245:11 › narrow-dark-rtl visualization interactions › tree keeps the existing partial and empty data states honest (318ms)
[WebServer] 8:11:45 AM [vite] (client) [console.warn] Lit is in dev mode. Not recommended for production! See https://lit.dev/msg/dev-mode for more information.
  ✓  248 [webkit] › tests/visual/visualization-interactions.spec.ts:245:11 › narrow-dark-rtl visualization interactions › treemap keeps the existing partial and empty data states honest (332ms)
[WebServer] 8:11:45 AM [vite] (client) [console.warn] Lit is in dev mode. Not recommended for production! See https://lit.dev/msg/dev-mode for more information.
  ✓  249 [webkit] › tests/visual/visualization-interactions.spec.ts:245:11 › narrow-dark-rtl visualization interactions › relationship keeps the existing partial and empty data states honest (337ms)
[WebServer] 8:11:45 AM [vite] (client) [console.warn] Lit is in dev mode. Not recommended for production! See https://lit.dev/msg/dev-mode for more information.
  ✓  250 [webkit] › tests/visual/visualization-interactions.spec.ts:270:9 › trend desktop-light paginates 30 rows while retaining a bounded data-only path (424ms)
[WebServer] 8:11:46 AM [vite] (client) [console.warn] Lit is in dev mode. Not recommended for production! See https://lit.dev/msg/dev-mode for more information.
  ✓  251 [webkit] › tests/visual/visualization-interactions.spec.ts:270:9 › trend narrow-dark-rtl paginates 30 rows while retaining a bounded data-only path (440ms)
[WebServer] 8:11:46 AM [vite] (client) [console.warn] Lit is in dev mode. Not recommended for production! See https://lit.dev/msg/dev-mode for more information.
  ✘  252 [webkit] › tests/visual/visualization-interactions.spec.ts:270:9 › timeline desktop-light paginates 30 rows while retaining a bounded data-only path (5.4s)
(node:29289) Warning: The 'NO_COLOR' env is ignored due to the 'FORCE_COLOR' env being set.
(Use `node --trace-warnings ...` to show where the warning was created)
[WebServer] 8:11:52 AM [vite] (client) [console.warn] Lit is in dev mode. Not recommended for production! See https://lit.dev/msg/dev-mode for more information.
  ✘  253 [webkit] › tests/visual/visualization-interactions.spec.ts:270:9 › timeline narrow-dark-rtl paginates 30 rows while retaining a bounded data-only path (5.5s)
(node:29312) Warning: The 'NO_COLOR' env is ignored due to the 'FORCE_COLOR' env being set.
(Use `node --trace-warnings ...` to show where the warning was created)
[WebServer] 8:11:58 AM [vite] (client) [console.warn] Lit is in dev mode. Not recommended for production! See https://lit.dev/msg/dev-mode for more information.
  ✘  254 [webkit] › tests/visual/visualization-interactions.spec.ts:270:9 › tree desktop-light paginates 30 rows while retaining a bounded data-only path (5.5s)
(node:29327) Warning: The 'NO_COLOR' env is ignored due to the 'FORCE_COLOR' env being set.
(Use `node --trace-warnings ...` to show where the warning was created)
[WebServer] 8:12:04 AM [vite] (client) [console.warn] Lit is in dev mode. Not recommended for production! See https://lit.dev/msg/dev-mode for more information.
  ✘  255 [webkit] › tests/visual/visualization-interactions.spec.ts:270:9 › tree narrow-dark-rtl paginates 30 rows while retaining a bounded data-only path (5.5s)


  1) [webkit] › tests/visual/compound-interactions.spec.ts:190:9 › narrow-dark-rtl › investigation forwards evidence selection with result lineage 

    Error: expect(received).toMatchObject(expected)

    Matcher error: received value must be a non-null object

    Received has value: null

    Call Log:
    - Timeout 5000ms exceeded while waiting on the predicate

      193 |       await expect(trend.locator('[part="data"] button').first()).toBeVisible();
      194 |       await trend.locator('[part="data"] button').first().click();
    > 195 |       await expect.poll(() => lastEvent(page, "aeliqo-visualization-select")).toMatchObject({
          |                                                                               ^
      196 |         source: "user",
      197 |         identity: JSON.stringify([JSON.stringify(["text", "ada"])]),
      198 |         result: {id: "aeliqo-catalog-example", outputId: "people"},
        at /Users/nino/WORKS/Personal/Idea/Project/products/aeliqo/tests/visual/compound-interactions.spec.ts:195:79

    Error Context: artifacts/visual-interactions/compound-interactions-narr-60db3-lection-with-result-lineage-webkit/error-context.md

    attachment #2: trace (application/zip) ─────────────────────────────────────────────────────────
    artifacts/visual-interactions/compound-interactions-narr-60db3-lection-with-result-lineage-webkit/trace.zip
    Usage:

        pnpm exec playwright show-trace artifacts/visual-interactions/compound-interactions-narr-60db3-lection-with-result-lineage-webkit/trace.zip

    ────────────────────────────────────────────────────────────────────────────────────────────────

  2) [webkit] › tests/visual/visualization-interactions.spec.ts:270:9 › timeline desktop-light paginates 30 rows while retaining a bounded data-only path 

    Error: expect(locator).toHaveCount(expected) failed

    Locator:  locator('#fixture aeliqo-timeline').first().locator('tbody tr')
    Expected: 5
    Received: 25
    Timeout:  5000ms

    Call log:
      - Expect "toHaveCount" locator('#fixture aeliqo-timeline').first().locator('tbody tr') with timeout 5000ms
      - waiting for locator('#fixture aeliqo-timeline').first().locator('tbody tr')
        14 × locator resolved to 25 elements
           - unexpected value "25"


      277 |       await expect(next).toBeEnabled();
      278 |       await next.click();
    > 279 |       await expect(session.host.locator("tbody tr")).toHaveCount(5);
          |                                                      ^
      280 |       await expect(session.host).toContainText("Rows 26–30 of 30");
      281 |       const pageTwo = await renderedRowCells(session.host);
      282 |       expect(pageTwo[0]?.[1]).toBe(id === "tree" ? "node-25" : "row-25");
        at /Users/nino/WORKS/Personal/Idea/Project/products/aeliqo/tests/visual/visualization-interactions.spec.ts:279:54

    Error Context: artifacts/visual-interactions/visualization-interactions-755e3-ng-a-bounded-data-only-path-webkit/error-context.md

    attachment #2: trace (application/zip) ─────────────────────────────────────────────────────────
    artifacts/visual-interactions/visualization-interactions-755e3-ng-a-bounded-data-only-path-webkit/trace.zip
    Usage:

        pnpm exec playwright show-trace artifacts/visual-interactions/visualization-interactions-755e3-ng-a-bounded-data-only-path-webkit/trace.zip

    ────────────────────────────────────────────────────────────────────────────────────────────────

  3) [webkit] › tests/visual/visualization-interactions.spec.ts:270:9 › timeline narrow-dark-rtl paginates 30 rows while retaining a bounded data-only path 

    Error: expect(locator).toHaveCount(expected) failed

    Locator:  locator('#fixture aeliqo-timeline').first().locator('tbody tr')
    Expected: 5
    Received: 25
    Timeout:  5000ms

    Call log:
      - Expect "toHaveCount" locator('#fixture aeliqo-timeline').first().locator('tbody tr') with timeout 5000ms
      - waiting for locator('#fixture aeliqo-timeline').first().locator('tbody tr')
        14 × locator resolved to 25 elements
           - unexpected value "25"


      277 |       await expect(next).toBeEnabled();
      278 |       await next.click();
    > 279 |       await expect(session.host.locator("tbody tr")).toHaveCount(5);
          |                                                      ^
      280 |       await expect(session.host).toContainText("Rows 26–30 of 30");
      281 |       const pageTwo = await renderedRowCells(session.host);
      282 |       expect(pageTwo[0]?.[1]).toBe(id === "tree" ? "node-25" : "row-25");
        at /Users/nino/WORKS/Personal/Idea/Project/products/aeliqo/tests/visual/visualization-interactions.spec.ts:279:54

    Error Context: artifacts/visual-interactions/visualization-interactions-4d272-ng-a-bounded-data-only-path-webkit/error-context.md

    attachment #2: trace (application/zip) ─────────────────────────────────────────────────────────
    artifacts/visual-interactions/visualization-interactions-4d272-ng-a-bounded-data-only-path-webkit/trace.zip
    Usage:

        pnpm exec playwright show-trace artifacts/visual-interactions/visualization-interactions-4d272-ng-a-bounded-data-only-path-webkit/trace.zip

    ────────────────────────────────────────────────────────────────────────────────────────────────

  4) [webkit] › tests/visual/visualization-interactions.spec.ts:270:9 › tree desktop-light paginates 30 rows while retaining a bounded data-only path 

    Error: expect(locator).toHaveCount(expected) failed

    Locator:  locator('#fixture aeliqo-tree').first().locator('tbody tr')
    Expected: 5
    Received: 25
    Timeout:  5000ms

    Call log:
      - Expect "toHaveCount" locator('#fixture aeliqo-tree').first().locator('tbody tr') with timeout 5000ms
      - waiting for locator('#fixture aeliqo-tree').first().locator('tbody tr')
        14 × locator resolved to 25 elements
           - unexpected value "25"


      277 |       await expect(next).toBeEnabled();
      278 |       await next.click();
    > 279 |       await expect(session.host.locator("tbody tr")).toHaveCount(5);
          |                                                      ^
      280 |       await expect(session.host).toContainText("Rows 26–30 of 30");
      281 |       const pageTwo = await renderedRowCells(session.host);
      282 |       expect(pageTwo[0]?.[1]).toBe(id === "tree" ? "node-25" : "row-25");
        at /Users/nino/WORKS/Personal/Idea/Project/products/aeliqo/tests/visual/visualization-interactions.spec.ts:279:54

    Error Context: artifacts/visual-interactions/visualization-interactions-6740a-ng-a-bounded-data-only-path-webkit/error-context.md

    attachment #2: trace (application/zip) ─────────────────────────────────────────────────────────
    artifacts/visual-interactions/visualization-interactions-6740a-ng-a-bounded-data-only-path-webkit/trace.zip
    Usage:

        pnpm exec playwright show-trace artifacts/visual-interactions/visualization-interactions-6740a-ng-a-bounded-data-only-path-webkit/trace.zip

    ────────────────────────────────────────────────────────────────────────────────────────────────

  5) [webkit] › tests/visual/visualization-interactions.spec.ts:270:9 › tree narrow-dark-rtl paginates 30 rows while retaining a bounded data-only path 

    Error: expect(locator).toHaveCount(expected) failed

    Locator:  locator('#fixture aeliqo-tree').first().locator('tbody tr')
    Expected: 5
    Received: 25
    Timeout:  5000ms

    Call log:
      - Expect "toHaveCount" locator('#fixture aeliqo-tree').first().locator('tbody tr') with timeout 5000ms
      - waiting for locator('#fixture aeliqo-tree').first().locator('tbody tr')
        14 × locator resolved to 25 elements
           - unexpected value "25"


      277 |       await expect(next).toBeEnabled();
      278 |       await next.click();
    > 279 |       await expect(session.host.locator("tbody tr")).toHaveCount(5);
          |                                                      ^
      280 |       await expect(session.host).toContainText("Rows 26–30 of 30");
      281 |       const pageTwo = await renderedRowCells(session.host);
      282 |       expect(pageTwo[0]?.[1]).toBe(id === "tree" ? "node-25" : "row-25");
        at /Users/nino/WORKS/Personal/Idea/Project/products/aeliqo/tests/visual/visualization-interactions.spec.ts:279:54

    Error Context: artifacts/visual-interactions/visualization-interactions-443ec-ng-a-bounded-data-only-path-webkit/error-context.md

    attachment #2: trace (application/zip) ─────────────────────────────────────────────────────────
    artifacts/visual-interactions/visualization-interactions-443ec-ng-a-bounded-data-only-path-webkit/trace.zip
    Usage:

        pnpm exec playwright show-trace artifacts/visual-interactions/visualization-interactions-443ec-ng-a-bounded-data-only-path-webkit/trace.zip

    ────────────────────────────────────────────────────────────────────────────────────────────────

  5 failed
    [webkit] › tests/visual/compound-interactions.spec.ts:190:9 › narrow-dark-rtl › investigation forwards evidence selection with result lineage 
    [webkit] › tests/visual/visualization-interactions.spec.ts:270:9 › timeline desktop-light paginates 30 rows while retaining a bounded data-only path 
    [webkit] › tests/visual/visualization-interactions.spec.ts:270:9 › timeline narrow-dark-rtl paginates 30 rows while retaining a bounded data-only path 
    [webkit] › tests/visual/visualization-interactions.spec.ts:270:9 › tree desktop-light paginates 30 rows while retaining a bounded data-only path 
    [webkit] › tests/visual/visualization-interactions.spec.ts:270:9 › tree narrow-dark-rtl paginates 30 rows while retaining a bounded data-only path 
  250 passed (2.7m)
