{
  "scope": "Python reference monotone operation-coverage search only; NOT product or paint benchmark",
  "environment": {
    "python": "3.14.7 (main, Aug  5 2026, 10:29:49) [Clang 21.0.0 (clang-2100.1.1.101)]",
    "platform": "macOS-26.6.2-arm64-arm-64bit-Mach-O",
    "processor": "arm"
  },
  "includes": "validation/filtering/sorting of candidate list plus greedy selection; excludes registry construction",
  "limitations": "No browser, rendering, semantic queries, graph binding, pixels, mobile hardware or real model. No threshold derived for production.",
  "observations": [
    {
      "candidates": 71,
      "requiredOperations": 4,
      "runs": 25,
      "warmups": 3,
      "samplesMs": [
        0.0615,
        0.062209,
        0.061459,
        0.061083,
        0.076,
        0.063708,
        0.063042,
        0.062917,
        0.062584,
        0.09475,
        0.071792,
        0.067417,
        0.065166,
        0.064334,
        0.064208,
        0.0645,
        0.06925,
        0.064167,
        0.063208,
        0.062791,
        0.061917,
        0.061375,
        0.062167,
        0.069583,
        0.065125
      ],
      "medianMs": 0.063708,
      "p95Ms": 0.076,
      "maxPlanExpansions": 4
    },
    {
      "candidates": 710,
      "requiredOperations": 4,
      "runs": 25,
      "warmups": 3,
      "samplesMs": [
        0.6055,
        0.610667,
        0.621584,
        0.60275,
        0.610625,
        0.633416,
        0.644,
        0.638083,
        0.617291,
        0.609417,
        0.638333,
        0.623375,
        0.603375,
        0.602584,
        0.604542,
        0.612,
        0.606875,
        0.6145,
        0.602209,
        0.7085,
        0.628791,
        0.60775,
        0.603916,
        0.604375,
        0.609334
      ],
      "medianMs": 0.610625,
      "p95Ms": 0.644,
      "maxPlanExpansions": 4
    },
    {
      "candidates": 7100,
      "requiredOperations": 4,
      "runs": 25,
      "warmups": 3,
      "samplesMs": [
        6.5395,
        6.4685,
        6.353375,
        6.364625,
        6.376875,
        6.776792,
        6.344458,
        6.419541,
        6.202917,
        6.1145,
        6.02525,
        6.12975,
        6.391292,
        6.657958,
        6.391333,
        6.199625,
        6.329042,
        6.428041,
        6.262416,
        8.174375,
        6.278583,
        6.787125,
        6.444958,
        6.337667,
        6.294459
      ],
      "medianMs": 6.364625,
      "p95Ms": 6.787125,
      "maxPlanExpansions": 4
    }
  ]
}
