✔ unknown SSR measurement is representable (0.808667ms)
✔ zero-size hidden container is real, not unknown (0.063458ms)
✔ known measurement needs a number (0.171792ms)
✔ negative measurement refused (0.486959ms)
✔ NaN and infinity refused (0.120917ms)
✔ unknown state does not carry a fictional width (0.061709ms)
✔ count unknown distinct from exact zero (0.112375ms)
✔ exact count missing value refused (0.078583ms)
✔ unsafe integer count refused (0.066209ms)
✔ negative and fractional exact counts refused (0.105125ms)
✔ estimated count missing method refused (0.056125ms)
✔ estimate may honestly state unquantified uncertainty (0.07225ms)
✔ approximate precision requires evidence (0.043958ms)
✔ inverted uncertainty interval refused (0.031875ms)
✔ precision exact is independent of sample population (0.026125ms)
✔ selection keys are stable strings (0.08225ms)
✔ selection rejects row-index numeric keys (0.04175ms)
✔ clear is explicit, empty selection ID list refused (0.035667ms)
✔ duplicate selection keys refused (0.028417ms)
✔ selection cannot self-label human approval (0.026166ms)
✔ result reference is version and scope bound (0.023792ms)
✔ function call without immutable revision refused (0.091ms)
✔ versioned function call accepted structurally (0.028166ms)
✔ raw executable expression kind refused (0.030083ms)
✔ integer literal must not be nonfinite (0.028875ms)
✔ nonnullable null refused (0.025916ms)
✔ unsafe decimal syntax refused (0.054667ms)
✔ deep expression bounded before recursion (0.090375ms)
✔ wide expression bounded (0.08075ms)
✔ multioutput task topologically ordered (0.101125ms)
✔ queryless form/presentation examples do not have outputs (0.021125ms)
✔ missing output dependency refused (0.07475ms)
✔ duplicate output ID refused (0.041125ms)
✔ live cohort must be explicit dependency (0.037125ms)
✔ dependency cycle refused (0.038208ms)
✔ output budget cannot silently truncate (0.030625ms)
✔ containment tree accepted (0.076209ms)
✔ two parents for a node refused (0.032458ms)
✔ orphan containment refused (0.028625ms)
✔ cycle through root refused (0.031791ms)
✔ same read set can commit (0.056208ms)
✔ changed scopeDigest rejects stale proposal (0.030334ms)
✔ changed policyRevision rejects stale proposal (0.021375ms)
✔ changed taskRevision rejects stale proposal (0.028584ms)
✔ changed regionRevision rejects stale proposal (0.016458ms)
✔ changed catalogRevision rejects stale proposal (0.017542ms)
✔ changed experienceRevision rejects stale proposal (0.017084ms)
✔ changed functionRegistryDigest rejects stale proposal (0.023ms)
✔ changed result revision rejects commit (0.024959ms)
✔ same result revision but different query is not reusable (0.020625ms)
✔ unrelated extra result does not invalidate the read set (0.020833ms)
✔ coverage requires actual registered operation (0.07225ms)
✔ self-reported coverage is not evidence (0.029209ms)
✔ coverage cannot cite a missing view (0.031042ms)
✔ coverage must bind correct output (0.028583ms)
✔ 100 seeded output DAG permutations retain dependency order (2.421083ms)
✔ 100 result permutations preserve matching preconditions (1.975125ms)
ℹ tests 57
ℹ suites 0
ℹ pass 57
ℹ fail 0
ℹ cancelled 0
ℹ skipped 0
ℹ todo 0
ℹ duration_ms 51.588084
