test_balance_not_sum_over_time (test_math.NumericalContractTests.test_balance_not_sum_over_time) ... ok
test_calendar_three_months_not_ninety_days (test_math.NumericalContractTests.test_calendar_three_months_not_ninety_days) ... ok
test_distinct_counts_not_additive (test_math.NumericalContractTests.test_distinct_counts_not_additive) ... ok
test_fanout_mutant_is_detected (test_math.NumericalContractTests.test_fanout_mutant_is_detected) ... ok
test_fixed_cohort_not_per_week_winner (test_math.NumericalContractTests.test_fixed_cohort_not_per_week_winner) ... ok
test_half_open_periods_do_not_overlap (test_math.NumericalContractTests.test_half_open_periods_do_not_overlap) ... ok
test_identity_count_not_row_count (test_math.NumericalContractTests.test_identity_count_not_row_count) ... ok
test_large_money_exact_decimal (test_math.NumericalContractTests.test_large_money_exact_decimal) ... ok
test_local_day_not_fixed_24_hours (test_math.NumericalContractTests.test_local_day_not_fixed_24_hours) ... ok
test_mean_and_pooled_answer_different_questions (test_math.NumericalContractTests.test_mean_and_pooled_answer_different_questions) ... ok
test_missing_observation_not_absence (test_math.NumericalContractTests.test_missing_observation_not_absence) ... ok
test_missing_pair_exclusion_is_declared (test_math.NumericalContractTests.test_missing_pair_exclusion_is_declared) ... ok
test_mix_shift_totals_do_not_imply_every_group_worse (test_math.NumericalContractTests.test_mix_shift_totals_do_not_imply_every_group_worse) ... ok
test_no_observations_is_unknown (test_math.NumericalContractTests.test_no_observations_is_unknown) ... ok
test_partial_page_cannot_prove_global_winner (test_math.NumericalContractTests.test_partial_page_cannot_prove_global_winner) ... ok
test_permutations_preserve_exact_pooled_rate_100_seeds (test_math.NumericalContractTests.test_permutations_preserve_exact_pooled_rate_100_seeds) ... ok
test_shards_preserve_sufficient_statistics_100_seeds (test_math.NumericalContractTests.test_shards_preserve_sufficient_statistics_100_seeds) ... ok
test_sql_python_equivalence_300_seeds (test_math.NumericalContractTests.test_sql_python_equivalence_300_seeds) ... /opt/homebrew/Cellar/python@3.14/3.14.7/Frameworks/Python.framework/Versions/3.14/lib/python3.14/fractions.py:237: ResourceWarning: unclosed database in <sqlite3.Connection object at 0x1067154e0>
  self = super(Fraction, cls).__new__(cls)
ResourceWarning: Enable tracemalloc to get the object allocation traceback
/opt/homebrew/Cellar/python@3.14/3.14.7/Frameworks/Python.framework/Versions/3.14/lib/python3.14/fractions.py:237: ResourceWarning: unclosed database in <sqlite3.Connection object at 0x1063ccb80>
  self = super(Fraction, cls).__new__(cls)
ResourceWarning: Enable tracemalloc to get the object allocation traceback
/opt/homebrew/Cellar/python@3.14/3.14.7/Frameworks/Python.framework/Versions/3.14/lib/python3.14/fractions.py:237: ResourceWarning: unclosed database in <sqlite3.Connection object at 0x10615d990>
  self = super(Fraction, cls).__new__(cls)
ResourceWarning: Enable tracemalloc to get the object allocation traceback
/opt/homebrew/Cellar/python@3.14/3.14.7/Frameworks/Python.framework/Versions/3.14/lib/python3.14/fractions.py:237: ResourceWarning: unclosed database in <sqlite3.Connection object at 0x106715210>
  self = super(Fraction, cls).__new__(cls)
ResourceWarning: Enable tracemalloc to get the object allocation traceback
/opt/homebrew/Cellar/python@3.14/3.14.7/Frameworks/Python.framework/Versions/3.14/lib/python3.14/fractions.py:237: ResourceWarning: unclosed database in <sqlite3.Connection object at 0x1067155d0>
  self = super(Fraction, cls).__new__(cls)
ResourceWarning: Enable tracemalloc to get the object allocation traceback
/opt/homebrew/Cellar/python@3.14/3.14.7/Frameworks/Python.framework/Versions/3.14/lib/python3.14/fractions.py:237: ResourceWarning: unclosed database in <sqlite3.Connection object at 0x1067156c0>
  self = super(Fraction, cls).__new__(cls)
ResourceWarning: Enable tracemalloc to get the object allocation traceback
/opt/homebrew/Cellar/python@3.14/3.14.7/Frameworks/Python.framework/Versions/3.14/lib/python3.14/fractions.py:237: ResourceWarning: unclosed database in <sqlite3.Connection object at 0x1067157b0>
  self = super(Fraction, cls).__new__(cls)
ResourceWarning: Enable tracemalloc to get the object allocation traceback
/opt/homebrew/Cellar/python@3.14/3.14.7/Frameworks/Python.framework/Versions/3.14/lib/python3.14/fractions.py:237: ResourceWarning: unclosed database in <sqlite3.Connection object at 0x1067158a0>
  self = super(Fraction, cls).__new__(cls)
ResourceWarning: Enable tracemalloc to get the object allocation traceback
/opt/homebrew/Cellar/python@3.14/3.14.7/Frameworks/Python.framework/Versions/3.14/lib/python3.14/fractions.py:237: ResourceWarning: unclosed database in <sqlite3.Connection object at 0x106715990>
  self = super(Fraction, cls).__new__(cls)
ResourceWarning: Enable tracemalloc to get the object allocation traceback
/opt/homebrew/Cellar/python@3.14/3.14.7/Frameworks/Python.framework/Versions/3.14/lib/python3.14/fractions.py:237: ResourceWarning: unclosed database in <sqlite3.Connection object at 0x106715a80>
  self = super(Fraction, cls).__new__(cls)
ResourceWarning: Enable tracemalloc to get the object allocation traceback
/opt/homebrew/Cellar/python@3.14/3.14.7/Frameworks/Python.framework/Versions/3.14/lib/python3.14/fractions.py:237: ResourceWarning: unclosed database in <sqlite3.Connection object at 0x106715b70>
  self = super(Fraction, cls).__new__(cls)
ResourceWarning: Enable tracemalloc to get the object allocation traceback
/opt/homebrew/Cellar/python@3.14/3.14.7/Frameworks/Python.framework/Versions/3.14/lib/python3.14/fractions.py:237: ResourceWarning: unclosed database in <sqlite3.Connection object at 0x106715c60>
  self = super(Fraction, cls).__new__(cls)
ResourceWarning: Enable tracemalloc to get the object allocation traceback
/opt/homebrew/Cellar/python@3.14/3.14.7/Frameworks/Python.framework/Versions/3.14/lib/python3.14/fractions.py:237: ResourceWarning: unclosed database in <sqlite3.Connection object at 0x106715d50>
  self = super(Fraction, cls).__new__(cls)
ResourceWarning: Enable tracemalloc to get the object allocation traceback
/opt/homebrew/Cellar/python@3.14/3.14.7/Frameworks/Python.framework/Versions/3.14/lib/python3.14/fractions.py:237: ResourceWarning: unclosed database in <sqlite3.Connection object at 0x106715e40>
  self = super(Fraction, cls).__new__(cls)
ResourceWarning: Enable tracemalloc to get the object allocation traceback
/opt/homebrew/Cellar/python@3.14/3.14.7/Frameworks/Python.framework/Versions/3.14/lib/python3.14/fractions.py:237: ResourceWarning: unclosed database in <sqlite3.Connection object at 0x106715f30>
  self = super(Fraction, cls).__new__(cls)
ResourceWarning: Enable tracemalloc to get the object allocation traceback
/opt/homebrew/Cellar/python@3.14/3.14.7/Frameworks/Python.framework/Versions/3.14/lib/python3.14/fractions.py:237: ResourceWarning: unclosed database in <sqlite3.Connection object at 0x106716020>
  self = super(Fraction, cls).__new__(cls)
ResourceWarning: Enable tracemalloc to get the object allocation traceback
/opt/homebrew/Cellar/python@3.14/3.14.7/Frameworks/Python.framework/Versions/3.14/lib/python3.14/fractions.py:237: ResourceWarning: unclosed database in <sqlite3.Connection object at 0x106716110>
  self = super(Fraction, cls).__new__(cls)
ResourceWarning: Enable tracemalloc to get the object allocation traceback
/opt/homebrew/Cellar/python@3.14/3.14.7/Frameworks/Python.framework/Versions/3.14/lib/python3.14/fractions.py:237: ResourceWarning: unclosed database in <sqlite3.Connection object at 0x106716200>
  self = super(Fraction, cls).__new__(cls)
ResourceWarning: Enable tracemalloc to get the object allocation traceback
/opt/homebrew/Cellar/python@3.14/3.14.7/Frameworks/Python.framework/Versions/3.14/lib/python3.14/fractions.py:237: ResourceWarning: unclosed database in <sqlite3.Connection object at 0x1067162f0>
  self = super(Fraction, cls).__new__(cls)
ResourceWarning: Enable tracemalloc to get the object allocation traceback
/opt/homebrew/Cellar/python@3.14/3.14.7/Frameworks/Python.framework/Versions/3.14/lib/python3.14/fractions.py:237: ResourceWarning: unclosed database in <sqlite3.Connection object at 0x1067163e0>
  self = super(Fraction, cls).__new__(cls)
ResourceWarning: Enable tracemalloc to get the object allocation traceback
/opt/homebrew/Cellar/python@3.14/3.14.7/Frameworks/Python.framework/Versions/3.14/lib/python3.14/fractions.py:237: ResourceWarning: unclosed database in <sqlite3.Connection object at 0x1067164d0>
  self = super(Fraction, cls).__new__(cls)
ResourceWarning: Enable tracemalloc to get the object allocation traceback
/opt/homebrew/Cellar/python@3.14/3.14.7/Frameworks/Python.framework/Versions/3.14/lib/python3.14/fractions.py:237: ResourceWarning: unclosed database in <sqlite3.Connection object at 0x1067165c0>
  self = super(Fraction, cls).__new__(cls)
ResourceWarning: Enable tracemalloc to get the object allocation traceback
/opt/homebrew/Cellar/python@3.14/3.14.7/Frameworks/Python.framework/Versions/3.14/lib/python3.14/fractions.py:237: ResourceWarning: unclosed database in <sqlite3.Connection object at 0x1067166b0>
  self = super(Fraction, cls).__new__(cls)
ResourceWarning: Enable tracemalloc to get the object allocation traceback
/opt/homebrew/Cellar/python@3.14/3.14.7/Frameworks/Python.framework/Versions/3.14/lib/python3.14/fractions.py:237: ResourceWarning: unclosed database in <sqlite3.Connection object at 0x1067167a0>
  self = super(Fraction, cls).__new__(cls)
ResourceWarning: Enable tracemalloc to get the object allocation traceback
/opt/homebrew/Cellar/python@3.14/3.14.7/Frameworks/Python.framework/Versions/3.14/lib/python3.14/fractions.py:237: ResourceWarning: unclosed database in <sqlite3.Connection object at 0x106716890>
  self = super(Fraction, cls).__new__(cls)
ResourceWarning: Enable tracemalloc to get the object allocation traceback
/opt/homebrew/Cellar/python@3.14/3.14.7/Frameworks/Python.framework/Versions/3.14/lib/python3.14/fractions.py:237: ResourceWarning: unclosed database in <sqlite3.Connection object at 0x106716980>
  self = super(Fraction, cls).__new__(cls)
ResourceWarning: Enable tracemalloc to get the object allocation traceback
/opt/homebrew/Cellar/python@3.14/3.14.7/Frameworks/Python.framework/Versions/3.14/lib/python3.14/fractions.py:237: ResourceWarning: unclosed database in <sqlite3.Connection object at 0x106716a70>
  self = super(Fraction, cls).__new__(cls)
ResourceWarning: Enable tracemalloc to get the object allocation traceback
/opt/homebrew/Cellar/python@3.14/3.14.7/Frameworks/Python.framework/Versions/3.14/lib/python3.14/fractions.py:237: ResourceWarning: unclosed database in <sqlite3.Connection object at 0x106716b60>
  self = super(Fraction, cls).__new__(cls)
ResourceWarning: Enable tracemalloc to get the object allocation traceback
/opt/homebrew/Cellar/python@3.14/3.14.7/Frameworks/Python.framework/Versions/3.14/lib/python3.14/fractions.py:237: ResourceWarning: unclosed database in <sqlite3.Connection object at 0x106716c50>
  self = super(Fraction, cls).__new__(cls)
ResourceWarning: Enable tracemalloc to get the object allocation traceback
/opt/homebrew/Cellar/python@3.14/3.14.7/Frameworks/Python.framework/Versions/3.14/lib/python3.14/fractions.py:237: ResourceWarning: unclosed database in <sqlite3.Connection object at 0x106716d40>
  self = super(Fraction, cls).__new__(cls)
ResourceWarning: Enable tracemalloc to get the object allocation traceback
/opt/homebrew/Cellar/python@3.14/3.14.7/Frameworks/Python.framework/Versions/3.14/lib/python3.14/fractions.py:237: ResourceWarning: unclosed database in <sqlite3.Connection object at 0x106716e30>
  self = super(Fraction, cls).__new__(cls)
ResourceWarning: Enable tracemalloc to get the object allocation traceback
/opt/homebrew/Cellar/python@3.14/3.14.7/Frameworks/Python.framework/Versions/3.14/lib/python3.14/fractions.py:237: ResourceWarning: unclosed database in <sqlite3.Connection object at 0x106716f20>
  self = super(Fraction, cls).__new__(cls)
ResourceWarning: Enable tracemalloc to get the object allocation traceback
/opt/homebrew/Cellar/python@3.14/3.14.7/Frameworks/Python.framework/Versions/3.14/lib/python3.14/fractions.py:237: ResourceWarning: unclosed database in <sqlite3.Connection object at 0x106717010>
  self = super(Fraction, cls).__new__(cls)
ResourceWarning: Enable tracemalloc to get the object allocation traceback
/opt/homebrew/Cellar/python@3.14/3.14.7/Frameworks/Python.framework/Versions/3.14/lib/python3.14/fractions.py:237: ResourceWarning: unclosed database in <sqlite3.Connection object at 0x106717100>
  self = super(Fraction, cls).__new__(cls)
ResourceWarning: Enable tracemalloc to get the object allocation traceback
/opt/homebrew/Cellar/python@3.14/3.14.7/Frameworks/Python.framework/Versions/3.14/lib/python3.14/fractions.py:237: ResourceWarning: unclosed database in <sqlite3.Connection object at 0x1067171f0>
  self = super(Fraction, cls).__new__(cls)
ResourceWarning: Enable tracemalloc to get the object allocation traceback
/opt/homebrew/Cellar/python@3.14/3.14.7/Frameworks/Python.framework/Versions/3.14/lib/python3.14/fractions.py:237: ResourceWarning: unclosed database in <sqlite3.Connection object at 0x1067172e0>
  self = super(Fraction, cls).__new__(cls)
ResourceWarning: Enable tracemalloc to get the object allocation traceback
/opt/homebrew/Cellar/python@3.14/3.14.7/Frameworks/Python.framework/Versions/3.14/lib/python3.14/fractions.py:237: ResourceWarning: unclosed database in <sqlite3.Connection object at 0x1067173d0>
  self = super(Fraction, cls).__new__(cls)
ResourceWarning: Enable tracemalloc to get the object allocation traceback
/opt/homebrew/Cellar/python@3.14/3.14.7/Frameworks/Python.framework/Versions/3.14/lib/python3.14/fractions.py:237: ResourceWarning: unclosed database in <sqlite3.Connection object at 0x1067174c0>
  self = super(Fraction, cls).__new__(cls)
ResourceWarning: Enable tracemalloc to get the object allocation traceback
/opt/homebrew/Cellar/python@3.14/3.14.7/Frameworks/Python.framework/Versions/3.14/lib/python3.14/fractions.py:237: ResourceWarning: unclosed database in <sqlite3.Connection object at 0x1067175b0>
  self = super(Fraction, cls).__new__(cls)
ResourceWarning: Enable tracemalloc to get the object allocation traceback
/opt/homebrew/Cellar/python@3.14/3.14.7/Frameworks/Python.framework/Versions/3.14/lib/python3.14/fractions.py:237: ResourceWarning: unclosed database in <sqlite3.Connection object at 0x1067176a0>
  self = super(Fraction, cls).__new__(cls)
ResourceWarning: Enable tracemalloc to get the object allocation traceback
/opt/homebrew/Cellar/python@3.14/3.14.7/Frameworks/Python.framework/Versions/3.14/lib/python3.14/fractions.py:237: ResourceWarning: unclosed database in <sqlite3.Connection object at 0x106717790>
  self = super(Fraction, cls).__new__(cls)
ResourceWarning: Enable tracemalloc to get the object allocation traceback
/opt/homebrew/Cellar/python@3.14/3.14.7/Frameworks/Python.framework/Versions/3.14/lib/python3.14/fractions.py:237: ResourceWarning: unclosed database in <sqlite3.Connection object at 0x106717880>
  self = super(Fraction, cls).__new__(cls)
ResourceWarning: Enable tracemalloc to get the object allocation traceback
/opt/homebrew/Cellar/python@3.14/3.14.7/Frameworks/Python.framework/Versions/3.14/lib/python3.14/fractions.py:237: ResourceWarning: unclosed database in <sqlite3.Connection object at 0x106717970>
  self = super(Fraction, cls).__new__(cls)
ResourceWarning: Enable tracemalloc to get the object allocation traceback
/opt/homebrew/Cellar/python@3.14/3.14.7/Frameworks/Python.framework/Versions/3.14/lib/python3.14/fractions.py:237: ResourceWarning: unclosed database in <sqlite3.Connection object at 0x106717a60>
  self = super(Fraction, cls).__new__(cls)
ResourceWarning: Enable tracemalloc to get the object allocation traceback
/opt/homebrew/Cellar/python@3.14/3.14.7/Frameworks/Python.framework/Versions/3.14/lib/python3.14/fractions.py:237: ResourceWarning: unclosed database in <sqlite3.Connection object at 0x106717b50>
  self = super(Fraction, cls).__new__(cls)
ResourceWarning: Enable tracemalloc to get the object allocation traceback
/opt/homebrew/Cellar/python@3.14/3.14.7/Frameworks/Python.framework/Versions/3.14/lib/python3.14/fractions.py:237: ResourceWarning: unclosed database in <sqlite3.Connection object at 0x106717c40>
  self = super(Fraction, cls).__new__(cls)
ResourceWarning: Enable tracemalloc to get the object allocation traceback
/opt/homebrew/Cellar/python@3.14/3.14.7/Frameworks/Python.framework/Versions/3.14/lib/python3.14/fractions.py:237: ResourceWarning: unclosed database in <sqlite3.Connection object at 0x106717d30>
  self = super(Fraction, cls).__new__(cls)
ResourceWarning: Enable tracemalloc to get the object allocation traceback
/opt/homebrew/Cellar/python@3.14/3.14.7/Frameworks/Python.framework/Versions/3.14/lib/python3.14/fractions.py:237: ResourceWarning: unclosed database in <sqlite3.Connection object at 0x106717e20>
  self = super(Fraction, cls).__new__(cls)
ResourceWarning: Enable tracemalloc to get the object allocation traceback
/opt/homebrew/Cellar/python@3.14/3.14.7/Frameworks/Python.framework/Versions/3.14/lib/python3.14/fractions.py:237: ResourceWarning: unclosed database in <sqlite3.Connection object at 0x106717f10>
  self = super(Fraction, cls).__new__(cls)
ResourceWarning: Enable tracemalloc to get the object allocation traceback
/opt/homebrew/Cellar/python@3.14/3.14.7/Frameworks/Python.framework/Versions/3.14/lib/python3.14/fractions.py:237: ResourceWarning: unclosed database in <sqlite3.Connection object at 0x10676c040>
  self = super(Fraction, cls).__new__(cls)
ResourceWarning: Enable tracemalloc to get the object allocation traceback
/opt/homebrew/Cellar/python@3.14/3.14.7/Frameworks/Python.framework/Versions/3.14/lib/python3.14/fractions.py:237: ResourceWarning: unclosed database in <sqlite3.Connection object at 0x10676c130>
  self = super(Fraction, cls).__new__(cls)
ResourceWarning: Enable tracemalloc to get the object allocation traceback
/opt/homebrew/Cellar/python@3.14/3.14.7/Frameworks/Python.framework/Versions/3.14/lib/python3.14/fractions.py:237: ResourceWarning: unclosed database in <sqlite3.Connection object at 0x10676c220>
  self = super(Fraction, cls).__new__(cls)
ResourceWarning: Enable tracemalloc to get the object allocation traceback
/opt/homebrew/Cellar/python@3.14/3.14.7/Frameworks/Python.framework/Versions/3.14/lib/python3.14/fractions.py:237: ResourceWarning: unclosed database in <sqlite3.Connection object at 0x10676c310>
  self = super(Fraction, cls).__new__(cls)
ResourceWarning: Enable tracemalloc to get the object allocation traceback
/opt/homebrew/Cellar/python@3.14/3.14.7/Frameworks/Python.framework/Versions/3.14/lib/python3.14/fractions.py:237: ResourceWarning: unclosed database in <sqlite3.Connection object at 0x10676c400>
  self = super(Fraction, cls).__new__(cls)
ResourceWarning: Enable tracemalloc to get the object allocation traceback
/opt/homebrew/Cellar/python@3.14/3.14.7/Frameworks/Python.framework/Versions/3.14/lib/python3.14/fractions.py:237: ResourceWarning: unclosed database in <sqlite3.Connection object at 0x10676c4f0>
  self = super(Fraction, cls).__new__(cls)
ResourceWarning: Enable tracemalloc to get the object allocation traceback
/opt/homebrew/Cellar/python@3.14/3.14.7/Frameworks/Python.framework/Versions/3.14/lib/python3.14/fractions.py:237: ResourceWarning: unclosed database in <sqlite3.Connection object at 0x10676c5e0>
  self = super(Fraction, cls).__new__(cls)
ResourceWarning: Enable tracemalloc to get the object allocation traceback
/opt/homebrew/Cellar/python@3.14/3.14.7/Frameworks/Python.framework/Versions/3.14/lib/python3.14/fractions.py:237: ResourceWarning: unclosed database in <sqlite3.Connection object at 0x10676c6d0>
  self = super(Fraction, cls).__new__(cls)
ResourceWarning: Enable tracemalloc to get the object allocation traceback
/opt/homebrew/Cellar/python@3.14/3.14.7/Frameworks/Python.framework/Versions/3.14/lib/python3.14/fractions.py:237: ResourceWarning: unclosed database in <sqlite3.Connection object at 0x10676c7c0>
  self = super(Fraction, cls).__new__(cls)
ResourceWarning: Enable tracemalloc to get the object allocation traceback
/opt/homebrew/Cellar/python@3.14/3.14.7/Frameworks/Python.framework/Versions/3.14/lib/python3.14/fractions.py:237: ResourceWarning: unclosed database in <sqlite3.Connection object at 0x10676c8b0>
  self = super(Fraction, cls).__new__(cls)
ResourceWarning: Enable tracemalloc to get the object allocation traceback
/opt/homebrew/Cellar/python@3.14/3.14.7/Frameworks/Python.framework/Versions/3.14/lib/python3.14/fractions.py:237: ResourceWarning: unclosed database in <sqlite3.Connection object at 0x10676c9a0>
  self = super(Fraction, cls).__new__(cls)
ResourceWarning: Enable tracemalloc to get the object allocation traceback
/opt/homebrew/Cellar/python@3.14/3.14.7/Frameworks/Python.framework/Versions/3.14/lib/python3.14/fractions.py:237: ResourceWarning: unclosed database in <sqlite3.Connection object at 0x10676ca90>
  self = super(Fraction, cls).__new__(cls)
ResourceWarning: Enable tracemalloc to get the object allocation traceback
/opt/homebrew/Cellar/python@3.14/3.14.7/Frameworks/Python.framework/Versions/3.14/lib/python3.14/fractions.py:237: ResourceWarning: unclosed database in <sqlite3.Connection object at 0x10676cb80>
  self = super(Fraction, cls).__new__(cls)
ResourceWarning: Enable tracemalloc to get the object allocation traceback
/opt/homebrew/Cellar/python@3.14/3.14.7/Frameworks/Python.framework/Versions/3.14/lib/python3.14/fractions.py:237: ResourceWarning: unclosed database in <sqlite3.Connection object at 0x10676cc70>
  self = super(Fraction, cls).__new__(cls)
ResourceWarning: Enable tracemalloc to get the object allocation traceback
/opt/homebrew/Cellar/python@3.14/3.14.7/Frameworks/Python.framework/Versions/3.14/lib/python3.14/fractions.py:237: ResourceWarning: unclosed database in <sqlite3.Connection object at 0x10676cd60>
  self = super(Fraction, cls).__new__(cls)
ResourceWarning: Enable tracemalloc to get the object allocation traceback
/opt/homebrew/Cellar/python@3.14/3.14.7/Frameworks/Python.framework/Versions/3.14/lib/python3.14/fractions.py:237: ResourceWarning: unclosed database in <sqlite3.Connection object at 0x10676ce50>
  self = super(Fraction, cls).__new__(cls)
ResourceWarning: Enable tracemalloc to get the object allocation traceback
/opt/homebrew/Cellar/python@3.14/3.14.7/Frameworks/Python.framework/Versions/3.14/lib/python3.14/fractions.py:237: ResourceWarning: unclosed database in <sqlite3.Connection object at 0x10676cf40>
  self = super(Fraction, cls).__new__(cls)
ResourceWarning: Enable tracemalloc to get the object allocation traceback
/opt/homebrew/Cellar/python@3.14/3.14.7/Frameworks/Python.framework/Versions/3.14/lib/python3.14/fractions.py:237: ResourceWarning: unclosed database in <sqlite3.Connection object at 0x10676d030>
  self = super(Fraction, cls).__new__(cls)
ResourceWarning: Enable tracemalloc to get the object allocation traceback
/opt/homebrew/Cellar/python@3.14/3.14.7/Frameworks/Python.framework/Versions/3.14/lib/python3.14/fractions.py:237: ResourceWarning: unclosed database in <sqlite3.Connection object at 0x10676d120>
  self = super(Fraction, cls).__new__(cls)
ResourceWarning: Enable tracemalloc to get the object allocation traceback
/opt/homebrew/Cellar/python@3.14/3.14.7/Frameworks/Python.framework/Versions/3.14/lib/python3.14/fractions.py:237: ResourceWarning: unclosed database in <sqlite3.Connection object at 0x10676d210>
  self = super(Fraction, cls).__new__(cls)
ResourceWarning: Enable tracemalloc to get the object allocation traceback
/opt/homebrew/Cellar/python@3.14/3.14.7/Frameworks/Python.framework/Versions/3.14/lib/python3.14/fractions.py:237: ResourceWarning: unclosed database in <sqlite3.Connection object at 0x10676d300>
  self = super(Fraction, cls).__new__(cls)
ResourceWarning: Enable tracemalloc to get the object allocation traceback
/opt/homebrew/Cellar/python@3.14/3.14.7/Frameworks/Python.framework/Versions/3.14/lib/python3.14/fractions.py:237: ResourceWarning: unclosed database in <sqlite3.Connection object at 0x10676d3f0>
  self = super(Fraction, cls).__new__(cls)
ResourceWarning: Enable tracemalloc to get the object allocation traceback
/opt/homebrew/Cellar/python@3.14/3.14.7/Frameworks/Python.framework/Versions/3.14/lib/python3.14/fractions.py:237: ResourceWarning: unclosed database in <sqlite3.Connection object at 0x10676d4e0>
  self = super(Fraction, cls).__new__(cls)
ResourceWarning: Enable tracemalloc to get the object allocation traceback
/opt/homebrew/Cellar/python@3.14/3.14.7/Frameworks/Python.framework/Versions/3.14/lib/python3.14/fractions.py:237: ResourceWarning: unclosed database in <sqlite3.Connection object at 0x10676d5d0>
  self = super(Fraction, cls).__new__(cls)
ResourceWarning: Enable tracemalloc to get the object allocation traceback
/opt/homebrew/Cellar/python@3.14/3.14.7/Frameworks/Python.framework/Versions/3.14/lib/python3.14/fractions.py:237: ResourceWarning: unclosed database in <sqlite3.Connection object at 0x10676d6c0>
  self = super(Fraction, cls).__new__(cls)
ResourceWarning: Enable tracemalloc to get the object allocation traceback
/opt/homebrew/Cellar/python@3.14/3.14.7/Frameworks/Python.framework/Versions/3.14/lib/python3.14/fractions.py:237: ResourceWarning: unclosed database in <sqlite3.Connection object at 0x10676d7b0>
  self = super(Fraction, cls).__new__(cls)
ResourceWarning: Enable tracemalloc to get the object allocation traceback
/opt/homebrew/Cellar/python@3.14/3.14.7/Frameworks/Python.framework/Versions/3.14/lib/python3.14/fractions.py:237: ResourceWarning: unclosed database in <sqlite3.Connection object at 0x10676d8a0>
  self = super(Fraction, cls).__new__(cls)
ResourceWarning: Enable tracemalloc to get the object allocation traceback
/opt/homebrew/Cellar/python@3.14/3.14.7/Frameworks/Python.framework/Versions/3.14/lib/python3.14/fractions.py:237: ResourceWarning: unclosed database in <sqlite3.Connection object at 0x10676d990>
  self = super(Fraction, cls).__new__(cls)
ResourceWarning: Enable tracemalloc to get the object allocation traceback
/opt/homebrew/Cellar/python@3.14/3.14.7/Frameworks/Python.framework/Versions/3.14/lib/python3.14/fractions.py:237: ResourceWarning: unclosed database in <sqlite3.Connection object at 0x10676da80>
  self = super(Fraction, cls).__new__(cls)
ResourceWarning: Enable tracemalloc to get the object allocation traceback
/opt/homebrew/Cellar/python@3.14/3.14.7/Frameworks/Python.framework/Versions/3.14/lib/python3.14/fractions.py:237: ResourceWarning: unclosed database in <sqlite3.Connection object at 0x10676db70>
  self = super(Fraction, cls).__new__(cls)
ResourceWarning: Enable tracemalloc to get the object allocation traceback
/opt/homebrew/Cellar/python@3.14/3.14.7/Frameworks/Python.framework/Versions/3.14/lib/python3.14/fractions.py:237: ResourceWarning: unclosed database in <sqlite3.Connection object at 0x10676dc60>
  self = super(Fraction, cls).__new__(cls)
ResourceWarning: Enable tracemalloc to get the object allocation traceback
/opt/homebrew/Cellar/python@3.14/3.14.7/Frameworks/Python.framework/Versions/3.14/lib/python3.14/fractions.py:237: ResourceWarning: unclosed database in <sqlite3.Connection object at 0x10676dd50>
  self = super(Fraction, cls).__new__(cls)
ResourceWarning: Enable tracemalloc to get the object allocation traceback
/opt/homebrew/Cellar/python@3.14/3.14.7/Frameworks/Python.framework/Versions/3.14/lib/python3.14/fractions.py:237: ResourceWarning: unclosed database in <sqlite3.Connection object at 0x10676de40>
  self = super(Fraction, cls).__new__(cls)
ResourceWarning: Enable tracemalloc to get the object allocation traceback
/opt/homebrew/Cellar/python@3.14/3.14.7/Frameworks/Python.framework/Versions/3.14/lib/python3.14/fractions.py:237: ResourceWarning: unclosed database in <sqlite3.Connection object at 0x10676df30>
  self = super(Fraction, cls).__new__(cls)
ResourceWarning: Enable tracemalloc to get the object allocation traceback
/opt/homebrew/Cellar/python@3.14/3.14.7/Frameworks/Python.framework/Versions/3.14/lib/python3.14/fractions.py:237: ResourceWarning: unclosed database in <sqlite3.Connection object at 0x10676e020>
  self = super(Fraction, cls).__new__(cls)
ResourceWarning: Enable tracemalloc to get the object allocation traceback
/opt/homebrew/Cellar/python@3.14/3.14.7/Frameworks/Python.framework/Versions/3.14/lib/python3.14/fractions.py:237: ResourceWarning: unclosed database in <sqlite3.Connection object at 0x10676e110>
  self = super(Fraction, cls).__new__(cls)
ResourceWarning: Enable tracemalloc to get the object allocation traceback
/opt/homebrew/Cellar/python@3.14/3.14.7/Frameworks/Python.framework/Versions/3.14/lib/python3.14/fractions.py:237: ResourceWarning: unclosed database in <sqlite3.Connection object at 0x10676e200>
  self = super(Fraction, cls).__new__(cls)
ResourceWarning: Enable tracemalloc to get the object allocation traceback
/opt/homebrew/Cellar/python@3.14/3.14.7/Frameworks/Python.framework/Versions/3.14/lib/python3.14/fractions.py:237: ResourceWarning: unclosed database in <sqlite3.Connection object at 0x10676e2f0>
  self = super(Fraction, cls).__new__(cls)
ResourceWarning: Enable tracemalloc to get the object allocation traceback
/opt/homebrew/Cellar/python@3.14/3.14.7/Frameworks/Python.framework/Versions/3.14/lib/python3.14/fractions.py:237: ResourceWarning: unclosed database in <sqlite3.Connection object at 0x10676e3e0>
  self = super(Fraction, cls).__new__(cls)
ResourceWarning: Enable tracemalloc to get the object allocation traceback
/opt/homebrew/Cellar/python@3.14/3.14.7/Frameworks/Python.framework/Versions/3.14/lib/python3.14/fractions.py:237: ResourceWarning: unclosed database in <sqlite3.Connection object at 0x10676e4d0>
  self = super(Fraction, cls).__new__(cls)
ResourceWarning: Enable tracemalloc to get the object allocation traceback
/opt/homebrew/Cellar/python@3.14/3.14.7/Frameworks/Python.framework/Versions/3.14/lib/python3.14/fractions.py:237: ResourceWarning: unclosed database in <sqlite3.Connection object at 0x10676e5c0>
  self = super(Fraction, cls).__new__(cls)
ResourceWarning: Enable tracemalloc to get the object allocation traceback
/opt/homebrew/Cellar/python@3.14/3.14.7/Frameworks/Python.framework/Versions/3.14/lib/python3.14/fractions.py:237: ResourceWarning: unclosed database in <sqlite3.Connection object at 0x10676e6b0>
  self = super(Fraction, cls).__new__(cls)
ResourceWarning: Enable tracemalloc to get the object allocation traceback
/opt/homebrew/Cellar/python@3.14/3.14.7/Frameworks/Python.framework/Versions/3.14/lib/python3.14/fractions.py:237: ResourceWarning: unclosed database in <sqlite3.Connection object at 0x10676e7a0>
  self = super(Fraction, cls).__new__(cls)
ResourceWarning: Enable tracemalloc to get the object allocation traceback
/opt/homebrew/Cellar/python@3.14/3.14.7/Frameworks/Python.framework/Versions/3.14/lib/python3.14/fractions.py:237: ResourceWarning: unclosed database in <sqlite3.Connection object at 0x10676e890>
  self = super(Fraction, cls).__new__(cls)
ResourceWarning: Enable tracemalloc to get the object allocation traceback
/opt/homebrew/Cellar/python@3.14/3.14.7/Frameworks/Python.framework/Versions/3.14/lib/python3.14/fractions.py:237: ResourceWarning: unclosed database in <sqlite3.Connection object at 0x10676e980>
  self = super(Fraction, cls).__new__(cls)
ResourceWarning: Enable tracemalloc to get the object allocation traceback
/opt/homebrew/Cellar/python@3.14/3.14.7/Frameworks/Python.framework/Versions/3.14/lib/python3.14/fractions.py:237: ResourceWarning: unclosed database in <sqlite3.Connection object at 0x10676ea70>
  self = super(Fraction, cls).__new__(cls)
ResourceWarning: Enable tracemalloc to get the object allocation traceback
/opt/homebrew/Cellar/python@3.14/3.14.7/Frameworks/Python.framework/Versions/3.14/lib/python3.14/fractions.py:237: ResourceWarning: unclosed database in <sqlite3.Connection object at 0x10676eb60>
  self = super(Fraction, cls).__new__(cls)
ResourceWarning: Enable tracemalloc to get the object allocation traceback
/opt/homebrew/Cellar/python@3.14/3.14.7/Frameworks/Python.framework/Versions/3.14/lib/python3.14/fractions.py:237: ResourceWarning: unclosed database in <sqlite3.Connection object at 0x10676ec50>
  self = super(Fraction, cls).__new__(cls)
ResourceWarning: Enable tracemalloc to get the object allocation traceback
/opt/homebrew/Cellar/python@3.14/3.14.7/Frameworks/Python.framework/Versions/3.14/lib/python3.14/fractions.py:237: ResourceWarning: unclosed database in <sqlite3.Connection object at 0x10676ed40>
  self = super(Fraction, cls).__new__(cls)
ResourceWarning: Enable tracemalloc to get the object allocation traceback
/opt/homebrew/Cellar/python@3.14/3.14.7/Frameworks/Python.framework/Versions/3.14/lib/python3.14/fractions.py:237: ResourceWarning: unclosed database in <sqlite3.Connection object at 0x10676ee30>
  self = super(Fraction, cls).__new__(cls)
ResourceWarning: Enable tracemalloc to get the object allocation traceback
/opt/homebrew/Cellar/python@3.14/3.14.7/Frameworks/Python.framework/Versions/3.14/lib/python3.14/fractions.py:237: ResourceWarning: unclosed database in <sqlite3.Connection object at 0x10676ef20>
  self = super(Fraction, cls).__new__(cls)
ResourceWarning: Enable tracemalloc to get the object allocation traceback
/opt/homebrew/Cellar/python@3.14/3.14.7/Frameworks/Python.framework/Versions/3.14/lib/python3.14/fractions.py:237: ResourceWarning: unclosed database in <sqlite3.Connection object at 0x10676f010>
  self = super(Fraction, cls).__new__(cls)
ResourceWarning: Enable tracemalloc to get the object allocation traceback
/opt/homebrew/Cellar/python@3.14/3.14.7/Frameworks/Python.framework/Versions/3.14/lib/python3.14/fractions.py:237: ResourceWarning: unclosed database in <sqlite3.Connection object at 0x10676f100>
  self = super(Fraction, cls).__new__(cls)
ResourceWarning: Enable tracemalloc to get the object allocation traceback
/opt/homebrew/Cellar/python@3.14/3.14.7/Frameworks/Python.framework/Versions/3.14/lib/python3.14/fractions.py:237: ResourceWarning: unclosed database in <sqlite3.Connection object at 0x10676f1f0>
  self = super(Fraction, cls).__new__(cls)
ResourceWarning: Enable tracemalloc to get the object allocation traceback
/opt/homebrew/Cellar/python@3.14/3.14.7/Frameworks/Python.framework/Versions/3.14/lib/python3.14/fractions.py:237: ResourceWarning: unclosed database in <sqlite3.Connection object at 0x10676f2e0>
  self = super(Fraction, cls).__new__(cls)
ResourceWarning: Enable tracemalloc to get the object allocation traceback
/opt/homebrew/Cellar/python@3.14/3.14.7/Frameworks/Python.framework/Versions/3.14/lib/python3.14/fractions.py:237: ResourceWarning: unclosed database in <sqlite3.Connection object at 0x10676f3d0>
  self = super(Fraction, cls).__new__(cls)
ResourceWarning: Enable tracemalloc to get the object allocation traceback
/opt/homebrew/Cellar/python@3.14/3.14.7/Frameworks/Python.framework/Versions/3.14/lib/python3.14/fractions.py:237: ResourceWarning: unclosed database in <sqlite3.Connection object at 0x10676f4c0>
  self = super(Fraction, cls).__new__(cls)
ResourceWarning: Enable tracemalloc to get the object allocation traceback
/Users/nino/WORKS/Personal/Idea/Project/products/aeliqo/scripts/semantic_reference.py:39: ResourceWarning: unclosed database in <sqlite3.Connection object at 0x10615d990>
  result={g:Fraction(n,d) for g,n,d in db.execute('SELECT g,SUM(n),SUM(d) FROM observations GROUP BY g')}
ResourceWarning: Enable tracemalloc to get the object allocation traceback
/Users/nino/WORKS/Personal/Idea/Project/products/aeliqo/scripts/semantic_reference.py:39: ResourceWarning: unclosed database in <sqlite3.Connection object at 0x1063ccb80>
  result={g:Fraction(n,d) for g,n,d in db.execute('SELECT g,SUM(n),SUM(d) FROM observations GROUP BY g')}
ResourceWarning: Enable tracemalloc to get the object allocation traceback
/Users/nino/WORKS/Personal/Idea/Project/products/aeliqo/scripts/semantic_reference.py:39: ResourceWarning: unclosed database in <sqlite3.Connection object at 0x106717f10>
  result={g:Fraction(n,d) for g,n,d in db.execute('SELECT g,SUM(n),SUM(d) FROM observations GROUP BY g')}
ResourceWarning: Enable tracemalloc to get the object allocation traceback
/Users/nino/WORKS/Personal/Idea/Project/products/aeliqo/scripts/semantic_reference.py:39: ResourceWarning: unclosed database in <sqlite3.Connection object at 0x106717e20>
  result={g:Fraction(n,d) for g,n,d in db.execute('SELECT g,SUM(n),SUM(d) FROM observations GROUP BY g')}
ResourceWarning: Enable tracemalloc to get the object allocation traceback
/Users/nino/WORKS/Personal/Idea/Project/products/aeliqo/scripts/semantic_reference.py:39: ResourceWarning: unclosed database in <sqlite3.Connection object at 0x106717d30>
  result={g:Fraction(n,d) for g,n,d in db.execute('SELECT g,SUM(n),SUM(d) FROM observations GROUP BY g')}
ResourceWarning: Enable tracemalloc to get the object allocation traceback
/Users/nino/WORKS/Personal/Idea/Project/products/aeliqo/scripts/semantic_reference.py:39: ResourceWarning: unclosed database in <sqlite3.Connection object at 0x106717c40>
  result={g:Fraction(n,d) for g,n,d in db.execute('SELECT g,SUM(n),SUM(d) FROM observations GROUP BY g')}
ResourceWarning: Enable tracemalloc to get the object allocation traceback
/Users/nino/WORKS/Personal/Idea/Project/products/aeliqo/scripts/semantic_reference.py:39: ResourceWarning: unclosed database in <sqlite3.Connection object at 0x106717b50>
  result={g:Fraction(n,d) for g,n,d in db.execute('SELECT g,SUM(n),SUM(d) FROM observations GROUP BY g')}
ResourceWarning: Enable tracemalloc to get the object allocation traceback
/Users/nino/WORKS/Personal/Idea/Project/products/aeliqo/scripts/semantic_reference.py:39: ResourceWarning: unclosed database in <sqlite3.Connection object at 0x106717a60>
  result={g:Fraction(n,d) for g,n,d in db.execute('SELECT g,SUM(n),SUM(d) FROM observations GROUP BY g')}
ResourceWarning: Enable tracemalloc to get the object allocation traceback
/Users/nino/WORKS/Personal/Idea/Project/products/aeliqo/scripts/semantic_reference.py:39: ResourceWarning: unclosed database in <sqlite3.Connection object at 0x106717970>
  result={g:Fraction(n,d) for g,n,d in db.execute('SELECT g,SUM(n),SUM(d) FROM observations GROUP BY g')}
ResourceWarning: Enable tracemalloc to get the object allocation traceback
/Users/nino/WORKS/Personal/Idea/Project/products/aeliqo/scripts/semantic_reference.py:39: ResourceWarning: unclosed database in <sqlite3.Connection object at 0x106717880>
  result={g:Fraction(n,d) for g,n,d in db.execute('SELECT g,SUM(n),SUM(d) FROM observations GROUP BY g')}
ResourceWarning: Enable tracemalloc to get the object allocation traceback
/Users/nino/WORKS/Personal/Idea/Project/products/aeliqo/scripts/semantic_reference.py:39: ResourceWarning: unclosed database in <sqlite3.Connection object at 0x106717790>
  result={g:Fraction(n,d) for g,n,d in db.execute('SELECT g,SUM(n),SUM(d) FROM observations GROUP BY g')}
ResourceWarning: Enable tracemalloc to get the object allocation traceback
/Users/nino/WORKS/Personal/Idea/Project/products/aeliqo/scripts/semantic_reference.py:39: ResourceWarning: unclosed database in <sqlite3.Connection object at 0x1067176a0>
  result={g:Fraction(n,d) for g,n,d in db.execute('SELECT g,SUM(n),SUM(d) FROM observations GROUP BY g')}
ResourceWarning: Enable tracemalloc to get the object allocation traceback
/Users/nino/WORKS/Personal/Idea/Project/products/aeliqo/scripts/semantic_reference.py:39: ResourceWarning: unclosed database in <sqlite3.Connection object at 0x1067175b0>
  result={g:Fraction(n,d) for g,n,d in db.execute('SELECT g,SUM(n),SUM(d) FROM observations GROUP BY g')}
ResourceWarning: Enable tracemalloc to get the object allocation traceback
/Users/nino/WORKS/Personal/Idea/Project/products/aeliqo/scripts/semantic_reference.py:39: ResourceWarning: unclosed database in <sqlite3.Connection object at 0x1067174c0>
  result={g:Fraction(n,d) for g,n,d in db.execute('SELECT g,SUM(n),SUM(d) FROM observations GROUP BY g')}
ResourceWarning: Enable tracemalloc to get the object allocation traceback
/Users/nino/WORKS/Personal/Idea/Project/products/aeliqo/scripts/semantic_reference.py:39: ResourceWarning: unclosed database in <sqlite3.Connection object at 0x1067173d0>
  result={g:Fraction(n,d) for g,n,d in db.execute('SELECT g,SUM(n),SUM(d) FROM observations GROUP BY g')}
ResourceWarning: Enable tracemalloc to get the object allocation traceback
/Users/nino/WORKS/Personal/Idea/Project/products/aeliqo/scripts/semantic_reference.py:39: ResourceWarning: unclosed database in <sqlite3.Connection object at 0x1067172e0>
  result={g:Fraction(n,d) for g,n,d in db.execute('SELECT g,SUM(n),SUM(d) FROM observations GROUP BY g')}
ResourceWarning: Enable tracemalloc to get the object allocation traceback
/Users/nino/WORKS/Personal/Idea/Project/products/aeliqo/scripts/semantic_reference.py:39: ResourceWarning: unclosed database in <sqlite3.Connection object at 0x1067171f0>
  result={g:Fraction(n,d) for g,n,d in db.execute('SELECT g,SUM(n),SUM(d) FROM observations GROUP BY g')}
ResourceWarning: Enable tracemalloc to get the object allocation traceback
/Users/nino/WORKS/Personal/Idea/Project/products/aeliqo/scripts/semantic_reference.py:39: ResourceWarning: unclosed database in <sqlite3.Connection object at 0x106717100>
  result={g:Fraction(n,d) for g,n,d in db.execute('SELECT g,SUM(n),SUM(d) FROM observations GROUP BY g')}
ResourceWarning: Enable tracemalloc to get the object allocation traceback
/Users/nino/WORKS/Personal/Idea/Project/products/aeliqo/scripts/semantic_reference.py:39: ResourceWarning: unclosed database in <sqlite3.Connection object at 0x106717010>
  result={g:Fraction(n,d) for g,n,d in db.execute('SELECT g,SUM(n),SUM(d) FROM observations GROUP BY g')}
ResourceWarning: Enable tracemalloc to get the object allocation traceback
/Users/nino/WORKS/Personal/Idea/Project/products/aeliqo/scripts/semantic_reference.py:39: ResourceWarning: unclosed database in <sqlite3.Connection object at 0x106716f20>
  result={g:Fraction(n,d) for g,n,d in db.execute('SELECT g,SUM(n),SUM(d) FROM observations GROUP BY g')}
ResourceWarning: Enable tracemalloc to get the object allocation traceback
/Users/nino/WORKS/Personal/Idea/Project/products/aeliqo/scripts/semantic_reference.py:39: ResourceWarning: unclosed database in <sqlite3.Connection object at 0x106716e30>
  result={g:Fraction(n,d) for g,n,d in db.execute('SELECT g,SUM(n),SUM(d) FROM observations GROUP BY g')}
ResourceWarning: Enable tracemalloc to get the object allocation traceback
/Users/nino/WORKS/Personal/Idea/Project/products/aeliqo/scripts/semantic_reference.py:39: ResourceWarning: unclosed database in <sqlite3.Connection object at 0x106716d40>
  result={g:Fraction(n,d) for g,n,d in db.execute('SELECT g,SUM(n),SUM(d) FROM observations GROUP BY g')}
ResourceWarning: Enable tracemalloc to get the object allocation traceback
/Users/nino/WORKS/Personal/Idea/Project/products/aeliqo/scripts/semantic_reference.py:39: ResourceWarning: unclosed database in <sqlite3.Connection object at 0x106716c50>
  result={g:Fraction(n,d) for g,n,d in db.execute('SELECT g,SUM(n),SUM(d) FROM observations GROUP BY g')}
ResourceWarning: Enable tracemalloc to get the object allocation traceback
/Users/nino/WORKS/Personal/Idea/Project/products/aeliqo/scripts/semantic_reference.py:39: ResourceWarning: unclosed database in <sqlite3.Connection object at 0x106716b60>
  result={g:Fraction(n,d) for g,n,d in db.execute('SELECT g,SUM(n),SUM(d) FROM observations GROUP BY g')}
ResourceWarning: Enable tracemalloc to get the object allocation traceback
/Users/nino/WORKS/Personal/Idea/Project/products/aeliqo/scripts/semantic_reference.py:39: ResourceWarning: unclosed database in <sqlite3.Connection object at 0x106716a70>
  result={g:Fraction(n,d) for g,n,d in db.execute('SELECT g,SUM(n),SUM(d) FROM observations GROUP BY g')}
ResourceWarning: Enable tracemalloc to get the object allocation traceback
/Users/nino/WORKS/Personal/Idea/Project/products/aeliqo/scripts/semantic_reference.py:39: ResourceWarning: unclosed database in <sqlite3.Connection object at 0x106716980>
  result={g:Fraction(n,d) for g,n,d in db.execute('SELECT g,SUM(n),SUM(d) FROM observations GROUP BY g')}
ResourceWarning: Enable tracemalloc to get the object allocation traceback
/Users/nino/WORKS/Personal/Idea/Project/products/aeliqo/scripts/semantic_reference.py:39: ResourceWarning: unclosed database in <sqlite3.Connection object at 0x106716890>
  result={g:Fraction(n,d) for g,n,d in db.execute('SELECT g,SUM(n),SUM(d) FROM observations GROUP BY g')}
ResourceWarning: Enable tracemalloc to get the object allocation traceback
/Users/nino/WORKS/Personal/Idea/Project/products/aeliqo/scripts/semantic_reference.py:39: ResourceWarning: unclosed database in <sqlite3.Connection object at 0x1067167a0>
  result={g:Fraction(n,d) for g,n,d in db.execute('SELECT g,SUM(n),SUM(d) FROM observations GROUP BY g')}
ResourceWarning: Enable tracemalloc to get the object allocation traceback
/Users/nino/WORKS/Personal/Idea/Project/products/aeliqo/scripts/semantic_reference.py:39: ResourceWarning: unclosed database in <sqlite3.Connection object at 0x1067166b0>
  result={g:Fraction(n,d) for g,n,d in db.execute('SELECT g,SUM(n),SUM(d) FROM observations GROUP BY g')}
ResourceWarning: Enable tracemalloc to get the object allocation traceback
/Users/nino/WORKS/Personal/Idea/Project/products/aeliqo/scripts/semantic_reference.py:39: ResourceWarning: unclosed database in <sqlite3.Connection object at 0x1067165c0>
  result={g:Fraction(n,d) for g,n,d in db.execute('SELECT g,SUM(n),SUM(d) FROM observations GROUP BY g')}
ResourceWarning: Enable tracemalloc to get the object allocation traceback
/Users/nino/WORKS/Personal/Idea/Project/products/aeliqo/scripts/semantic_reference.py:39: ResourceWarning: unclosed database in <sqlite3.Connection object at 0x1067164d0>
  result={g:Fraction(n,d) for g,n,d in db.execute('SELECT g,SUM(n),SUM(d) FROM observations GROUP BY g')}
ResourceWarning: Enable tracemalloc to get the object allocation traceback
/Users/nino/WORKS/Personal/Idea/Project/products/aeliqo/scripts/semantic_reference.py:39: ResourceWarning: unclosed database in <sqlite3.Connection object at 0x1067163e0>
  result={g:Fraction(n,d) for g,n,d in db.execute('SELECT g,SUM(n),SUM(d) FROM observations GROUP BY g')}
ResourceWarning: Enable tracemalloc to get the object allocation traceback
/Users/nino/WORKS/Personal/Idea/Project/products/aeliqo/scripts/semantic_reference.py:39: ResourceWarning: unclosed database in <sqlite3.Connection object at 0x1067162f0>
  result={g:Fraction(n,d) for g,n,d in db.execute('SELECT g,SUM(n),SUM(d) FROM observations GROUP BY g')}
ResourceWarning: Enable tracemalloc to get the object allocation traceback
/Users/nino/WORKS/Personal/Idea/Project/products/aeliqo/scripts/semantic_reference.py:39: ResourceWarning: unclosed database in <sqlite3.Connection object at 0x106716200>
  result={g:Fraction(n,d) for g,n,d in db.execute('SELECT g,SUM(n),SUM(d) FROM observations GROUP BY g')}
ResourceWarning: Enable tracemalloc to get the object allocation traceback
/Users/nino/WORKS/Personal/Idea/Project/products/aeliqo/scripts/semantic_reference.py:39: ResourceWarning: unclosed database in <sqlite3.Connection object at 0x106716110>
  result={g:Fraction(n,d) for g,n,d in db.execute('SELECT g,SUM(n),SUM(d) FROM observations GROUP BY g')}
ResourceWarning: Enable tracemalloc to get the object allocation traceback
/Users/nino/WORKS/Personal/Idea/Project/products/aeliqo/scripts/semantic_reference.py:39: ResourceWarning: unclosed database in <sqlite3.Connection object at 0x106716020>
  result={g:Fraction(n,d) for g,n,d in db.execute('SELECT g,SUM(n),SUM(d) FROM observations GROUP BY g')}
ResourceWarning: Enable tracemalloc to get the object allocation traceback
/Users/nino/WORKS/Personal/Idea/Project/products/aeliqo/scripts/semantic_reference.py:39: ResourceWarning: unclosed database in <sqlite3.Connection object at 0x106715f30>
  result={g:Fraction(n,d) for g,n,d in db.execute('SELECT g,SUM(n),SUM(d) FROM observations GROUP BY g')}
ResourceWarning: Enable tracemalloc to get the object allocation traceback
/Users/nino/WORKS/Personal/Idea/Project/products/aeliqo/scripts/semantic_reference.py:39: ResourceWarning: unclosed database in <sqlite3.Connection object at 0x106715e40>
  result={g:Fraction(n,d) for g,n,d in db.execute('SELECT g,SUM(n),SUM(d) FROM observations GROUP BY g')}
ResourceWarning: Enable tracemalloc to get the object allocation traceback
/Users/nino/WORKS/Personal/Idea/Project/products/aeliqo/scripts/semantic_reference.py:39: ResourceWarning: unclosed database in <sqlite3.Connection object at 0x106715d50>
  result={g:Fraction(n,d) for g,n,d in db.execute('SELECT g,SUM(n),SUM(d) FROM observations GROUP BY g')}
ResourceWarning: Enable tracemalloc to get the object allocation traceback
/Users/nino/WORKS/Personal/Idea/Project/products/aeliqo/scripts/semantic_reference.py:39: ResourceWarning: unclosed database in <sqlite3.Connection object at 0x106715c60>
  result={g:Fraction(n,d) for g,n,d in db.execute('SELECT g,SUM(n),SUM(d) FROM observations GROUP BY g')}
ResourceWarning: Enable tracemalloc to get the object allocation traceback
/Users/nino/WORKS/Personal/Idea/Project/products/aeliqo/scripts/semantic_reference.py:39: ResourceWarning: unclosed database in <sqlite3.Connection object at 0x106715b70>
  result={g:Fraction(n,d) for g,n,d in db.execute('SELECT g,SUM(n),SUM(d) FROM observations GROUP BY g')}
ResourceWarning: Enable tracemalloc to get the object allocation traceback
/Users/nino/WORKS/Personal/Idea/Project/products/aeliqo/scripts/semantic_reference.py:39: ResourceWarning: unclosed database in <sqlite3.Connection object at 0x106715a80>
  result={g:Fraction(n,d) for g,n,d in db.execute('SELECT g,SUM(n),SUM(d) FROM observations GROUP BY g')}
ResourceWarning: Enable tracemalloc to get the object allocation traceback
/Users/nino/WORKS/Personal/Idea/Project/products/aeliqo/scripts/semantic_reference.py:39: ResourceWarning: unclosed database in <sqlite3.Connection object at 0x106715990>
  result={g:Fraction(n,d) for g,n,d in db.execute('SELECT g,SUM(n),SUM(d) FROM observations GROUP BY g')}
ResourceWarning: Enable tracemalloc to get the object allocation traceback
/Users/nino/WORKS/Personal/Idea/Project/products/aeliqo/scripts/semantic_reference.py:39: ResourceWarning: unclosed database in <sqlite3.Connection object at 0x1067158a0>
  result={g:Fraction(n,d) for g,n,d in db.execute('SELECT g,SUM(n),SUM(d) FROM observations GROUP BY g')}
ResourceWarning: Enable tracemalloc to get the object allocation traceback
/Users/nino/WORKS/Personal/Idea/Project/products/aeliqo/scripts/semantic_reference.py:39: ResourceWarning: unclosed database in <sqlite3.Connection object at 0x1067157b0>
  result={g:Fraction(n,d) for g,n,d in db.execute('SELECT g,SUM(n),SUM(d) FROM observations GROUP BY g')}
ResourceWarning: Enable tracemalloc to get the object allocation traceback
/Users/nino/WORKS/Personal/Idea/Project/products/aeliqo/scripts/semantic_reference.py:39: ResourceWarning: unclosed database in <sqlite3.Connection object at 0x1067156c0>
  result={g:Fraction(n,d) for g,n,d in db.execute('SELECT g,SUM(n),SUM(d) FROM observations GROUP BY g')}
ResourceWarning: Enable tracemalloc to get the object allocation traceback
/Users/nino/WORKS/Personal/Idea/Project/products/aeliqo/scripts/semantic_reference.py:39: ResourceWarning: unclosed database in <sqlite3.Connection object at 0x1067155d0>
  result={g:Fraction(n,d) for g,n,d in db.execute('SELECT g,SUM(n),SUM(d) FROM observations GROUP BY g')}
ResourceWarning: Enable tracemalloc to get the object allocation traceback
/Users/nino/WORKS/Personal/Idea/Project/products/aeliqo/scripts/semantic_reference.py:39: ResourceWarning: unclosed database in <sqlite3.Connection object at 0x106715210>
  result={g:Fraction(n,d) for g,n,d in db.execute('SELECT g,SUM(n),SUM(d) FROM observations GROUP BY g')}
ResourceWarning: Enable tracemalloc to get the object allocation traceback
/Users/nino/WORKS/Personal/Idea/Project/products/aeliqo/scripts/semantic_reference.py:39: ResourceWarning: unclosed database in <sqlite3.Connection object at 0x1067154e0>
  result={g:Fraction(n,d) for g,n,d in db.execute('SELECT g,SUM(n),SUM(d) FROM observations GROUP BY g')}
ResourceWarning: Enable tracemalloc to get the object allocation traceback
/Users/nino/WORKS/Personal/Idea/Project/products/aeliqo/scripts/semantic_reference.py:39: ResourceWarning: unclosed database in <sqlite3.Connection object at 0x10676f4c0>
  result={g:Fraction(n,d) for g,n,d in db.execute('SELECT g,SUM(n),SUM(d) FROM observations GROUP BY g')}
ResourceWarning: Enable tracemalloc to get the object allocation traceback
/Users/nino/WORKS/Personal/Idea/Project/products/aeliqo/scripts/semantic_reference.py:39: ResourceWarning: unclosed database in <sqlite3.Connection object at 0x10676f3d0>
  result={g:Fraction(n,d) for g,n,d in db.execute('SELECT g,SUM(n),SUM(d) FROM observations GROUP BY g')}
ResourceWarning: Enable tracemalloc to get the object allocation traceback
/Users/nino/WORKS/Personal/Idea/Project/products/aeliqo/scripts/semantic_reference.py:39: ResourceWarning: unclosed database in <sqlite3.Connection object at 0x10676f2e0>
  result={g:Fraction(n,d) for g,n,d in db.execute('SELECT g,SUM(n),SUM(d) FROM observations GROUP BY g')}
ResourceWarning: Enable tracemalloc to get the object allocation traceback
/Users/nino/WORKS/Personal/Idea/Project/products/aeliqo/scripts/semantic_reference.py:39: ResourceWarning: unclosed database in <sqlite3.Connection object at 0x10676f1f0>
  result={g:Fraction(n,d) for g,n,d in db.execute('SELECT g,SUM(n),SUM(d) FROM observations GROUP BY g')}
ResourceWarning: Enable tracemalloc to get the object allocation traceback
/Users/nino/WORKS/Personal/Idea/Project/products/aeliqo/scripts/semantic_reference.py:39: ResourceWarning: unclosed database in <sqlite3.Connection object at 0x10676f100>
  result={g:Fraction(n,d) for g,n,d in db.execute('SELECT g,SUM(n),SUM(d) FROM observations GROUP BY g')}
ResourceWarning: Enable tracemalloc to get the object allocation traceback
/Users/nino/WORKS/Personal/Idea/Project/products/aeliqo/scripts/semantic_reference.py:39: ResourceWarning: unclosed database in <sqlite3.Connection object at 0x10676f010>
  result={g:Fraction(n,d) for g,n,d in db.execute('SELECT g,SUM(n),SUM(d) FROM observations GROUP BY g')}
ResourceWarning: Enable tracemalloc to get the object allocation traceback
/Users/nino/WORKS/Personal/Idea/Project/products/aeliqo/scripts/semantic_reference.py:39: ResourceWarning: unclosed database in <sqlite3.Connection object at 0x10676ef20>
  result={g:Fraction(n,d) for g,n,d in db.execute('SELECT g,SUM(n),SUM(d) FROM observations GROUP BY g')}
ResourceWarning: Enable tracemalloc to get the object allocation traceback
/Users/nino/WORKS/Personal/Idea/Project/products/aeliqo/scripts/semantic_reference.py:39: ResourceWarning: unclosed database in <sqlite3.Connection object at 0x10676ee30>
  result={g:Fraction(n,d) for g,n,d in db.execute('SELECT g,SUM(n),SUM(d) FROM observations GROUP BY g')}
ResourceWarning: Enable tracemalloc to get the object allocation traceback
/Users/nino/WORKS/Personal/Idea/Project/products/aeliqo/scripts/semantic_reference.py:39: ResourceWarning: unclosed database in <sqlite3.Connection object at 0x10676ed40>
  result={g:Fraction(n,d) for g,n,d in db.execute('SELECT g,SUM(n),SUM(d) FROM observations GROUP BY g')}
ResourceWarning: Enable tracemalloc to get the object allocation traceback
/Users/nino/WORKS/Personal/Idea/Project/products/aeliqo/scripts/semantic_reference.py:39: ResourceWarning: unclosed database in <sqlite3.Connection object at 0x10676ec50>
  result={g:Fraction(n,d) for g,n,d in db.execute('SELECT g,SUM(n),SUM(d) FROM observations GROUP BY g')}
ResourceWarning: Enable tracemalloc to get the object allocation traceback
/Users/nino/WORKS/Personal/Idea/Project/products/aeliqo/scripts/semantic_reference.py:39: ResourceWarning: unclosed database in <sqlite3.Connection object at 0x10676eb60>
  result={g:Fraction(n,d) for g,n,d in db.execute('SELECT g,SUM(n),SUM(d) FROM observations GROUP BY g')}
ResourceWarning: Enable tracemalloc to get the object allocation traceback
/Users/nino/WORKS/Personal/Idea/Project/products/aeliqo/scripts/semantic_reference.py:39: ResourceWarning: unclosed database in <sqlite3.Connection object at 0x10676ea70>
  result={g:Fraction(n,d) for g,n,d in db.execute('SELECT g,SUM(n),SUM(d) FROM observations GROUP BY g')}
ResourceWarning: Enable tracemalloc to get the object allocation traceback
/Users/nino/WORKS/Personal/Idea/Project/products/aeliqo/scripts/semantic_reference.py:39: ResourceWarning: unclosed database in <sqlite3.Connection object at 0x10676e980>
  result={g:Fraction(n,d) for g,n,d in db.execute('SELECT g,SUM(n),SUM(d) FROM observations GROUP BY g')}
ResourceWarning: Enable tracemalloc to get the object allocation traceback
/Users/nino/WORKS/Personal/Idea/Project/products/aeliqo/scripts/semantic_reference.py:39: ResourceWarning: unclosed database in <sqlite3.Connection object at 0x10676e890>
  result={g:Fraction(n,d) for g,n,d in db.execute('SELECT g,SUM(n),SUM(d) FROM observations GROUP BY g')}
ResourceWarning: Enable tracemalloc to get the object allocation traceback
/Users/nino/WORKS/Personal/Idea/Project/products/aeliqo/scripts/semantic_reference.py:39: ResourceWarning: unclosed database in <sqlite3.Connection object at 0x10676e7a0>
  result={g:Fraction(n,d) for g,n,d in db.execute('SELECT g,SUM(n),SUM(d) FROM observations GROUP BY g')}
ResourceWarning: Enable tracemalloc to get the object allocation traceback
/Users/nino/WORKS/Personal/Idea/Project/products/aeliqo/scripts/semantic_reference.py:39: ResourceWarning: unclosed database in <sqlite3.Connection object at 0x10676e6b0>
  result={g:Fraction(n,d) for g,n,d in db.execute('SELECT g,SUM(n),SUM(d) FROM observations GROUP BY g')}
ResourceWarning: Enable tracemalloc to get the object allocation traceback
/Users/nino/WORKS/Personal/Idea/Project/products/aeliqo/scripts/semantic_reference.py:39: ResourceWarning: unclosed database in <sqlite3.Connection object at 0x10676e5c0>
  result={g:Fraction(n,d) for g,n,d in db.execute('SELECT g,SUM(n),SUM(d) FROM observations GROUP BY g')}
ResourceWarning: Enable tracemalloc to get the object allocation traceback
/Users/nino/WORKS/Personal/Idea/Project/products/aeliqo/scripts/semantic_reference.py:39: ResourceWarning: unclosed database in <sqlite3.Connection object at 0x10676e4d0>
  result={g:Fraction(n,d) for g,n,d in db.execute('SELECT g,SUM(n),SUM(d) FROM observations GROUP BY g')}
ResourceWarning: Enable tracemalloc to get the object allocation traceback
/Users/nino/WORKS/Personal/Idea/Project/products/aeliqo/scripts/semantic_reference.py:39: ResourceWarning: unclosed database in <sqlite3.Connection object at 0x10676e3e0>
  result={g:Fraction(n,d) for g,n,d in db.execute('SELECT g,SUM(n),SUM(d) FROM observations GROUP BY g')}
ResourceWarning: Enable tracemalloc to get the object allocation traceback
/Users/nino/WORKS/Personal/Idea/Project/products/aeliqo/scripts/semantic_reference.py:39: ResourceWarning: unclosed database in <sqlite3.Connection object at 0x10676e2f0>
  result={g:Fraction(n,d) for g,n,d in db.execute('SELECT g,SUM(n),SUM(d) FROM observations GROUP BY g')}
ResourceWarning: Enable tracemalloc to get the object allocation traceback
/Users/nino/WORKS/Personal/Idea/Project/products/aeliqo/scripts/semantic_reference.py:39: ResourceWarning: unclosed database in <sqlite3.Connection object at 0x10676e200>
  result={g:Fraction(n,d) for g,n,d in db.execute('SELECT g,SUM(n),SUM(d) FROM observations GROUP BY g')}
ResourceWarning: Enable tracemalloc to get the object allocation traceback
/Users/nino/WORKS/Personal/Idea/Project/products/aeliqo/scripts/semantic_reference.py:39: ResourceWarning: unclosed database in <sqlite3.Connection object at 0x10676e110>
  result={g:Fraction(n,d) for g,n,d in db.execute('SELECT g,SUM(n),SUM(d) FROM observations GROUP BY g')}
ResourceWarning: Enable tracemalloc to get the object allocation traceback
/Users/nino/WORKS/Personal/Idea/Project/products/aeliqo/scripts/semantic_reference.py:39: ResourceWarning: unclosed database in <sqlite3.Connection object at 0x10676e020>
  result={g:Fraction(n,d) for g,n,d in db.execute('SELECT g,SUM(n),SUM(d) FROM observations GROUP BY g')}
ResourceWarning: Enable tracemalloc to get the object allocation traceback
/Users/nino/WORKS/Personal/Idea/Project/products/aeliqo/scripts/semantic_reference.py:39: ResourceWarning: unclosed database in <sqlite3.Connection object at 0x10676df30>
  result={g:Fraction(n,d) for g,n,d in db.execute('SELECT g,SUM(n),SUM(d) FROM observations GROUP BY g')}
ResourceWarning: Enable tracemalloc to get the object allocation traceback
/Users/nino/WORKS/Personal/Idea/Project/products/aeliqo/scripts/semantic_reference.py:39: ResourceWarning: unclosed database in <sqlite3.Connection object at 0x10676de40>
  result={g:Fraction(n,d) for g,n,d in db.execute('SELECT g,SUM(n),SUM(d) FROM observations GROUP BY g')}
ResourceWarning: Enable tracemalloc to get the object allocation traceback
/Users/nino/WORKS/Personal/Idea/Project/products/aeliqo/scripts/semantic_reference.py:39: ResourceWarning: unclosed database in <sqlite3.Connection object at 0x10676dd50>
  result={g:Fraction(n,d) for g,n,d in db.execute('SELECT g,SUM(n),SUM(d) FROM observations GROUP BY g')}
ResourceWarning: Enable tracemalloc to get the object allocation traceback
/Users/nino/WORKS/Personal/Idea/Project/products/aeliqo/scripts/semantic_reference.py:39: ResourceWarning: unclosed database in <sqlite3.Connection object at 0x10676dc60>
  result={g:Fraction(n,d) for g,n,d in db.execute('SELECT g,SUM(n),SUM(d) FROM observations GROUP BY g')}
ResourceWarning: Enable tracemalloc to get the object allocation traceback
/Users/nino/WORKS/Personal/Idea/Project/products/aeliqo/scripts/semantic_reference.py:39: ResourceWarning: unclosed database in <sqlite3.Connection object at 0x10676db70>
  result={g:Fraction(n,d) for g,n,d in db.execute('SELECT g,SUM(n),SUM(d) FROM observations GROUP BY g')}
ResourceWarning: Enable tracemalloc to get the object allocation traceback
/Users/nino/WORKS/Personal/Idea/Project/products/aeliqo/scripts/semantic_reference.py:39: ResourceWarning: unclosed database in <sqlite3.Connection object at 0x10676da80>
  result={g:Fraction(n,d) for g,n,d in db.execute('SELECT g,SUM(n),SUM(d) FROM observations GROUP BY g')}
ResourceWarning: Enable tracemalloc to get the object allocation traceback
/Users/nino/WORKS/Personal/Idea/Project/products/aeliqo/scripts/semantic_reference.py:39: ResourceWarning: unclosed database in <sqlite3.Connection object at 0x10676d990>
  result={g:Fraction(n,d) for g,n,d in db.execute('SELECT g,SUM(n),SUM(d) FROM observations GROUP BY g')}
ResourceWarning: Enable tracemalloc to get the object allocation traceback
/Users/nino/WORKS/Personal/Idea/Project/products/aeliqo/scripts/semantic_reference.py:39: ResourceWarning: unclosed database in <sqlite3.Connection object at 0x10676d8a0>
  result={g:Fraction(n,d) for g,n,d in db.execute('SELECT g,SUM(n),SUM(d) FROM observations GROUP BY g')}
ResourceWarning: Enable tracemalloc to get the object allocation traceback
/Users/nino/WORKS/Personal/Idea/Project/products/aeliqo/scripts/semantic_reference.py:39: ResourceWarning: unclosed database in <sqlite3.Connection object at 0x10676d7b0>
  result={g:Fraction(n,d) for g,n,d in db.execute('SELECT g,SUM(n),SUM(d) FROM observations GROUP BY g')}
ResourceWarning: Enable tracemalloc to get the object allocation traceback
/Users/nino/WORKS/Personal/Idea/Project/products/aeliqo/scripts/semantic_reference.py:39: ResourceWarning: unclosed database in <sqlite3.Connection object at 0x10676d6c0>
  result={g:Fraction(n,d) for g,n,d in db.execute('SELECT g,SUM(n),SUM(d) FROM observations GROUP BY g')}
ResourceWarning: Enable tracemalloc to get the object allocation traceback
/Users/nino/WORKS/Personal/Idea/Project/products/aeliqo/scripts/semantic_reference.py:39: ResourceWarning: unclosed database in <sqlite3.Connection object at 0x10676d5d0>
  result={g:Fraction(n,d) for g,n,d in db.execute('SELECT g,SUM(n),SUM(d) FROM observations GROUP BY g')}
ResourceWarning: Enable tracemalloc to get the object allocation traceback
/Users/nino/WORKS/Personal/Idea/Project/products/aeliqo/scripts/semantic_reference.py:39: ResourceWarning: unclosed database in <sqlite3.Connection object at 0x10676d4e0>
  result={g:Fraction(n,d) for g,n,d in db.execute('SELECT g,SUM(n),SUM(d) FROM observations GROUP BY g')}
ResourceWarning: Enable tracemalloc to get the object allocation traceback
/Users/nino/WORKS/Personal/Idea/Project/products/aeliqo/scripts/semantic_reference.py:39: ResourceWarning: unclosed database in <sqlite3.Connection object at 0x10676d3f0>
  result={g:Fraction(n,d) for g,n,d in db.execute('SELECT g,SUM(n),SUM(d) FROM observations GROUP BY g')}
ResourceWarning: Enable tracemalloc to get the object allocation traceback
/Users/nino/WORKS/Personal/Idea/Project/products/aeliqo/scripts/semantic_reference.py:39: ResourceWarning: unclosed database in <sqlite3.Connection object at 0x10676d300>
  result={g:Fraction(n,d) for g,n,d in db.execute('SELECT g,SUM(n),SUM(d) FROM observations GROUP BY g')}
ResourceWarning: Enable tracemalloc to get the object allocation traceback
/Users/nino/WORKS/Personal/Idea/Project/products/aeliqo/scripts/semantic_reference.py:39: ResourceWarning: unclosed database in <sqlite3.Connection object at 0x10676d210>
  result={g:Fraction(n,d) for g,n,d in db.execute('SELECT g,SUM(n),SUM(d) FROM observations GROUP BY g')}
ResourceWarning: Enable tracemalloc to get the object allocation traceback
/Users/nino/WORKS/Personal/Idea/Project/products/aeliqo/scripts/semantic_reference.py:39: ResourceWarning: unclosed database in <sqlite3.Connection object at 0x10676d120>
  result={g:Fraction(n,d) for g,n,d in db.execute('SELECT g,SUM(n),SUM(d) FROM observations GROUP BY g')}
ResourceWarning: Enable tracemalloc to get the object allocation traceback
/Users/nino/WORKS/Personal/Idea/Project/products/aeliqo/scripts/semantic_reference.py:39: ResourceWarning: unclosed database in <sqlite3.Connection object at 0x10676d030>
  result={g:Fraction(n,d) for g,n,d in db.execute('SELECT g,SUM(n),SUM(d) FROM observations GROUP BY g')}
ResourceWarning: Enable tracemalloc to get the object allocation traceback
/Users/nino/WORKS/Personal/Idea/Project/products/aeliqo/scripts/semantic_reference.py:39: ResourceWarning: unclosed database in <sqlite3.Connection object at 0x10676cf40>
  result={g:Fraction(n,d) for g,n,d in db.execute('SELECT g,SUM(n),SUM(d) FROM observations GROUP BY g')}
ResourceWarning: Enable tracemalloc to get the object allocation traceback
/Users/nino/WORKS/Personal/Idea/Project/products/aeliqo/scripts/semantic_reference.py:39: ResourceWarning: unclosed database in <sqlite3.Connection object at 0x10676ce50>
  result={g:Fraction(n,d) for g,n,d in db.execute('SELECT g,SUM(n),SUM(d) FROM observations GROUP BY g')}
ResourceWarning: Enable tracemalloc to get the object allocation traceback
/Users/nino/WORKS/Personal/Idea/Project/products/aeliqo/scripts/semantic_reference.py:39: ResourceWarning: unclosed database in <sqlite3.Connection object at 0x10676cd60>
  result={g:Fraction(n,d) for g,n,d in db.execute('SELECT g,SUM(n),SUM(d) FROM observations GROUP BY g')}
ResourceWarning: Enable tracemalloc to get the object allocation traceback
/Users/nino/WORKS/Personal/Idea/Project/products/aeliqo/scripts/semantic_reference.py:39: ResourceWarning: unclosed database in <sqlite3.Connection object at 0x10676cc70>
  result={g:Fraction(n,d) for g,n,d in db.execute('SELECT g,SUM(n),SUM(d) FROM observations GROUP BY g')}
ResourceWarning: Enable tracemalloc to get the object allocation traceback
/Users/nino/WORKS/Personal/Idea/Project/products/aeliqo/scripts/semantic_reference.py:39: ResourceWarning: unclosed database in <sqlite3.Connection object at 0x10676cb80>
  result={g:Fraction(n,d) for g,n,d in db.execute('SELECT g,SUM(n),SUM(d) FROM observations GROUP BY g')}
ResourceWarning: Enable tracemalloc to get the object allocation traceback
/Users/nino/WORKS/Personal/Idea/Project/products/aeliqo/scripts/semantic_reference.py:39: ResourceWarning: unclosed database in <sqlite3.Connection object at 0x10676ca90>
  result={g:Fraction(n,d) for g,n,d in db.execute('SELECT g,SUM(n),SUM(d) FROM observations GROUP BY g')}
ResourceWarning: Enable tracemalloc to get the object allocation traceback
/Users/nino/WORKS/Personal/Idea/Project/products/aeliqo/scripts/semantic_reference.py:39: ResourceWarning: unclosed database in <sqlite3.Connection object at 0x10676c9a0>
  result={g:Fraction(n,d) for g,n,d in db.execute('SELECT g,SUM(n),SUM(d) FROM observations GROUP BY g')}
ResourceWarning: Enable tracemalloc to get the object allocation traceback
/Users/nino/WORKS/Personal/Idea/Project/products/aeliqo/scripts/semantic_reference.py:39: ResourceWarning: unclosed database in <sqlite3.Connection object at 0x10676c8b0>
  result={g:Fraction(n,d) for g,n,d in db.execute('SELECT g,SUM(n),SUM(d) FROM observations GROUP BY g')}
ResourceWarning: Enable tracemalloc to get the object allocation traceback
/Users/nino/WORKS/Personal/Idea/Project/products/aeliqo/scripts/semantic_reference.py:39: ResourceWarning: unclosed database in <sqlite3.Connection object at 0x10676c7c0>
  result={g:Fraction(n,d) for g,n,d in db.execute('SELECT g,SUM(n),SUM(d) FROM observations GROUP BY g')}
ResourceWarning: Enable tracemalloc to get the object allocation traceback
/Users/nino/WORKS/Personal/Idea/Project/products/aeliqo/scripts/semantic_reference.py:39: ResourceWarning: unclosed database in <sqlite3.Connection object at 0x10676c6d0>
  result={g:Fraction(n,d) for g,n,d in db.execute('SELECT g,SUM(n),SUM(d) FROM observations GROUP BY g')}
ResourceWarning: Enable tracemalloc to get the object allocation traceback
/Users/nino/WORKS/Personal/Idea/Project/products/aeliqo/scripts/semantic_reference.py:39: ResourceWarning: unclosed database in <sqlite3.Connection object at 0x10676c5e0>
  result={g:Fraction(n,d) for g,n,d in db.execute('SELECT g,SUM(n),SUM(d) FROM observations GROUP BY g')}
ResourceWarning: Enable tracemalloc to get the object allocation traceback
/Users/nino/WORKS/Personal/Idea/Project/products/aeliqo/scripts/semantic_reference.py:39: ResourceWarning: unclosed database in <sqlite3.Connection object at 0x10676c4f0>
  result={g:Fraction(n,d) for g,n,d in db.execute('SELECT g,SUM(n),SUM(d) FROM observations GROUP BY g')}
ResourceWarning: Enable tracemalloc to get the object allocation traceback
/Users/nino/WORKS/Personal/Idea/Project/products/aeliqo/scripts/semantic_reference.py:39: ResourceWarning: unclosed database in <sqlite3.Connection object at 0x10676c400>
  result={g:Fraction(n,d) for g,n,d in db.execute('SELECT g,SUM(n),SUM(d) FROM observations GROUP BY g')}
ResourceWarning: Enable tracemalloc to get the object allocation traceback
/Users/nino/WORKS/Personal/Idea/Project/products/aeliqo/scripts/semantic_reference.py:39: ResourceWarning: unclosed database in <sqlite3.Connection object at 0x10676c310>
  result={g:Fraction(n,d) for g,n,d in db.execute('SELECT g,SUM(n),SUM(d) FROM observations GROUP BY g')}
ResourceWarning: Enable tracemalloc to get the object allocation traceback
/Users/nino/WORKS/Personal/Idea/Project/products/aeliqo/scripts/semantic_reference.py:39: ResourceWarning: unclosed database in <sqlite3.Connection object at 0x10676c220>
  result={g:Fraction(n,d) for g,n,d in db.execute('SELECT g,SUM(n),SUM(d) FROM observations GROUP BY g')}
ResourceWarning: Enable tracemalloc to get the object allocation traceback
/Users/nino/WORKS/Personal/Idea/Project/products/aeliqo/scripts/semantic_reference.py:39: ResourceWarning: unclosed database in <sqlite3.Connection object at 0x10676c130>
  result={g:Fraction(n,d) for g,n,d in db.execute('SELECT g,SUM(n),SUM(d) FROM observations GROUP BY g')}
ResourceWarning: Enable tracemalloc to get the object allocation traceback
/Users/nino/WORKS/Personal/Idea/Project/products/aeliqo/scripts/semantic_reference.py:39: ResourceWarning: unclosed database in <sqlite3.Connection object at 0x10676c040>
  result={g:Fraction(n,d) for g,n,d in db.execute('SELECT g,SUM(n),SUM(d) FROM observations GROUP BY g')}
ResourceWarning: Enable tracemalloc to get the object allocation traceback
/Users/nino/WORKS/Personal/Idea/Project/products/aeliqo/scripts/semantic_reference.py:39: ResourceWarning: unclosed database in <sqlite3.Connection object at 0x10676fc40>
  result={g:Fraction(n,d) for g,n,d in db.execute('SELECT g,SUM(n),SUM(d) FROM observations GROUP BY g')}
ResourceWarning: Enable tracemalloc to get the object allocation traceback
/Users/nino/WORKS/Personal/Idea/Project/products/aeliqo/scripts/semantic_reference.py:39: ResourceWarning: unclosed database in <sqlite3.Connection object at 0x10676fd30>
  result={g:Fraction(n,d) for g,n,d in db.execute('SELECT g,SUM(n),SUM(d) FROM observations GROUP BY g')}
ResourceWarning: Enable tracemalloc to get the object allocation traceback
/Users/nino/WORKS/Personal/Idea/Project/products/aeliqo/scripts/semantic_reference.py:39: ResourceWarning: unclosed database in <sqlite3.Connection object at 0x10676fe20>
  result={g:Fraction(n,d) for g,n,d in db.execute('SELECT g,SUM(n),SUM(d) FROM observations GROUP BY g')}
ResourceWarning: Enable tracemalloc to get the object allocation traceback
/Users/nino/WORKS/Personal/Idea/Project/products/aeliqo/scripts/semantic_reference.py:39: ResourceWarning: unclosed database in <sqlite3.Connection object at 0x1067a4310>
  result={g:Fraction(n,d) for g,n,d in db.execute('SELECT g,SUM(n),SUM(d) FROM observations GROUP BY g')}
ResourceWarning: Enable tracemalloc to get the object allocation traceback
/Users/nino/WORKS/Personal/Idea/Project/products/aeliqo/scripts/semantic_reference.py:39: ResourceWarning: unclosed database in <sqlite3.Connection object at 0x1067a4400>
  result={g:Fraction(n,d) for g,n,d in db.execute('SELECT g,SUM(n),SUM(d) FROM observations GROUP BY g')}
ResourceWarning: Enable tracemalloc to get the object allocation traceback
/Users/nino/WORKS/Personal/Idea/Project/products/aeliqo/scripts/semantic_reference.py:39: ResourceWarning: unclosed database in <sqlite3.Connection object at 0x1067a44f0>
  result={g:Fraction(n,d) for g,n,d in db.execute('SELECT g,SUM(n),SUM(d) FROM observations GROUP BY g')}
ResourceWarning: Enable tracemalloc to get the object allocation traceback
/Users/nino/WORKS/Personal/Idea/Project/products/aeliqo/scripts/semantic_reference.py:39: ResourceWarning: unclosed database in <sqlite3.Connection object at 0x1067a45e0>
  result={g:Fraction(n,d) for g,n,d in db.execute('SELECT g,SUM(n),SUM(d) FROM observations GROUP BY g')}
ResourceWarning: Enable tracemalloc to get the object allocation traceback
/Users/nino/WORKS/Personal/Idea/Project/products/aeliqo/scripts/semantic_reference.py:39: ResourceWarning: unclosed database in <sqlite3.Connection object at 0x1067a46d0>
  result={g:Fraction(n,d) for g,n,d in db.execute('SELECT g,SUM(n),SUM(d) FROM observations GROUP BY g')}
ResourceWarning: Enable tracemalloc to get the object allocation traceback
/Users/nino/WORKS/Personal/Idea/Project/products/aeliqo/scripts/semantic_reference.py:39: ResourceWarning: unclosed database in <sqlite3.Connection object at 0x1067a47c0>
  result={g:Fraction(n,d) for g,n,d in db.execute('SELECT g,SUM(n),SUM(d) FROM observations GROUP BY g')}
ResourceWarning: Enable tracemalloc to get the object allocation traceback
/Users/nino/WORKS/Personal/Idea/Project/products/aeliqo/scripts/semantic_reference.py:39: ResourceWarning: unclosed database in <sqlite3.Connection object at 0x1067a48b0>
  result={g:Fraction(n,d) for g,n,d in db.execute('SELECT g,SUM(n),SUM(d) FROM observations GROUP BY g')}
ResourceWarning: Enable tracemalloc to get the object allocation traceback
/Users/nino/WORKS/Personal/Idea/Project/products/aeliqo/scripts/semantic_reference.py:39: ResourceWarning: unclosed database in <sqlite3.Connection object at 0x1067a49a0>
  result={g:Fraction(n,d) for g,n,d in db.execute('SELECT g,SUM(n),SUM(d) FROM observations GROUP BY g')}
ResourceWarning: Enable tracemalloc to get the object allocation traceback
/Users/nino/WORKS/Personal/Idea/Project/products/aeliqo/scripts/semantic_reference.py:39: ResourceWarning: unclosed database in <sqlite3.Connection object at 0x1067a4a90>
  result={g:Fraction(n,d) for g,n,d in db.execute('SELECT g,SUM(n),SUM(d) FROM observations GROUP BY g')}
ResourceWarning: Enable tracemalloc to get the object allocation traceback
/Users/nino/WORKS/Personal/Idea/Project/products/aeliqo/scripts/semantic_reference.py:39: ResourceWarning: unclosed database in <sqlite3.Connection object at 0x1067a4c70>
  result={g:Fraction(n,d) for g,n,d in db.execute('SELECT g,SUM(n),SUM(d) FROM observations GROUP BY g')}
ResourceWarning: Enable tracemalloc to get the object allocation traceback
/Users/nino/WORKS/Personal/Idea/Project/products/aeliqo/scripts/semantic_reference.py:39: ResourceWarning: unclosed database in <sqlite3.Connection object at 0x1067a4d60>
  result={g:Fraction(n,d) for g,n,d in db.execute('SELECT g,SUM(n),SUM(d) FROM observations GROUP BY g')}
ResourceWarning: Enable tracemalloc to get the object allocation traceback
/Users/nino/WORKS/Personal/Idea/Project/products/aeliqo/scripts/semantic_reference.py:39: ResourceWarning: unclosed database in <sqlite3.Connection object at 0x1067a4e50>
  result={g:Fraction(n,d) for g,n,d in db.execute('SELECT g,SUM(n),SUM(d) FROM observations GROUP BY g')}
ResourceWarning: Enable tracemalloc to get the object allocation traceback
/Users/nino/WORKS/Personal/Idea/Project/products/aeliqo/scripts/semantic_reference.py:39: ResourceWarning: unclosed database in <sqlite3.Connection object at 0x1067a4f40>
  result={g:Fraction(n,d) for g,n,d in db.execute('SELECT g,SUM(n),SUM(d) FROM observations GROUP BY g')}
ResourceWarning: Enable tracemalloc to get the object allocation traceback
/Users/nino/WORKS/Personal/Idea/Project/products/aeliqo/scripts/semantic_reference.py:39: ResourceWarning: unclosed database in <sqlite3.Connection object at 0x1067a5030>
  result={g:Fraction(n,d) for g,n,d in db.execute('SELECT g,SUM(n),SUM(d) FROM observations GROUP BY g')}
ResourceWarning: Enable tracemalloc to get the object allocation traceback
/Users/nino/WORKS/Personal/Idea/Project/products/aeliqo/scripts/semantic_reference.py:39: ResourceWarning: unclosed database in <sqlite3.Connection object at 0x1067a5120>
  result={g:Fraction(n,d) for g,n,d in db.execute('SELECT g,SUM(n),SUM(d) FROM observations GROUP BY g')}
ResourceWarning: Enable tracemalloc to get the object allocation traceback
/Users/nino/WORKS/Personal/Idea/Project/products/aeliqo/scripts/semantic_reference.py:39: ResourceWarning: unclosed database in <sqlite3.Connection object at 0x1067a5210>
  result={g:Fraction(n,d) for g,n,d in db.execute('SELECT g,SUM(n),SUM(d) FROM observations GROUP BY g')}
ResourceWarning: Enable tracemalloc to get the object allocation traceback
/Users/nino/WORKS/Personal/Idea/Project/products/aeliqo/scripts/semantic_reference.py:39: ResourceWarning: unclosed database in <sqlite3.Connection object at 0x1067a5300>
  result={g:Fraction(n,d) for g,n,d in db.execute('SELECT g,SUM(n),SUM(d) FROM observations GROUP BY g')}
ResourceWarning: Enable tracemalloc to get the object allocation traceback
/Users/nino/WORKS/Personal/Idea/Project/products/aeliqo/scripts/semantic_reference.py:39: ResourceWarning: unclosed database in <sqlite3.Connection object at 0x1067a53f0>
  result={g:Fraction(n,d) for g,n,d in db.execute('SELECT g,SUM(n),SUM(d) FROM observations GROUP BY g')}
ResourceWarning: Enable tracemalloc to get the object allocation traceback
/Users/nino/WORKS/Personal/Idea/Project/products/aeliqo/scripts/semantic_reference.py:39: ResourceWarning: unclosed database in <sqlite3.Connection object at 0x1067a54e0>
  result={g:Fraction(n,d) for g,n,d in db.execute('SELECT g,SUM(n),SUM(d) FROM observations GROUP BY g')}
ResourceWarning: Enable tracemalloc to get the object allocation traceback
/Users/nino/WORKS/Personal/Idea/Project/products/aeliqo/scripts/semantic_reference.py:39: ResourceWarning: unclosed database in <sqlite3.Connection object at 0x1067a55d0>
  result={g:Fraction(n,d) for g,n,d in db.execute('SELECT g,SUM(n),SUM(d) FROM observations GROUP BY g')}
ResourceWarning: Enable tracemalloc to get the object allocation traceback
/Users/nino/WORKS/Personal/Idea/Project/products/aeliqo/scripts/semantic_reference.py:39: ResourceWarning: unclosed database in <sqlite3.Connection object at 0x1067a56c0>
  result={g:Fraction(n,d) for g,n,d in db.execute('SELECT g,SUM(n),SUM(d) FROM observations GROUP BY g')}
ResourceWarning: Enable tracemalloc to get the object allocation traceback
/Users/nino/WORKS/Personal/Idea/Project/products/aeliqo/scripts/semantic_reference.py:39: ResourceWarning: unclosed database in <sqlite3.Connection object at 0x1067a57b0>
  result={g:Fraction(n,d) for g,n,d in db.execute('SELECT g,SUM(n),SUM(d) FROM observations GROUP BY g')}
ResourceWarning: Enable tracemalloc to get the object allocation traceback
/Users/nino/WORKS/Personal/Idea/Project/products/aeliqo/scripts/semantic_reference.py:39: ResourceWarning: unclosed database in <sqlite3.Connection object at 0x1067a58a0>
  result={g:Fraction(n,d) for g,n,d in db.execute('SELECT g,SUM(n),SUM(d) FROM observations GROUP BY g')}
ResourceWarning: Enable tracemalloc to get the object allocation traceback
/Users/nino/WORKS/Personal/Idea/Project/products/aeliqo/scripts/semantic_reference.py:39: ResourceWarning: unclosed database in <sqlite3.Connection object at 0x1067a5990>
  result={g:Fraction(n,d) for g,n,d in db.execute('SELECT g,SUM(n),SUM(d) FROM observations GROUP BY g')}
ResourceWarning: Enable tracemalloc to get the object allocation traceback
/Users/nino/WORKS/Personal/Idea/Project/products/aeliqo/scripts/semantic_reference.py:39: ResourceWarning: unclosed database in <sqlite3.Connection object at 0x1067a5a80>
  result={g:Fraction(n,d) for g,n,d in db.execute('SELECT g,SUM(n),SUM(d) FROM observations GROUP BY g')}
ResourceWarning: Enable tracemalloc to get the object allocation traceback
/Users/nino/WORKS/Personal/Idea/Project/products/aeliqo/scripts/semantic_reference.py:39: ResourceWarning: unclosed database in <sqlite3.Connection object at 0x1067a5b70>
  result={g:Fraction(n,d) for g,n,d in db.execute('SELECT g,SUM(n),SUM(d) FROM observations GROUP BY g')}
ResourceWarning: Enable tracemalloc to get the object allocation traceback
/Users/nino/WORKS/Personal/Idea/Project/products/aeliqo/scripts/semantic_reference.py:39: ResourceWarning: unclosed database in <sqlite3.Connection object at 0x1067a5c60>
  result={g:Fraction(n,d) for g,n,d in db.execute('SELECT g,SUM(n),SUM(d) FROM observations GROUP BY g')}
ResourceWarning: Enable tracemalloc to get the object allocation traceback
/Users/nino/WORKS/Personal/Idea/Project/products/aeliqo/scripts/semantic_reference.py:39: ResourceWarning: unclosed database in <sqlite3.Connection object at 0x1067a5d50>
  result={g:Fraction(n,d) for g,n,d in db.execute('SELECT g,SUM(n),SUM(d) FROM observations GROUP BY g')}
ResourceWarning: Enable tracemalloc to get the object allocation traceback
/Users/nino/WORKS/Personal/Idea/Project/products/aeliqo/scripts/semantic_reference.py:39: ResourceWarning: unclosed database in <sqlite3.Connection object at 0x1067a5e40>
  result={g:Fraction(n,d) for g,n,d in db.execute('SELECT g,SUM(n),SUM(d) FROM observations GROUP BY g')}
ResourceWarning: Enable tracemalloc to get the object allocation traceback
ok
test_unknown_does_not_become_calendar_zero (test_math.NumericalContractTests.test_unknown_does_not_become_calendar_zero) ... ok
test_zero_denominator_unknown_not_zero (test_math.NumericalContractTests.test_zero_denominator_unknown_not_zero) ... ok
test_budget_exhaustion_not_impossibility (test_presentation.PresentationReferenceTests.test_budget_exhaustion_not_impossibility) ... ok
test_composes_without_matching_preset (test_presentation.PresentationReferenceTests.test_composes_without_matching_preset) ... ok
test_duplicate_manifest_rejected (test_presentation.PresentationReferenceTests.test_duplicate_manifest_rejected) ... ok
test_empty_task_does_not_invent_ui (test_presentation.PresentationReferenceTests.test_empty_task_does_not_invent_ui) ... ok
test_explicit_table_not_soft_preference (test_presentation.PresentationReferenceTests.test_explicit_table_not_soft_preference) ... ok
test_incumbent_stability (test_presentation.PresentationReferenceTests.test_incumbent_stability) ... ok
test_invalid_budget_rejected (test_presentation.PresentationReferenceTests.test_invalid_budget_rejected) ... ok
test_missing_real_capability_detected (test_presentation.PresentationReferenceTests.test_missing_real_capability_detected) ... ok
test_narrow_reachability_not_comparison (test_presentation.PresentationReferenceTests.test_narrow_reachability_not_comparison) ... ok
test_pattern_optional_not_mandatory (test_presentation.PresentationReferenceTests.test_pattern_optional_not_mandatory) ... ok
test_profile_conflict_not_ignored (test_presentation.PresentationReferenceTests.test_profile_conflict_not_ignored) ... ok
test_registry_order_deterministic_100_seeds (test_presentation.PresentationReferenceTests.test_registry_order_deterministic_100_seeds) ... ok
test_stale_incumbent_not_retained (test_presentation.PresentationReferenceTests.test_stale_incumbent_not_retained) ... ok
test_tested_pattern_can_also_cover (test_presentation.PresentationReferenceTests.test_tested_pattern_can_also_cover) ... ok
test_thousands_unrelated_components_no_search_explosion (test_presentation.PresentationReferenceTests.test_thousands_unrelated_components_no_search_explosion) ... <string>:2: ResourceWarning: unclosed database in <sqlite3.Connection object at 0x10676fe20>
ResourceWarning: Enable tracemalloc to get the object allocation traceback
<string>:2: ResourceWarning: unclosed database in <sqlite3.Connection object at 0x10676fd30>
ResourceWarning: Enable tracemalloc to get the object allocation traceback
<string>:2: ResourceWarning: unclosed database in <sqlite3.Connection object at 0x10676fc40>
ResourceWarning: Enable tracemalloc to get the object allocation traceback
<string>:2: ResourceWarning: unclosed database in <sqlite3.Connection object at 0x10676c040>
ResourceWarning: Enable tracemalloc to get the object allocation traceback
<string>:2: ResourceWarning: unclosed database in <sqlite3.Connection object at 0x10676c130>
ResourceWarning: Enable tracemalloc to get the object allocation traceback
<string>:2: ResourceWarning: unclosed database in <sqlite3.Connection object at 0x10676c220>
ResourceWarning: Enable tracemalloc to get the object allocation traceback
<string>:2: ResourceWarning: unclosed database in <sqlite3.Connection object at 0x10676c310>
ResourceWarning: Enable tracemalloc to get the object allocation traceback
<string>:2: ResourceWarning: unclosed database in <sqlite3.Connection object at 0x10676c400>
ResourceWarning: Enable tracemalloc to get the object allocation traceback
<string>:2: ResourceWarning: unclosed database in <sqlite3.Connection object at 0x10676c4f0>
ResourceWarning: Enable tracemalloc to get the object allocation traceback
<string>:2: ResourceWarning: unclosed database in <sqlite3.Connection object at 0x10676c5e0>
ResourceWarning: Enable tracemalloc to get the object allocation traceback
<string>:2: ResourceWarning: unclosed database in <sqlite3.Connection object at 0x10676c6d0>
ResourceWarning: Enable tracemalloc to get the object allocation traceback
<string>:2: ResourceWarning: unclosed database in <sqlite3.Connection object at 0x10676c7c0>
ResourceWarning: Enable tracemalloc to get the object allocation traceback
<string>:2: ResourceWarning: unclosed database in <sqlite3.Connection object at 0x10676c8b0>
ResourceWarning: Enable tracemalloc to get the object allocation traceback
<string>:2: ResourceWarning: unclosed database in <sqlite3.Connection object at 0x10676c9a0>
ResourceWarning: Enable tracemalloc to get the object allocation traceback
<string>:2: ResourceWarning: unclosed database in <sqlite3.Connection object at 0x10676ca90>
ResourceWarning: Enable tracemalloc to get the object allocation traceback
<string>:2: ResourceWarning: unclosed database in <sqlite3.Connection object at 0x10676cb80>
ResourceWarning: Enable tracemalloc to get the object allocation traceback
<string>:2: ResourceWarning: unclosed database in <sqlite3.Connection object at 0x10676cc70>
ResourceWarning: Enable tracemalloc to get the object allocation traceback
<string>:2: ResourceWarning: unclosed database in <sqlite3.Connection object at 0x10676cd60>
ResourceWarning: Enable tracemalloc to get the object allocation traceback
<string>:2: ResourceWarning: unclosed database in <sqlite3.Connection object at 0x10676ce50>
ResourceWarning: Enable tracemalloc to get the object allocation traceback
<string>:2: ResourceWarning: unclosed database in <sqlite3.Connection object at 0x10676cf40>
ResourceWarning: Enable tracemalloc to get the object allocation traceback
<string>:2: ResourceWarning: unclosed database in <sqlite3.Connection object at 0x10676d030>
ResourceWarning: Enable tracemalloc to get the object allocation traceback
<string>:2: ResourceWarning: unclosed database in <sqlite3.Connection object at 0x10676d120>
ResourceWarning: Enable tracemalloc to get the object allocation traceback
<string>:2: ResourceWarning: unclosed database in <sqlite3.Connection object at 0x10676d210>
ResourceWarning: Enable tracemalloc to get the object allocation traceback
<string>:2: ResourceWarning: unclosed database in <sqlite3.Connection object at 0x10676d300>
ResourceWarning: Enable tracemalloc to get the object allocation traceback
<string>:2: ResourceWarning: unclosed database in <sqlite3.Connection object at 0x10676d3f0>
ResourceWarning: Enable tracemalloc to get the object allocation traceback
<string>:2: ResourceWarning: unclosed database in <sqlite3.Connection object at 0x10676d4e0>
ResourceWarning: Enable tracemalloc to get the object allocation traceback
<string>:2: ResourceWarning: unclosed database in <sqlite3.Connection object at 0x10676d5d0>
ResourceWarning: Enable tracemalloc to get the object allocation traceback
<string>:2: ResourceWarning: unclosed database in <sqlite3.Connection object at 0x10676d6c0>
ResourceWarning: Enable tracemalloc to get the object allocation traceback
<string>:2: ResourceWarning: unclosed database in <sqlite3.Connection object at 0x10676d7b0>
ResourceWarning: Enable tracemalloc to get the object allocation traceback
<string>:2: ResourceWarning: unclosed database in <sqlite3.Connection object at 0x10676d8a0>
ResourceWarning: Enable tracemalloc to get the object allocation traceback
<string>:2: ResourceWarning: unclosed database in <sqlite3.Connection object at 0x10676d990>
ResourceWarning: Enable tracemalloc to get the object allocation traceback
<string>:2: ResourceWarning: unclosed database in <sqlite3.Connection object at 0x10676da80>
ResourceWarning: Enable tracemalloc to get the object allocation traceback
<string>:2: ResourceWarning: unclosed database in <sqlite3.Connection object at 0x10676db70>
ResourceWarning: Enable tracemalloc to get the object allocation traceback
<string>:2: ResourceWarning: unclosed database in <sqlite3.Connection object at 0x10676dc60>
ResourceWarning: Enable tracemalloc to get the object allocation traceback
<string>:2: ResourceWarning: unclosed database in <sqlite3.Connection object at 0x10676dd50>
ResourceWarning: Enable tracemalloc to get the object allocation traceback
<string>:2: ResourceWarning: unclosed database in <sqlite3.Connection object at 0x10676de40>
ResourceWarning: Enable tracemalloc to get the object allocation traceback
<string>:2: ResourceWarning: unclosed database in <sqlite3.Connection object at 0x10676df30>
ResourceWarning: Enable tracemalloc to get the object allocation traceback
<string>:2: ResourceWarning: unclosed database in <sqlite3.Connection object at 0x10676e020>
ResourceWarning: Enable tracemalloc to get the object allocation traceback
<string>:2: ResourceWarning: unclosed database in <sqlite3.Connection object at 0x10676e110>
ResourceWarning: Enable tracemalloc to get the object allocation traceback
<string>:2: ResourceWarning: unclosed database in <sqlite3.Connection object at 0x10676e200>
ResourceWarning: Enable tracemalloc to get the object allocation traceback
<string>:2: ResourceWarning: unclosed database in <sqlite3.Connection object at 0x10676e2f0>
ResourceWarning: Enable tracemalloc to get the object allocation traceback
<string>:2: ResourceWarning: unclosed database in <sqlite3.Connection object at 0x10676e3e0>
ResourceWarning: Enable tracemalloc to get the object allocation traceback
<string>:2: ResourceWarning: unclosed database in <sqlite3.Connection object at 0x10676e4d0>
ResourceWarning: Enable tracemalloc to get the object allocation traceback
<string>:2: ResourceWarning: unclosed database in <sqlite3.Connection object at 0x10676e5c0>
ResourceWarning: Enable tracemalloc to get the object allocation traceback
<string>:2: ResourceWarning: unclosed database in <sqlite3.Connection object at 0x10676e6b0>
ResourceWarning: Enable tracemalloc to get the object allocation traceback
<string>:2: ResourceWarning: unclosed database in <sqlite3.Connection object at 0x10676e7a0>
ResourceWarning: Enable tracemalloc to get the object allocation traceback
<string>:2: ResourceWarning: unclosed database in <sqlite3.Connection object at 0x10676e890>
ResourceWarning: Enable tracemalloc to get the object allocation traceback
<string>:2: ResourceWarning: unclosed database in <sqlite3.Connection object at 0x10676e980>
ResourceWarning: Enable tracemalloc to get the object allocation traceback
<string>:2: ResourceWarning: unclosed database in <sqlite3.Connection object at 0x10676ea70>
ResourceWarning: Enable tracemalloc to get the object allocation traceback
<string>:2: ResourceWarning: unclosed database in <sqlite3.Connection object at 0x10676eb60>
ResourceWarning: Enable tracemalloc to get the object allocation traceback
<string>:2: ResourceWarning: unclosed database in <sqlite3.Connection object at 0x10676ec50>
ResourceWarning: Enable tracemalloc to get the object allocation traceback
<string>:2: ResourceWarning: unclosed database in <sqlite3.Connection object at 0x10676ed40>
ResourceWarning: Enable tracemalloc to get the object allocation traceback
<string>:2: ResourceWarning: unclosed database in <sqlite3.Connection object at 0x10676ee30>
ResourceWarning: Enable tracemalloc to get the object allocation traceback
<string>:2: ResourceWarning: unclosed database in <sqlite3.Connection object at 0x10676ef20>
ResourceWarning: Enable tracemalloc to get the object allocation traceback
<string>:2: ResourceWarning: unclosed database in <sqlite3.Connection object at 0x10676f010>
ResourceWarning: Enable tracemalloc to get the object allocation traceback
ok
test_unknown_ssr_not_fictional_width (test_presentation.PresentationReferenceTests.test_unknown_ssr_not_fictional_width) ... ok
test_valid_first_avoids_duplicate_candidate_starvation (test_presentation.PresentationReferenceTests.test_valid_first_avoids_duplicate_candidate_starvation) ... ok

----------------------------------------------------------------------
Ran 37 tests in 0.056s

OK
