{
  "scope": "Python reference monotone operation-coverage search only; NOT product or paint benchmark",
  "environment": {
    "python": "3.14.7 (main, Aug  5 2026, 10:29:49) [Clang 21.0.0 (clang-2100.1.1.101)]",
    "platform": "macOS-26.6.2-arm64-arm-64bit-Mach-O",
    "processor": "arm"
  },
  "includes": "validation/filtering/sorting of candidate list plus greedy selection; excludes registry construction",
  "limitations": "No browser, rendering, semantic queries, graph binding, pixels, mobile hardware or real model. No threshold derived for production.",
  "observations": [
    {
      "candidates": 71,
      "requiredOperations": 4,
      "runs": 25,
      "warmups": 3,
      "samplesMs": [
        0.064916,
        0.068208,
        0.062584,
        0.063459,
        0.065542,
        0.063709,
        0.063417,
        0.063833,
        0.063667,
        0.063625,
        0.0665,
        0.067042,
        0.067291,
        0.063416,
        0.063584,
        0.069916,
        0.069125,
        0.062917,
        0.062875,
        0.066625,
        0.063583,
        0.063625,
        0.072042,
        0.063,
        0.063375
      ],
      "medianMs": 0.063667,
      "p95Ms": 0.069916,
      "maxPlanExpansions": 4
    },
    {
      "candidates": 710,
      "requiredOperations": 4,
      "runs": 25,
      "warmups": 3,
      "samplesMs": [
        0.605041,
        0.60675,
        0.600292,
        0.600667,
        0.599542,
        0.624,
        0.611042,
        0.608125,
        0.595,
        0.606542,
        0.60425,
        0.596083,
        0.600708,
        0.6,
        0.601292,
        0.598459,
        0.624958,
        0.619459,
        0.625792,
        0.610167,
        0.617709,
        0.627375,
        0.625416,
        0.613917,
        0.591625
      ],
      "medianMs": 0.606542,
      "p95Ms": 0.625792,
      "maxPlanExpansions": 4
    },
    {
      "candidates": 7100,
      "requiredOperations": 4,
      "runs": 25,
      "warmups": 3,
      "samplesMs": [
        6.064084,
        6.25525,
        6.161708,
        6.112375,
        6.064458,
        6.101916,
        6.145292,
        6.204625,
        6.052,
        6.106083,
        6.063166,
        6.043708,
        6.261292,
        6.070125,
        6.088458,
        6.00675,
        5.951417,
        6.0725,
        6.065792,
        7.782875,
        6.083458,
        6.115708,
        6.266959,
        6.188209,
        6.133875
      ],
      "medianMs": 6.101916,
      "p95Ms": 6.266959,
      "maxPlanExpansions": 4
    }
  ]
}
