✔ unknown SSR measurement is representable (0.803875ms)
✔ zero-size hidden container is real, not unknown (0.064625ms)
✔ known measurement needs a number (0.501541ms)
✔ negative measurement refused (0.055083ms)
✔ NaN and infinity refused (0.070333ms)
✔ unknown state does not carry a fictional width (0.048458ms)
✔ count unknown distinct from exact zero (0.084ms)
✔ exact count missing value refused (0.0515ms)
✔ unsafe integer count refused (0.051709ms)
✔ negative and fractional exact counts refused (0.097625ms)
✔ estimated count missing method refused (0.050541ms)
✔ estimate may honestly state unquantified uncertainty (0.059333ms)
✔ approximate precision requires evidence (0.046417ms)
✔ inverted uncertainty interval refused (0.035125ms)
✔ precision exact is independent of sample population (0.027042ms)
✔ selection keys are stable strings (0.061292ms)
✔ selection rejects row-index numeric keys (0.031208ms)
✔ clear is explicit, empty selection ID list refused (0.034166ms)
✔ duplicate selection keys refused (0.045375ms)
✔ selection cannot self-label human approval (0.032917ms)
✔ result reference is version and scope bound (0.033ms)
✔ function call without immutable revision refused (0.100584ms)
✔ versioned function call accepted structurally (0.029084ms)
✔ raw executable expression kind refused (0.032542ms)
✔ integer literal must not be nonfinite (0.028834ms)
✔ nonnullable null refused (0.023959ms)
✔ unsafe decimal syntax refused (0.119084ms)
✔ deep expression bounded before recursion (0.08625ms)
✔ wide expression bounded (0.068667ms)
✔ multioutput task topologically ordered (0.091042ms)
✔ queryless form/presentation examples do not have outputs (0.0225ms)
✔ missing output dependency refused (0.069334ms)
✔ duplicate output ID refused (0.035375ms)
✔ live cohort must be explicit dependency (0.036292ms)
✔ dependency cycle refused (0.037625ms)
✔ output budget cannot silently truncate (0.029125ms)
✔ containment tree accepted (0.075458ms)
✔ two parents for a node refused (0.032625ms)
✔ orphan containment refused (0.033208ms)
✔ cycle through root refused (0.030958ms)
✔ same read set can commit (0.047ms)
✔ changed scopeDigest rejects stale proposal (0.025959ms)
✔ changed policyRevision rejects stale proposal (0.018792ms)
✔ changed taskRevision rejects stale proposal (0.022834ms)
✔ changed regionRevision rejects stale proposal (0.016042ms)
✔ changed catalogRevision rejects stale proposal (0.018084ms)
✔ changed experienceRevision rejects stale proposal (0.021208ms)
✔ changed functionRegistryDigest rejects stale proposal (0.015542ms)
✔ changed result revision rejects commit (0.024458ms)
✔ same result revision but different query is not reusable (0.0215ms)
✔ unrelated extra result does not invalidate the read set (0.021458ms)
✔ coverage requires actual registered operation (0.076708ms)
✔ self-reported coverage is not evidence (0.0295ms)
✔ coverage cannot cite a missing view (0.033ms)
✔ coverage must bind correct output (0.030583ms)
✔ 100 seeded output DAG permutations retain dependency order (2.3315ms)
✔ 100 result permutations preserve matching preconditions (1.965667ms)
ℹ tests 57
ℹ suites 0
ℹ pass 57
ℹ fail 0
ℹ cancelled 0
ℹ skipped 0
ℹ todo 0
ℹ duration_ms 51.47225
